男闘呼
八百屋
一闡提
三摩耶
三昧耶
千斬切
小中学
婆娑羅
三十路
卒塔婆
楂古聿
膃肭獣
膃肭臍
卒覩婆
卒都婆
率都婆
八多羅
倶楽部
俱楽部
倶樂部
混凝土
亜多母
切支丹
一二塁
町村長
前後半
加答兒
今朝方
五十雀
三羽烏
四十雀
出入国
百百獣
八百長
百合科
梅雨頃
八哥鳥
仙中里
仙人掌
一三塁
木乃伊
曼茶羅
曼荼羅
曼陀羅
下手物
天鵝絨
天鵞絨
天鷲絨
越歴機
小籠包
豆板醤
豆板醬
哥薩克
参鶏湯
茉莉花
玻璃壜
阿笈摩
阿闍利
阿闍梨
阿僧祇
阿茶羅
阿茶蘭
亜多綿
阿那含
阿羅漢
阿頼耶
巴旦杏
無花果
飯食箸
矣栗駄
優婆塞
于蘭盆
孟蘭盆
盂蘭瓫
盂蘭盆
金雀児
金雀兒
閻浮提
兀良哈
可賀敦
加比丹
甲比丹
伽倻琴
汗栗駄
訶梨勒
鶏仔蛋
鳩槃荼
屍食鬼
日耳曼
雛罌粟
居西干
虎列剌
虎列拉
虎烈拉
金平糖
金米糖
洎芙藍
撒爾沙
牛尾菜
捨爾帮
宋胡録
蘇悉地
薩婆訶
鉄刀木
大掛児
陀羅尼
窒扶斯
差不多
都維那
天婦羅
天麩羅
甜面醬
甜麵醤
甜麵醬
甜麺醤
東韃子
尼師今
双節棍
真鍮甕
巴戟天
波羅蜜
汗蒸幕
莫賀咄
薄伽梵
伴天連
破天連
婆羅門
波羅門
抜都魯
報屁股
飛竜頭
比丘尼
毘奈耶
鼻奈耶
毘婆沙
賓順愛
普陀洛
普陀落
補陀洛
補陀落
転桁索
回鍋肉
破胎蛋
摩訶衍
莫離支
麻立干
満韃子
馬奶子
密児拉
巫來由
莫大小
洋毛子
油炸塊
盧舎那
盧遮那
優婆夷
加留多
歌留多
三和土
助兵衛
二三塁
中高生
最高音
大部屋
一目散
四死球
米利堅
一張羅
一辺倒
三毬打
三毬杖
三太郎
三太夫
三連複
四王天
三途河
十姉妹
十露盤
八里半
指甲花
大統領
恵比須
善知鳥
二次郎
胡麻斑
不思議
激不味
便乱坊
古拉果
無鉄砲
如雨露
太刀帯
無邪気
依怙地
有頂天
脳天気
依固地
意固地
殺風景
能天気
能転気
破廉恥
不可知
中建審
烟草管
入出力
町村議
集大成
送受信
投開票
輸出入
離着陸
休廃業
吸放湿
獅子吼
進入学
錐画沙
戦病死
登下校
統廃合
入出金
滅紛失
離転職
離発着
大仕事
昼御飯
中山間
仕事人
卒堵婆
出入車
阿刺吉
阿剌吉
出来高
致死傷
呑兵衛
飲兵衛
仮名遣
紀伊道
従兄妹
五倍子
何時頃
不甲斐
新蕎麦
一欠片
四十物
五重衣
九十路
二合半
四季施
七夕馬
七夕雛
七夕祭
七十路
一手間
千屈菜
百足足
六十路
八重垣
八重桜
八重歯
八乙女
八少女
八坂瓊
八尺瓊
八十路
八咫烏
八田部
百合油
百合根
百合樹
四十路
畑仕事
五十路
高大生
部屋代
何御飯
中高年
一寸見
中高齢
夜多羅
神酒所
十六夜
送配電
綿津見
上下巻
物真似
蕎麦店
烏帽子
伯父翁
農水産
下手糞
襤褸糞
口下手
素寒貧
出鱈目
頓珍漢
昔気質
目茶暑
風水害
都区部
用排水
目論見
身曽岐
雑魚寝
不貞寝
店仕舞
右左折
出来立
飲食料
中南部
祖父母
玉子燒
案山子
鉱工業
埃壁蝨
百合鴎
上下流
擬宝珠
乳幼児
巨呂智
唐辛子
朝御飯
唐芥子
教職員
玉蜀黍
夜御飯
英数字
黄金虫
幾千万
以呂波
伊呂波
仕掛人
仕事面
不可抗
甲烏賊
青少年
馬鈴薯
中小生
前後期
晩御飯
金海鼠
農林業
病害虫
名台詞
仮名序
南北朝
土壇場
荏胡麻
卓袱台
地頭鳥
夕御飯
絵葉書
駄洒落
手間代
烏賊燻
乙女座
公取委
仕入量
地頭鶏
梯子車
貝独楽
揚羽蝶
浅蜊缶
海豹猟
小豆餡
小豆缶
宛行状
花鶏科
信天翁
烏賊薫
烏賊漁
田舎弁
犬御飯
水蝋蛾
芋御飯
稲熱病
海豚漁
家御飯
雲丹餡
梅御飯
得手公
海老錠
海老茶
葡萄茶
海老天
縁起棚
大銀杏
女将役
沖仲仕
於松狐
伯父貴
叔父貴
大人舎
乙女像
女子仕
女子衆
親父道
角行道
神楽殿
旗魚座
梶木座
冠木門
蕪御飯
釜御飯
鴨御飯
芥子泥
芥子油
烏鴉兵
為替料
川太郎
河太郎
寒烏賊
寒海苔
額風呂
菊日和
黄芭旦
経帷子
京言葉
雲母膏
螽斯草
金蕎麦
金南風
銀合歓
傀儡子
蜘蛛綱
栗御飯
芥子殻
気配値
拳相撲
剣殺陣
玄蕎麦
蝙蝠草
蝙蝠竜
子局器
言葉欄
紺飛白
権祢宜
権禰宜
桜御飯
鮭御飯
桟敷席
試合場
仕入額
仕置人
仕掛品
仕切金
仕切書
仕事師
為事師
芝居気
下野草
尺岩魚
行盃人
杓文字
洒落本
宿駕籠
地蜘蛛
自小作
地言葉
地団太
地団駄
地吹雪
浄瑠璃
寿司台
寿司通
相撲絵
木菟入
背黄青
総仕舞
蕎麦茶
象海豹
象鼻虫
鯛御飯
田吾作
田子作
誰兵衛
太神楽
伊達紋
段梯子
段階子
茶香服
茶蕎麦
手水鉢
賃仕事
土筆坊
手間損
手間賃
天蕎麦
出來物
唐茄子
頭羽数
毒蝸牛
何処大
丼御飯
梨子地
馴染客
茄子紺
何兵衛
海鼠釉
納屋頭
面皰薬
肉蕎麦
錦織部
仁太夫
凌霄花
海苔茶
海苔弁
梯子段
階子段
端足錢
土師部
旅籠銭
旅籠錢
羽根扇
波布草
波布茶
薔薇園
薔薇水
破礼句
菱御飯
秘太刀
姫沙羅
姫女苑
平目筋
福早生
節納屋
布海苔
風呂代
糸瓜水
米茄子
布袋葵
母衣衆
本占地
防壁蝨
牡丹餅
孫太郎
豆御飯
見栄坊
水御飯
不見手
不見転
聖堂守
土産品
麦御飯
無益錢
鯥五郎
無手勝
村八分
名女形
目高卵
目文字
木阿弥
木阿彌
杢阿弥
紋蜉蝣
山羊座
山羊乳
屋敷地
屋敷林
寄生蛾
屋根面
大和相
浴衣地
紫御飯
湯文字
洋芥子
洋辛子
用部屋
与太連
与太郎
乱痴気
亂癡氣
陸海月
両梃子
連子鯛
牢屋敷
陸屋根
和芥子
山葵茶
草鞋銭
治部少
叭叭鳥
飛遊夢
米英軍
肉荳蔲
不死身
与野党
中長期
小田巻
集出荷
仕事柄
絶飲食
蓖麻子
昼夜間
百舌鳥
覆盆子
新増設
揚排水
視聴覚
工鉱業
駐停車
源五郎
幼少年
長短打
仕甲斐
現預金
一昨夜
地簡裁
新発意
注排水
螺子穴
全人代
休廃止
海空軍
国公立
冷暖房
安保理
雨雪量
皇太子
内外政
生損保
官公労
公社債
小中生
文理科
壬兵衛
給排紙
行財政
消流雪
中新研
農工高
移出入
豪雨雪
茶華道
増養殖
内外装
近現代
石南花
石楠花
大高生
投融資
動植物
排除雪
無一文
陸海軍
官公需
歓送迎
資機材
重軽傷
青壮年
中教審
入出院
人非人
農畜産
発受電
握足手
悪太郎
按察使
圧痛点
亜麻仁
遺家族
医保審
移輸出
憂喜受
英米法
遠近法
偃月刀
袁彦道
汚悪水
黄褐変
王侯妃
王太子
楷行書
開廃業
海陸軍
海陸風
果倶有
勘解由
加減算
加減速
過不及
過不足
官公署
官公庁
官公立
官私線
観世音
環保業
外向傾
外内言
雁来紅
菊御飯
棊子麺
鬼子母
客貨車
給貸与
休廃刊
給排気
給排水
強短稈
胸腰椎
金銀鍍
禁嫌煙
金剋木
金生水
議運委
義太夫
行革審
行行子
行幸啓
行催事
行人偏
魚虫類
魚腸骨
句歌集
句読点
苦楽受
工工四
郡区庁
頸肩腕
経構研
経社理
軽中量
継父母
繋宝珠
健推協
下克上
下剋上
紫雲英
原工試
原水禁
原水爆
原被告
公企体
高教組
皇大后
皇太后
皇太孫
耕宅地
高中年
公調委
高冷地
公労委
国漢文
金輪際
合違憲
恒河沙
採介藻
採貝藻
歳出入
採種穂
最大判
最長短
西南海
催馬楽
採穂種
左義長
作編曲
山茶花
産構審
山査子
山楂子
山野草
資器材
士君子
私公営
私公有
始終端
執行務
飼肥料
集運材
終始業
就退職
就転職
集排塵
集分荷
出改札
出欠席
出退勤
出融資
商工業
葬頭河
商調協
商登規
所基通
触力覚
諸兄姉
諸侯伯
所措通
初中級
諸堂社
新改築
治工具
自賠責
自府県
若中年
受委託
重傷病
充放電
受発信
受発注
上下院
浄活水
上下階
上下水
乗下船
上工水
除排雪
水気耕
推文字
水遊泳
寿護録
数娯録
駿遠三
駿遠参
政財界
青少対
政省令
生卒年
正負例
生没年
専兼業
全交運
全施協
全施労
全新研
前中扉
全半壊
全療協
全倫研
全労協
躁鬱病
草行書
総警務
送受波
送受話
送配水
送排風
送変電
増減税
贈収賄
堆厩肥
退停学
太平楽
短長打
炭婦協
大小寒
大小乗
大小便
男女子
断末魔
地公労
稚仔魚
地制調
知藩事
地婦連
着上陸
着脱衣
中下級
中環審
中高層
中高速
中執委
中少尉
中小輪
中全会
中体連
鋳鍛造
中低速
中労委
中勞委
長慶子
聴視覚
長信銀
鳥獣害
町村会
長短期
超問員
朝夕刊
直研連
地労委
挺対協
低中質
鉄銅製
天紫晃
転貸借
転入学
転廃業
篆隷書
代宮司
電事連
電調審
都安例
登下城
謄抄本
陶磁器
唐宋音
凍霜害
頭胴長
唐変木
鍍金銀
得失点
特政委
特防秘
道県警
道府民
独伊語
毒劇物
土性金
土生金
濁美祿
度量衡
内外圧
内外航
内外国
内外需
内外人
内外野
日英語
入出荷
入出庫
入出国
入出所
入退院
入退室
乳卵類
妊産婦
燃材料
農園芸
農漁業
農漁民
農工業
脳脊髄
農総試
農牧業
農牧産
排尿便
発送電
阪奈和
売買春
幕政府
番太郎
悲喜劇
肥飼料
被団協
病虫害
風水災
不可触
不可侵
不可説
不可分
複複線
府県域
府県会
府県史
府県商
府県民
府県立
府省令
部課長
文武官
併解結
斃牛馬
平電炉
変退色
便尿器
硼珪酸
放鳥獣
歩車道
布袋草
本支社
暴騒音
暴風雪
木念仁
朴念仁
埋火葬
未曽有
未曾有
未亡人
彌馬升
民行審
民刑事
民労協
無患子
厚皮香
役職員
野狐禅
野暮天
輸移入
輸配送
養介護
葉茎菜
養親子
溶鍛接
養父母
予警報
予消防
預貸証
預貯金
予復習
陸海運
陸空軍
流出入
立木竹
林政審
労判速
府県警
中小学
雰囲氣
雰圍氣
土師器
山毛欅
増改築
雰囲気
公私立
日之出
見真似
恵美須
赤海老
屋敷跡
蕎麦屋
出来事
香具師
黒蜘蛛
居心地
水茄子
畠仕事
飯匙倩
飯匙情
熨斗鮑
紫陽花
火熨斗
蛍烏賊
木綿木
摩倶羅
此方側
仕事着
腑甲斐
伊富魚
力仕事
風呂屋
小法師
野良猫
小太刀
薔薇色
蕎麦粉
繍線菊
権平衛
披露目
蜘蛛膜
秋刀魚
雪花菜
咽喉元
黄金色
鍛冶屋
何首烏
酒問屋
従兄弟
土日曜
相撲人
片田舎
能弄戯
針仕事
出来秋
山苧環
居酒屋
黄肌鮪
生牡蠣
鰊蕎麦
梶木鮪
片手間
仲見世
竹麦魚
田舍漢
田舎漢
薔薇石
落葉松
時雨煮
浴衣姿
鬼百合
歌舞伎
蕎麦畑
羽壁蝨
水水母
甘海老
床見世
彼方側
髭蝙蝠
犢鼻褌
猿真似
手仕事
出来心
花屋敷
内風呂
生牡蛎
向日葵
田舎道
比売知
玩具屋
烏賊墨
鬼海星
片手業
若魚子
夜見世
片栗粉
生甲斐
鬼野老
哥舞妓
歌舞妓
土産物
面白味
蕎麦畠
兄比売
小切手
其方側
我楽多
瓦落多
寝間着
河原鳩
出来合
華屋敷
見甲斐
笊蕎麦
狐狗狸
白長須
派手色
顎伯父
叔父心
花曽女
黒蜥蜴
泥仕合
庭仕事
猫屋敷
話言葉
駕籠屋
風呂場
顔馴染
可愛子
蕎麦処
手間暇
穴風呂
巨福呂
桜吹雪
手土産
水飛沫
焼海苔
蚊帳待
砂利道
伯父心
紙芝居
空梅雨
泥試合
波止場
岩清水
梅屋敷
於母影
顔見世
掛蕎麦
糞親父
仕様事
手間隙
花言葉
瑞穂側
盛蕎麦
田舎侍
石清水
乳母車
似而非
大葉子
車前草
幼馴染
玩具箱
卸問屋
鶏冠木
酢漿草
紙吹雪
川砂利
着心地
車海老
拶双魚
相撲取
角力取
蕎麦滓
月夜見
出來映
薯蕷汁
波戸場
花吹雪
浜百合
薔薇柄
火蜥蜴
神輿洗
無駄口
合言葉
相部屋
青懸巣
青鹿毛
青蚊帳
青東風
青鞭草
青蜥蜴
青鶏冠
青海鼠
青二才
青海苔
青薔薇
青味泥
青味紫
青紅葉
青屋根
青柚子
赤小豆
赤海胆
赤酸醤
赤酢漿
赤水母
藜海老
赤小灰
赤四手
赤翡翠
赤砂利
赤酸塊
赤太刀
赤出汁
赤鶏冠
赤鳥居
赤蜻蛉
赤茄子
赤海鼠
赤面皰
赤薔薇
赤母衣
赤蚯蚓
赤眼張
赤藻屑
赤百舌
赤屋根
赤百合
白地目
秋茱萸
明御神
現御神
秋日和
秋冬物
空部屋
空屋敷
灰汁汁
灰汁巻
胡座鍋
胡座鼻
揚繰網
木通籠
木通蔓
木通袋
曙枝垂
揚雲雀
顎面皰
浅黄色
浅茅生
麻問屋
朝風呂
浅蜊汁
浅蜊豆
海豹猫
明日葉
鯵寿司
網代木
小豆色
小豆粥
小豆粉
小豆氷
小豆粒
小豆梨
小豆婆
集真藍
梓巫女
馬酔木
安知女
阿知女
可惜物
穴石蓴
浮子綱
家鴨女
家鴨顔
家鴨柄
家鴨口
家鴨卵
油蕎麦
油問屋
甘野老
天邪鬼
甘海苔
海人舟
雨飛沫
菖蒲草
鮎寿司
荒木田
荒仕事
荒海布
霰烏賊
蟻蜘蛛
荒磯海
袷羽織
阿輩臺
家壁蝨
家刀自
烏賊餌
烏賊角
如何物
稲花餅
膝行足
石海豚
石水母
石言葉
石子路
石飛礫
石鳥居
石風呂
石首魚
石屋戸
磯躑躅
磯遍羅
磯蚯蚓
悪戯心
板海苔
板羽根
板発条
板屋根
板山葵
苺御萩
糸蜻蛉
糸問屋
糸蚯蚓
田舎女
田舎蛙
田舍縞
田舎縞
田舎鼠
田舎話
田舎娘
田舎家
稲子豆
稲妻形
稲荷鮨
稲荷祭
伊尼冀
犬親父
犬芥子
犬四手
犬黄楊
犬陰嚢
犬屋敷
疣細螺
疣海楊
今言葉
忌言葉
妹弟猫
芋酢漿
暑預粥
熬海鼠
入母屋
色仕掛
伊呂勢
色足袋
囲炉裏
囲炉裡
岩牡蠣
岩田帯
岩躑躅
岩雪崩
岩海苔
岩雲雀
岩風呂
魚河岸
鵜鹿鹿
浮子釣
浮屋根
鶯神楽
宇気槽
有卦船
牛羚羊
薄仕立
薄足袋
薄紅葉
歌言葉
歌真似
打太刀
内熨斗
虚蝉笛
虚蟬笛
腕相撲
腕蜥蜴
内舎人
髫髪髪
髫髪子
雲丹丼
雲丹飯
采女塚
姥母石
乳母犬
姥百合
姑獲鳥
馬柄杓
馬草鞋
海羊歯
海砂利
海鶏冠
膿面皰
海海苔
海酸漿
海百合
鸕鷀守
裏小路
裏部屋
売言葉
漆刷毛
潤目鰯
鱗烏賊
愛少女
穢多頭
穢多道
狗尾草
海老足
海老味
海老霰
海老芋
葡萄色
海老釜
海老腰
葡萄染
蒲萄染
海老鯛
海老根
海老飯
蝦眼張
追羽根
扇問屋
黄蜀葵
追手郭
大欠伸
大炊寮
大炊頭
大郎子
大郎女
大伯父
大叔父
大伯母
大叔母
大喜利
大海月
大蚰蜒
大時化
大太刀
大痴呆
大舎人
大菱喰
大御食
大御饌
大火傷
可笑味
大鋸屑
小賀玉
悪香虫
青香虫
沖醤蝦
沖笠子
桶風呂
虎魚組
白粉花
叔父子
雄川獺
雄蟋蟀
雄螺子
雄山羊
追而書
男郎花
男郞花
男言葉
男伊達
男風呂
男御子
大人色
大人雄
大人顔
大人側
弟比売
乙女子
少女子
乙女心
乙女塚
鬼虎魚
鬼笠子
鬼蜘蛛
鬼胡桃
大原女
小原女
小母顔
小婆草
小母唇
小母手
小母肌
帯曲輪
女郎花
於梅居
面白蛙
面白話
親川獺
親蜘蛛
親父顔
親海鼠
親同胞
親山羊
織部正
女言葉
女相撲
女同胞
女風呂
女部屋
女御子
女強請
甲斐歌
貝割菜
顔壁蝨
抱屋敷
牡蠣油
牡蠣貝
牡蠣粥
牡蠣殻
柿占地
燕子花
杜若襲
牡蠣鍋
書熨斗
牡蠣皹
牡蠣飯
鍵言葉
鉤真田
角風呂
神楽歌
神楽姫
欠徳利
欠片塵
鹿毛皮
陰日向
籠松明
籠釣瓶
駕籠脇
風邪声
挿頭草
挿頭花
飾太刀
河岸蔵
河岸端
貸部屋
河岸道
河鹿蛙
鍛冶場
糟湯酒
数言葉
刀鍛冶
布葛衣
徒士組
歩行荷
勝手口
勝手場
河童頭
河童菜
河童禿
鰹魚木
鰹出汁
蚊蜻蛉
角部屋
仮名書
金挺子
仮名読
蟹蒲鉾
曲尺割
曲尺手
兜占地
臭橙酢
鎌海豚
紙白粉
紙相撲
雷烏賊
雷親父
雷蜥蜴
上屋敷
羚羊脚
鴨蕎麦
掃部宿
蚊帳布
韓鍛冶
芥子色
辛子色
辛子酢
芥子菜
芥子畑
烏揚羽
烏柄杓
川穴子
川海老
川螻蛄
川蝉色
川蜻蛉
川海苔
川雲雀
川時鳥
川水雲
川原石
河原石
瓦屋根
河原蓬
革草鞋
上達部
神服織
神服部
冠直衣
蝦蟇蛙
蝦蟇口
柄足袋
黄揚羽
黄芥子
刮刷毛
黄下翅
岸躑躅
黄占地
雉子猫
着背長
生蕎麦
北早稲
切手牛
狐蕎麦
黄蜻蛉
黄面皰
鬼怒甘
絹羽根
黄蘗色
黄浜菅
木薔薇
黍魚子
黄母衣
黄味色
黄味肌
木目込
木目肌
胡瓜魚
胡瓜草
桐一葉
切見世
茎若布
傀儡女
草蜉蝣
草相撲
草合歓
草雲雀
草木瓜
草紅葉
草屋敷
草屋根
鎖帷子
櫛井守
櫛水母
鯨寿司
久須比
薬問屋
薬風呂
国栖紙
苦蛇狐
果物籠
果物皿
果物畑
果物屋
口言葉
口年増
山梔子
黄枝花
梔子色
口真似
朽山吹
靴足袋
靴刷毛
国言葉
国津神
熊之実
組太刀
組屋敷
蜘蛛網
蜘蛛糸
蜘蛛蟹
蜘蛛猿
蜘蛛手
蜘蛛指
海月粥
内蔵助
蔵之助
倉屋敷
蔵屋敷
栗御萩
車百合
胡桃色
胡桃粥
胡桃塚
胡桃餠
郭言葉
黒揚羽
黒小豆
黒鹿毛
黒梶木
黒慈姑
黒酸塊
黒玉子
黒海鼠
黒面皰
黒薔薇
黒母衣
黒巫女
黒眼張
黒山羊
黒百合
黒与那
黒侘助
桑屋敷
茱萸原
欅屋敷
螻蛄首
蹴付鶏
蚰蜒眉
小斑鳩
子海豚
髪剃菜
小女子
蝙蝠男
蝙蝠女
蝙蝠傘
蝙蝠印
蝙蝠塚
小海老
氷小豆
氷雲丹
子川獺
小為替
腰曲輪
白帯下
腰長押
越屋根
小天蛾
此方岸
言葉数
言葉尻
言葉屋
小舎人
粉白粉
粉辛子
小水葱
小菜葱
粉山葵
海鼠腸
海鼠膓
小羽根
小薔薇
子雲雀
独楽釜
独楽鼠
高麗鼠
小間物
子百足
米問屋
木洩陽
仔山羊
子山羊
小山羊
紙捻切
枯露柿
塵屋敷
破落戸
境躑躅
造酒児
逆蜻蛉
魚出汁
逆茂木
桜海老
桜占地
桜躑躅
鮭寿司
酒徳利
酒風呂
鮭輪箱
笹蒲鉾
笹百合
細石石
細石岩
刺水夫
烏草樹
流離人
叉手網
里言葉
真田虫
早苗饗
鯖寿司
侍気質
侍屋敷
鞘味泥
皿駕籠
皿屋敷
猿麻桛
猿芝居
沢胡桃
仕入先
仕入値
仕置場
塩蕎麦
塩問屋
塩風呂
塩部屋
塩水雲
枝折戸
仕掛物
仕方咄
仕方話
仕込杖
仕事命
仕事歌
仕事机
仕事猫
猪独活
下仕事
仕立物
仕立屋
下長押
舌平目
下睫毛
下目蓋
羊歯油
仕出屋
羊歯灰
枝垂桜
枝垂柳
志都歌
支払側
支払先
支払月
支払届
支払元
芝海老
渋団扇
仕舞飯
仕舞湯
島言葉
島百合
注連飾
占地茸
注連縄
仕舞屋
霜日和
下僕薬
下部屋
下屋敷
鯱鉾立
洒落男
洒落着
洒落気
背負籠
背負子
塩汁鍋
白髪頭
白髪染
白髪葱
不知火
白南風
白檜曾
白真砂
白細砂
尻胼胝
白小豆
白独活
白海老
白芥子
白飛白
白木耳
白生地
白占地
白底翳
白足袋
白躑躅
白鶏冠
白茄子
白斜子
白魚子
白海鼠
白面皰
白薔薇
白灯蛾
白山羊
白山吹
白浴衣
白侘助
兕馬觚
砂利浜
据風呂
末息子
透百合
姿寿司
透木釜
助太刀
菅百合
寿司鮑
寿司桶
寿司酢
寿司種
寿司飯
筋井守
条海老
薄木菟
酢橘釜
酢橘酢
素破頭
捨台詞
砂風呂
巣部屋
墨烏賊
墨曲尺
炭問屋
皇祖母
相撲場
鯣烏賊
勢子石
勢子舟
瀬野八
背乾鯨
脊乾鯨
背美鯨
脊美鯨
蝉時雨
蟬時雨
泄謨觚
発条鼠
底雪崩
外仕事
外熨斗
外風呂
蕎麦釜
蕎麦殻
蕎麦切
蕎麦米
蕎麦皿
蕎麦汁
蕎麦枕
蕎麦飯
蕎麦餅
蕎麦湯
手弱女
高御座
鷹屋敷
宝壁蝨
宝屋敷
田芥子
竹小豆
竹蜻蛉
竹梯子
竹帚木
武屋敷
竹屋敷
章魚足
蛸烏賊
蛸親父
蛸部屋
蛸山葵
畳部屋
只風呂
太刀魚
太刀音
太刀風
太刀傷
太刀拵
太刀先
太刀姿
太刀筋
太刀取
太刀持
立女形
殺陣師
谷空木
狸親父
狸親爺
狸蕎麦
狸囃子
種茄子
頼母子
足袋沓
足袋靴
旅芝居
足袋跣
田平子
玉海老
玉櫛笥
玉子酒
玉羊歯
玉砂利
玉蕎麦
弾丸楯
垂乳根
出汁粉
出汁巻
伊達男
伊達姿
血帷子
稚児頭
稚児桜
稚児隼
血飛沫
茅渟針
粽壽司
粽寿司
手水場
塵壁蝨
鴨跖草
仏掌薯
作物所
引火奴
黄楊櫛
黄楊野
辻駕籠
蔦紅葉
土蜘蛛
土仕事
土棲蜂
筒井筒
美人局
角蛞蝓
燕小灰
粒雲丹
粒芥子
摘入汁
摘入鍋
紡錘鰤
爪壁蝨
梅雨雲
梅雨寒
汁蕎麦
梅雨空
梅雨晴
面相撲
蔓小豆
蔓薔薇
弦練作
聾桟敷
手革包
天蚕糸
手薬煉
手古舞
手真似
寺息子
出来値
出来物
出来星
出囃子
問屋株
問屋場
藤四郎
蜥蜴男
蜥蜴革
朱鷺色
時蕎麦
常磐木
常盤津
常磐津
野老葛
外様組
年甲斐
年増女
刀自女
徳利襟
徳利鯨
徳利蜂
隣部屋
隣屋敷
殿屋敷
飛螻蛄
苫屋根
共白髪
虎海老
虎河豚
鳥居脇
鳥蕎麦
鳥問屋
薯蕷芋
薯蕷餌
尖屋根
頓痴奇
蜻蛉玉
問屋跡
問屋組
泥鰌汁
泥鰌鍋
泥鰌髭
都都逸
土負貝
泥風呂
団栗眼
仲皇子
長雲丹
長須鯨
長風呂
泣黒子
渚風呂
夏越桶
夏越祭
梨河豚
茄子頭
茄子畑
茄子色
夏秋草
夏風邪
夏茱萸
夏芝居
夏蕎麦
夏黄櫨
生欠伸
生烏賊
生雲丹
生臭味
海鼠壁
生子壁
海鼠餅
生締鬘
生海苔
生若布
生山葵
並揚羽
波小灰
波飛沫
蛞蝓魚
蛞蝓女
滑子汁
縄梯子
煮小豆
煮烏賊
新栗嘗
苦汁水
荷為替
面皰跡
面皰顔
面皰面
面皰肌
握寿司
煮頃鮒
仁座鯛
西曲輪
西鳥居
鰊寿司
虹屋敷
煮玉子
似関船
接骨木
沼田鰻
白膠木
布玩具
布魚籠
沼海老
微温火
微温湯
葱蕎麦
猫部屋
猫驀地
寝心地
螺子頭
螺子切
螺子釘
螺子蓋
鼠河豚
根壁蝨
寝悪阻
侫武多
寝部屋
合歓木
直衣姿
伸烏賊
熨斗梅
熨斗押
熨斗袋
熨斗目
覗機関
野垂死
野踏鞴
野太刀
喉風邪
野山羊
野良犬
野良芋
野良着
野良鶏
海苔味
海苔網
糊空木
乗心地
海苔塩
海苔玉
祝詞言
詔刀言
海苔篊
海苔舟
海苔巻
海苔眉
海苔娘
惚気話
灰神楽
羽団扇
南風泊
羽織物
羽交締
刷毛序
刷毛斑
箱寿司
箱河豚
鋏太刀
梯子口
階子口
梯子酒
梯子場
梯子道
走梅雨
走野老
黄櫨染
鰣寿司
黄櫨漆
畑占地
畑山葵
旅籠屋
旅籠宿
鰰寿司
葉丹宝
肌木目
跣足袋
初時雨
初太刀
初手斧
初見世
把釣孔
花菖蒲
花独活
鼻風邪
花蜘蛛
花慈姑
話下手
花寿司
花相撲
花蕎麦
花盗人
花茗荷
花紅葉
花山葵
埴輪顔
羽根蟻
羽根飾
羽根枕
柞紅葉
母刀自
母山羊
羽二重
浜言葉
浜木綿
鱧寿司
早駕籠
早言葉
囃子方
囃子詞
囃子手
囃子舞
囃子物
早仕舞
流行児
流行眼
腹矢倉
針胼胝
張見世
針土竜
針山葵
春時雨
春夏物
葉山葵
飛蝗型
発条下
発条秤
発条指
薔薇垣
薔薇窓
破礼咄
破礼話
曾祖母
東鳥居
髭親爺
菱飛蝗
羊栖菜
鹿尾菜
直垂姿
左団扇
左螺子
人心地
人真似
雛黄鸝
鄙蝙蝠
日向側
日向水
霊室木
姫空木
姫蜘蛛
姫黄金
緋目高
姫百合
柄渠觚
日和風
日和見
平蜘蛛
平言葉
平屋根
鹿子菜
広小路
広目屋
広屋根
檜皮色
檜皮葺
檜皮屋
編木舞
膨脛丈
袋海胆
袋蜘蛛
袋小路
袋竹刀
袋部屋
袋土竜
河豚汁
河豚鍋
河豚屋
総酸塊
富士形
富士絹
藤躑躅
富士壺
富士額
筆茗荷
不斗出
鮒寿司
風呂桶
風呂黴
風呂釜
風呂番
風呂吹
風呂水
橅占地
兵児帯
兵児帶
兵兒帶
兵子帯
兵子帶
糸瓜襟
蛇親父
蛇蜻蛉
蛇屋敷
部屋数
部屋係
部屋着
部屋子
部屋住
部屋猫
部屋干
部屋割
平矢柄
紅空木
紅白粉
紅鉄漿
紅蜘蛛
紅枝垂
紅繁縷
紅吹雪
紅侘助
頬面皰
黒子男
乾海鼠
乾海苔
干海苔
細太刀
海鞘貝
幌蚊帳
棒手振
襤褸滓
襤褸株
襤褸切
襤褸着
襤褸菊
襤褸靴
襤褸炭
襤褸布
繿褸袴
襤褸屋
襤褸綿
迷子石
迷子牛
舞良戸
真海豚
真鹿児
真梶木
真牡蠣
枕言葉
枕発条
真子鰈
馬子唄
孫息子
間仕切
鱒寿司
又従兄
股脛巾
真壁蝨
斑海豚
町小路
町言葉
町風呂
町屋敷
松烏賊
睫毛禿
松占地
祭囃子
馬刀貝
馬刀葉
真刀自
真魚鰹
真魚咋
真魚箸
真似事
真似鶫
真羽太
真河豚
目蓋側
忠実男
豆砂利
豆柄杓
繭毛羽
眉刷毛
丸茄子
丸風呂
丸屋根
円屋根
翻車魚
右螺子
右脹脛
巫女長
巫女姿
身言葉
巫女婆
巫女姫
巫女舞
美須紙
水烏賊
水白粉
水芥子
水蜘蛛
水垢離
水仕事
水刷毛
水風呂
水蚯蚓
水山葵
見世棚
見世物
溝真田
溝蕎麦
祖霊舎
緑小灰
緑河豚
緑遍羅
水無月
南屋敷
蓑笠子
耳心地
耳胼胝
耳壁蝨
耳年増
土産話
都大路
宮芝居
深山颪
深山鴉
深山蜆
深山路
宮神輿
茗荷色
茗荷子
茗荷竹
茗荷鵯
海松貝
零余子
昔蜻蛉
昔馴染
麦薯蕷
無窮花
虫時雨
蒸寿司
蒸風呂
虫部屋
無駄足
無駄毛
無駄玉
無駄球
無駄花
無駄話
無駄骨
無駄飯
無駄矢
紫烏賊
紫海胆
紫酢漿
紫躑躅
紫海苔
村時雨
村芝居
目梶木
和布蕪
目仁奈
雌螺子
雌山羊
目年増
赤目魚
女祢宜
女禰宜
海布茎
乳母子
海布巻
萌葱色
萌黄色
萌黄緘
萌黄縅
茂我利
虎落笛
土竜塚
文知摺
水雲酢
黐躑躅
戻梅雨
紅絹裏
紅葉葵
紅葉笠
紅葉狩
紅葉月
諸味酢
屋形舟
屋形船
矢飛白
焼太刀
山羊男
山羊皮
山羊髭
山羊髯
山羊鬚
自棄糞
自棄酒
火傷跡
矢狭間
屋敷裏
屋敷神
屋敷木
屋敷僕
屋敷森
弥次馬
彌次馬
野次馬
彌猛心
奴言葉
寄生木
寄生蠅
柳多留
屋根岩
屋根裏
屋根瓦
屋根庇
屋根廂
屋根舟
屋根船
屋根屋
屋根雪
矢羽根
烏斂苺
流鏑馬
藪蕎麦
藪茗荷
山空穂
山折敷
山親爺
赤楝蛇
山駕籠
山胡桃
山仕事
山清水
山砂利
山翡翠
山躑躅
山鳥兜
山吹色
山吹襲
山時鳥
山杜鵑
山紅葉
山百合
闇風呂
槍烏賊
遣羽子
木綿髪
木綿付
夕間暮
湯帷子
雪雪崩
靫負部
靭負部
湯垢離
交譲葉
茹玉子
指言葉
指相撲
湯風呂
弓張灯
夢幻境
夢笠子
夢心地
横徳利
横羽目
横風呂
寄相撲
余所子
余所事
余所見
余所目
与太話
黄泉路
黄泉軍
鎧直垂
坩堝鋏
若女将
公魚煮
若白髪
若布酢
脇部屋
吾妹子
山葵味
山葵梅
山葵酢
分葱田
山葵苗
鷲木菟
輪注連
勿忘草
渡台詞
輪箱飯
王仁口
侘数寄
侘住居
笑川蝉
草鞋虫
藁屋根
童言葉
吾亦紅
吾木香
我亦紅
垣間見
黄名粉
大角豆
伊佐木
石斑魚
女伊達
伊支馬
菜種子
山独活
野薔薇
革足袋
韋足袋
烏賊飯
木太刀
不如帰
杜鵑草
霍公鳥
大御神
羽根車
舟問屋
海人草
海仁草
篇乃古
勝鯨波
老海鼠
酢牡蠣
小茄子
巫山戯
真章魚
駅蕎麦
船問屋
鳥渡見
数奇屋
一昨年
公孫樹
奴佳鞮
啄木鳥
美豆良
世利売
胡頽子
木捻子
海鼠子
狗母魚
比目魚
右衛門
東都遊
巻寿司
数寄屋
黄花菜
理化学
従姉妹
浮塵子
未通女
目見得
益荒男
停車場
位相附
権兵衛
文理学
江浦草
有難味
草石蚕
風邪気
木天蓼
真名鶴
大皇后
寿司店
子供数
鳴電神
太刀洗
早少女
大使主
泡風呂
蒲公英
日不見
家屋敷
伊達巻
神無月
仮名文
風邪薬
府県連
風呂敷
姫御子
仕事先
試合玉
早稲田
大流行
瀬戸際
一仕事
部次長
早乙女
中高校
仕事場
流行歌
賃貸借
管弦楽
足袋屋
学協会
暴風雨
寿司屋
内親王
不得手
出入口
大相撲
小部屋
実父母
試合球