八百屋
小中学
大部屋
出入国
三十路
町村長
中山間
鉄刀木
洋毛子
今朝方
四死球
四王天
十姉妹
八里半
入出力
進入学
登下校
入出金
三和土
前後半
下手物
八百長
百合科
中小生
出来高
部屋代
出入車
高大生
大仕事
五倍子
畑仕事
送配電
四十物
九十路
二合半
七夕馬
七夕祭
七十路
一手間
百足足
六十路
八重歯
八少女
八百物
八十路
八田部
百合油
百合根
四十路
五十路
上下流
都区部
仕事人
中長期
中南部
口下手
目茶暑
青少年
前後期
農林業
南北朝
昼夜間
中高生
集出荷
新発意
長短打
全人代
国公立
農工高
文理科
小中生
中新研
消流雪
石南花
大高生
動植物
入出院
入出荷
発受電
王太子
外内言
金生水
行行子
苦楽受
工工四
高教組
高中年
公調委
国漢文
西南海
山茶花
山野草
終始業
集分荷
商工業
受発注
上下院
上下階
上下水
乗下船
上工水
水遊泳
青少対
全交運
全新研
草行書
送受波
送受話
送配水
太平楽
短長打
大小寒
男女子
中下級
中高速
中上級
中全会
町村会
長短期
転入学
土生金
内外国
内外人
内外野
入出庫
入出国
入出所
農工業
発送電
売買春
麦門冬
歩車道
理化学
流出入
立木竹
中小学
十六夜
仕事面
絵葉書
地頭鳥
公取委
女子仕
親父道
角行道
京言葉
金南風
仕切金
仕切書
下野草
自小作
地言葉
田子作
太神楽
手間代
頭羽数
福早生
神酒所
村八分
名女形
目文字
屋根面
大和相
湯文字
用部屋
出来事
土日曜
竹麦魚
黄金虫
仕事着
小太刀
秋刀魚
力仕事
酒問屋
出来秋
話言葉
黄金色
夜見世
手仕事
小切手
出来心
水水母
大葉子
車前草
庭仕事
角力取
花言葉
仕様事
月夜見
波止場
合言葉
家刀自
売言葉
顔見世
着心地
小間物
仕入先
出来合
乗心地
波戸場
屋形船
野次馬
相部屋
青東風
青二才
青屋根
赤小豆
赤水母
赤四手
赤太刀
赤屋根
赤百合
秋日和
秋冬物
空部屋
明日葉
小豆色
小豆氷
安知女
油問屋
石水母
石言葉
石子路
石首魚
石屋戸
板羽根
板屋根
糸問屋
犬親父
犬四手
今言葉
入母屋
歌言葉
打太刀
海羊歯
海百合
追羽根
大海月
大時化
大太刀
男言葉
大人色
大人顔
少女子
大原女
小原女
小母顔
小母手
面白話
面白味
親父顔
親山羊
女言葉
女部屋
神楽歌
数言葉
歩行荷
勝手口
勝手場
角部屋
川時鳥
川水雲
川原石
神服部
切手牛
黄味色
切見世
草屋根
薬問屋
口言葉
国言葉
組太刀
車百合
黒小豆
黒玉子
黒山羊
黒百合
小女子
氷小豆
言葉数
言葉屋
小羽根
子百足
米問屋
子山羊
小山羊
大角豆
細石石
細石岩
里言葉
真田虫
仕方話
仕事命
仕事歌
下仕事
仕立物
仕立屋
羊歯油
仕出屋
島言葉
島百合
下部屋
白南風
白小豆
白木耳
白生地
白魚子
白山羊
助太刀
炭問屋
外仕事
手弱女
竹小豆
章魚足
太刀魚
太刀音
太刀風
太刀先
太刀取
太刀持
立女形
谷空木
田平子
玉子酒
玉羊歯
手水場
作物所
土仕事
美人局
寺息子
出来立
出来物
出来星
問屋場
外様組
鳥問屋
問屋組
土負貝
夏秋草
野太刀
野山羊
箱階子
階子口
話下手
羽根車
母刀自
母山羊
羽二重
早言葉
春時雨
春夏物
人心地
日向水
日和風
日和見
平言葉
平屋根
広小路
広目屋
広屋根
部屋数
部屋係
部屋着
部屋子
部屋住
黒子男
細太刀
間仕切
町小路
町言葉
馬刀貝
馬刀葉
真羽太
丸屋根
円屋根
身言葉
水仕事
見世物
耳心地
都大路
深山路
虫時雨
虫部屋
村時雨
赤目魚
山羊男
山羊皮
屋根岩
屋根船
屋根屋
屋根雪
矢羽根
山仕事
山百合
指言葉
横羽目
童言葉
船問屋
木太刀
海人草
中高年
東都遊
文理学
真章魚
早少女
大使主
一仕事
部次長
大流行
仕事先
中高校
流行歌
仕事場
小部屋
実父母
出入口