八百屋
小中学
大部屋
出入国
三十路
町村長
中山間
無花果
鉄刀木
差不多
洋毛子
今朝方
最高音
一目散
不思議
四死球
三太夫
四王天
十姉妹
八里半
入出力
送受信
投開票
集大成
進入学
戦病死
登下校
入出金
三和土
町村議
意固地
太刀帯
前後半
下手物
八百長
百合科
中小生
出来高
部屋代
出入車
高大生
大仕事
五倍子
風水害
畑仕事
右左折
送配電
四十物
五重衣
九十路
二合半
七夕馬
七夕祭
七十路
一手間
百足足
六十路
八重歯
八少女
八百物
八十路
八田部
百合油
百合根
四十路
五十路
農水産
上下流
都区部
英数字
仕事人
中長期
中南部
口下手
目茶暑
青少年
前後期
農林業
南北朝
米英軍
昼夜間
病害虫
中高生
集出荷
新発意
長短打
海空軍
全人代
国公立
農工高
飲食料
文理科
雨雪量
小中生
中新研
官公労
消流雪
陸海軍
石南花
大高生
動植物
入出院
無一文
観世音
受発信
入出荷
農園芸
発受電
英米法
遠近法
王太子
海陸軍
海陸風
官公立
外内言
客貨車
金生水
議運委
行行子
魚虫類
苦楽受
工工四
軽中量
原工試
高教組
高中年
公調委
高冷地
公労委
国漢文
最長短
西南海
山茶花
産育休
山野草
集運材
終始業
集分荷
出改札
出欠席
商工業
商調協
初中級
治工具
自府県
受発注
上下院
上下階
上下水
乗下船
上工水
水遊泳
青少対
生卒年
正負例
全交運
全新研
全労協
草行書
送受波
送受話
送配水
送変電
太平楽
短長打
大小寒
大小便
男女子
地公労
着上陸
中下級
中高速
中小輪
中上級
中全会
中体連
中低速
中労委
長信銀
町村会
長短期
直研連
地労委
転入学
代宮司
電事連
都安例
登下城
道府民
土生金
内外国
内外人
内外野
日英語
入出庫
入出国
入出所
農漁業
農漁民
農工業
農牧業
農牧産
発送電
阪奈和
売買春
麦門冬
病虫害
府県会
府県商
府県民
府県立
府省令
部課長
歩車道
民労協
養親子
養父母
理化学
陸海運
陸空軍
流出入
立木竹
中小学
十六夜
仕事面
絵葉書
地頭鳥
仕入量
公取委
子局器
海老茶
海老天
沖仲仕
女子仕
親父道
角行道
京言葉
金南風
試合場
仕置人
仕切金
仕切書
下野草
自小作
地言葉
田子作
太神楽
茶香服
手間代
頭羽数
梨子地
福早生
不死身
神酒所
不見手
不見転
土産品
無手勝
村八分
名女形
目文字
屋根面
大和相
浴衣地
湯文字
用部屋
陸海月
陸屋根
治部少
出来事
土日曜
竹麦魚
一昨夜
黄金虫
仕事着
小太刀
秋刀魚
力仕事
酒問屋
仲見世
出来秋
話言葉
黄金色
雪花菜
夜見世
手仕事
土産物
小切手
落葉松
出来心
水水母
大葉子
車前草
庭仕事
角力取
花言葉
手土産
岩清水
仕様事
月夜見
波止場
合言葉
家刀自
石清水
売言葉
顔見世
着心地
車海老
小間物
仕入先
仕置場
梅雨寒
出来合
野良犬
乗心地
波戸場
屋形船
野次馬
相部屋
青鹿毛
青東風
青二才
青屋根
赤小豆
赤海老
赤水母
赤四手
赤太刀
赤母衣
赤屋根
赤百合
秋日和
秋冬物
空部屋
浅黄色
明日葉
小豆色
小豆氷
小豆梨
安知女
油問屋
石水母
石言葉
石子路
石首魚
石屋戸
板羽根
板屋根
糸問屋
犬親父
犬四手
今言葉
入母屋
岩田帯
歌言葉
打太刀
海羊歯
海百合
愛少女
海老足
海老味
海老根
海老飯
追羽根
大海月
大時化
大太刀
小賀玉
悪香虫
青香虫
男言葉
大人色
大人顔
大人側
少女子
大原女
小原女
小母顔
小母手
帯曲輪
面白話
面白味
親父顔
親山羊
女言葉
女部屋
案山子
神楽歌
欠徳利
鹿毛皮
数言葉
歩行荷
勝手口
勝手場
角部屋
空梅雨
川海老
川時鳥
川水雲
川原石
上達部
神服部
切手牛
黄母衣
黄味色
切見世
草屋根
薬問屋
果物皿
果物畑
果物屋
口言葉
国言葉
組太刀
車百合
黒小豆
黒鹿毛
黒玉子
黒母衣
黒山羊
黒百合
小女子
小海老
氷小豆
白帯下
言葉数
言葉屋
小羽根
子百足
米問屋
子山羊
小山羊
酒徳利
大角豆
細石石
細石岩
里言葉
真田虫
塩問屋
塩部屋
塩水雲
仕方話
仕事命
仕事歌
下仕事
仕立物
仕立屋
羊歯油
仕出屋
島言葉
島百合
注連縄
下部屋
不知火
白南風
白小豆
白海老
白飛白
白木耳
白生地
白魚子
白山羊
白浴衣
末息子
助太刀
巣部屋
炭問屋
外仕事
手弱女
竹小豆
章魚足
太刀魚
太刀音
太刀風
太刀先
太刀取
太刀持
立女形
谷空木
田平子
玉海老
玉子酒
玉羊歯
手水場
作物所
土仕事
美人局
梅雨雲
梅雨空
梅雨晴
寺息子
出来立
出来物
出来星
問屋場
外様組
鳥問屋
問屋組
何方側
土負貝
泣黒子
夏秋草
西曲輪
野太刀
野山羊
野良着
箱階子
階子口
走梅雨
走野老
初時雨
初太刀
初見世
話下手
羽根車
母刀自
母山羊
羽二重
早言葉
流行児
春時雨
春夏物
人心地
日向側
日向水
日和風
日和見
平言葉
平屋根
鹿子菜
広小路
広目屋
広屋根
兵児帯
兵子帯
部屋数
部屋係
部屋着
部屋子
部屋住
黒子男
細太刀
真鹿児
孫息子
間仕切
町小路
町言葉
馬刀貝
馬刀葉
真羽太
丸屋根
円屋根
身言葉
水仕事
水刷毛
美豆良
見世物
水無月
耳心地
土産話
都大路
深山路
海松貝
虫時雨
虫部屋
村時雨
赤目魚
矢飛白
焼太刀
山羊男
山羊皮
屋根岩
屋根船
屋根屋
屋根雪
矢羽根
山仕事
山清水
山百合
指言葉
横徳利
横羽目
輪注連
輪箱飯
童言葉
船問屋
菜種子
木太刀
日不見
海人草
中高年
世利売
東都遊
文理学
一昨年
黄花菜
真章魚
未通女
府県連
早少女
大使主
神無月
一仕事
部次長
大流行
試合玉
仕事先
中高校
流行歌
仕事場
学協会
小部屋
実父母
出入口
試合球