八百屋
小中学
大部屋
出入国
三十路
町村長
中山間
無花果
鉄刀木
差不多
破天連
洋毛子
加留多
歌留多
今朝方
最高音
大統領
一目散
不思議
四死球
三太夫
三連複
四王天
十姉妹
八里半
入出力
送受信
投開票
輸出入
集大成
進入学
戦病死
登下校
入出金
三和土
町村議
意固地
殺風景
能天気
能転気
不可知
太刀帯
前後半
下手物
助兵衛
八百長
百合科
中小生
出来高
部屋代
出入車
高大生
大仕事
五倍子
風水害
畑仕事
右左折
送配電
祖父母
四十物
五重衣
九十路
二合半
七夕馬
七夕祭
七十路
一手間
百足足
六十路
八重桜
八重歯
八少女
八百物
八十路
八田部
百合油
百合根
四十路
五十路
農水産
上下流
都区部
英数字
鉱工業
仕事人
中長期
中南部
口下手
素寒貧
昔気質
目茶暑
青少年
前後期
農林業
教職員
南北朝
米英軍
昼夜間
病害虫
中高生
新増設
集出荷
飲兵衛
新発意
飛遊夢
工鉱業
長短打
海空軍
全人代
国公立
農工高
内外政
飲食料
絶飲食
文理科
安保理
雨雪量
生損保
小中生
中新研
官公労
行財政
消流雪
近現代
陸海軍
石南花
大高生
動植物
入出院
無一文
移出入
観世音
資器材
資機材
受発信
政財界
地制調
鉄銅製
入出荷
人非人
農園芸
発受電
肥飼料
予消防
移輸出
英米法
遠近法
王太子
海陸軍
海陸風
加減算
加減速
過不足
官公立
外内言
客貨車
金生水
議運委
義太夫
行行子
魚虫類
句歌集
句読点
苦楽受
工工四
経構研
経社理
軽中量
原工試
原水禁
高教組
高中年
公調委
高冷地
公労委
国漢文
金輪際
最大判
最長短
西南海
左義長
作編曲
山茶花
産育休
山査子
山野草
士君子
飼肥料
集運材
終始業
集分荷
出改札
出欠席
商工業
商調協
商登規
所基通
初中級
新改築
治工具
自府県
受発注
上下院
上下階
上下水
乗下船
上工水
水気耕
水遊泳
青少対
政省令
生卒年
正負例
全交運
全新研
全労協
草行書
送受波
送受話
送配水
送変電
増減税
太平楽
短長打
炭婦協
大小寒
大小便
男女子
地公労
地婦連
着上陸
中下級
中高速
中小輪
中上級
中全会
中体連
中低速
中労委
長信銀
町村会
長短期
朝夕刊
直研連
地労委
低中質
転貸借
転入学
代宮司
電事連
都安例
登下城
得失点
特政委
道府民
土性金
土生金
内外圧
内外航
内外国
内外人
内外野
日英語
入出庫
入出国
入出所
燃材料
農漁業
農漁民
農工業
農総試
農牧業
農牧産
発送電
阪奈和
売買春
麦門冬
病虫害
風水災
不可説
不可分
複複線
府県会
府県史
府県商
府県民
府県立
府省令
部課長
文武官
歩車道
本支社
暴風雪
民労協
厚皮香
役職員
輸移入
輸配送
養親子
養父母
予復習
理化学
陸海運
陸空軍
流出入
立木竹
労判速
中小学
増改築
十六夜
香具師
仕事面
居心地
仮名序
絵葉書
地頭鳥
仕入量
公取委
子局器
田舎弁
得手公
海老茶
海老天
沖仲仕
大人舎
女子仕
親父道
角行道
京言葉
金南風
試合場
仕入額
仕置人
仕切金
仕切書
仕事師
下野草
自小作
地言葉
地団太
象鼻虫
田子作
太神楽
茶香服
手間損
手間代
頭羽数
梨子地
何兵衛
土師部
波布草
波布茶
破礼句
福早生
不死身
貝独楽
神酒所
不見手
不見転
土産品
無手勝
村八分
名女形
目文字
屋根面
大和相
浴衣地
湯文字
用部屋
陸海月
陸屋根
治部少
出来事
土日曜
竹麦魚
土師器
見真似
一昨夜
物真似
黄金虫
仕事着
小法師
小太刀
秋刀魚
力仕事
木綿木
酒問屋
仲見世
出来秋
話言葉
黄金色
雪花菜
比売知
居酒屋
夜見世
兄比売
手仕事
土産物
小切手
落葉松
出来心
田舎漢
水水母
大葉子
車前草
庭仕事
田舎道
角力取
花言葉
手土産
岩清水
仕様事
月夜見
波止場
合言葉
家刀自
石清水
売言葉
大喜利
顔見世
徒士組
着心地
車海老
小間物
仕入先
仕置場
梅雨寒
出来合
野良犬
乗心地
波戸場
屋形船
野次馬
相部屋
青鹿毛
青東風
青二才
青屋根
赤小豆
赤海老
赤水母
赤四手
赤太刀
赤鳥居
赤母衣
赤眼張
赤屋根
赤百合
秋日和
秋冬物
空部屋
浅黄色
明日葉
小豆色
小豆粉
小豆氷
小豆梨
安知女
油問屋
石水母
石言葉
石子路
石鳥居
石首魚
石屋戸
板羽根
板発条
板屋根
糸問屋
田舎女
田舎話
田舎家
犬親父
犬四手
今言葉
入母屋
岩田帯
魚河岸
歌言葉
歌真似
打太刀
内舎人
海羊歯
海百合
愛少女
海老足
海老味
海老根
海老飯
追羽根
大海月
大時化
大太刀
大舎人
可笑味
小賀玉
悪香虫
青香虫
白粉花
男言葉
大人色
大人顔
大人側
弟比売
少女子
大原女
小原女
小母顔
小母手
帯曲輪
面白話
面白味
親父顔
親山羊
織部正
女言葉
女部屋
案山子
神楽歌
欠徳利
鹿毛皮
貸部屋
河岸道
数言葉
歩行荷
勝手口
勝手場
河童頭
河童菜
角部屋
仮名書
仮名読
紙白粉
空梅雨
可愛子
川海老
川時鳥
川水雲
川原石
河原石
上達部
神服織
神服部
切手牛
黄名粉
黄母衣
黄味色
切見世
草屋根
薬問屋
果物皿
果物畑
果物屋
口言葉
口年増
黄枝花
口真似
国言葉
組太刀
車百合
黒小豆
黒鹿毛
黒玉子
黒母衣
黒眼張
黒山羊
黒百合
小女子
小海老
氷小豆
白帯下
言葉数
言葉屋
小舎人
粉白粉
小羽根
子百足
米問屋
子山羊
小山羊
破落戸
造酒児
桜海老
酒徳利
大角豆
細石石
細石岩
里言葉
真田虫
塩河岸
塩問屋
塩部屋
塩水雲
枝折戸
仕方話
仕事命
仕事歌
下仕事
仕立物
仕立屋
羊歯油
仕出屋
志都歌
島言葉
島百合
注連縄
下部屋
不知火
白南風
白小豆
白独活
白海老
白飛白
白木耳
白生地
白魚子
白山羊
白浴衣
末息子
助太刀
条海老
素破頭
巣部屋
炭問屋
勢子石
外仕事
手弱女
竹小豆
章魚足
太刀魚
太刀音
太刀風
太刀先
太刀取
太刀持
立女形
谷空木
田平子
玉海老
玉子酒
玉羊歯
手水場
作物所
土仕事
美人局
梅雨雲
梅雨空
梅雨晴
手真似
寺息子
出来立
出来物
出来星
問屋場
外様組
年増女
鳥問屋
問屋組
何方側
土負貝
泣黒子
夏秋草
西曲輪
西鳥居
似関船
野太刀
野山羊
野良着
羽織物
刷毛序
箱階子
階子口
走梅雨
走野老
初時雨
初太刀
初見世
花独活
話下手
羽根車
母刀自
母山羊
羽二重
早言葉
流行児
流行眼
張見世
春時雨
春夏物
発条下
発条指
破礼話
東鳥居
人心地
人真似
日向側
日向水
日和風
日和見
平言葉
平屋根
鹿子菜
広小路
広目屋
広屋根
富士形
富士額
兵児帯
兵子帯
部屋数
部屋係
部屋着
部屋子
部屋住
黒子男
細太刀
迷子石
迷子牛
真鹿児
孫息子
間仕切
町小路
町言葉
馬刀貝
馬刀葉
真似事
真羽太
丸屋根
円屋根
身言葉
水白粉
水仕事
水刷毛
美豆良
見世物
水無月
耳心地
耳年増
土産話
都大路
深山路
海松貝
虫時雨
虫部屋
村時雨
目年増
赤目魚
矢飛白
焼太刀
山羊男
山羊皮
寄生木
屋根岩
屋根船
屋根屋
屋根雪
矢羽根
山独活
山仕事
山清水
山百合
木綿付
指言葉
弓張灯
夢心地
横徳利
横羽目
余所子
余所事
余所見
余所目
輪注連
輪箱飯
童言葉
船問屋
菜種子
木太刀
日不見
海人草
右衛門
中高年
世利売
東都遊
文理学
一昨年
数寄屋
黄花菜
目見得
真章魚
比目魚
未通女
府県連
早少女
大使主
神無月
仮名文
一仕事
部次長
大流行
試合玉
仕事先
中高校
流行歌
仕事場
暴風雨
学協会
小部屋
不得手
実父母
出入口
試合球