男闘呼
八百屋
小中学
三十路
卒塔婆
卒都婆
率都婆
混凝土
切支丹
町村長
前後半
今朝方
出入国
百百獣
八百長
百合科
下手物
越歴機
参鶏湯
無花果
加比丹
甲比丹
居西干
金平糖
金米糖
牛尾菜
鉄刀木
大掛児
差不多
汗蒸幕
伴天連
破天連
洋毛子
加留多
歌留多
三和土
助兵衛
中高生
最高音
大部屋
一目散
四死球
米利堅
一辺倒
三太郎
三太夫
三連複
四王天
三途河
十姉妹
十露盤
八里半
指甲花
大統領
善知鳥
二次郎
不思議
激不味
便乱坊
無鉄砲
如雨露
太刀帯
無邪気
有頂天
脳天気
依固地
意固地
殺風景
能天気
能転気
破廉恥
不可知
中建審
入出力
町村議
集大成
送受信
投開票
輸出入
離着陸
吸放湿
進入学
戦病死
登下校
入出金
滅紛失
離転職
離発着
大仕事
昼御飯
中山間
仕事人
出入車
出来高
致死傷
飲兵衛
仮名遣
従兄妹
五倍子
一欠片
四十物
五重衣
九十路
二合半
四季施
七夕馬
七夕祭
七十路
一手間
千屈菜
百足足
六十路
八重桜
八重歯
八乙女
八少女
八十路
八田部
百合油
百合根
百合樹
四十路
畑仕事
五十路
高大生
部屋代
何御飯
中高年
一寸見
中高齢
神酒所
十六夜
送配電
上下巻
物真似
農水産
口下手
素寒貧
昔気質
目茶暑
風水害
都区部
用排水
目論見
雑魚寝
店仕舞
右左折
出来立
飲食料
中南部
祖父母
案山子
鉱工業
上下流
乳幼児
唐辛子
朝御飯
教職員
夜御飯
英数字
黄金虫
幾千万
仕掛人
仕事面
不可抗
青少年
中小生
前後期
晩御飯
農林業
病害虫
名台詞
仮名序
南北朝
土壇場
地頭鳥
夕御飯
絵葉書
手間代
乙女座
公取委
仕入量
地頭鶏
貝独楽
花鶏科
田舎弁
犬御飯
芋御飯
稲熱病
海豚漁
家御飯
梅御飯
得手公
海老錠
海老茶
海老天
女将役
沖仲仕
大人舎
乙女像
女子仕
女子衆
親父道
角行道
神楽殿
旗魚座
冠木門
為替料
川太郎
河太郎
菊日和
京言葉
金南風
銀合歓
気配値
剣殺陣
子局器
言葉欄
紺飛白
桜御飯
試合場
仕入額
仕置人
仕掛品
仕切金
仕切書
仕事師
為事師
芝居気
下野草
尺岩魚
自小作
地言葉
地団太
地吹雪
寿司台
寿司通
背黄青
総仕舞
象鼻虫
田子作
太神楽
段階子
茶香服
賃仕事
土筆坊
手間損
手間賃
頭羽数
何処大
梨子地
何兵衛
納屋頭
仁太夫
階子段
土師部
羽根扇
波布草
波布茶
破礼句
秘太刀
平目筋
福早生
節納屋
母衣衆
本占地
孫太郎
豆御飯
見栄坊
水御飯
不見手
不見転
聖堂守
土産品
麦御飯
無手勝
村八分
名女形
目高卵
目文字
山羊座
山羊乳
屋敷地
屋敷林
屋根面
大和相
浴衣地
紫御飯
湯文字
洋辛子
用部屋
与太連
与太郎
陸海月
陸屋根
治部少
飛遊夢
米英軍
不死身
与野党
中長期
小田巻
集出荷
仕事柄
絶飲食
昼夜間
百舌鳥
覆盆子
新増設
揚排水
視聴覚
工鉱業
駐停車
源五郎
幼少年
長短打
現預金
一昨夜
地簡裁
新発意
注排水
全人代
海空軍
国公立
冷暖房
安保理
雨雪量
皇太子
内外政
生損保
官公労
公社債
小中生
文理科
給排紙
行財政
消流雪
中新研
農工高
移出入
豪雨雪
茶華道
増養殖
内外装
近現代
石南花
大高生
動植物
排除雪
無一文
陸海軍
官公需
歓送迎
資機材
重軽傷
中教審
入出院
人非人
農畜産
発受電
握足手
悪太郎
圧痛点
遺家族
医保審
移輸出
憂喜受
英米法
遠近法
汚悪水
王太子
海陸軍
海陸風
勘解由
加減算
加減速
過不及
過不足
官公署
官公庁
官公立
官私線
観世音
環保業
外向傾
外内言
菊御飯
鬼子母
客貨車
給貸与
給排気
給排水
金生水
議運委
義太夫
行革審
行行子
行幸啓
行催事
魚虫類
魚腸骨
句歌集
句読点
苦楽受
工工四
郡区庁
経構研
経社理
軽中量
継父母
健推協
下克上
紫雲英
原工試
原水禁
原水爆
原被告
公企体
高教組
皇大后
皇太后
皇太孫
耕宅地
高中年
公調委
高冷地
公労委
国漢文
金輪際
合違憲
歳出入
採種穂
最大判
最長短
西南海
催馬楽
採穂種
左義長
作編曲
山茶花
産構審
山査子
山野草
資器材
士君子
私公営
私公有
始終端
執行務
飼肥料
集運材
終始業
就退職
就転職
集分荷
出改札
出欠席
出退勤
商工業
葬頭河
商調協
商登規
所基通
触力覚
諸兄姉
所措通
初中級
諸堂社
新改築
治工具
自府県
若中年
受委託
重傷病
受発信
受発注
上下院
上下階
上下水
乗下船
上工水
除排雪
水気耕
推文字
水遊泳
寿護録
数娯録
政財界
青少対
政省令
生卒年
正負例
生没年
専兼業
全交運
全施協
全施労
全新研
全半壊
全療協
全労協
草行書
総警務
送受波
送受話
送配水
送排風
送変電
増減税
退停学
太平楽
短長打
炭婦協
大小寒
大小乗
大小便
男女子
断末魔
地公労
地制調
知藩事
地婦連
着上陸
着脱衣
中下級
中環審
中高層
中高速
中執委
中小輪
中全会
中体連
鋳鍛造
中低速
中労委
聴視覚
長信銀
鳥獣害
町村会
長短期
超問員
朝夕刊
直研連
地労委
低中質
鉄銅製
転貸借
転入学
代宮司
電事連
電調審
都安例
登下城
陶磁器
頭胴長
唐変木
得失点
特政委
特防秘
道県警
道府民
毒劇物
土性金
土生金
内外圧
内外航
内外国
内外需
内外人
内外野
日英語
入出荷
入出庫
入出国
入出所
入退院
入退室
乳卵類
燃材料
農園芸
農漁業
農漁民
農工業
農総試
農牧業
農牧産
排尿便
発送電
阪奈和
売買春
幕政府
番太郎
悲喜劇
肥飼料
被団協
病虫害
風水災
不可触
不可侵
不可説
不可分
複複線
府県域
府県会
府県史
府県商
府県民
府県立
府省令
部課長
文武官
平電炉
変退色
便尿器
放鳥獣
歩車道
布袋草
本支社
暴騒音
暴風雪
木念仁
埋火葬
未亡人
民行審
民刑事
民労協
厚皮香
役職員
野暮天
輸移入
輸配送
養介護
養親子
溶鍛接
養父母
予警報
予消防
預貸証
預貯金
予復習
陸海運
陸空軍
流出入
立木竹
林政審
労判速
府県警
中小学
土師器
増改築
公私立
見真似
赤海老
屋敷跡
出来事
香具師
居心地
紫陽花
木綿木
仕事着
力仕事
小法師
小太刀
権平衛
秋刀魚
雪花菜
黄金色
酒問屋
従兄弟
土日曜
片田舎
針仕事
出来秋
居酒屋
片手間
仲見世
竹麦魚
田舎漢
落葉松
時雨煮
浴衣姿
鬼百合
水水母
甘海老
床見世
彼方側
手仕事
出来心
花屋敷
田舎道
比売知
鬼海星
片手業
若魚子
夜見世
鬼野老
土産物
面白味
兄比売
小切手
我楽多
寝間着
出来合
華屋敷
派手色
庭仕事
話言葉
可愛子
手間暇
桜吹雪
手土産
砂利道
紙芝居
空梅雨
波止場
岩清水
梅屋敷
顔見世
仕様事
花言葉
田舎侍
石清水
乳母車
大葉子
車前草
卸問屋
鶏冠木
紙吹雪
川砂利
着心地
車海老
角力取
月夜見
波戸場
花吹雪
浜百合
合言葉
相部屋
青鹿毛
青東風
青鶏冠
青二才
青味紫
青紅葉
青屋根
赤小豆
赤海胆
赤水母
赤小灰
赤四手
赤砂利
赤酸塊
赤太刀
赤鶏冠
赤鳥居
赤母衣
赤眼張
赤百舌
赤屋根
赤百合
白地目
明御神
現御神
秋日和
秋冬物
空部屋
空屋敷
揚繰網
木通袋
浅黄色
明日葉
網代木
小豆色
小豆粉
小豆氷
小豆粒
小豆梨
小豆婆
馬酔木
安知女
可惜物
浮子綱
油問屋
甘野老
天邪鬼
海人舟
荒木田
荒仕事
荒海布
家刀自
如何物
石海豚
石水母
石言葉
石子路
石鳥居
石首魚
石屋戸
悪戯心
板羽根
板発条
板屋根
糸問屋
田舎女
田舎話
田舎娘
田舎家
稲子豆
稲妻形
稲荷祭
犬親父
犬四手
犬屋敷
今言葉
忌言葉
入母屋
色仕掛
色足袋
囲炉裏
岩田帯
岩雪崩
魚河岸
浮屋根
薄仕立
薄足袋
薄紅葉
歌言葉
歌真似
打太刀
内舎人
雲丹飯
乳母犬
海羊歯
海砂利
海鶏冠
海百合
裏小路
裏部屋
売言葉
愛少女
海老足
海老味
海老芋
海老腰
海老根
海老飯
追羽根
扇問屋
追手郭
大欠伸
大炊頭
大郎子
大郎女
大喜利
大海月
大時化
大太刀
大舎人
大御食
大火傷
可笑味
小賀玉
悪香虫
青香虫
白粉花
雄山羊
男郎花
男言葉
男御子
大人色
大人雄
大人顔
大人側
弟比売
乙女子
少女子
乙女心
大原女
小原女
小母顔
小婆草
小母手
帯曲輪
女郎花
面白話
親父顔
親同胞
親山羊
織部正
女言葉
女同胞
女部屋
女御子
女強請
貝割菜
抱屋敷
神楽歌
神楽姫
欠徳利
鹿毛皮
陰日向
風邪声
飾太刀
河岸蔵
河岸端
貸部屋
河岸道
数言葉
徒士組
歩行荷
勝手口
勝手場
河童頭
河童菜
角部屋
仮名書
仮名読
曲尺割
曲尺手
紙白粉
雷親父
上屋敷
掃部宿
辛子色
川穴子
川海老
川時鳥
川水雲
川原石
河原石
上達部
神服織
神服部
冠直衣
柄足袋
黄揚羽
黄占地
着背長
北早稲
切手牛
鬼怒甘
絹羽根
黄母衣
黄味色
木目込
切見世
草合歓
草紅葉
草屋敷
草屋根
鯨寿司
薬問屋
果物皿
果物畑
果物屋
口言葉
口年増
黄枝花
口真似
朽山吹
国言葉
組太刀
組屋敷
内蔵助
倉屋敷
蔵屋敷
車百合
郭言葉
黒揚羽
黒小豆
黒鹿毛
黒酸塊
黒玉子
黒母衣
黒眼張
黒山羊
黒百合
桑屋敷
子海豚
小女子
小海老
氷小豆
氷雲丹
小為替
腰曲輪
白帯下
腰長押
越屋根
言葉数
言葉屋
小舎人
粉白粉
粉辛子
小羽根
小間物
子百足
米問屋
子山羊
小山羊
破落戸
造酒児
逆茂木
桜海老
桜占地
酒徳利
細石石
細石岩
刺水夫
流離人
里言葉
真田虫
侍気質
侍屋敷
皿屋敷
仕入先
仕入値
仕置場
塩問屋
塩部屋
塩水雲
枝折戸
仕掛物
仕方話
仕事命
仕事歌
仕事机
下仕事
仕立物
仕立屋
下長押
舌平目
羊歯油
仕出屋
羊歯灰
枝垂桜
志都歌
支払側
支払先
支払月
支払届
支払元
芝海老
仕舞飯
仕舞湯
島言葉
島百合
注連飾
注連縄
仕舞屋
下部屋
下屋敷
背負子
白髪頭
白髪染
不知火
白南風
白真砂
白細砂
白小豆
白独活
白海老
白飛白
白木耳
白生地
白占地
白足袋
白鶏冠
白斜子
白魚子
白山羊
白山吹
白浴衣
砂利浜
末息子
透百合
姿寿司
助太刀
寿司種
寿司飯
筋井守
条海老
素破頭
捨台詞
巣部屋
墨曲尺
炭問屋
皇祖母
勢子石
勢子舟
瀬野八
背乾鯨
背美鯨
底雪崩
外仕事
手弱女
高御座
宝屋敷
竹小豆
武屋敷
竹屋敷
章魚足
畳部屋
太刀魚
太刀音
太刀風
太刀傷
太刀先
太刀姿
太刀筋
太刀取
太刀持
立女形
殺陣師
谷空木
頼母子
旅芝居
田平子
玉海老
玉子酒
玉羊歯
玉砂利
垂乳根
稚児頭
稚児桜
手水場
作物所
引火奴
土仕事
美人局
粒雲丹
梅雨雲
梅雨寒
梅雨空
梅雨晴
手革包
天蚕糸
手古舞
手真似
寺息子
出来値
出来物
出来星
問屋株
問屋場
外様組
年増女
刀自女
徳利鯨
隣部屋
隣屋敷
殿屋敷
共白髪
鳥問屋
問屋跡
問屋組
土負貝
仲皇子
長雲丹
泣黒子
夏越祭
梨河豚
夏秋草
夏風邪
夏芝居
生欠伸
生雲丹
生子壁
生若布
並揚羽
波小灰
煮小豆
荷為替
握寿司
西曲輪
西鳥居
煮玉子
似関船
接骨木
沼海老
微温火
微温湯
寝心地
寝悪阻
寝部屋
合歓木
直衣姿
野垂死
野太刀
野山羊
野良犬
野良芋
野良着
野良鶏
乗心地
祝詞言
灰神楽
羽団扇
南風泊
羽織物
羽交締
刷毛序
箱寿司
箱河豚
階子口
走梅雨
走野老
畑占地
葉丹宝
初時雨
初太刀
初見世
花独活
鼻風邪
話下手
花寿司
花盗人
花紅葉
羽根飾
母刀自
母山羊
羽二重
浜言葉
浜木綿
早言葉
早仕舞
流行児
流行眼
腹矢倉
張見世
春時雨
春夏物
発条下
発条指
破礼話
東鳥居
鹿尾菜
直垂姿
左団扇
人心地
人真似
日向側
日向水
霊室木
姫空木
姫黄金
姫百合
日和風
日和見
平言葉
平屋根
鹿子菜
広小路
広目屋
広屋根
編木舞
袋海胆
袋小路
袋竹刀
袋部屋
河豚屋
総酸塊
富士形
富士絹
富士額
不斗出
兵児帯
兵子帯
部屋数
部屋係
部屋着
部屋子
部屋住
部屋干
部屋割
平矢柄
紅空木
紅白粉
紅枝垂
紅吹雪
黒子男
細太刀
棒手振
迷子石
迷子牛
舞良戸
真海豚
真鹿児
孫息子
間仕切
又従兄
町小路
町言葉
町屋敷
松占地
馬刀貝
馬刀葉
真刀自
真似事
真羽太
真河豚
忠実男
豆砂利
丸屋根
円屋根
翻車魚
身言葉
水白粉
水仕事
水刷毛
見世物
祖霊舎
緑小灰
緑河豚
水無月
南屋敷
耳心地
耳年増
土産話
都大路
宮芝居
深山路
海松貝
零余子
虫時雨
蒸寿司
虫部屋
紫海胆
村時雨
村芝居
目仁奈
雌山羊
目年増
赤目魚
乳母子
海布巻
茂我利
紅絹裏
紅葉狩
紅葉月
屋形舟
屋形船
矢飛白
焼太刀
山羊男
山羊皮
自棄酒
火傷跡
矢狭間
屋敷裏
屋敷神
屋敷木
屋敷森
野次馬
奴言葉
寄生木
屋根岩
屋根裏
屋根舟
屋根船
屋根屋
屋根雪
矢羽根
山空穂
山折敷
山仕事
山清水
山砂利
山吹色
山吹襲
山時鳥
山紅葉
山百合
遣羽子
木綿髪
木綿付
夕間暮
雪雪崩
交譲葉
指言葉
弓張灯
夢幻境
夢心地
横徳利
横羽目
余所子
余所事
余所見
余所目
与太話
黄泉路
黄泉軍
若女将
公魚煮
若白髪
輪注連
渡台詞
輪箱飯
王仁口
童言葉
黄名粉
大角豆
菜種子
山独活
革足袋
木太刀
不如帰
大御神
羽根車
舟問屋
海人草
海仁草
勝鯨波
真章魚
船問屋
鳥渡見
数奇屋
一昨年
公孫樹
美豆良
世利売
比目魚
右衛門
東都遊
巻寿司
数寄屋
黄花菜
理化学
従姉妹
未通女
目見得
益荒男
停車場
権兵衛
文理学
有難味
草石蚕
風邪気
大皇后
寿司店
子供数
鳴電神
太刀洗
早少女
大使主
日不見
家屋敷
神無月
仮名文
風邪薬
府県連
姫御子
仕事先
試合玉
早稲田
大流行
瀬戸際
一仕事
部次長
早乙女
中高校
仕事場
流行歌
賃貸借
足袋屋
学協会
暴風雨
寿司屋
内親王
不得手
出入口
小部屋
実父母
試合球