学校
先生
文字
中学
大学
小学
名山
入力
中年
本気
右中
学年
人生
人口
左下
下車
大口
赤字
小口
入口
本人
本年
学生
男女
年下
男子
先日
女子
出入
大気
年金
先月
本日
左中
年上
名目
先年
本月
月中
足下
天文
空白
小生
中二
白月
青年
白木
森林
女中
右上
木立
車中
中立
天気
中一
見学
空気
大王
水中
大手
出口
正月
出立
本音
手足
先手
火山
女王
大木
先山
早生
右下
校正
上水
白人
花見
中三
気早
生天
火木
火金
本土
入山
竹林
出山
土木
生下
玉子
下町
休校
中火
本名
下学
大力
王手
立正
入金
出力
木日
人手
出金
出火
入手
下校
入校
上木
下天
出土
入村
入林
林立
人立
出校
青空
山上
雨下
女人
立見
夕日
口上
休学
土手
火中
空中
青糸
大名
花火
気力
立木
火気
早口
白字
上空
中文
子犬
小町
天上
先見
中正
入車
大小
水気
正人
大日
人気
土中
小二
右玉
見本
林木
白目
木生
白金
目玉
小六
山村
休日
口気
空車
町立
音大
山手
水火
水花
右足
赤気
天字
右耳
中日
中耳
生気
円天
上人
大雨
下口
小四
白日
上目
中金
青花
気先
青字
右目
校名
本四
左耳
青金
青本
赤本
女力
草王
小目
白本
上玉
玉目
竹玉
手金
天火
天日
花男
火王
本水
村下
木目
子女
足音
水生
入学
月見
中字
生花
山千
大八
大火
目木
円石
口音
名字
水土
金花
火手
左上
文名
車上
名手
小水
水文
水力
花金
花月
正学
花竹
田字
町名
車名
金糸
水人
正気
手中
金目
王立
正文
火力
金字
小名
音名
大金
本校
木口
先天
花下
天子
生立
中気
天金
小字
火田
正円
火休
正金
生金
青天
中天
大男
花文
人天
正立
土石
右左
雨天
火石
花石
足力
名犬
土足
日王
青石
金力
月休
上日
正中
先入
年休
名木
赤手
石文
糸竹
雨月
円月
円口
円村
円木
円本
円文
王水
王林
男人
音学
音字
女男
貝玉
水手
学石
気学
木竹
休出
金円
金文
玉音
玉花
玉車
空山
空石
空名
空力
空林
下足
月夕
月名
月林
下人
校本
山雨
山月
車力
出車
出音
小円
白玉
白土
白花
耳目
入木
上音
上白
女花
人車
水字
水石
水天
青玉
正出
青女
青白
青林
石人
石竹
石中
石林
石火
先王
先学
早年
草本
村名
村立
大白
足玉
大円
男王
竹木
中水
町木
天円
天空
天人
天水
天中
天耳
天女
天目
田土
土音
土人
日人
入気
入玉
入文
白雨
貝子
文金
文人
文草
本草
木石
名玉
名月
名車
木玉
木人
木中
木本
目名
右文
力気
林学
林下
林中
林力
中音
入川
本円
玉山
字中
山町
気水
年子
上気
入出
花林
学人
水月
金山
白文
中休
水村
中力
小石
本金
円上
本村
日字
天王
左足
見出
火車
青草
生草
人本
花雨
耳下
小犬
本生
入水
早天
手下
手立
白水
左口
本字
火土
左右
学名
赤白
先出
下見
山名
金口
立入
口耳
日文
花虫
正見
本山
赤青
本立
上下
小文
気音
水虫
下名
花名
先口
目上
下生
金青
力車
名石
名下
名花
雨花
名文
青虫
正音
字音
空文
上中
山水
手口
天下
町花
正字
立金
手上
木耳
火花
気口
年中
口火
大車
下山
花水
大山
月花
小山
名人
草花
月下
下水
名水
左目
山林
先人
上天
天青
入子
本青
口車
草生
糸口
赤花
玉虫
水音
雨音
目下
大入
小花
小手
男手
人出
中子
赤玉
中人
人目
赤土
草子
上糸
雨女
出足
夕立
早月
空耳
上口
早足
山女
大目
小人
目先
年玉
足手
木雨
花入
小玉
手玉
人玉
青足
青貝
青竹
青土
青火
青水
赤糸
赤犬
赤貝
赤車
赤月
赤火
赤水
赤耳
赤虫
赤女
赤目
足白
雨足
雨気
雨空
雨男
石音
石貝
糸入
糸車
糸雨
糸玉
糸目
犬玉
入日
入目
空木
生土
石女
上土
上町
大赤
大足
大犬
大玉
大水
大耳
小車
男車
女気
女車
女文
火雨
花車
花草
金貝
金気
空足
川音
川竹
川虫
生糸
玉手
玉石
草入
下文
口足
口金
口先
口下
口白
口女
車男
小足
小男
小女
小貝
小力
子耳
小耳
小虫
先糸
山気
山人
山草
下糸
下木
下左
下火
下右
下目
小火
正目
白糸
白犬
水草
早出
空音
空目
田草
竹足
立文
玉糸
田虫
出手
力足
力石
力水
中男
手水
月足
月男
月草
月白
土車
土気
手木
天糸
手車
手花
手人
出女
出玉
出花
出目
中足
中口
中手
中左
中右
生音
生貝
生木
花立
花人
早玉
早耳
日足
火足
火入
火先
火玉
人音
火虫
文車
町口
水青
水足
水糸
水貝
水子
水玉
耳上
耳金
耳水
見目
虫男
虫草
虫気
村男
村雨
目口
女竹
目力
目土
目耳
女山
休石
山犬
山子
山土
夕空
夕月
夕花
上火
年女
花生
日女
石子
中入
水先
山男
大女
見立
名子
水口
草字
川中
女木
口入
日子
生水
下男
白田
田子
山川
青田
白下
川下
川水
文月
日金
人中
小休
早見
天年
雨林
人山
中空
町石
出生
水田
大音
男木
生玉
人文
耳石
赤木
人月
上生
下手
出水
町人
小木
大本
王子
本木
金石
力学
人日
子中
正本
人力
山本
中生
川上
年男
大貝
小三
水上
大石
大川
赤口
町見
小五
白石
正木
下田
本手
空手
手本
白子
大空
日休
小雨
山中
日出
文中
王土
日中
女手
年月
雨水
木金
本文
花木
赤子
目見
大字
石山
生日
大竹
村人
青木
草木
下草
赤金
上田
月日
山下
立花
目白
水車
小一
子年
天花
川口
人足
上手
小見
学力
町中
小金
火口
右手
山口
小子
山車
山田
小川
天草
文学
本田
男気
大一
木村
手入
下女
王女
出先
金子
手先
中田
青山
口中
大人
左手
生足
子音
土日
文目
中山
月水
女学
年百
本学
人王
字名
日月
小中
水金
上右
上左
足先
白赤
木草
生年
中小
上学
木気
校生
水木
町村
人名
火水