学校
先生
毎日
文字
夜中
中学
国立
今後
大学
時間
日曜
頭金
半生
夕方
公園
人間
小学
毎月
地下
朝日
年長
今週
今朝
前週
中心
名山
音楽
先週
入力
中年
年間
長年
父親
本気
前年
地方
後半
何年
右中
月曜
直前
前日
学園
多数
学年
本来
食後
公会
名前
人生
高校
大体
地金
元気
人口
出来
大門
左下
大寺
時分
計画
前夜
明朝
空間
車線
朝一
自国
外野
分科
新年
行方
生理
下車
数字
公用
当時
大口
半夜
半分
赤字
半数
半日
番地
白地
毛止
白黒
同月
小口
図書
明太
用語
何千
親王
黒字
手首
何市
多少
直後
午前
台数
入口
本人
少女
今秋
本年
何曜
算用
会社
後日
学生
母国
市場
海外
生前
今回
声明
兄弟
朝市
外科
元年
公明
今春
午後
男女
年下
教室
男子
前線
先日
方形
女子
科目
円形
親友
後家
手数
後時
今月
夕食
園内
内海
水曜
出入
大気
金曜
目分
町会
年金
近年
同日
前月
本当
来月
少数
会見
早朝
毎朝
毎夜
今夕
親方
思考
道中
学長
長男
土曜
先月
下地
本日
左中
計算
木曜
食前
太古
年上
前回
公正
火曜
赤茶
来夏
外食
近日
名目
毎回
先年
古来
同夜
内心
今冬
先夜
本月
毎分
生来
小売
新入
大海
月中
今夜
中止
姉妹
足下
内野
天文
地場
来年
組長
明日
地上
空白
高山
明方
小生
中二
社内
内科
後頭
南北
後年
朝食
作用
自分
室内
出馬
下方
方今
間出
何色
時雨
白月
青年
生食
長女
気分
青色
番頭
社長
茶色
高台
白木
入場
何形
回数
買春
森林
女中
市外
南西
文言
後楽
手当
本丸
古本
点字
電気
年内
目前
右上
木立
車中
強大
父人
新聞
何百
道内
白色
上京
本国
作家
交通
会同
入会
語内
会場
赤外
空頭
朝方
車内
山行
父子
中立
正午
生体
天気
帰社
人道
走行
中一
見学
昼間
交用
場合
明細
社会
空気
本体
月数
水鳥
同時
正当
口外
日記
休止
大王
母親
野犬
西京
大台
天元
国外
水中
兄妹
合計
海水
金魚
母子
長子
広遠
高遠
白昼
夜間
来秋
計上
草原
大手
親切
水色
番組
海道
父方
会計
外大
電子
出口
古風
正答
気風
春先
来日
用心
正月
帰東
何線
土地
国会
矢先
南山
山地
南方
地形
回線
知名
出立
本音
見分
大黒
同町
本数
原作
手足
間語
先手
字体
活用
大同
今時
火山
手記
帰京
茶目
女王
大木
長生
弓歩
先山
上食
少半
茶母
茶語
店里
黄米
弱半
西国
活気
夜行
本店
南海
分野
早生
小心
右下
茶店
食用
同船
点頭
校正
上水
同人
土台
国王
行休
公子
休電
白人
会合
国内
白紙
合点
同国
人肉
東下
花見
口語
王国
大魚
書店
中三
強気
地元
分光
帰来
交合
細分
草食
石高
内気
作歌
直行
草書
工合
先頭
弱気
気弱
顔黒
気早
通気
口頭
後手
週間
新市
青春
地図
本番
角行
本家
生天
時点
頭書
夜食
歩行
山高
新作
後場
帰合
売春
道理
火木
高名
火金
東北
合一
画一
正直
切土
足算
引算
店番
楽書
半間
回答
馬車
本土
自記
足元
春雨
天地
語用
同行
電話
時計
声道
明記
正心
長大
南下
会食
石室
月歩
入山
作文
大地
同名
通行
子細
竹林
毎年
出山
土木
強記
年数
合算
強行
原語
小麦
林道
生下
通学
玉子
南行
雨後
雪山
下町
親分
交会
心会
方正
休校
東上
北東
自書
大形
自作
合同
正用
地中
中火
番外
西北
米中
方角
合手
北口
会話
弱小
国道
小食
本名
多才
少食
書道
自明
多用
直角
歌人
下学
下直
高直
小弱
多音
大力
近道
分外
文弱
遠大
王手
強風
半月
里山
立正
自立
読字
入用
教科
直交
直線
入金
合図
出力
野生
弱体
前場
手前
回頭
通用
名作
木日
正言
自大
通算
同室
道里
耳語
理会
海食
通園
南高
通交
人手
出頭
生長
休心
本元
工作
出金
出火
入道
長考
直通
道楽
帰休
会読
入手
風雲
新人
自足
言明
帰国
国交
分家
作刀
台風
明言
来朝
休会
国歌
通知
通話
来場
合本
記入
手交
直立
入寺
遠引
下線
合作
校合
出家
大言
下校
作画
算入
自白
当直
入園
入校
入行
入門
風聞
文通
引見
上木
音読
活歩
間歩
外切
帰一
帰山
帰日
帰入
帰米
記名
強直
行水
行道
下船
下天
公売
言上
作字
作図
出京
出社
出走
出土
食言
書見
自活
自学
直書
直答
直話
入来
水書
数引
西来
切言
多作
多食
立食
多読
直言
直上
直読
直売
直帰
通計
通作
通水
通電
通読
通分
点出
同車
読図
読話
内見
内切
内分
内聞
入京
入室
入村
入地
入朝
入電
入番
入北
入明
入林
馬食
風食
分合
分水
分村
分電
分売
分立
明答
目算
野合
来園
来会
来校
来村
来米
力走
立言
林立
回心
下行
間作
自答
人立
分出
回内
内通
入国
入線
回読
米食
絵本
公理
北西
木戸
国花
内用
自走
年少
答電
力行
出校
青空
原木
生計
山上
雨下
木食
店内
円高
女人
北方
引火
出国
何時
雨雲
帰船
時新
自心
園長
口答
口内
上場
語林
長遠
回生
立見
電力
心中
来社
来下
夕日
口上
木工
高三
国語
市内
学道
白鳥
休学
土手
南国
帰天
帰店
谷間
馬上
学内
夏草
文明
歌話
気道
小国
自体
立直
紙工
北道
半紙
用船
火中
金門
茶人
下記
当用
海魚
空中
正思
青糸
通風
毎秋
理工
文語
同店
冬用
大名
町方
地米
回国
白書
見知
自知
左刀
校外
谷戸
町家
花火
気力
分地
聞知
外人
前半
立木
火気
前記
古木
何十
引用
下馬
字数
早口
高弟
大書
多雨
楽天
前出
広用
休場
小数
白字
上空
歌声
子午
同高
北星
交子
光子
後市
高思
生後
内数
木馬
組立
遠海
同校
道交
電車
同工
色分
帰朝
下戸
家書
歌書
心理
赤地
見当
元日
後見
国教
同道
糸冬
黄地
中文
親水
店頭
後円
後園
絵画
海原
工大
気場
子犬
国土
昼三
黒地
自生
小町
同見
白丸
古町
新生
内食
広場
国名
南風
草高
草体
長刀
下道
週休
西下
天上
地声
公言
小形
男声
広言
高言
先方
人工
水食
耳元
自首
図上
先見
中正
頭首
新顔
市学
木地
算出
同社
声楽
語頭
今日
中新
社線
小船
入車
道場
大小
図会
当市
高下
親字
水気
同通
当方
東口
南口
船首
算当
船手
歌手
本社
語数
細書
金星
文書
分数
正人
親元
弱年
長姉
名画
語原
西人
点数
合理
色白
画角
細工
大日
正東
体力
長魚
通夜
食肉
人気
野鳥
声母
秋水
中元
食道
馬場
戸数
朝会
土間
国見
上方
米紙
方言
帰寺
公立
小計
体外
文鳥
家人
文長
公国
分町
歌語
読書
声名
土中
同数
立地
楽声
時数
花道
体半
書記
年頭
太山
名書
毎語
細見
新線
地合
当帰
人魚
明目
楽市
天国
台上
小体
台頭
前売
夜船
小二
時文
中台
見合
台本
外車
心友
新友
遠心
星人
王室
上体
大万
中門
生母
右記
図中
先行
後夜
右玉
見本
合羽
林木
公空
高空
西教
国体
白目
紙本
話声
同点
馬首
戸口
店名
右馬
台木
校書
毛糸
光月
心王
当町
東朝
内火
楽長
木生
文科
上図
少考
白金
小父
多口
目玉
小六
前文
正形
手近
山村
売上
時言
国楽
分子
月光
半魚
母語
心木
番人
休日
天門
算木
遠方
口気
広記
後記
赤色
口分
東声
間引
女声
立体
古人
早春
画本
内家
足弱
黒山
先高
年高
本記
絵馬
字間
同上
空車
光風
計時
長文
本心
古体
生家
同市
帰思
高声
交声
同週
土用
町立
間色
音大
社名
大食
手形
頭数
前生
山手
才子
木刀
岩戸
黒光
水火
水花
大知
地体
鳥肉
男前
肉声
用字
山道
多花
文内
記文
黒星
車長
立方
女弟
右足
春秋
東文
同山
火室
立話
中形
海中
今生
風切
遠出
耳道
海雪
文教
水線
公算
西土
地名
赤気
地生
天字
点耳
原道
自家
西口
空家
右耳
手羽
門出
口聞
下書
立売
玉切
中日
長鳴
船出
大黄
足止
古字
公休
中耳
本場
画用
刀心
夏用
家国
肉体
生気
答文
光頭
自前
肉用
回船
計図
長方
今上
春時
日西
半字
円天
書家
西気
魚貝
東南
道人
立国
西上
上人
海船
新貝
音色
光行
考工
高工
黄口
語言
白米
下番
工高
回天
海天
新文
鳥声
正肉
外台
帰家
当科
東夏
答歌
頭花
大雨
古京
古教
中高
下口
火光
火工
門中
行楽
歌体
夜空
大計
下体
小四
頭足
内金
花頭
作出
字記
自店
青地
正北
東国
同声
小店
声点
小点
中肉
右近
外来
口元
天池
夜光
気体
絵羽
気前
長目
同園
下顔
花顔
教頭
小母
黒門
原頭
知工
地鳥
人前
考古
合金
心頭
赤線
左図
前作
社歌
新米
船体
活字
新茶
白日
多見
頭分
京間
水用
言語
高教
心体
夜色
画分
語気
小門
地点
大兄
店長
後行
合糸
左道
茶頭
先体
上目
前朝
足刀
中金
原色
言色
社頭
内角
学食
言行
国父
回教
京風
親中
後語
校語
月番
同心
歩合
同書
引首
思春
本道
日間
作間
字母
月夜
麦作
茶室
池中
知才
青花
気先
国風
青字
黒毛
大教
当人
同図
交親
行内
水雲
新刀
大風
大番
気心
黒人
線形
台地
半時
右目
名声
帰台
市道
時下
上番
大通
気合
車体
中体
画人
弟子
国光
同川
売買
風合
丸太
木道
親交
後内
時空
引数
日番
新口
天引
色校
校名
出番
分国
本四
生地
口絵
左耳
門下
作中
早番
太字
朝活
金麦
口画
直火
合気
青金
青線
青点
青東
青本
赤牛
赤絵
赤肉
赤本
赤門
赤楽
秋作
朝茶
足台
後金
後月
後作
兄王
兄分
石絵
犬科
犬語
妹分
色絵
色地
色字
色番
岩地
牛科
右図
歌本
馬番
海千
売玉
上絵
絵合
絵入
絵心
絵茶
円買
弟分
親番
女絵
女楽
女力
音引
貝肉
顔学
角道
角番
金語
金茶
空茶
外数
外場
黄電
聞茶
帰村
北門
黄茶
京上
京道
切絵
切米
金紙
金黒
金高
牛細
草王
草黄
口米
首肉
組中
組数
組名
黒竹
黒茶
黒番
黒本
黒方
下魚
夏書
下作
細字
小目
魚通
作男
里地
週足
白台
白茶
白電
白番
白本
新糸
心食
新前
新麦
地字
地雨
地糸
地色
地歌
地馬
地貝
地顔
地紙
地口
地黒
自黒
地魚
地引
字引
地虫
地山
上玉
頭赤
図引
前引
外番
立番
玉算
玉茶
玉目
台石
竹玉
地先
茶組
茶心
茶花
茶船
茶町
中点
中太
中細
町組
通切
手金
手番
寺名
天火
天日
電場
通町
鳥天
同馬
同夕
中番
夏作
夏分
何語
何用
肉色
肉月
年市
野天
花会
花後
花男
春作
晴食
半道
半広
半丸
火王
東門
昼番
太線
船楽
船用
冬作
米麦
方立
細線
本水
毎夏
毎春
毎冬
毎夕
馬草
丸小
丸心
丸字
丸天
丸刀
丸八
丸本
水絵
麦茶
村下
元絵
森番
山番
夕場
夜番
楽日
力場
角地
木目
京女
京方
小作
子女
中食
中地
長上
同間
土場
日歩
用場
帰校
気光
国女
下絵
本通
画数
京人
黒先
校内
算数
下社
夕間
話風
大元
走力
茶会
西空
目地
足音
白星
水生
同生
本紙
音長
入学
家月
月見
近見
中字
生花
国公
年番
白線
口番
国歩
手食
山千
羽数
本朝
丸形
汽力
新語
半休
半弓
用後
岩絵
古語
小紙
原子
公道
歌絵
大八
米作
通年
出作
同音
口道
本行
門人
細大
分会
文会
山馬
心水
文理
黒土
大火
目木
光線
肉親
週内
字行
心海
多回
同女
友人
雪国
王朝
教生
公社
家地
高明
用言
車高
新店
古今
多羽
円石
遠赤
風力
原土
前足
原形
口音
南朝
名字
夜鳥
形声
原文
高一
水土
金科
金花
線心
回虫
火手
長兄
用方
外円
文野
花店
野牛
教理
原人
船中
左上
文名
水声
空前
車上
西用
名手
新船
小水
中朝
前同
水文
秋園
字図
園中
原理
少雪
山線
岩頭
親日
人記
教友
牛肉
父王
形体
水力
花金
王台
原点
西門
小話
花月
正学
南画
新来
外語
刀子
風船
多生
花竹
原歌
黒体
田字
子弟
首長
光明
同語
母数
姉弟
町名
雨雪
文楽
車名
古画
西語
引頭
天才
道立
王家
間道
金糸
家父
近思
水人
大作
分線
名門
買気
家電
木母
学用
当番
正気
気色
手中
中夏
会頭
空地
金目
大数
昼光
昼行
半人
北上
朝名
鳥名
字書
茶番
外角
古点
風雪
空室
林間
海光
海口
小声
場外
分校
分行
文光
文工
食間
船頭
多子
車外
気海
小用
少心
少用
会友
海友
新形
新書
長広
同下
同科
道歌
王立
当国
同年
土工
東走
半音
遠古
正文
王道
活力
秋気
水頭
声読
正読
火力
外交
金字
小名
太王
天光
天工
当寺
出色
書名
親書
夏雲
方天
遠人
音名
国画
王父
遠足
新中
天長
用間
頭字
考見
紙上
活画
古時
図形
頭角
東地
楽生
市電
少水
多点
同村
来店
大道
町地
内記
足長
雲高
公金
古刀
当千
道先
里数
理知
林工
大金
音形
野見
海生
海東
原糸
原紙
新玉
前言
高秋
交友
校友
紙数
林野
強弱
光来
父名
花台
今古
近古
後来
刀山
当船
頭目
本校
記数
正門
船社
船車
内地
茶台
分園
野外
計数
日行
本科
人海
前野
台形
野馬
円通
歌文
木口
社外
心線
先天
同引
親用
夏下
花下
自来
体高
白光
空母
正道
番方
魚口
光体
黄白
新読
長形
長計
通書
天子
野心
行頭
公地
公知
工地
校地
牛王
牛黄
才女
車声
多雪
同元
黒円
風角
風鳥
母線
金線
作分
当社
当店
立教
円内
公女
工女
高女
古書
小引
台車
天体
生立
外電
組合
子分
少年
船室
線文
中気
同色
入声
校風
高風
市会
食気
船外
天金
小字
声字
中社
半弟
母体
学外
言文
社食
秋天
上記
船内
前科
田園
力作
羽毛
毛人
火田
火電
図体
正円
風光
本工
火休
公室
後室
子夜
正金
同前
内耳
番線
力点
外形
弓道
生金
心話
新話
数理
正書
青書
前角
前走
点線
外用
今作
作風
小寺
星室
正室
切点
男色
門弟
雲水
書人
新台
自船
弱強
青天
大弓
茶子
中天
名馬
口話
週市
電線
友国
話頭
大男
海自
画室
気門
交番
先公
先考
先後
多年
肉天
風人
文才
方国
理数
家門
花文
花門
元本
行金
心室
人天
声門
正立
読点
土石
右左
教本
原書
原本
市村
正風
新春
自画
早明
文園
母星
母船
円頭
遠東
原画
合科
上地
上知
晴天
西半
台日
茶気
雨天
円明
園名
外地
行雲
黄門
谷頭
合道
手工
足心
太細
多形
多毛
大理
直近
東天
同歩
半夏
風雨
風水
母川
名言
野岩
海角
火石
花石
学行
元正
光電
新馬
星天
線外
足力
体言
長毛
天馬
同王
半角
風林
名犬
雲気
間八
学才
楽才
岩高
計理
公田
公電
国母
小才
出数
春雪
小角
正角
新秋
上室
直間
電光
電工
当話
答話
土足
肉牛
日王
番犬
番茶
分生
木台
立春
青石
右羽
王母
海図
会名
汽船
弓馬
教父
金行
近親
金力
月休
原麦
原名
工手
交直
校門
高門
黒雪
週番
白首
自食
弱点
上日
正数
星図
正中
雪食
線図
先入
船名
早秋
多心
通音
通谷
通天
入光
入市
入店
年休
半兄
半足
麦角
風来
本毛
母校
毎戸
名園
名刀
名答
名木
毛細
聞思
来書
青雲
赤手
赤点
上馬
秋雲
秋雨
下語
海人
天社
年魚
行火
活魚
石工
石文
糸竹
引水
引力
雨月
牛車
右室
雨声
雨読
海馬
雲海
雲角
雲外
雲月
雲合
雲山
雲手
雲上
雲入
雲文
雲林
会下
会元
絵図
円外
円教
円月
円口
遠交
遠行
園頭
園数
円村
円読
円木
円本
円文
園門
遠来
園林
黄玉
黄犬
王公
黄光
王親
王水
黄水
黄体
王弟
王林
男人
戸外
音学
音工
音高
遠国
音字
女男
海王
会心
貝玉
回米
海門
火雲
夏音
角岩
角通
水手
家作
歌作
歌数
活水
活人
門前
花肉
家母
外王
外画
外言
外合
外心
外水
外米
外力
画会
楽学
学室
学石
学知
学店
学頭
学半
学風
学友
画工
画才
画色
画女
学活
学兄
合切
画道
画名
画友
岩画
岩上
岩石
岩体
気学
帰心
木竹
木理
帰名
気鳴
休園
休出
休店
教王
強音
京学
教学
教行
教外
教場
教線
教体
京中
強電
京内
教内
強馬
教母
教木
交名
教門
金円
近海
金牛
金毛
金言
近国
近作
近心
近村
金馬
金分
金文
金風
近歩
近来
牛角
牛形
牛後
牛耳
牛刀
牛馬
牛歩
行学
行数
行力
玉音
玉花
玉顔
玉室
玉車
玉体
玉池
玉頭
玉歩
玉門
魚形
魚数
魚体
魚鳥
魚田
魚道
魚肉
魚文
空海
空行
空谷
空後
空山
空心
空自
空石
空走
空名
空理
空力
空林
国本
公方
花池
見台
犬肉
犬馬
外京
夏行
下国
下足
月色
月食
月夕
月図
月台
月名
月明
月林
外道
下人
言外
原岩
原魚
原水
原図
原石
原体
原虫
原電
原肉
原毛
原話
小家
公王
公海
高家
後生
黄石
黄肉
広本
校本
古音
国記
国字
国図
国電
黒肉
国年
黒曜
古形
古言
古社
古茶
戸長
国金
古年
古方
古名
合谷
合字
合名
午食
牛頭
語長
言中
近門
才学
細作
才人
細太
細馬
細毛
左羽
作音
作手
作食
作土
作人
作毛
作話
左近
左室
左社
左直
山雨
山雲
山月
山茶
山色
山体
色光
色食
色弱
色道
色名
市水
止水
室数
室名
市門
車室
社数
社日
社人
車番
社風
社友
社用
車力
週数
秋分
秋夜
秋夕
秋林
出車
出音
出自
出母
出門
出用
春歌
春画
春月
春光
春色
春昼
春天
春分
春本
小円
小工
小組
小弟
少弟
書画
書外
書学
食原
食人
食草
食台
食鳥
食通
書語
書風
書目
書林
白雲
白玉
白土
白頭
白点
白花
新円
心黄
新王
親魚
心月
新月
心原
新風
親米
親北
親明
心目
地黄
時王
直弟
直門
自強
寺家
時人
地玉
自読
時風
耳目
自門
弱声
弱肉
弱風
弱形
弱行
弱国
入内
入木
上音
上計
上古
上首
上長
上白
上分
上聞
上歩
上米
女花
女色
自用
人牛
人言
人才
人車
人毛
水牛
水字
水石
水天
水馬
水明
水楽
数行
数町
数目
図学
図色
頭風
図名
星雨
晴雨
星雲
西学
青玉
生谷
青黒
正出
晴日
青女
正切
青白
正番
星夜
星林
青林
赤雲
赤海
石画
赤黄
赤心
石人
石地
石竹
石中
石馬
石風
赤方
石門
石林
石火
雪花
赤黒
雪中
雪白
雪風
雪原
雪後
雪上
雪夜
雪里
先王
先回
線画
先学
先書
線分
線名
線毛
前室
前時
前図
前門
草画
早強
草魚
早年
草本
足食
足歩
村寺
村数
村道
村名
村立
大白
太白
体毛
多色
多線
立毛
多肉
多売
多歩
足玉
大雲
大円
大遠
台下
大北
男王
男工
竹園
竹紙
竹頭
竹木
竹門
知足
知日
地番
地文
知分
知米
地歩
池北
地母
地目
茶園
茶金
茶書
茶通
茶名
中秋
中書
中水
中線
中北
中馬
知友
鳥雲
長円
町外
長弓
長近
長元
朝三
長日
長足
長頭
町道
朝米
町木
直音
直生
直長
直方
直毛
直用
通言
通日
通数
通線
通船
通直
通道
弟王
弟兄
天円
点画
天楽
天顔
天空
天人
天水
点水
点茶
天中
天耳
天女
天目
天来
点立
電画
電空
電算
電食
電弱
田数
電点
田土
電文
田野
頭音
東学
当家
当犬
当月
当色
冬春
冬虫
頭中
当土
東土
頭肉
頭毛
当来
同角
同金
同玉
同言
同母
同門
同友
道友
道用
道力
土音
土語
土人
土長
読会
土馬
内空
内言
内合
内室
内水
内台
内話
南園
南学
南人
南門
肉交
肉池
肉林
日語
日食
日人
日直
入気
入玉
入刀
入文
女肉
野草
白雨
白顔
白道
白肉
白麦
白明
白話
半金
半玉
半言
半国
半作
半切
半肉
半麦
半白
半風
半歩
半文
半里
買魚
売国
売茶
売山
貝子
買首
売色
売船
売電
買電
売文
売名
貝母
馬牛
麦雨
馬耳
馬正
馬前
馬足
馬体
馬頭
馬肉
馬名
番太
父音
風教
風月
風色
風声
風前
風体
風刀
風話
分画
文外
文金
分木
分室
分社
文人
文草
分店
分点
文頭
分米
分力
文話
米語
米西
米道
米日
米名
方音
方金
方広
方図
方木
北音
北画
北七
北雪
北走
北足
北天
北馬
歩車
北帰
北家
北行
本地
本図
本草
本話
母貝
母岩
木牛
木石
母原
母公
木強
母店
母父
母名
毎食
毎時
妹弟
馬店
名記
明行
明春
明星
明頭
明年
名聞
明門
明夜
明楽
名玉
明玉
名月
名語
名車
明色
名数
明線
名走
名鳥
鳴鳥
毛母
木魚
木玉
木人
木船
木中
目読
木本
目名
木毛
木門
木活
目今
門数
門地
門頭
門内
門番
夜雨
夜会
夜学
夜前
夜走
夜直
夜天
野店
野白
夜分
右文
雪虫
用木
来京
来光
来行
来室
来船
来電
楽食
楽土
楽友
理外
力気
里家
里合
立秋
立冬
立刀
立牛
里道
立米
理力
林外
林学
林下
林中
林長
林分
林力
秋色
言分
入船
外字
外耳
元三
汽水
金工
黒鳥
月内
黄道
国朝
国鳥
上作
中音
中外
天南
当体
土道
南三
入川
文間
本円
野人
谷地
角上
外教
玉山
魚食
月来
小電
車馬
小知
心音
新図
自今
字中
寺中
草頭
池水
同文
本知
理分
歌友
画図
近聞
古楽
才知
子母
地頭
弱電
声中
半知
明後
門道
理大
毛見
語字
市上
生知
地気
通人
当村
頭内
用人
黒点
書作
女体
多声
山町
用作
気水
図工
声風
当年
年子
野音
里正
角食
楽人
交線
工船
国力
上気
前名
太多
雲中
楽理
原母
合子
頭光
地本
日内
入出
矢線
花林
行気
古色
学人
強国
食思
水月
明点
会内
走馬
用金
金山
市長
出行
長古
理国
風気
黒線
正作
図画
先知
上頭
白文
外売
中休
古記
水村
前行
前古
体大
地学
中力
強食
下知
池心
知心
知新
日台
北朝
海気
新雪
画科
画中
高二
国手
少細
冬夜
明光
小石
細雨
知人
少時
中数
東名
番長
古学
見地
茶紙
新家
内行
風池
本金
線虫
後出
石頭
心土
行間
会日
風通
声聞
歩数
高足
円上
少小
読後
文数
外市
外紙
楽音
紙名
内楽
方円
本村
光力
公力
心行
半天
少室
学理
才気
道心
星間
黄紙
外聞
間知
心間
人外
南家
社前
人知
日字
科人
強心
鳥人
土科
名店
天王
黒目
原地
同左
左足
帰線
書字
多語
竹工
心電
新田
親電
石刀
体長
北子
本会
道家
星学
長風
歌才
父兄
方外
京地
内声
外光
大光
当山
音間
当今
南船
国大
古馬
道話
海国
大公
船数
門生
日来
見出
冬上
秋思
正米
日外
人科
図絵
方里
夕顔
火車
兄姉
知見
中分
本作
数学
青草
生草
西走
文思
家用
方土
頭声
夏冬
引合
用土
立市
近体
東日
金帰
古米
社地
人本
夏雨
花雨
台子
耳下
自歌
自火
長気
同教
海先
食時
水行
水光
水工
外記
体用
手合
会行
体心
赤丸
形名
外気
京図
月前
小犬
火線
前車
母方
交点
光点
高点
学同
本生
行先
海台
同線
長音
点目
年画
名工
入水
早天
手下
手立
高地
線内
大行
内円
白水
新教
左口
本字
本寺
画家
子牛
星空
本時
火土
外方
上用
天分
天聞
分体
下図
画線
歌音
口才
高才
角力
新車
画間
教組
左右
半田
学名
切字
米人
新古
書中
食虫
赤白
上家
形作
多元
黄線
売行
姉兄
人地
先出
内国
紙魚
早計
日朝
母家
知母
馬歩
高見
人後
人語
外船
下見
切線
雪線
大鳥
同中
本市
矢石
音頭
海村
楽弓
原字
山名
金口
合力
知力
火点
茶入
日光
花形
新本
雪女
社交
車行
小室
家計
行年
光火
校歌
高歌
立入
夕市
風見
小春
黄顔
回春
口耳
工字
国数
日文
同家
歌中
花虫
当地
正見
市名
昼夜
才色
半顔
本山
後図
前人
社家
赤青
前王
朝顔
京花
地車
夜目
行歩
後下
国文
本立
天外
上下
小社
小文
茶話
海上
犬声
回帰
気音
分知
水虫
少林
直電
下名
家名
花名
花明
雲間
先口
分間
目近
黄鳥
目上
読心
多頭
西海
秋日
週日
女高
内方
年時
冬場
戸内
古里
会古
外分
高原
名歌
下生
家兄
思文
日時
行場
形色
上書
金晴
金青
中店
力車
足首
自室
名石
古道
田地
名下
名花
雨花
長秋
寺社
名文
自車
青虫
広間
原生
正音
台紙
字音
大姉
岩山
大内
風土
西電
行来
空文
足場
心思
上中
朝見
理科
同走
日用
下元
見番
公自
後書
道台
切下
山水
赤道
光画
外山
夜気
野気
手元
体形
手口
見聞
画上
手話
工数
南寺
手聞
毎家
刀工
当校
東校
来春
当行
原野
広土
黒青
西線
左記
家道
歌道
火道
日東
友交
天下
丸顔
会記
朝家
町花
長夏
口角
自形
正字
教会
水理
立金
新知
工科
夏場
町角
東高
心気
手上
売場
雲母
正西
後口
点前
外公
木耳
来車
言声
通時
石道
大国
火花
林家
行走
場中
海内
目元
分場
売子
魚場
同作
歌番
先番
気口
地公
年中
新日
右方
国色
男親
社寺
少校
青光
分母
口火
正時
本教
馬子
立夏
歩道
生国
元朝
上声
上星
船長
新紙
店外
公図
頭外
車間
西日
交角
広角
後角
秋明
台船
合方
線数
肉入
火元
大車
下山
後光
花水
東半
土公
京外
切地
当夜
同話
新色
空電
岩場
公家
山頭
魚人
大山
秋空
月花
小山
北地
名人
園池
草花
雲行
月下
山海
同気
里長
鳥足
歌会
日明
草地
道教
知合
会子
下水
名水
船台
社中
山野
左目
赤光
行書
大明
角回
頭形
買入
記音
首元
食分
上行
山林
中前
後車
図記
力線
先人
天父
新京
上天
土形
字画
毛虫
上戸
天声
天青
行手
門戸
入子
本青
体上
国地
口車
見晴
青魚
道学
日米
里人
海星
山寺
色里
草生
新体
糸口
今体
引金
黒船
古家
赤花
売人
山場
上市
玉虫
同寺
本門
引当
水音
近時
地人
海牛
火食
左方
雨音
心内
光色
文台
夜道
西南
風上
目下
聞耳
円顔
山鳥
里親
天道
大入
読本
海市
少雨
直入
出前
家船
高大
遠目
雨戸
毛色
矢切
立会
見通
聞手
内生
小花
外目
細雪
川原
昼食
右前
小手
男手
大長
正語
夜店
親心
工学
後天
人出
北線
目頭
中子
大半
音数
草色
本書
町間
赤玉
大店
声歌
中人
目高
山間
明文
町長
名家
女心
人目
草紙
回文
同紙
羽音
古川
心下
心火
地毛
自毛
雪明
王地
白毛
赤土
冬海
体鳴
赤毛
切目
間口
船上
草子
引分
時角
心学
切通
元売
矢来
黄丸
金元
天心
点心
上糸
雨女
頭語
雨風
色合
野山
近場
色見
小顔
新内
親玉
黒五
小魚
立羽
出足
矢場
歌行
切売
夕立
書立
切口
早月
空耳
上口
生首
半姉
見直
早足
店先
山女
来週
風下
道線
海組
大目
行文
高文
小鳥
前玉
聞書
古顔
小人
村会
寺子
羽車
目先
石切
年玉
足手
思入
細目
顔立
木雨
後玉
売手
空売
黒子
母心
星草
北池
新社
外回
足毛
草分
羽色
切子
国作
山組
木組
小丸
空組
強火
名親
野点
花入
晴間
丸目
読手
岩角
教草
語口
金切
組子
毛引
広野
小玉
外足
月読
手明
手玉
手船
野道
人玉
船人
耳鳴
弱火
合口
合竹
文色
青足
青馬
青海
青貝
青首
青組
青毛
青竹
青土
青羽
青火
青丸
青水
青麦
青矢
赤糸
赤犬
赤魚
赤馬
赤貝
赤紙
赤組
赤車
赤米
赤月
赤野
赤火
赤星
赤水
赤耳
赤虫
赤女
赤目
秋上
秋歌
秋顔
秋草
秋口
秋高
秋夏
秋晴
木通
通草
朝風
朝北
朝雲
朝空
足形
足切
足組
足白
足高
足半
足引
足太
東歌
東男
東女
東道
頭虫
後入
姉羽
雨間
雨足
雨気
雨空
雨夜
雨男
家犬
家形
魚止
活花
石音
石数
石貝
石組
石弓
市正
市日
糸入
糸方
糸切
糸車
糸雨
糸玉
糸場
糸引
糸目
犬顔
犬玉
犬友
犬走
今方
妹山
入海
入日
入目
色石
色糸
色男
色女
色数
色形
色気
色止
色音
色話
色町
色水
色虫
石角
岩川
岩木
岩組
岩間
岩道
岩虫
岩室
魚心
魚直
魚見
牛女
牛方
牛顔
牛玉
後戸
後前
後矢
歌入
歌切
歌口
歌心
歌女
歌読
内書
内店
空木
生毛
生土
馬市
馬長
馬方
馬貝
馬顔
馬形
石女
午時
午年
海色
海鳴
海虫
売家
売口
売声
売立
上風
上紙
上毛
上土
上前
上町
雲形
遠近
大赤
大足
大池
大犬
大歌
大馬
大顔
大首
大玉
大夏
大引
大星
大水
大耳
大麦
小車
男心
食国
弟風
弟切
男岩
男歌
男方
男車
男道
親犬
親牛
親馬
親木
親雲
親里
親竹
親鳥
親船
親本
女岩
女歌
女親
女顔
女気
女組
女車
女文
買回
火雨
顔形
顔毛
顔先
顔白
風足
風音
花車
花心
夏時
風草
風知
風玉
花草
語草
語手
歩立
角石
門口
門田
門火
角店
金貝
金頭
金気
金売
紙入
紙女
紙子
紙玉
空足
空池
空馬
空買
空船
川魚
川音
川風
川竹
川止
川道
川虫
黄赤
生糸
聞方
北角
北組
切先
後朝
黄花
木弓
切石
切形
切紙
切金
切立
切戸
切羽
切花
切火
切水
切店
切麦
切長
近火
玉手
玉石
草市
草入
草道
草矢
下文
口合
口足
口書
口金
口先
口下
口白
口広
口太
口細
口前
口女
地社
国引
首先
首下
首引
組糸
組歌
組頭
組木
組下
組手
組外
雲足
雲紙
雲鳥
車牛
車男
車戸
黒赤
黒池
黒糸
黒犬
黒岩
黒牛
黒歌
黒馬
黒女
黒貝
黒玉
黒手
黒戸
黒麦
黒楽
毛足
毛先
毛玉
元歌
小足
高手
小歌
高話
小男
小女
小風
子方
小貝
心組
古寺
小力
小半
小前
子耳
小耳
小虫
米場
米虫
強紙
強弓
細石
先糸
先買
先太
先細
前山
里方
里川
里心
里田
里雪
里回
左馬
山気
山人
山草
下糸
下木
下羽
下左
下火
下引
下前
下右
下目
下読
科戸
東雲
手刀
小火
正目
白糸
白魚
白声
白太
白羽
白犬
白組
白場
弱音
上船
水草
角木
角水
生魚
前書
早出
外書
外町
冬青
空合
空色
空音
空目
田歌
高草
高鳴
田草
竹足
竹光
竹矢
田作
立合
立引
立文
店子
谷行
谷風
谷方
谷止
谷道
玉糸
田虫
出手
少刀
近間
近矢
力足
力石
力水
父鳥
中男
長歌
手水
町場
長夜
直心
番木
月足
月男
月形
月草
月組
月毛
月白
月星
土色
土雲
土車
土気
土船
角貝
角書
角目
角弓
手木
手切
天糸
手車
手心
手長
手花
手人
手回
寺入
寺男
出女
出買
出里
出玉
出花
出丸
出目
遠音
遠火
戸車
心太
止刀
止金
友引
鳥頭
鳥男
鳥空
鳥貝
鳥首
鳥毛
鳥子
鳥虫
中足
中池
中売
中買
中口
中黒
中手
中左
中右
長雨
長言
名頭
長月
長手
長話
長道
長虫
鳴女
夏市
夏糸
夏色
夏風
夏川
夏毛
夏空
夏鳥
夏花
夏羽
夏山
何口
何心
生音
生貝
生木
生米
生麦
弱竹
新室
西入
西手
日計
野雨
野池
野男
野風
野川
野立
野花
野分
羽風
羽交
羽口
羽白
花市
花数
花首
花組
花立
花友
花時
花人
花船
花丸
母犬
母牛
母馬
母木
母鳥
母虫
羽虫
早馬
早玉
早場
早昼
早船
早道
早耳
春田
春鳥
春方
春山
麦秋
日足
火足
火入
火色
東入
東組
東空
引歌
引戸
引時
引直
引船
引目
火切
日切
火先
火玉
左頭
左角
人音
人声
人里
日長
火虫
火矢
昼顔
昼中
広形
広口
広前
広山
文車
太糸
船足
船歌
船方
船形
船子
船玉
船場
船虫
冬糸
冬木
冬草
冬空
冬時
冬鳥
冬日
冬道
冬山
古糸
古歌
古女
古竹
古手
星合
星形
星組
星下
星目
細糸
細形
細口
細声
細引
細道
本歌
本船
間合
前赤
前羽
間男
町口
目交
間広
丸頭
丸石
丸首
丸竹
丸麦
右頭
右角
右顔
右首
水青
水足
水糸
水貝
水切
水子
水心
水玉
水止
水計
水引
水船
水雪
道糸
道角
道草
道火
南入
南組
南手
南丸
耳上
耳金
耳毛
耳水
見目
麦色
麦女
麦車
虫男
虫草
虫気
虫声
虫友
村男
村方
村雨
村里
目方
目角
目顔
目黄
目切
目口
女竹
目力
目土
女時
目光
目星
目細
目耳
女山
元入
元口
元黒
本黒
元高
元玉
本鳥
矢合
家数
矢数
矢風
矢形
矢車
矢声
休石
矢立
矢竹
矢玉
鳴家
矢羽
矢文
山犬
山数
山風
山方
山刀
山子
山里
山土
山雪
夜話
夕風
夕雲
夕空
夕月
夕花
夕晴
夕光
雪男
雪組
雪雲
雪気
雪空
雪玉
雪鳥
雪晴
雪間
雪見
雪水
弓場
弓数
弓頭
弓矢
夜風
夜長
夜鳴
読切
読人
夜市
夜顔
夜昼
弱虫
公魚
分里
言草
上火
遠見
国元
小首
小言
小昼
下組
玉毛
年女
西東
羽子
花活
花生
日女
間日
目色
後山
石子
後立
毛長
小切
水魚
手引
中入
西組
人買
内高
売高
山国
戸前
引手
水先
山男
内人
木間
寺町
色子
岩魚
肉村
店数
水場
夜明
西市
大女
市人
戸人
見立
間人
大市
野寺
時鳥
半町
近目
長母
市女
名子
水口
来手
西風
遠矢
馬道
引出
上回
電池
車引
公人
小米
心字
子鳥
父道
車前
草字
走時
紙花
大岩
川中
女木
口入
日子
道引
活計
生水
下男
家元
白田
場台
売女
川前
新出
大羽
切首
直下
人長
田子
山川
光虫
青田
風車
白下
古生
目数
元首
食中
後先
小場
中市
山会
立前
黒羽
大船
川下
出合
外海
白馬
羽太
地子
小頭
小刀
市花
車交
川水
広目
小夜
馬力
門家
地理
北半
北海
正親
文月
楽家
年弱
原音
紙切
日金
道行
多言
竹刀
人中
見場
国分
工場
当会
魚市
書生
立心
小休
出会
船門
早見
明知
南天
元金
木作
新星
丸木
川方
通力
天年
古紙
夜来
雨林
入方
大角
買上
後足
野原
外生
手方
組入
家学
歌学
中通
人山
前話
中空
外線
風間
同右
細魚
黒白
父母
合音
内線
科白
売出
時中
入社
前広
朝野
半年
天明
町石
長石
引下
年強
書出
大家
出生
引上
新字
夜半
村高
水田
正教
寺内
大音
鳴子
男木
太上
糸魚
鳴声
生玉
人文
体色
花茶
日数
耳石
下野
元手
口切
女方
子馬
赤木
水門
人月
上生
小馬
用池
自理
頭上
入合
本間
中道
形行
下手
出水
天理
太方
頭下
後学
白夜
目線
買手
力紙
東風
名分
町人
車止
前頭
数千
小木
光日
色目
出船
市鳥
工会
大本
山鳴
車台
王子
直中
刀自
高年
谷口
家中
市中
本木
中間
金石
同小
番手
竹馬
谷町
生肉
力学
人日
馬手
太子
山元
子中
歌風
当日
正本
新地
合体
生紙
後会
店売
花鳥
家風
形木
高角
同本
小池
工人
黄人
遠道
人力
国書
市立
山本
毛羽
米朝
村社
東行
通語
科名
時日
手書
家長
金時
小牛
光年
川船
下心
秋野
番台
人心
心算
山内
中生
同地
国学
花園
空言
海山
見切
科長
黒書
本線
小道
新道
親母
行人
地力
間食
角形
校長
色紙
近赤
川上
新手
心力
売店
夏日
木場
星食
正食
生色
女工
出店
年男
同会
黄色
画地
同大
大貝
海草
道外
頭高
黄金
小三
今夏
書体
口数
水上
音場
汽車
大石
光学
大川
赤口
町見
黒米
人体
同形
形気
小雪
小五
線引
谷合
白石
金色
青黄
人国
教書
野手
正木
点火
下田
知音
本手
何分
字高
自工
自校
自行
鳴電
土方
空手
古文
東方
手本
白子
大空
山家
日休
小雨
雪道
山中
日出
音声
風花
雲雨
糸毛
秋風
言下
新村
南東
人形
園生
弓形
海里
中原
家来
顔色
東市
羽山
会長
文中
生時
黒色
新山
王土
黄土
春風
前方
歌合
日中
家出
小野
明王
西方
大社
知行
田楽
夏休
大雪
女手
年月
合間
前金
出場
雨水
木金
本文
花木
赤子
花色
目見
前立
当金
正体
楽園
大字
夏木
大前
石山
生日
白雪
科学
村外
多角
大竹
前後
人馬
花野
田家
羽先
秋月
前食
朝間
海女
自力
母音
内力
村人
大刀
青木
弓手
数百
体内
親子
草木
正方
中国
黒雲
下草
赤金
元木
鳥目
上田
月日
声色
心地
山下
立花
目白
海鳥
水車
岩下
北風
新木
間数
日当
場数
小一
生活
大丸
今年
子年
天花
林内
遠山
川口
中古
人足
同体
上手
女形
図星
直会
野田
外組
多聞
小見
学力
家内
町中
大工
少馬
親父
大声
小金
海雲
火口
親近
高音
右手
北国
中西
半円
山口
小子
後文
黒木
山車
野口
山田
年会
人台
小川
大方
谷川
大戸
天草
茶道
数十
文学
内外
水分
本田
声音
黒石
語形
男気
外国
東西
園地
女友
赤羽
回外
西行
後方
科会
朝昼
野中
草野
山形
円心
羽目
天朝
大一
肉食
形見
国家
国原
町内
春日
高木
画風
切手
人数
強力
水母
文体
晴明
用水
木村
手入
市大
人家
左前
自社
海月
下半
台場
男組
目黒
外見
下女
王女
学書
母本
出先
金子
何人
手先
日夜
語中
手紙
数多
昼時
本分
室長
中田
少子
字形
学科
市子
青山
口中
月間
谷中
市売
里子
大人
左手
生足
子音
太刀
場内
大会
金地
村内
弟妹
立場
多分
林地
土日
文目
中山
東海
月水
上半
村長
手間
春夏
学会
門外
曜日
用紙
何科
夏秋
女学
同組
年百
本学
人王
丸一
線上
国人
理学
字名
日月
用地
小中
多国
水金
上右
海風
秋冬
上左
作目
水道
語学
半目
毎週
地内
足先
朝夜
白赤
室外
車道
大外
同学
朝夕
木草
米大
生年
中小
上学
人頭
同字
後目
南中
語音
家本
市町
木気
語文
下風
西高
音図
外出
校生
水木
町村
後人
人名
道会
海空
国中
自公
火水