学校
文字
先生
国立
中学
人間
日曜
前後
大学
今後
小学
時間
地下
半生
毎月
国家
公園
大寺
中年
中心
頭金
年間
入力
年長
地方
毎日
月曜
右中
夜中
後半
名山
高校
先週
母音
音楽
時分
今月
計画
公会
前週
直後
父親
長年
前年
半分
今週
音声
多数
大体
数字
毛止
夕方
前日
学園
同月
学年
空間
自国
地金
後日
立方
本年
左下
行方
午後
新年
明太
白地
本気
公用
女子
本来
半日
用語
食後
小生
図書
大口
分科
明朝
市場
午前
会社
下車
外野
算用
出入
西国
来年
少女
左中
男女
母国
手首
土台
半数
生前
人生
本当
台数
思考
人口
今夜
会見
前夜
男子
外科
同日
今朝
元年
今日
公明
今秋
白黒
前線
科目
兄弟
先日
今回
教室
出来
方形
近年
生理
本人
来月
少数
道中
今春
当時
水曜
先月
車線
黒字
親友
本日
金曜
前月
元気
火曜
直前
土曜
円形
手数
小売
前回
中二
近日
大海
来夏
太古
木曜
今夏
番地
南西
食前
先年
同夜
毎回
内心
計算
古来
早朝
今冬
生来
先夜
本月
毎分
多少
声明
入口
海外
公正
名目
直線
中止
年下
後年
休日
後楽
入場
長男
南北
年上
上京
姉妹
出馬
地上
長女
年金
間出
毎朝
毎夜
今夕
学長
買春
大王
足下
天文
同時
会同
赤字
園内
室内
親方
夕食
本国
回数
空白
作用
学生
入会
青年
森林
大気
同町
車中
母子
交用
帰社
文言
後頭
年内
朝市
計上
正午
見分
自分
内生
中立
朝食
昼間
社長
交通
道内
人道
社内
組長
明細
正答
走行
強大
内科
来日
外食
野犬
海道
行休
高台
新入
外大
草原
目下
時雨
空頭
父人
語内
父方
正当
休止
口外
上場
兄妹
会場
書店
会計
知名
父子
古風
大同
分野
本店
市外
天元
地形
長生
活用
番組
南海
用心
台風
同国
手記
赤外
来秋
気分
見学
道理
間語
南山
社会
年数
空気
活気
何百
下方
南方
合計
通気
何時
場合
大台
同船
母親
休電
気風
原作
右上
木立
校正
帰来
公子
頭数
広遠
高遠
同行
電子
通行
細分
分光
歩行
朝方
画一
明方
点字
土地
自記
王国
電気
点頭
南下
弓歩
先山
上食
白紙
茶母
茶語
店里
黄米
弱半
少半
回線
国会
本体
週間
会合
作歌
新作
作家
親切
売春
春先
女王
手当
帰東
矢先
生天
白色
頭書
大手
大魚
帰合
回答
先行
車内
同人
作文
後見
出山
合点
本丸
字体
手足
間食
本音
明記
強行
東上
角行
正心
回帰
電話
同車
文書
書道
東下
合算
心会
天気
心中
通学
自書
入山
金魚
理会
明日
南行
道里
夜間
正用
交会
水中
地場
会食
多用
会話
上船
林道
自立
毎秋
出立
通交
正月
同室
直行
出力
月数
帰朝
正言
出火
回頭
通算
生下
読字
出頭
通園
年少
自知
引火
耳語
自作
白月
会読
回読
花見
前出
通用
売買
休心
草食
長考
道楽
入寺
強記
高名
休校
入金
同道
入手
毎年
野生
合同
直通
海食
直交
帰休
休会
自首
直立
国内
自足
帰国
作刀
算出
通話
分家
帰天
帰店
言明
通知
明言
来場
語林
算入
手交
遠引
合作
合本
記入
校合
作画
出家
書見
新市
当直
入道
入門
文通
上木
音読
下行
活歩
間作
間歩
外切
帰一
帰京
帰山
帰日
帰入
帰米
記名
強直
行水
行道
下校
下船
下天
公売
作字
作図
出京
出社
出走
出土
食言
自活
自学
直書
直答
直話
自白
入来
水書
数引
西来
切言
大言
多作
多食
立食
多読
直上
直読
直売
直帰
通計
通作
通水
通電
通読
通分
点出
読図
読話
内見
内切
内聞
入園
入京
入校
入行
入室
入村
入地
入朝
入番
入北
入明
入林
馬食
風食
風聞
分合
分水
分村
分電
分売
分立
米食
明答
目算
野合
来園
来会
来校
来村
来米
力走
立言
林立
引見
回心
人立
直言
内分
入電
分出
石室
交合
自答
入線
番外
回内
内通
入国
来朝
答電
上水
地中
雨下
見知
出校
自走
工作
力行
生長
学内
帰船
原木
前記
食用
語用
来下
早生
内用
出国
方正
北西
学道
原語
本番
来社
名作
自大
休学
石高
口答
茶店
本名
細工
文語
茶目
同店
米中
子細
夜行
歌人
出金
里山
下学
山行
用船
紙工
円高
外戸
立正
番頭
馬車
長大
電力
弱小
弱少
多才
直角
下直
高直
小心
小食
少食
小弱
新生
自明
多音
大力
分外
文弱
遠大
水色
弱体
後手
国外
入用
山高
子音
中三
下線
西北
大書
分地
聞知
下記
北東
方角
風雲
火中
目前
火気
北星
新人
本数
馬上
回国
近道
引用
店内
同通
何十
線引
読書
大形
長遠
切土
足算
引算
店番
楽書
半月
休場
小数
大小
親分
口上
日時
後場
方広
金門
合手
青春
字間
南国
大地
日記
下馬
木工
同年
自生
当用
国道
公言
文科
広言
高言
先手
国歌
海魚
歌話
立木
西下
楽天
正思
青糸
国花
本土
市内
合図
前場
玉子
絵本
広場
内食
北方
正直
水食
国王
半紙
雨後
文明
北道
方今
口語
新聞
内気
言上
同見
強気
工大
何千
工合
絵画
弱気
気弱
月歩
入車
顔黒
気早
少考
立直
草体
空中
算当
新線
子午
地元
大名
前半
町方
大日
心理
多雨
方言
国教
声道
広目
交子
光子
後市
高思
広用
小計
合一
先方
家書
歌書
見当
子犬
画角
時新
自心
谷間
天上
上空
米紙
気力
左刀
台頭
回生
半間
先見
気道
海水
本社
元日
親水
同社
白昼
立地
火山
同数
時計
理工
本元
時言
今生
中新
生後
同高
教科
遠海
口頭
公立
中正
船首
紙本
細書
公国
夜食
語原
船手
地図
本心
赤茶
国交
同校
道交
道場
市学
同工
家人
高三
足元
弱年
大万
町立
北上
園長
王手
夏草
校外
遠心
木食
小父
体外
頭首
国名
組立
男声
公理
半魚
光行
考工
高工
黄口
工高
正東
早口
年頭
語頭
長魚
地米
文教
国語
後円
後園
左方
中文
小国
口気
広記
後記
当方
昼三
後夜
体半
書記
名書
王室
同市
木馬
食道
冬用
当帰
電車
東北
同上
当市
野鳥
人工
長子
土中
白金
草高
中台
母語
文鳥
明目
店頭
白人
見合
自体
文長
何曜
分町
合羽
公休
人手
立体
声名
右玉
下町
声母
時文
太山
雪山
大船
図上
火木
小形
土木
時点
声楽
公空
高空
語数
小体
正人
後行
毎語
口分
西人
右馬
白字
生母
上方
天国
多口
社線
西上
中門
夕日
心友
新友
分数
立見
青空
字数
馬首
交親
工新
図中
絵馬
帰寺
校書
春雨
小船
水気
大黄
本家
茶人
歌語
空車
当町
東朝
上体
来店
強風
国楽
用字
音大
才子
同声
糸冬
星人
小麦
色分
計図
月光
天地
町家
左図
間引
前売
字母
台上
原道
社名
書家
地名
天門
円天
長刀
分子
計時
人肉
海原
西教
大知
体力
図会
楽長
大計
女弟
大食
同点
名画
帰思
公算
小話
字記
楽声
画本
女声
先頭
店名
同心
海中
東文
魚貝
国土
下番
立話
光月
同山
生気
知工
内声
国風
水線
西気
刀心
高声
交声
国見
答文
今上
地生
同週
大通
東国
遠出
古体
語言
車長
木生
文内
家出
正肉
内火
足止
門出
黒光
行楽
下書
心木
立売
玉切
中休
長鳴
船出
内家
新米
古人
外台
本書
線形
青色
番人
回船
長姉
道人
海船
家月
外来
立国
社歌
本記
船中
中一
文野
半字
原文
古字
西土
大風
鳥声
歌手
内数
記文
思春
地体
帰校
気光
気口
首長
時数
茶色
高下
赤気
長目
本紙
夜船
土間
頭足
長方
大兄
早春
白書
人前
長文
天字
点耳
門下
高弟
多見
空家
原頭
弟子
朝一
右近
歌体
回天
海天
花道
黒地
下体
同書
気体
大作
親中
言語
春時
車体
門中
本四
社頭
考古
秋水
下口
火光
火工
水電
大教
光頭
市道
作出
内角
日西
言行
風力
東南
帰台
家国
王朝
親交
岩頭
小店
声点
小点
新口
細大
知才
花頭
池中
国父
小六
谷戸
王台
日間
犬声
古京
古教
引首
春秋
光線
手近
点数
白日
画分
前文
黄地
古町
中耳
台木
中体
夜光
学食
山道
町会
売上
原歌
高教
用後
台本
画用
上番
手前
本道
大数
色白
大火
活字
子女
新茶
船体
足弱
黒山
先高
耳道
水雲
赤地
新船
同図
地点
年高
山馬
原色
言色
生家
学用
少年
海線
光火
校歌
高歌
日字
先体
土用
上図
同生
同音
下知
国歩
親字
南画
同園
米作
気場
原形
画人
帰村
人気
分国
校名
木刀
作中
風切
外車
後語
校語
正北
本作
長兄
道立
年番
風船
林木
中金
女人
半休
半弓
古語
字行
長上
考見
水生
近見
天外
歩道
本行
公道
上人
外人
用言
後下
教頭
新語
大八
口道
文楽
中火
円石
遠赤
走力
前作
中字
青花
火線
口音
間色
汽力
先公
先考
先後
水用
通風
原子
公社
土手
林間
木地
友人
心水
形体
多羽
月夜
人魚
今時
多回
台地
父王
自店
南朝
親日
高明
夜色
心海
新文
西門
工科
用方
少雪
国光
何分
前同
台紙
金糸
里数
教生
近思
夜鳥
心線
教理
食肉
字書
遠方
文名
小母
王立
野牛
合理
光明
左道
茶頭
分線
王父
国体
画数
原人
秋園
京風
原点
肉用
西語
天池
外語
茶室
合金
図記
原理
水火
水花
生花
国公
同語
母数
刀子
新来
門人
間道
形声
紙上
西用
花竹
口内
町名
水声
朝会
王道
引頭
合糸
白米
岩戸
入水
木道
小水
右下
名手
気海
車名
手中
上生
前朝
田字
週内
正学
同村
古刀
金星
南高
王家
太王
話風
名字
回虫
空室
黒土
小用
少用
手形
花火
分校
分行
文光
文工
外円
古画
子弟
会記
家計
天才
風雪
肉体
姉弟
原土
中肉
花台
家電
矢石
水人
計数
火手
秋気
声読
正読
正文
朝名
鳥名
林工
新書
中朝
時空
内記
半音
遠古
言文
当番
会頭
牛肉
空前
海光
海口
年中
下顔
花顔
体高
木母
林野
会友
海友
地合
当人
大光
茶会
用間
上用
多花
昼夜
長広
通年
半人
立教
家兄
東走
親書
線文
中日
親用
遠人
王女
活力
水頭
大公
中形
教友
下道
出色
母線
先天
船頭
歌才
市電
新形
図形
光来
後来
古点
車上
食間
肉声
方天
理知
音形
空母
市上
場外
茶番
雲高
外電
中気
天光
天工
東地
星空
楽生
音名
紙数
当科
東夏
答歌
頭花
東声
同引
本科
名門
気色
強弱
原糸
原紙
本朝
記数
書名
上行
長形
長計
名声
南天
明文
海東
外角
原本
台形
父兄
本校
魚口
国画
水力
外交
光体
少水
船内
音間
火金
楽弓
行内
船室
店外
天子
外気
古道
食気
風角
風光
父名
分園
生立
社外
水土
同元
車外
通書
月見
肉親
理数
学外
線虫
毛人
語気
作分
天体
入声
力作
行頭
小引
中夏
半弟
黒体
作風
台日
才女
船外
草頭
風鳥
公金
水文
雨雪
円通
家用
高秋
正門
内地
母星
母体
交友
校友
牛王
牛黄
新中
天年
内円
外形
公室
後室
正円
正書
青書
前言
大弓
火力
汽船
今古
近古
黒円
市会
正形
船社
船車
大行
野外
火田
火電
外用
学行
公女
工女
高女
心室
中天
当社
白光
金帰
交線
公船
工船
古書
週市
新春
前角
分会
文会
金線
公海
口話
子夜
弱強
水門
多雪
多年
点線
同前
同名
風人
母船
親元
画室
元正
下戸
原書
後内
台車
池水
母川
門弟
火休
原画
交番
秋天
書人
新顔
新色
正立
天王
田園
当店
文才
友国
火室
家父
教本
正風
自船
切点
早明
多点
茶気
頭角
半夏
方国
名馬
力点
羽毛
海自
弓道
今作
心話
新話
自画
上記
自来
図体
直近
電線
話声
円頭
遠東
海気
金字
行雲
黄道
黄白
黄門
足力
男色
茶台
風林
文園
野岩
野心
立春
話頭
外地
元本
行金
光電
校内
行文
高文
谷頭
合科
上知
数理
声門
線外
足刀
多毛
中社
読点
土石
風来
名犬
雲水
火石
花石
学才
楽才
岩高
公田
公電
国母
手工
星学
足心
長毛
直間
天馬
電工
当話
答話
同王
同下
同科
道歌
内耳
半角
番犬
風雨
風水
分生
青石
雨天
遠足
円明
園名
海角
海図
海雪
弓馬
金行
計理
工手
校門
高門
小才
合道
車声
週番
出数
新秋
弱点
上室
正数
前古
前走
草書
太細
通天
天金
電光
東天
同女
土足
肉天
半兄
母校
夜来
来書
上馬
海人
天社
行火
石工
石文
右羽
海馬
雲気
雲上
絵図
王公
黄光
黄体
王母
会名
風気
家門
花文
花門
画会
学友
画工
岩石
気門
教組
強電
教父
金科
金花
金工
近心
近親
金力
空石
空走
月休
原電
原麦
原名
黄石
交直
国字
黒雪
古言
戸長
西京
算数
室名
社用
週休
秋分
秋夕
出自
春雪
小角
正角
正気
少室
少心
小組
書風
白頭
白首
新円
心黄
新王
心原
新台
自強
自食
上計
上日
上分
上聞
上歩
自用
星雨
晴雨
晴日
星図
青米
石風
雪食
先書
線図
先入
線名
船名
前室
前食
前時
早秋
村会
多心
朝三
直長
通音
通言
通谷
弟王
天人
電算
電文
当国
当土
東土
当来
同角
同友
土語
内空
南門
肉牛
日王
入光
入市
入店
入刀
半言
半足
半麦
麦角
番茶
方図
本毛
母公
母名
名記
名園
名言
名走
名木
毛細
木台
聞思
夜雨
用木
理外
青雲
赤手
赤点
秋雲
秋雨
下語
年魚
活魚
糸竹
引水
引力
雨月
牛車
右室
右社
雨声
雨読
雲雨
雲海
雲角
雲外
雲月
雲合
雲山
雲手
雲入
雲文
雲林
会行
会下
会元
円外
円教
円月
円口
遠交
遠行
園頭
園数
円村
円読
円木
円本
円文
園門
遠来
園林
黄顔
黄玉
黄犬
王親
王水
黄水
王弟
王林
音学
音工
音高
遠国
音字
女男
海王
会心
貝玉
回米
海門
火雲
夏音
角岩
角食
角通
水手
家作
歌作
歌数
活水
活画
活人
門前
花肉
歌文
家母
歌友
外王
外画
外言
外合
外心
外水
外米
外力
楽音
楽学
学室
学石
学知
学店
学頭
学半
学風
画才
画色
学活
学兄
合切
画名
画友
岩画
岩体
気学
帰心
木竹
木理
帰名
気鳴
休園
休出
休店
教王
強音
京学
教学
教行
教外
教場
教線
教体
京中
京内
教内
強馬
教母
教木
交名
教門
金円
近海
金牛
金毛
金言
近国
近作
近村
今体
近体
金土
金馬
近聞
金分
金文
金風
近歩
近来
牛角
牛形
牛後
牛耳
牛刀
牛馬
牛歩
行学
行数
行力
玉音
玉花
玉顔
玉山
玉室
玉車
玉体
玉池
玉頭
玉歩
玉門
魚形
魚食
魚数
魚体
魚鳥
魚田
魚道
魚肉
魚文
空海
空行
空谷
空後
空山
空心
空自
空文
空名
空理
空力
空林
公方
黒鳥
黒星
毛見
間水
見台
犬肉
犬馬
外京
夏行
下国
下足
月色
月食
月夕
月火
月金
月図
月台
月内
月名
月明
月来
月林
外道
下人
言外
原岩
原魚
原水
原図
原石
原体
原虫
原肉
原毛
原話
小家
公王
高家
後生
黄肉
広本
校本
古音
戸外
国記
国図
国朝
国鳥
国電
黒肉
国年
黒曜
古形
古社
古色
古茶
国金
古年
古方
古名
合谷
合字
合名
午食
牛頭
語長
言中
近門
才学
細作
才人
細太
才知
細馬
左羽
早切
作音
作手
作食
作土
作人
作毛
作話
左近
左室
左社
左直
左右
山雨
山雲
山月
山茶
山色
山体
色光
色食
色弱
色道
色名
市水
止水
室数
子母
市門
車室
社食
社数
社日
社人
車馬
車番
社風
社友
車力
週数
秋夜
秋林
出車
出音
出母
出門
出用
春歌
春画
春月
春光
春色
春昼
春天
春分
春本
春話
小工
生国
小弟
少弟
書画
書外
書学
食原
食人
食草
食台
食鳥
食通
書語
書目
書林
白雲
白玉
白点
親魚
心月
新月
新読
新馬
新風
親米
親北
親明
心目
地黄
時王
直電
直弟
直門
寺家
自今
時人
地玉
字中
寺中
自読
時風
耳目
自門
弱声
弱肉
弱風
弱形
弱行
弱国
入内
入木
上音
上古
上首
上声
上星
上長
上通
上白
上米
女花
女色
人海
人牛
人言
人才
人車
人天
人頭
人本
人毛
水金
水牛
水字
水石
水天
水馬
水明
水楽
数行
数町
数目
図学
図色
頭風
図名
星雲
西学
青玉
生谷
青黒
青秋
正出
青女
正切
青白
西半
正番
星夜
星林
青林
赤雲
赤海
石画
赤黄
赤心
石人
石地
石竹
石中
石馬
赤方
石門
石林
石火
雪花
赤黒
雪中
雪白
雪風
雪原
雪後
雪上
雪夜
雪里
先王
先回
線画
先学
線分
線毛
前図
前名
前門
草画
早強
草魚
早年
草本
草林
足食
足歩
村寺
村数
村道
村名
村立
体言
太多
大白
太白
体毛
多形
竹馬
多語
多色
多線
立毛
多肉
多売
多歩
足玉
大雲
大円
大遠
台下
大北
男王
男工
竹園
竹紙
竹頭
竹木
竹門
知足
知日
地番
地文
知分
知米
地歩
池北
地母
地目
茶園
茶金
茶家
茶書
茶通
茶名
中外
中秋
中書
中水
中線
中北
中馬
知友
鳥雲
長円
町外
長弓
長近
長元
長日
長足
長頭
町道
長風
朝米
町木
朝夜
朝野
直音
直生
直方
直毛
直用
通日
通数
通線
通船
通直
通道
弟兄
天円
点画
天楽
天顔
天空
天水
点水
点茶
天中
天耳
天女
天目
天来
点立
電画
電空
電食
電弱
田数
電点
田土
頭音
東学
当家
当犬
当月
当色
冬春
冬虫
頭中
頭肉
頭毛
同金
同玉
同言
同母
同門
道友
道用
道力
土音
土休
土工
土人
土長
読会
土馬
内言
内合
内室
内水
内台
内話
南園
南学
南三
南人
男人
肉交
肉池
肉林
日語
日食
日人
日直
入気
入玉
女肉
年休
野馬
野草
白雨
白顔
白線
白道
白肉
白麦
白明
白話
半金
半玉
半国
半作
半切
半肉
半白
半風
半歩
半文
半夜
半里
買魚
売国
売茶
売山
貝子
買首
売色
売船
売電
買電
売文
売名
貝母
馬牛
麦雨
馬耳
馬正
馬前
馬足
馬体
馬頭
馬肉
馬名
番線
番太
父音
風教
風月
風色
風声
風前
風体
風刀
風話
分画
文外
文金
分木
分室
分社
文人
文草
分店
分点
文頭
分米
分力
文話
米語
米西
米道
米日
米名
方音
方金
方木
北音
北画
北七
北雪
北走
北足
北天
北馬
歩車
北帰
北家
北行
本円
本地
本図
本草
本話
母貝
母岩
木牛
木石
母原
木強
母店
母父
毎戸
毎食
毎時
妹弟
馬店
馬歩
明行
明後
明春
明星
明頭
明年
名聞
明門
明夜
明楽
名玉
明玉
名月
名語
名車
明色
名数
明線
名鳥
鳴鳥
名刀
名答
毛母
木金
木魚
木玉
木人
木船
木中
目読
木日
目名
木毛
木門
木活
目今
門数
門地
門頭
門道
門内
門番
夜会
夜学
野人
夜前
夜走
谷地
夜直
夜天
野店
野白
夜分
右文
雪虫
来京
来光
来行
来室
来船
来電
楽食
楽土
楽友
力気
里家
里合
立秋
立冬
立刀
立牛
里道
立米
理力
林外
林学
林下
林中
林長
林分
林力
秋色
入船
角上
花月
外教
外字
外耳
算国
小円
小知
生知
上作
晴天
中音
天南
当村
当体
土道
入川
番長
文間
本知
元三
汽水
見地
古楽
心音
地気
同文
日出
白文
理大
理分
花林
小電
星天
用人
間八
画道
間知
黒点
語字
書作
新図
弱電
正道
半知
用作
正中
多声
地本
画図
合子
水月
声風
当年
日来
入出
雲中
帰家
食思
女体
北朝
正作
地頭
走馬
明点
野音
外生
黒線
原母
多生
通人
理国
頭光
気水
出行
図画
当山
南家
方外
本市
矢線
楽理
国力
新雪
人外
図工
前科
体大
中力
同歩
日内
北子
用金
会内
学人
楽人
高二
池心
知心
知新
本工
車高
冬上
空地
強国
天朝
天長
日台
道心
高足
細雨
心間
人知
地学
風通
会日
強心
火車
画中
古学
戸口
土科
星室
正室
青天
外売
小字
光風
校風
高風
声字
内行
算木
自家
上気
日工
古記
国手
同色
話線
長古
大元
心土
才気
心行
言分
下名
家名
科名
花名
花明
図絵
頭内
同左
海上
読後
外市
外紙
日行
小二
行歩
光力
公力
声中
強食
歩数
知人
当千
内楽
文思
公知
正金
方円
黄紙
帰線
公地
工地
校地
紙名
生金
人地
茶紙
大理
小名
本場
明光
刀山
当船
年画
名店
交点
光点
高点
通夜
外聞
当寺
里正
青草
西線
生草
西走
本金
上目
心体
正西
海生
頭字
秋思
石刀
門生
円上
書字
風池
正米
後出
鳥人
青地
学理
外記
左記
上頭
長気
道家
画線
外光
画科
古時
夏下
花下
竹工
画間
声聞
東名
古馬
知見
南船
日外
古米
見本
月前
親王
海村
海台
少小
文理
中数
行間
正見
台子
分体
内国
店長
友交
米人
新車
方土
会古
船数
同線
星間
先知
長音
刀工
当校
東校
東行
線内
買気
少子
日文
海国
学同
毛糸
社地
京地
兄姉
当行
立市
社前
水行
水光
水工
道話
馬子
理科
合力
高一
新古
東日
姉兄
知母
行気
小子
小紙
新貝
前生
同教
地鳥
先出
自前
頭声
古今
小文
書体
体心
本生
夏雨
花雨
京図
東高
肉食
心王
西空
右目
手上
国大
天分
天聞
夏用
切線
雪線
体形
原地
文数
方里
雨花
小門
外船
本字
本寺
本時
知力
新本
前話
書中
多元
体長
同中
金口
人語
人後
右左
日月
入学
食虫
草地
大明
中分
社交
数学
多子
学名
市長
車行
用土
体用
画上
小犬
冬夜
国文
黄線
火土
才色
思文
行年
早天
名文
回春
食時
黒門
原字
市中
回教
月番
戸内
半顔
気前
京間
見番
黒人
前王
気音
小石
山林
青字
頭分
古紙
分間
前人
少校
青光
内金
同川
音頭
気先
組合
歩合
赤線
食分
大番
下生
分知
西電
気心
口才
高才
人家
半時
前車
早計
気合
新教
同作
日番
京花
正字
黄鳥
作間
引数
名工
目玉
火点
口絵
頭形
天引
風合
丸太
直火
出番
太字
絵心
口画
前引
毎冬
麦作
合気
青金
青線
青点
青東
青本
赤牛
赤絵
赤肉
赤本
赤門
赤楽
秋作
朝活
朝茶
足台
足長
後金
後月
後作
兄王
兄分
石絵
犬科
犬語
妹分
色絵
色校
色地
色字
色番
岩地
牛科
右図
歌本
馬番
海千
売玉
上絵
絵合
絵入
絵茶
円買
弟分
親車
親番
女絵
女楽
女力
音引
貝肉
顔学
角道
角番
金語
金高
金茶
空茶
外数
外場
黄電
聞茶
北門
黄茶
木目
京道
切絵
切米
金紙
金黒
牛細
草王
草黄
口米
首肉
組中
組数
組名
黒竹
黒茶
黒番
黒本
黒方
下魚
夏書
下作
細字
小目
魚通
作男
里地
週足
小四
白台
白茶
白電
白番
白本
新糸
心食
新前
新麦
地字
地雨
地糸
地色
地歌
地馬
地貝
地顔
地紙
地口
地黒
自黒
地声
地魚
地引
字引
地虫
地山
上玉
頭赤
図引
前金
外番
高八
立番
玉算
玉茶
玉目
台石
竹玉
地先
茶入
茶組
茶子
茶心
茶花
茶船
茶町
中食
中地
中点
中太
中細
町組
通切
手金
手番
寺名
天火
天日
電場
通町
科人
鳥天
同馬
同間
同夕
土場
中番
夏作
夏分
何犬
何語
何市
何線
何店
何用
肉入
肉色
肉月
年市
野天
花会
花金
花後
花男
早番
春作
晴食
半赤
半道
半広
半丸
火王
東門
日歩
昼番
太線
船楽
船用
冬作
米麦
方立
細線
本水
毎夏
毎春
毎夕
馬草
丸公
丸小
丸心
丸字
丸天
丸刀
丸八
丸本
水絵
麦茶
村下
目木
目分
元絵
森番
山番
夕場
夕間
用場
夜番
楽市
楽日
力場
京女
京方
金晴
金青
国女
小作
下絵
角地
京人
黒先
下社
本通
赤色
山千
岩絵
音長
社家
目地
後天
女高
読心
道台
外分
歌絵
歌声
市名
原生
大男
耳下
自歌
自火
出作
正音
同家
小手
朝見
風土
自室
光画
町地
手食
名石
小社
歌中
花虫
新店
秋日
週日
田地
口番
山線
子分
通時
野見
少時
同走
町長
分母
母家
天道
当地
花店
赤道
内方
角力
通力
字図
子牛
花形
上下
足音
心思
広土
後光
小春
生食
記音
羽数
大金
正時
海内
工数
前行
引合
石頭
口角
当今
半天
名歌
絵羽
見聞
右耳
社寺
交角
広角
後角
画家
年時
後図
力車
寺社
左上
上家
夜空
鳥肉
右方
字音
名下
名花
山町
先番
町石
長石
土公
自車
形作
手話
心気
新社
中店
耳元
工学
園中
道学
歌会
大車
東半
西日
言声
石道
多頭
下元
上中
魚場
口耳
工字
台船
国色
通語
新京
門戸
黒青
新知
左足
本教
同気
本会
大雨
生地
国地
後学
分場
名人
道先
番方
売子
家地
高地
字画
立夏
地公
日明
左耳
音色
後家
生体
人名
立入
公図
白星
日東
月水
紙形
新紙
夕顔
高大
空電
水理
南寺
家道
歌道
火道
山頭
船台
外公
新日
見出
会子
京外
毎家
教会
自形
車間
西海
新玉
手下
目近
頭上
園池
公家
心頭
夜目
力線
下図
線数
来車
心電
親電
行書
線心
船上
頭外
角回
場中
草生
朝家
町花
長夏
白毛
岩山
円内
少林
月花
上書
正教
小声
天声
天青
本門
月下
青虫
口元
立金
体上
風見
大姉
本青
里長
外方
切下
紙魚
売場
新出
新刀
昼光
昼行
天父
年子
立心
秋明
夏冬
広間
心内
中間
道教
白丸
地理
山海
海市
黒五
船長
公自
頭語
赤光
上戸
大半
少雨
町間
右足
戸数
新東
長秋
先人
雲母
雪国
同紙
北地
後車
切字
道線
同話
売行
天心
点心
右前
地毛
自毛
時角
回文
白目
大長
黒目
新星
車交
同会
父母
形名
新内
右記
形色
魚人
日光
海先
山水
社中
正語
心下
心火
歌行
体鳴
白馬
中人
南口
小休
東口
小三
地人
直入
頭目
夜気
野気
同寺
引当
目上
来春
数千
新体
日用
雲間
先口
地子
男前
近時
茶話
半年
小頭
小刀
時下
地車
行走
冬海
多言
岩場
直下
合方
行先
小人
紙花
自理
点目
草紙
上天
父道
北線
朝顔
声歌
左目
外線
里親
西南
手元
心字
本立
天明
番台
楽家
上回
女中
新道
町角
男親
行場
首元
市花
半姉
音数
半町
海牛
電池
冬場
足首
大入
草子
人出
海星
古生
里人
手立
夏休
知合
買入
後書
青黄
西高
馬力
目元
山鳥
小花
前足
丸形
玉虫
風上
明知
入社
心学
火花
水虫
秋空
毛虫
手口
赤丸
黒船
太上
光虫
小町
細雪
書生
女心
色里
入子
草字
走時
矢切
竹刀
文台
引金
点前
内線
文中
夜店
大店
親心
外目
中前
売人
夜道
小鳥
光色
夏場
山場
新字
切売
人長
夕市
食中
道会
赤白
赤花
高角
赤青
出生
立会
立羽
足場
北海
雨林
後口
黄丸
山会
見通
火元
男手
上糸
紙切
羽音
長母
雨音
何人
聞手
小魚
大目
口車
合音
丸顔
用池
水音
糸口
聞耳
切通
遠目
女手
木耳
家船
元売
雨雲
出足
見晴
山女
元朝
子鳥
切目
早足
雨風
切地
店先
口火
雲行
毛色
小顔
家学
歌学
赤毛
野山
赤玉
雨女
金元
円顔
目頭
雪明
市立
親玉
聞書
生首
岩魚
書立
木雨
前書
母心
火食
花水
赤土
色見
空耳
夕立
後玉
思入
空売
古顔
切口
近場
目先
目高
切子
黒子
羽車
大引
外回
色合
北池
小丸
花入
晴間
北半
星草
前玉
丸目
顔立
耳鳴
足手
草色
国作
水木
月読
手引
手船
名親
上口
野道
読手
文色
秋晴
足引
姉羽
活花
糸目
岩角
岩木
売手
教草
女気
語口
語草
語手
金切
木組
切先
切立
草分
組子
毛足
小火
角水
外足
強火
手明
天糸
手玉
羽色
羽先
船歌
船人
矢来
弓矢
弱火
合口
合竹
青足
青馬
青海
青貝
青首
青組
青毛
青魚
青竹
青土
青羽
青火
青丸
青水
青麦
青矢
赤糸
赤犬
赤魚
赤馬
赤貝
赤紙
赤組
赤車
赤米
赤月
赤野
赤火
赤水
赤耳
赤虫
赤女
赤目
秋上
秋歌
秋顔
秋草
秋口
秋高
秋夏
木通
通草
朝風
朝北
朝雲
朝空
朝昼
足形
足切
足組
足毛
足白
足高
足半
足太
東歌
東男
東女
東道
頭虫
後入
雨間
雨足
雨気
雨空
雨戸
雨夜
雨男
言草
家犬
家形
家元
魚止
生玉
石音
石数
石貝
石切
石組
石子
石弓
市正
市日
市人
糸入
糸方
糸切
糸車
糸雨
糸玉
糸場
糸引
糸魚
犬顔
犬玉
犬友
犬走
今方
妹山
入海
入日
入目
色石
色糸
色男
色女
色数
色形
色気
色止
色音
色話
色町
色水
色虫
岩組
岩道
岩虫
岩室
魚心
魚直
魚見
牛女
牛方
牛顔
牛玉
後戸
後前
後矢
歌入
歌切
歌口
歌心
歌女
歌読
内書
内店
空木
生毛
馬市
馬長
馬方
馬貝
馬顔
馬形
石女
午時
午年
海色
海組
海鳴
海虫
売家
売口
売声
売立
上風
上紙
上毛
上土
上火
上前
上町
雲形
遠近
遠見
大赤
大足
大犬
大歌
大馬
大顔
大首
大玉
大角
大夏
大星
大水
大耳
大麦
小車
男心
食国
弟風
弟切
男岩
男歌
男方
男車
男道
親犬
親牛
親馬
親木
親雲
親里
親竹
親寺
親鳥
親船
親本
女岩
女歌
女親
女顔
女組
女車
女文
買回
火雨
顔形
顔毛
顔先
顔白
顔力
風足
風音
花車
花心
夏時
風草
風知
風玉
花草
歩立
角石
門口
門火
角店
金貝
金頭
金気
金売
紙糸
紙入
紙女
紙子
紙玉
空足
空池
空馬
空買
空船
川魚
川音
川風
川竹
川止
川道
川虫
黄赤
生糸
聞方
木草
北角
北組
後朝
黄花
木弓
切石
切形
切紙
切金
切戸
切羽
切花
切火
切水
切店
切麦
切長
近火
玉手
玉石
草市
草入
草道
草矢
下文
口合
口足
口入
口書
口金
口先
口下
口白
口広
口太
口細
口前
口女
地社
国引
首切
首先
首下
首引
組糸
組歌
組頭
組木
組下
組手
組外
雲足
雲紙
雲鳥
車牛
車男
車戸
車引
黒赤
黒池
黒糸
黒犬
黒牛
黒歌
黒馬
黒女
黒貝
黒毛
黒玉
黒手
黒戸
黒生
黒麦
黒楽
毛先
毛玉
毛長
毛引
元歌
小足
高手
小歌
高話
小男
小女
小風
子方
小貝
小切
小首
心組
小言
古寺
小力
小半
木間
小前
子耳
小耳
小虫
米場
米虫
強紙
強弓
細石
細毛
先糸
先買
先太
先細
里方
里川
里心
里田
里雪
里回
左馬
山気
山人
山草
下糸
下木
下組
下羽
下左
下火
下引
下前
下右
下目
下読
科戸
東雲
手刀
正目
白糸
白魚
白子
白声
白太
白羽
白赤
白犬
白組
白場
白花
弱音
水草
角木
生魚
早出
外書
外町
冬青
空合
空色
空組
空音
空目
田歌
高草
高鳴
田草
竹足
竹光
竹矢
田子
田作
立合
立引
立文
店子
谷足
谷行
谷風
谷方
谷止
谷道
玉糸
玉毛
田虫
出手
近間
近矢
力足
力石
力水
父鳥
長歌
手水
町場
長夜
直心
番木
月足
月男
月形
月草
月組
月毛
月白
月星
土色
土雲
土車
土気
土船
角貝
角書
角目
角弓
手木
手切
手車
手心
手長
手羽
手花
手人
手回
寺入
寺男
寺子
出女
出買
出里
出玉
出花
出丸
出目
遠音
遠火
戸車
心太
年女
年玉
止刀
止金
友引
鳥足
鳥頭
鳥男
鳥空
鳥貝
鳥首
鳥毛
鳥子
鳥虫
中足
中池
中入
中売
中男
中買
中口
中黒
中手
中通
中左
中右
長雨
長言
名頭
長月
長手
長話
長道
長虫
鳴女
夏市
夏糸
夏色
夏風
夏川
夏雲
夏毛
夏空
夏鳥
夏花
夏羽
夏山
何色
何形
何口
何組
何子
何心
何町
生足
生歌
生音
生貝
生木
生米
生麦
弱竹
新室
西入
西手
西東
日計
子年
野雨
野池
野男
野風
野川
野立
野点
野花
野分
羽風
羽交
羽口
羽子
羽白
花市
花数
花首
花組
花立
花友
花時
花人
花船
花丸
母犬
母牛
母馬
母木
母鳥
母虫
羽虫
早馬
早玉
早場
早昼
早船
早道
早耳
春鳥
春方
麦秋
日足
火足
火入
火色
東入
東組
東空
引歌
引戸
引時
引直
引船
引目
火切
日切
火先
火玉
左頭
左角
左口
人音
人買
人声
人里
人山
日長
火虫
日女
火矢
昼顔
昼中
広形
広口
広前
広山
文車
太糸
船足
船方
船形
船子
船玉
船場
船虫
冬糸
冬木
冬草
冬空
冬時
冬鳥
冬日
冬道
冬山
古糸
古歌
古女
古竹
古手
星合
星形
星組
星下
星目
細糸
細形
細口
細声
細引
細道
時鳥
本歌
本船
前赤
前手
前羽
間男
間口
町口
目交
間日
間広
丸頭
丸石
丸首
丸竹
丸麦
右頭
右角
右顔
右首
水青
水足
水糸
水貝
水切
水子
水心
水玉
水止
水計
水引
水船
水雪
道糸
道角
道草
道火
南入
南組
南手
南丸
耳上
耳金
耳毛
耳水
見目
麦色
麦女
麦車
虫男
虫草
虫気
虫声
虫友
村男
村方
村雨
村里
村高
目色
目方
目角
目顔
目黄
目切
女木
目口
女竹
目力
目土
女時
目光
目星
目細
目耳
女山
元入
元口
元黒
本黒
元高
元玉
本鳥
矢合
家数
矢数
矢風
矢形
矢車
矢声
休石
矢立
矢竹
矢玉
鳴家
矢場
矢羽
矢文
山足
山犬
山男
山数
山風
山方
山刀
山組
山子
山里
山土
山雪
夜話
夕風
夕雲
夕空
夕月
夕時
夕花
夕晴
夕光
雪男
雪女
雪組
雪雲
雪気
雪空
雪玉
雪鳥
雪晴
雪間
雪見
雪水
弓場
弓数
弓頭
夜市
夜風
夜長
夜鳴
読切
読人
夜顔
夜昼
弱虫
公魚
分里
後山
国元
小昼
田力
中子
西組
船門
間合
水先
後立
売高
山国
水魚
野寺
大女
戸前
引分
内高
生活
名子
西市
引手
花鳥
寺町
園生
水場
色子
内人
細魚
店数
羽太
見立
黒白
大市
大音
活計
車台
丸木
車前
同本
間人
市女
毛羽
西風
引出
馬道
草花
小米
細目
夜明
大鳥
国数
来手
読本
光日
中市
海里
川中
売女
山間
見直
切首
日子
下男
組入
海山
川水
外海
昼食
年弱
川下
川前
上市
小場
町歩
近目
道引
道行
南風
買上
白下
鳴戸
歌番
小夜
天理
早見
同体
古文
文月
同小
月中
公人
人日
火水
当会
高年
黒羽
秋声
市鳥
耳石
名水
同大
目数
原音
見場
名家
力紙
白夜
立前
工会
門家
早月
出合
家長
川方
名分
遠矢
大羽
科長
時中
光年
年強
生水
金石
人中
林家
元首
出会
場台
鳴子
後足
出前
下水
古里
科白
引下
日金
出先
入方
元手
水鳥
手合
心力
正本
魚市
書出
新地
地力
村社
同右
小木
力学
合体
男木
引上
後会
人力
馬手
手方
空言
中空
母方
元金
子馬
同地
夜半
売店
小馬
小見
入合
口切
下手
売出
女方
町見
色紙
刀自
車止
行手
来週
日米
歌風
校長
国学
小牛
国書
谷町
山鳴
鳴声
出水
海草
店売
東風
日朝
学力
光学
買手
家風
人文
星食
正食
生色
形木
大字
町人
生紙
出船
小雪
後先
風下
小道
近赤
人形
黒書
同形
体色
秋風
手書
年会
秋野
科学
口数
生計
角形
野手
王子
子中
遠道
黄色
目見
黄金
画地
汽車
時日
形気
女工
花活
金目
花生
小五
前頭
当夜
川船
買方
日数
教書
山寺
家中
字高
自工
自校
自行
朝夕
本文
当日
工人
黄人
直中
花園
金時
心算
言下
太子
雪道
黒米
色目
糸毛
中生
花茶
新木
田楽
内力
黒色
下見
大社
王土
黄土
外出
見切
小雨
頭高
前広
生時
大貝
年男
赤口
直会
大刀
本線
家来
新手
夏日
日休
人目
谷合
番手
下心
大雪
赤子
点火
何年
明王
人心
知行
山家
年月
東市
東方
空手
人科
草木
夏木
後文
生肉
出場
行人
歌合
知音
多角
上手
正方
小一
花木
大国
日中
弓形
大空
音場
天花
本手
親子
半円
語形
自力
町中
外組
会長
雨水
海鳥
花野
北風
羽山
人月
米朝
目白
強力
秋月
西方
風花
合間
科会
出店
大方
手本
顔色
人馬
楽園
人国
林内
前立
数百
中国
黒雲
道外
南東
山手
花色
画風
赤金
春風
村外
学科
北国
田家
声色
親近
生日
正体
大工
人体
弓手
前方
金色
文学
心地
多聞
当金
小金
目線
町内
鳥目
朝間
白雪
水車
大声
山車
人足
文体
下草
形見
場数
女形
今年
大一
母本
体内
右手
回外
市大
親父
間数
西行
日当
中古
茶道
工場
大丸
園地
何科
高音
海女
外国
声音
大戸
円心
家内
形行
夏秋
中高
台場
海雲
火口
月日
頭下
手入
水分
晴明
字形
女友
数十
羽目
外見
黒石
後方
学書
天草
文目
春夏
図星
名前
語中
東西
男気
切手
自社
人数
風車
男組
数多
日夜
人台
毎週
場内
天下
月間
室長
女学
多分
国原
大人
水母
下女
海月
左前
本分
手紙
口中
内外
下半
市売
弟妹
海風
村人
用水
大会
東海
市子
太刀
曜日
立場
左手
金地
土日
手間
手先
字名
門外
村長
里子
学会
用紙
本学
線上
上半
村内
足先
同組
林地
半目
理学
人王
語学
秋冬
用地
国人
中小
小中
地内
作目
上右
多国
昼時
同学
水道
米大
車道
同字
語文
上左
上学
生年
語音
大外
室外
家本
町村
南中
丸一
後目
音図
年百
下風
国中
校生
海空
木気
自公
後人