年度
時期
学校
先生
毎日
文字
部分
夜中
中学
国立
今後
大学
時間
冬期
海岸
期間
日曜
都市
頭金
時代
作業
半生
夕方
公園
人間
小学
人員
文化
毎月
地下
入院
流行
死後
朝日
場所
旅行
意地
反対
年長
今週
今朝
前週
商品
中心
部屋
名山
相手
音楽
物語
先週
入力
中年
次元
開発
区分
安定
全部
年間
平等
仕事
長年
父親
本気
前年
書写
地方
後半
何年
右中
近所
月曜
何部
直前
発生
野球
前日
病院
学園
多数
学年
本来
家屋
上期
食後
話者
公会
名前
人生
高校
大体
方式
地金
注文
元気
回転
人口
出来
大門
他動
左下
上皮
文章
上流
大寺
時分
計画
前夜
区間
代表
方面
明朝
空間
車線
麦酒
朝一
等分
多面
自国
外野
分科
生命
高級
新年
行方
地区
先住
生理
下車
記者
住所
相対
数字
公用
部門
悪化
県都
当時
事業
大口
分化
半夜
半分
赤字
発足
反発
半数
半日
番地
白地
毛止
会館
本部
乗車
白黒
東洋
同月
小口
図書
明太
用語
何千
親王
黒字
手首
役場
何市
多少
東遊
打者
委員
銀行
直後
午前
台数
入口
何県
次長
本人
客車
使用
少女
面子
今秋
本年
何曜
算用
平日
会社
後日
学生
都心
母国
今度
市場
畑地
行使
表記
海外
図表
生前
地表
今回
品目
声明
相場
意味
兄弟
深夜
駅員
活動
投手
平和
朝市
外科
工業
元年
公明
今春
午後
生死
男女
年下
先取
勝負
教室
追放
男子
集合
同県
前線
先日
方形
全線
女子
世代
科目
通路
軽水
仕様
円形
家族
親友
後家
手数
後時
鼻音
具合
転用
今月
温室
夕食
町屋
安全
園内
形式
内海
水曜
出入
古代
大気
向上
金曜
目分
町会
年金
近年
同日
前月
本当
来月
少数
着工
会見
緑化
早朝
毎朝
公式
道具
毎夜
今夕
下期
落着
平年
親方
事実
思考
道中
指向
休館
運用
勉強
太平
学長
長男
土曜
自身
酒気
先月
大根
下地
役者
本日
中期
左中
食品
全体
名所
身代
大昔
計算
作品
都会
木曜
発表
食前
始終
太古
年上
中宮
前回
公正
死者
主人
火曜
赤茶
遊園
来夏
外食
近日
前住
全員
役員
反面
名目
毎回
先年
古来
同夜
内心
今代
今冬
次月
先夜
追日
本月
毎秒
毎分
生来
集中
中部
小売
新入
大海
月中
今夜
中止
何屋
姉妹
上級
有界
足下
所有
内野
手帳
地主
内部
天文
地場
役目
来年
組長
明日
学期
妹神
地上
学区
下宿
都度
両県
空白
高山
明方
小生
中二
社内
内科
後頭
薬草
登場
病中
南北
同区
後年
朝食
作用
登坂
他行
行動
両方
公開
自分
分荷
都内
次男
室内
出馬
下方
区画
局面
方今
間出
何色
時雨
白月
実家
帰館
鉄道
定期
青年
生食
場面
長女
医科
気分
青色
番頭
社長
住戸
中央
茶色
高台
白木
入場
帰路
全米
何形
打点
回数
転石
着火
発動
首都
買春
森林
院長
女中
市外
南西
放光
放校
文言
後楽
手当
本丸
今世
古本
点字
電気
年内
目前
右上
木立
車中
教化
和音
強大
父人
新聞
新曲
何百
列車
道内
中等
白色
生指
美化
原動
予定
整形
上京
和文
本国
助平
下品
作家
交通
感心
調教
会同
入会
語内
助役
会場
赤外
空頭
朝方
登用
車内
上等
雨注
強化
水着
山行
父子
味方
公有
中立
正午
道県
生体
天気
平気
商人
帰社
正路
人道
走行
発電
県内
中一
起動
見学
定年
角度
全面
何事
古都
客間
昼間
交用
場合
登院
明細
落葉
下等
社会
空気
本体
月数
水鳥
同時
正当
何区
内面
口外
日記
休止
大王
母親
先着
野犬
西京
女神
大台
公平
天元
近着
国外
水中
兄妹
合計
海水
金魚
母子
長子
広遠
高遠
出品
白昼
農家
夜間
来秋
身内
頭身
計上
波形
転回
曲線
自動
草原
大手
研究
親切
水色
放出
苦行
指定
行商
多発
番組
次第
発声
海道
役人
内服
登山
父方
会計
路線
外大
消火
待合
内定
電子
対話
打線
真実
出口
登記
意見
感動
放心
放神
両駅
古風
乗用
正答
当局
長命
転化
国定
気風
春先
都区
来日
用心
調整
書物
正月
帰島
帰投
帰東
急行
何線
実行
土地
国会
肉屋
矢先
数次
矢庭
南山
山地
注目
登仕
注進
教員
南方
開放
地形
実力
回線
後期
知名
道州
整理
出立
妹役
交配
本音
見分
大黒
同町
本数
原作
手足
気持
転乗
間語
先手
苦使
字体
開店
開山
安心
活用
出定
両手
大同
今時
火山
手記
帰京
登板
自重
持重
茶目
女王
大木
商店
気化
有様
都県
死語
主客
長生
帰農
有平
飲茶
苦力
弓歩
先山
上食
少半
湯円
茶母
茶語
主思
店里
短工
対子
馬油
白薬
長服
黄米
弱半
前代
西国
風流
交流
開口
活気
夜行
本店
南海
仕進
分野
早生
野宿
打数
部会
小心
筆記
行持
右下
人物
放歌
放火
出発
茶店
農業
回遊
食用
同船
物心
教育
点頭
注意
弱者
分筆
農水
開場
記号
校正
理想
上水
面皮
投下
同人
生動
土台
国王
上着
全国
考究
行休
公子
次期
駅名
具体
休電
進入
心配
白人
皮肉
受学
会合
国内
白紙
重点
石庭
合点
次回
会談
所期
長屋
気死
同国
人肉
習合
相待
着地
東下
等化
花見
口語
進歩
王国
計都
実数
大魚
書店
中三
化体
本表
転記
強気
県外
投入
対立
軽食
地元
分光
大安
遊歩
意思
家庭
後部
部局
帰来
消長
帰化
交合
細分
同苦
草食
何者
前期
石高
内気
作歌
直行
気味
草書
工合
兄事
同定
答申
先頭
投身
東進
弱気
林業
勝気
気弱
顔黒
気早
中深
乗気
転科
通気
筆答
口頭
後手
週間
何物
新市
切開
開通
次数
植木
反転
青春
手取
工事
他県
投球
半転
開平
地図
本番
問注
薬湯
角行
本家
投書
生天
時点
対局
頭書
夜食
転地
深切
歩行
山高
県道
新作
後場
帰合
作曲
売春
手配
明神
道理
分界
命名
安神
火木
高温
高名
習学
火金
入定
風習
東北
客死
合一
根元
進行
画一
行列
正直
発注
院内
切土
宿次
足算
引算
表出
店番
油通
楽書
決定
公表
車庫
半間
物流
回答
指図
作動
実体
馬車
本島
両日
速答
着荷
本土
自記
平地
調波
足元
黄緑
春雨
天地
風化
配流
語用
動転
同行
船員
発行
階上
神宮
電話
時計
深考
進向
声道
等級
明記
世話
正心
行進
自転
悪名
写生
帰商
族生
長大
南下
対外
会食
同駅
石室
月歩
入山
作文
後進
深山
大地
高進
相談
他界
研学
真水
前歯
先発
同名
住寺
通行
帰港
起工
子細
竹林
毎年
出山
丁重
土木
運転
強記
重心
開業
消化
年数
合算
強行
発話
苦学
原語
小麦
実用
発見
林道
生下
高談
乗船
通学
学習
送進
発音
進水
玉子
南行
病死
雨後
首相
代金
神通
雪山
前進
下町
親分
交会
心会
同化
方正
黄化
開港
休校
東上
表明
平板
和合
自由
幸福
北東
番号
実直
乗組
取用
自書
他所
幸運
親祭
代行
和風
大形
自作
合同
正用
主計
所持
放言
感受
開校
地中
中火
番外
西北
発明
安打
客室
図式
世父
正負
炭化
水平
火急
花屋
交遊
実見
重度
米中
方角
有用
合手
北口
会話
苦味
平方
同感
分業
平行
弱小
代用
国道
小食
美食
本名
多才
温和
起業
軽少
少食
書道
自明
多用
直角
暗弱
歌人
下学
休息
下直
高直
小弱
深遠
新式
神速
重悪
全一
多音
多病
短気
短小
大力
近道
中速
鉄火
動員
病気
病弱
分外
文弱
平明
有角
運行
商売
遠大
全県
王手
帰院
強風
半月
里山
板書
立正
自立
着色
読字
配水
両市
晴和
入用
教科
直交
横着
直線
詩作
転形
発売
筆写
出板
乗算
転向
発車
流用
受理
入金
本章
合図
画定
終止
次代
発会
負荷
本式
名曲
南部
回向
出力
転校
返上
野生
開葉
弱体
前場
手前
代理
集計
回頭
交代
通用
放鳥
遊息
発光
服飲
起行
次女
直面
命中
水練
名作
木日
転調
発向
正言
面会
自大
通算
同室
全開
茶屋
買物
強調
着目
道里
本神
耳語
理会
海食
通園
海童
開道
南高
通交
登第
人手
定着
病木
公定
身読
化石
急進
出頭
生長
休心
休神
始動
定数
服用
想見
何流
予知
着用
通商
本元
開会
工作
拾集
取水
注記
表白
予想
悪行
開所
出金
想起
転作
出火
送気
入道
合宿
決算
真理
実習
長考
直通
道楽
発言
下落
親和
流動
帰休
受業
整調
会読
急死
進宮
入手
配分
風雲
指教
悪用
荷電
決心
合意
出仕
整流
投合
面談
流放
土着
入荷
落下
練習
進級
新人
自足
調和
起番
言明
水泳
整合
想定
速定
談合
調合
開園
下問
帰国
国交
先勝
調練
直感
通院
定住
分家
来所
流入
悪投
作刀
算定
使送
台風
着手
転落
服事
返金
明言
来朝
安息
遠泳
休会
休業
国歌
出世
植林
自習
受注
上申
助力
生息
足温
着服
通知
通話
入所
分配
来場
遠投
開花
外反
学問
合本
記入
急落
曲言
集金
手交
消去
商談
助長
速決
対決
対談
談話
直送
直立
入港
入寺
配線
配当
発想
反落
筆受
物色
由来
暗記
暗算
遠引
化合
下線
合作
校合
決着
合流
死去
集客
出家
出動
進空
乗馬
生育
正転
大言
転医
転写
道取
発送
筆算
北面
来島
流出
安住
開化
火定
感化
感荷
帰県
帰住
究明
教習
空想
空転
具足
決起
決意
下向
下校
向首
作画
算入
進言
進転
自白
自負
弱化
受行
整列
前定
送金
想出
送出
早着
注入
調味
直進
追究
電送
当直
投薬
入園
入館
入校
入行
入植
入門
配合
配車
配列
発走
発病
反命
筆談
風聞
服役
文通
分列
返答
返品
勉学
放送
予見
予言
来院
落後
楽勝
合着
暗合
安着
暗転
安名
育休
引決
引見
引湯
飲福
上木
運休
運算
雲集
運送
運筆
泳動
横行
横転
音写
音読
開学
開局
開帳
開田
開表
開門
開立
回礼
科役
活写
活着
活歩
感合
感作
感通
感電
感服
間歩
外切
合州
帰一
帰去
帰山
起算
帰日
帰入
起筆
帰服
帰福
帰米
記名
起毛
急送
急追
急転
急発
強直
教練
曲筆
曲練
曲行
去来
起立
金打
牛飲
行水
行道
空運
空発
苦考
区電
具申
具有
係船
血書
下船
下天
元服
口受
公売
合級
合有
言上
作字
作図
作表
作病
注油
使役
止血
死守
止宿
写書
集荷
集取
終息
集注
集配
終売
集列
習練
宿直
手写
首実
出京
出庫
出社
出走
出炭
出題
出土
出役
出遊
商定
食言
植毛
書見
所立
進発
心服
自活
自学
直書
直答
直話
自決
実写
実動
自問
重合
重出
重来
受音
受電
受配
受命
入来
助走
助命
水書
数引
西来
赤化
切言
先決
全休
全通
全有
送客
送受
送水
送波
送本
送話
速写
速読
速記
多作
他出
多食
立食
多読
代読
代筆
打算
打電
着意
着岸
着水
着生
着雪
着船
着想
着電
着筆
着味
茶事
着京
着金
注水
注力
調息
長息
直言
直仕
直上
直読
直売
直流
直帰
追考
通計
通作
通水
通電
通読
通分
通有
転運
転学
転業
転社
転宿
点出
転出
転住
点定
転送
転読
転入
転売
投宿
投出
投石
東流
答礼
同車
同宿
同流
読図
読話
内決
内見
内申
内助
内切
内談
内転
内分
内聞
内命
南進
南面
入集
入京
入局
入庫
入室
入村
入地
入着
入朝
入電
入島
入湯
入番
入北
入明
入林
配植
配色
配食
配乗
配石
配送
配点
配転
配電
配本
配役
波食
発根
発色
発育
発黄
発問
発来
反言
反問
馬食
筆問
表決
風食
分球
分合
分宿
分水
分村
分電
分売
分有
分立
分路
平章
平身
平定
平分
返血
返送
返本
返礼
放下
放去
放水
放談
放電
放馬
放流
北流
発起
味読
明答
鳴動
面話
目算
目送
目礼
野合
遊泳
遊行
遊日
用談
予習
来園
来会
来局
来校
来住
来村
来談
来着
来福
来米
来遊
落手
落石
落雪
落第
落鳥
落鉄
落馬
落筆
落命
落球
力泳
力走
立言
流下
流送
流注
両倍
林立
流転
列品
列立
練行
和楽
和談
和読
回心
化育
開申
下行
下部
間作
自答
人立
代決
定植
度外
発出
発受
分取
分出
北進
本有
回内
作詩
終決
内通
入国
入線
回申
回読
中身
米食
絵本
正対
公理
代言
代書
風発
北西
木戸
国花
黒化
想化
大橋
内用
予期
出港
明転
問答
外注
自走
年少
予感
下乗
答電
外部
橋台
水死
追記
宮内
整美
力行
上向
外化
強打
出校
青空
起原
発意
感取
君子
氷上
内向
開国
集字
原木
生計
山上
定立
指名
羽化
雨下
木食
組員
指命
店内
取引
同乗
円高
女人
新橋
両親
北方
受用
横死
整地
苦心
農大
引火
出国
新調
何時
部品
雨雲
帰船
駅前
時新
自心
年表
進動
開院
定休
物理
園長
両足
口答
口内
上場
語林
死生
長遠
京進
相当
対交
対向
対校
分乗
回生
発進
送球
立見
電力
指南
心中
見世
主理
苦手
楽屋
県名
板行
来社
転院
来下
薬物
時感
自館
夕日
代作
口上
木工
高三
漢字
全勝
公転
漢気
国語
市内
学道
白鳥
打開
有声
調薬
美女
植皮
小豆
回想
朝陽
回送
同調
出向
文部
反米
休学
土手
南国
青葉
夏期
感光
起草
帰天
帰店
谷間
馬上
体動
学内
出荷
夏草
分県
文明
歌話
気道
死貝
小国
自体
立身
立直
外遊
使行
死交
紙工
北道
陽転
花期
悪口
半紙
用船
火中
金門
下主
茶人
下記
公族
全集
当用
海魚
洋犬
前部
空中
正使
運化
植字
世子
正思
青糸
通風
毎秋
心苦
人身
神社
通帳
理工
全州
全習
文語
反古
同店
冬用
期首
記主
起手
起首
黒鉄
追手
大名
町方
油分
地米
小品
前世
回国
品物
白書
見知
自知
左刀
港外
校外
大界
谷戸
町家
花火
気力
分地
聞知
下命
外人
前半
多感
登校
立木
動向
高速
大息
火気
太息
前記
洋行
相図
発火
古木
何十
引用
始生
感知
下馬
字数
家事
期待
帰着
葉書
人神
深心
早口
休部
進出
校庭
広庭
後庭
校定
高弟
黄庭
他家
飲用
主君
大書
多雨
同港
楽天
前出
分流
曲名
広用
後葉
休場
車両
小数
白字
上空
調進
歌声
客土
始語
子午
詩語
同高
北星
交子
光子
公使
後市
高思
港市
生後
内数
意図
社員
医薬
木馬
組立
遠海
他言
同校
道交
電車
同工
両分
地酒
深緑
白化
色分
帰朝
下戸
家書
歌書
和平
心理
転生
湯守
赤地
見当
商業
元日
台所
川面
後見
国教
指話
詩話
軽気
同道
糸冬
黄地
中文
定時
太陽
親水
店頭
和歌
後円
後園
後者
追想
追走
絵画
面相
海原
工大
気場
子犬
国土
身方
列記
美音
音感
昼三
分章
文相
足軽
黒地
暗黒
自生
整正
登行
公安
地平
小町
同見
所由
白丸
古町
新生
内食
広場
西岸
国名
南風
悪声
公館
開始
草高
走向
全日
家具
商工
草体
本物
始発
州間
月面
長刀
下道
問合
週休
西下
天上
投足
進学
流星
由花
酒店
地声
短歌
公言
小形
男声
広言
高言
先方
人工
水食
医家
数式
耳元
館内
開三
自首
図上
正都
医事
意字
勝馬
自守
半球
油化
神木
都所
商家
真夏
予算
当主
先見
中正
後住
島主
頭首
新顔
大屋
皮相
学館
歌曲
市学
木地
赤面
算出
送電
本屋
決行
根気
多動
終業
中進
同社
死角
詩客
声楽
語頭
今日
天開
転会
中新
半島
社線
長者
小船
入車
苦寒
人世
道場
大小
木化
区切
早世
間代
医者
旅館
図会
歌集
他面
当市
高下
親字
始業
水気
北部
同通
放題
当方
部数
開板
定考
東口
南口
高配
船首
全身
算当
全曲
鳥屋
流会
学院
先主
船手
屋上
歌手
本社
語数
主動
車館
究理
細書
立礼
代数
年次
農楽
金星
東部
文書
分数
後送
同期
来集
正人
体重
親元
転場
会商
柱角
木具
記事
弱年
長姉
長詩
鼻水
名画
和気
語原
西人
語感
点数
文庫
進化
合理
南洋
色白
画角
細工
区市
医院
大日
正東
体力
長魚
通夜
食肉
人気
野鳥
仕合
動作
声母
下根
秋水
魚屋
年配
倍数
中元
医員
食道
代入
追歩
馬場
戸数
朝会
土間
親等
転身
今号
根号
転進
大物
銀光
国見
詩画
月表
上方
主気
米紙
方言
帰寺
使者
全道
体部
他馬
当期
公立
宮家
勝計
小計
体外
文鳥
家人
深化
文調
文長
公国
神化
分町
歌語
読書
声名
土中
年礼
申入
口調
待命
同数
味見
階乗
立地
気動
楽声
空港
寺院
時数
花道
仕度
水神
体半
朝礼
書記
年頭
楽章
同館
客足
起用
太山
州都
流光
名書
明所
詩心
使神
始新
毎語
細見
深海
新線
地合
当帰
人魚
板金
子院
明目
味感
楽市
天国
台上
大乗
柱頭
小体
台頭
前売
子葉
紙葉
次点
前者
夜船
対当
表面
内界
日和
平原
子安
小二
時文
次文
中台
見合
有色
風味
様式
今期
小部
全船
台本
有半
安内
終日
式年
用意
外車
都下
主流
心友
新友
真友
神遊
両者
遠心
荷物
星人
王室
上体
大万
年調
真先
神風
待期
中門
上屋
生母
正動
線路
右記
屋内
対空
気品
送配
図中
先行
同島
駅長
調色
客語
表具
角界
上院
後夜
同意
右玉
見本
体面
分所
合羽
林木
公空
高空
世教
西教
対気
開館
起頭
国体
白目
有事
紙本
話声
校注
同点
馬首
局注
戸口
店名
電波
会期
右馬
心身
台木
校書
毛糸
光月
心王
神王
当町
東朝
内火
皮体
漢語
楽長
木生
祭式
文科
上図
多幸
少考
消光
白金
実音
服薬
教委
原住
刀身
打水
南館
小父
県立
左注
他校
多口
目玉
小六
前文
正形
手近
都開
黒板
山村
売上
農用
時言
国楽
分子
新物
下流
月光
神物
所記
自死
半魚
美写
軽四
公礼
母語
心木
番人
休日
急電
米屋
洋名
用命
陽明
天門
真青
他方
丁者
工期
算木
都合
遠方
口気
広記
後記
白銀
転期
赤色
上役
曲面
神曲
有期
画面
口分
終着
大使
暑気
上意
定意
長所
刀商
東声
日向
間引
有気
強談
女声
立体
死人
知業
古人
事大
早春
真丸
画本
内家
足弱
大味
口悪
黒山
毛深
先高
先安
横広
年高
本期
起死
短大
本記
絵馬
字間
実科
同上
空車
級間
光風
計時
長文
本心
古体
生家
全土
対生
同市
帰思
期始
起始
高声
交声
中品
同週
土用
寒色
寒食
感色
事体
町立
間色
向学
音大
社名
書者
大食
手形
頭数
前生
山手
男物
才子
木刀
岩戸
楽曲
黒光
自県
水火
水花
大知
対地
丁年
他科
地体
鳥肉
両相
死本
男前
肉声
用字
山道
多花
文内
安国
詩人
用事
記文
球場
身命
申命
神名
神命
洋字
黒星
本真
転帰
車長
実高
立方
氷炭
遊水
子宮
死体
女弟
公庫
丁目
県文
電化
右足
名区
春秋
東文
荷室
同山
物事
火室
立話
中形
筆者
海中
今生
東都
屋台
階数
風切
始球
糸球
主都
遠出
耳道
海雪
生研
農園
反目
文教
死球
電荷
水線
公算
商調
西土
化生
地名
鼻歌
赤気
地生
言動
手指
天字
点耳
原道
受水
寒心
薬屋
下役
動物
身分
自家
長持
西口
空家
品切
生客
右耳
木登
身長
手羽
顔負
門出
切死
口聞
小味
先送
下書
深入
立売
玉切
中日
長鳴
投売
荷受
荷作
歯元
船出
前受
目皿
湯通
口鼻
高鼻
大黄
目配
足止
古事
外様
返歌
品定
大豆
横目
古字
天神
両家
光球
公休
公宮
後宮
中耳
本場
画用
重陽
刀心
等深
等親
等身
夏用
家国
島内
肉体
両紙
生気
答文
宮中
光頭
自前
打球
父神
肉用
回船
計図
対数
多客
長方
筆書
物品
近代
長調
他区
今上
知命
下表
春時
日西
半字
陽気
開落
小指
相乗
円天
円転
書家
西気
魚貝
東南
大局
道人
立国
両目
西上
球花
国使
黒死
自助
仕送
上人
海船
新貝
定度
等方
白柱
美酒
音色
級化
光行
向光
港口
考工
高工
黄口
語言
海洋
漢風
相鉄
運動
母指
暑夏
白米
下番
漢才
工高
字庫
回天
海天
急談
新文
神理
鳥声
石階
洋食
正肉
暗夜
外台
帰家
当科
東夏
登花
答歌
頭花
両湖
荷客
追分
局所
大雨
古京
古教
乗客
地球
中高
平安
走者
下口
化工
火光
火工
工面
高次
行旅
国界
商用
門中
悪気
教院
全長
大勝
行楽
歌体
反日
夜空
大計
下体
小四
茶葉
等速
頭足
内金
火湯
花頭
作出
字記
次記
事前
自店
青地
重文
美味
正北
薬局
東国
動声
倍音
食事
同声
小店
声点
小点
消点
中肉
右近
外来
口元
天池
気配
対顔
油虫
夜光
気体
絵羽
古意
長期
回路
気前
州県
長目
同園
物体
安宿
下顔
花顔
茶箱
相合
客気
食葉
文筆
教頭
小母
軽口
指間
歯寒
歯間
当所
黒門
原頭
知工
地鳥
人前
内相
風度
考古
他者
反神
幸水
合金
心頭
上乗
死馬
赤線
左図
年商
前作
園路
今次
秋波
氷期
礼金
作者
社歌
文様
新米
船体
先登
屋体
緑道
向岸
列島
地相
様子
島田
活字
食感
新茶
波戸
本局
白日
波止
所当
遊記
色葉
温中
音注
他犬
他見
多見
頭分
京間
湯池
冬服
水用
投地
都計
言語
高教
心体
神体
氷点
夜色
画分
外商
語気
安歩
温水
開元
客冬
画期
長波
和食
化土
小門
実子
地点
定番
大兄
耳鼻
店長
男役
音波
後行
合糸
緑茶
左道
茶頭
主体
平調
悪文
先体
大役
上目
全町
全鳥
前朝
足刀
中金
同州
原色
言色
社頭
当意
陽火
兄者
内角
学食
言行
国父
回教
白丁
表地
京風
親中
後語
校語
調理
月番
同心
歩合
間葉
同書
夏服
引首
思春
主意
住心
重申
重身
台帳
本道
洋間
式中
新開
来館
勝点
金具
日間
作間
字母
表化
本丁
月夜
道化
原題
全犬
動点
元代
神界
本葉
麦作
向後
茶室
頭取
池中
天漢
金銀
短生
雨具
丸薬
持分
角氷
金品
目次
和漢
和館
界線
名物
階級
期先
知才
名局
青花
気先
国風
世家
前身
西進
歩調
青字
寒時
組曲
黒毛
図面
正神
大教
調音
当人
同所
同図
有歯
遊子
遊糸
地所
柱上
有人
交親
向進
行内
水雲
表門
新刀
真刀
神道
大風
大番
音調
気心
黒人
新局
人対
事後
線形
台地
半時
右目
名声
係員
帰台
市道
時下
上番
大通
客年
気合
車体
中体
両鼻
画人
新葉
弟子
油入
外客
国光
真形
同川
農内
福耳
右表
記章
洋服
流木
駅売
早発
売買
風合
丸太
丸対
木道
真打
親交
丁場
当院
東院
有生
遊星
実母
後内
新注
身中
時空
全馬
手代
住持
全箱
次手
引数
日番
駅中
客引
新口
新港
深交
深高
神幸
神行
身光
天引
都立
色校
血色
校名
宿場
主語
出番
東岸
分国
本四
横丁
生地
口絵
代引
左耳
門下
作中
帳場
早番
平台
太字
夕礼
朝活
絵筆
急場
金麦
口画
正味
直火
荷台
豆本
横町
合気
相客
間宿
相板
合服
間服
相役
青金
青線
青点
青東
青服
青本
赤牛
赤絵
赤短
赤肉
赤服
赤本
赤門
赤楽
秋号
秋作
秋服
悪形
悪玉
朝茶
朝練
足代
足台
後金
後月
後作
後役
兄王
兄分
兄役
油画
油絵
油代
暗箱
石絵
板絵
板長
糸遊
犬科
犬語
今様
妹分
色悪
色絵
色地
色字
色番
岩地
受台
牛科
右図
歌本
打歩
写絵
馬番
海千
売玉
上絵
上物
運草
絵合
絵入
駅広
絵心
絵皿
絵茶
絵面
絵所
絵具
円買
大宿
落研
落度
弟分
弟役
男運
男客
面具
親局
親業
親番
温玉
女運
女絵
女楽
女客
女度
女面
女力
音引
貝肉
開畑
開箱
返点
顔学
顔役
係長
係名
書役
角落
角皿
角柱
角道
角物
頭役
勝数
川童
角番
金語
金茶
神女
空茶
軽点
皮具
寒根
外数
外場
黄電
聞茶
帰村
北駅
北館
北門
黄茶
期近
黄服
客方
客宿
急火
京上
京道
京屋
京童
切絵
切米
金紙
金黒
金高
金歯
牛細
銀皿
銀高
銀玉
草王
草黄
口米
国役
首肉
組重
組中
組数
組名
黒竹
黒茶
黒番
黒本
黒方
血肉
下魚
夏書
下作
下物
小駅
子福
細字
米代
小目
才取
魚通
酒米
酒役
作男
作神
里地
申楽
歯肉
島式
島台
島役
社守
週足
主面
主持
宿高
章立
白台
白茶
調室
調所
白電
白番
白服
白本
新糸
真書
心食
新畑
心柱
真柱
新前
新豆
新麦
地字
地雨
地板
地糸
地色
地歌
地馬
地貝
地顔
地紙
直宮
直物
地口
地黒
自黒
地魚
実親
実方
地引
字引
地豆
地虫
地山
重箱
上玉
定店
直真
頭赤
頭重
図引
船具
前引
全目
外番
対屋
高役
立番
玉算
玉茶
玉目
田役
台石
談林
竹玉
地先
着歌
着声
茶組
茶心
茶所
茶湯
茶柱
茶花
茶船
茶町
茶豆
中皿
中点
注湯
中太
中細
中悪
丁合
帳合
丁石
帳入
町組
丁持
帳元
通切
使番
月運
月役
土部
面一
手金
手番
鉄箱
寺名
天火
天日
出面
電場
通町
年役
鳥天
取止
同馬
同係
同夕
土橋
中番
中面
長帳
名題
夏作
夏分
何湖
何語
何用
肉色
肉月
西面
荷役
庭番
練天
年市
農男
野天
箱絵
箱車
箱数
橋番
葉茶
花会
花後
花代
花男
母役
春号
春作
晴食
半板
半道
半広
半丸
板元
番屋
火王
東館
東宿
東門
引具
氷頭
平天
平刀
平番
平文
昼番
昼練
美黒
病間
福引
福豆
筆具
筆字
太線
船楽
船代
船用
冬作
米麦
方立
細線
本箱
本畑
本水
毎夏
毎春
毎冬
毎夕
馬草
町医
待画
豆科
豆球
豆銀
豆炭
丸小
丸心
丸字
丸天
丸刀
丸八
丸本
右面
右様
水絵
水仕
水帳
水部
緑絵
緑線
宮号
麦茶
村下
面板
面取
面箱
申分
持点
持番
元絵
物頭
森番
役物
家号
屋号
休所
宿帳
宿六
山番
山様
夕場
湯温
湯感
油商
湯茶
洋皿
用次
洋物
横画
横地
横肉
横本
夜番
夜練
落顔
楽日
力場
両打
両切
両組
両口
両下
両平
両箱
両前
両指
和顔
和事
和皿
階高
角地
木目
京女
京方
銀紙
子局
小作
子女
前列
中食
中地
長上
手相
同間
土場
日歩
部立
面形
守役
用場
帰校
気光
国女
下絵
所場
板木
本通
役高
画数
京人
黒先
校内
算数
下社
夕間
指数
大発
地動
名実
話風
両面
大元
走力
茶会
西空
目地
安手
近県
金研
実線
足音
白星
体育
庭球
宿方
水生
同章
同生
本紙
港町
音長
主食
助字
入学
家月
月見
門部
近見
星章
中字
通身
生花
期定
国公
代地
年番
白線
口番
国歩
手食
同品
病室
分部
山千
両村
急用
死出
歯数
羽数
本朝
丸形
汽力
金庫
新語
神語
身後
整体
半休
半弓
用後
工部
全頭
路面
岩絵
局名
古語
大集
小紙
小詩
少死
有神
火薬
軽度
原子
公道
国有
真身
茶代
当区
当屋
頭屋
農事
歌絵
大八
米作
通年
出作
決勝
商科
反語
受苦
同音
本業
口道
皮下
本行
君主
対化
係数
口談
同曲
発作
寒苦
門人
細大
分会
文会
文界
来客
礼服
山馬
所動
鉄板
度者
下放
寒暑
助員
始点
心水
文理
王化
開方
漢文
黒土
想海
炭水
大火
着花
目木
光線
全力
肉親
週内
神号
身業
字行
本実
両耳
心海
神階
多回
同女
友人
雪国
王朝
漢方
教生
車代
公社
全会
全野
家地
高明
全心
安物
実姉
大福
同表
用言
車高
新店
目安
家業
先進
短刀
点化
飲屋
問題
洋画
古今
多羽
円石
遠赤
風力
原土
題字
前足
医業
原形
口音
地階
実生
意行
港内
地界
同者
道者
夏祭
南朝
名字
夜鳥
形声
原文
高一
水土
石油
金科
金花
線心
表語
回虫
火手
火酒
楽員
申前
神前
次書
自所
全局
前局
待時
長兄
神祭
対自
通所
用方
外円
文野
下意
歌意
白板
花店
鼻下
野牛
教理
原人
出身
船中
相聞
丁数
丁字
左上
文名
水声
天使
投打
空前
車上
正葉
正陽
西用
名手
国命
子育
新船
理事
月氷
小水
中朝
前同
反感
名酒
明主
落陽
宮相
主祭
水文
早期
土柱
両社
秋園
代本
同院
有終
字図
園中
温感
原理
少雪
消雪
真物
自院
次行
山線
岩頭
月次
親日
多重
気流
進上
乗員
人記
両字
両時
両次
教友
牛肉
調使
光感
父王
雨期
下面
形体
公意
校医
高意
公物
上表
集水
上代
大商
水力
花金
氷面
病原
王代
王台
原点
西門
両車
軽国
小話
章名
所思
屋戸
名詩
花月
学商
正学
世間
南画
苦楽
新来
神来
海面
外語
実地
水路
刀子
風船
外局
主用
消夏
多生
表文
悪作
花竹
原歌
黒体
主談
主力
相者
化人
田字
内洋
両会
両回
両界
両階
強意
子弟
首長
丁銀
取消
年号
発船
意向
海波
式内
全文
短笛
両人
国対
他発
注配
調書
命日
悪役
県歌
県花
光明
同語
母数
使丁
姉弟
町名
定員
和室
雨雪
県央
帳台
町代
文楽
路地
路上
詩才
車名
動感
区道
植生
電鉄
古画
西語
引頭
下級
原発
死重
社命
天才
物界
医局
感度
詩書
使人
道立
王家
間道
金糸
自筆
家父
近思
島都
波長
原曲
水人
大作
他章
多勝
鉄分
分線
本命
名門
買気
家電
南曲
木母
主点
学用
球虫
級中
強起
白死
当番
正気
洋館
気色
手中
小暑
前庭
同物
反意
半波
美品
化道
中夏
柱下
中研
海路
会頭
服屋
横顔
両世
両生
空地
生安
中流
当代
都長
病人
平話
上面
金目
大数
昼光
昼行
注口
定食
半人
北上
期日
心所
神助
丁名
朝名
朝命
鳥名
字書
茶番
当事
頭板
開陽
外角
外洋
古点
正業
全角
度合
風雪
本館
有音
来期
両年
意力
急所
橋頭
空室
林間
海光
海口
海港
会所
金鉄
小声
詩体
場外
全学
短詩
中医
分校
分行
文光
文工
門葉
陽葉
聞役
食間
船頭
他市
他紙
多子
多指
多死
氷原
遊人
意想
上客
声部
他用
農村
本意
夕陽
原始
車外
正真
神話
福音
本身
花葉
荷葉
気海
小葉
小用
小身
少心
少進
少用
少陽
生葉
会友
海友
顔面
新形
新書
上式
長広
同下
同科
道歌
文面
王立
楽式
橋東
終点
当国
同年
土工
悲歌
緑地
終期
東走
東送
半音
本使
円去
遠古
正文
神国
他店
都銀
薬食
王道
活力
秋期
秋気
集気
助手
水頭
声読
正読
代打
夜具
火力
外交
生薬
金字
小名
太王
天光
天工
当寺
日章
出色
書名
親書
神米
夏雲
方天
遠人
音名
開合
金平
公流
後流
国画
始原
全年
本曲
元帳
両立
王父
開教
橋柱
祭場
炭山
短調
農薬
右岸
遠足
館守
新中
他局
庭園
天長
平開
薬科
用間
和服
親族
頭字
考見
紙上
等時
活画
山流
実業
他体
都電
表頭
休題
古時
時速
洋書
図形
通期
頭角
東地
度数
面前
楽生
理由
歌業
祭文
市電
少水
上部
多点
同級
同村
日港
来店
主調
次章
大道
町地
内記
美校
北洋
命世
和字
足長
雨氷
雲高
金葉
決号
公金
古刀
古湯
湖頭
当千
道先
里数
理知
林工
和洋
大金
音形
集落
酒後
島岸
野見
北都
海生
海東
開湯
開頭
金員
元始
原糸
原紙
原詩
主役
新玉
女流
前言
病後
文具
高秋
交友
校友
細部
紙数
全戸
白血
部外
予科
林野
間投
強弱
光来
思想
主色
酒色
酒食
内使
父名
院外
歌題
花台
客先
今古
近古
後来
所作
刀山
当船
頭目
農場
放声
本校
本港
両道
期数
記数
正門
船社
船車
内地
歩速
有理
遊里
両店
作意
次号
茶台
中級
同温
半面
分園
野外
温風
急調
級長
計数
終局
全店
反当
短頭
日行
本科
薬味
界面
球心
出院
直談
人海
人品
前野
台形
農地
野馬
反間
表相
毎度
明期
円通
歌文
木口
区活
社外
出所
心線
重体
重力
先天
同引
道員
寒中
区長
詩集
新陽
親用
受神
全階
中動
日乗
陽画
両町
医方
運命
夏下
花下
外板
商事
次週
自来
先客
体高
白光
負号
列強
科落
学業
空母
行路
国庫
新薬
正道
東宮
内皮
番方
悪人
球界
魚口
県東
光体
黄白
食育
新章
心受
身受
新読
真読
実兄
自発
水深
対日
長形
長計
通書
天子
美点
本号
野心
両線
感想
行頭
県作
公地
公知
向地
工地
校地
牛王
牛黄
才女
写声
車声
食味
進路
耳根
正横
多雪
転子
投炭
同元
両局
両用
外登
黒円
雪面
表皮
風角
風調
風鳥
母線
命題
王宮
強度
金線
作分
商号
族子
多住
当社
当店
立教
和名
円内
公助
公女
工女
高女
古書
小引
水緑
大祭
台車
天体
和金
話題
生立
寒天
外曲
外電
組合
子分
少年
深所
神書
自業
上都
西流
世用
船室
線文
短長
中気
同色
入声
農高
向風
校風
高風
市会
死界
食気
死力
重代
船外
全校
全天
速力
天金
分身
暗意
楽習
血島
小字
主星
声字
実船
住商
重商
中社
調光
庭院
半弟
母体
役名
流水
和南
委曲
漢土
外感
学外
客電
言文
号数
歯式
社食
秋天
真空
真筆
上記
船内
前科
田園
板画
福相
平面
葉中
力作
流央
医大
羽毛
毛人
遠洋
化研
科研
火田
火電
血路
元曲
原局
光路
公路
後路
強取
主船
実形
定宿
図体
正円
石炭
大意
電流
年始
農道
半身
風光
風物
本工
真向
木炭
悪習
火休
火球
公室
後室
子夜
主柱
正金
次作
直球
同前
内耳
番線
北路
明部
力点
和親
外形
記実
弓道
急流
死物
州道
集童
生金
心話
新話
数理
正書
青書
前角
全相
全草
前走
点線
物音
両院
両名
外用
外葉
今作
作風
終身
小寺
水和
星室
正室
切点
他車
短所
男色
天球
童顔
配字
表題
美形
名品
目代
門弟
流線
運気
雲水
夏緑
寒水
気球
球速
教相
決会
血海
後列
写場
市有
詩友
小皮
書人
新台
真皮
自船
弱強
青天
大弓
打感
茶子
中天
白球
反音
美色
病期
文業
本役
本薬
名馬
遊出
落語
階前
帰命
血気
口話
週市
主石
酒石
神族
持病
前談
体温
短言
電線
白指
白詩
友国
洋才
話頭
育生
駅近
大男
音速
回次
海事
海自
画室
気門
球体
苦言
月球
交番
祭礼
州内
宿命
寺号
自消
時流
整式
西式
先公
先幸
先考
先後
前転
多年
等角
度表
肉天
半農
氷島
病理
風人
文才
平葉
方国
理数
両所
両書
和様
階下
家門
花文
花門
元本
局地
軽合
軽品
行金
高所
死相
詩想
詩草
主薬
正客
心室
新受
時短
重油
人天
声門
正立
前向
全点
代役
中皮
調定
読点
動画
土石
農都
波上
板面
悲母
風神
服地
右左
来世
両朝
和牛
意中
絵様
屋外
教本
原書
原本
工具
市村
終曲
正風
新春
自画
水温
水族
整数
早明
電動
皮板
美白
文園
本祭
母星
母船
両天
両点
円頭
遠東
学都
楽都
金湯
軽科
軽荷
原画
原級
元物
原物
口福
古式
合科
業火
細流
死活
終駅
主題
所定
時習
事由
上地
上知
正定
晴天
西半
全高
前号
台日
茶気
定形
春宮
美文
名医
羊毛
両度
両様
和式
悪意
暗雲
雨天
円筆
円明
園名
開目
漢和
外地
学祭
画板
局部
工運
行雲
黄門
谷頭
合道
終電
主港
手工
商船
所生
受話
自遊
足心
太細
他形
他計
多形
多神
多毛
代車
大理
地銀
中相
中葉
直近
定温
等号
投写
等色
東天
取出
同歩
半夏
風雨
風水
分院
母川
名言
門歯
野岩
遊女
様相
予行
両校
両港
両行
両船
悪事
暗中
文身
駅家
園主
円板
公事
海角
開角
火石
花石
勝手
学行
元正
気息
気速
魚相
空調
軽車
工役
口実
光電
後発
湖面
仕服
写植
社福
終夕
宿題
勝他
新馬
親筆
星天
線外
前院
足力
村落
体言
短波
代八
題名
題目
長打
長毛
定式
鉄橋
鉄工
天馬
年歯
同王
配船
半角
筆力
表意
美大
風向
風林
福神
部首
部族
北曲
名犬
名湯
毛筆
薬名
落花
立命
両州
和犬
和才
医心
雲気
開物
開明
歌神
火神
火進
花神
寒行
間八
学才
楽才
岩高
帰根
気根
宮主
球道
教研
去夏
金板
牛皮
計理
血流
公田
公電
国母
小才
左岸
作庭
死有
出数
春雪
小角
正角
商才
所見
書庫
進見
新秋
新集
深秋
神州
新着
新板
重星
受章
上室
自流
船級
前医
全形
全室
対角
対流
他年
代休
代走
打力
直間
転線
電光
電工
投雪
答練
当話
答話
童画
同族
土足
内事
肉牛
日王
反動
番犬
番茶
筆紙
病相
病体
分生
木台
有休
有礼
洋弓
予後
立春
両色
緑豆
林相
和刀
青石
悪字
漢人
暗期
暗号
暗室
暗部
育毛
委中
院体
右羽
運上
園丁
園庭
王母
大酒
悪寒
海図
会名
階名
寒流
起重
汽船
球根
弓馬
教父
金行
金主
近親
近習
金力
金緑
苦計
形勝
軽油
県会
外題
月休
原麦
原品
原名
校具
公主
工手
行酒
向暑
向日
交直
校門
高門
黒雪
古面
合皮
祭天
作期
写角
社業
社章
写実
車列
集電
終板
週番
秋陽
主教
取集
首題
手板
春寒
消息
食農
白首
進角
真言
神人
真福
神馬
自食
次図
実正
実相
実速
実員
次表
弱点
重土
重役
受光
受礼
上日
神足
水球
頭寒
正号
正数
星図
声息
正着
正中
雪食
線図
先入
船名
全球
全号
全品
前葉
早秋
相動
相同
速球
大守
太主
太守
多心
短弓
調号
通音
通谷
通天
定言
定息
定足
定速
笛音
鉄手
天面
電球
等族
頭皮
同列
内宮
内題
入光
入市
入店
年休
配所
波動
半兄
半足
半速
反足
坂路
麦角
板根
悲運
悲鳴
表式
氷板
悲話
品行
病苦
病名
風速
風来
服色
分期
本題
本毛
母校
毎戸
明意
命運
名園
命言
名勝
名刀
名答
鳴放
名木
面色
毛細
毛湯
聞思
薬理
有感
遊休
有形
有病
油水
用所
葉面
来書
落橋
流体
路外
青雲
青波
赤手
赤点
上馬
秋雲
秋雨
下語
悪運
悪王
悪業
悪月
悪言
悪才
悪子
悪所
悪書
悪食
悪神
悪水
悪雪
悪相
悪男
悪血
悪鳥
悪童
悪道
悪筆
悪病
悪風
悪面
悪友
悪計
悪国
悪根
海人
天社
年魚
有体
暗化
行火
暗行
暗空
暗君
暗血
暗光
暗語
暗主
暗色
暗線
暗点
安分
安立
暗流
暗緑
育草
育友
育林
活魚
意業
委細
石工
石文
医書
医女
市屋
糸竹
犬面
意馬
意表
入相
色身
院宮
院家
院号
院主
引水
院線
引転
音物
院門
引力
受持
雨月
牛車
右室
有心
雨声
羽族
雨読
海馬
右葉
右列
運開
雲海
雲客
雲角
雲外
温気
雲級
雲月
雲合
雲山
運指
雲手
温州
雲上
運数
運炭
運刀
雲入
雲表
運歩
雲文
雲遊
雲林
泳者
泳力
役牛
駅子
駅手
駅商
駅数
駅船
駅丁
駅頭
駅路
会苦
会下
会元
絵図
円外
円球
円教
園区
円月
円口
遠交
遠行
園頭
園数
円村
円読
円皮
園服
円木
円本
円文
園門
遠来
園林
王業
黄玉
王銀
黄血
黄犬
王公
黄光
王号
王親
王水
黄水
王族
黄体
王庭
王弟
王命
王有
王林
横列
大業
屋階
男人
戸外
音階
音学
温顔
音曲
温血
音工
音高
遠国
温習
温色
温食
音字
温石
温点
音転
女男
音板
遠流
会意
海駅
海王
開音
海客
開式
会心
海深
海進
開心
回族
貝玉
開度
海氷
海表
回米
海門
海流
家運
火雲
夏音
下界
角岩
角通
角皮
角筆
水手
家作
歌作
風波
下式
歌数
活水
活人
活神
門前
花肉
家母
皮切
寒雲
漢玉
寒月
寒村
漢族
寒竹
漢竹
間氷
寒木
漢名
漢薬
漢来
寒林
外運
外役
外王
外画
外銀
外区
外言
外合
外心
外水
外族
外転
外発
外皮
外物
外米
外力
外緑
画院
画会
画界
楽学
学室
楽所
楽神
学事
学石
楽想
学知
学店
学頭
学半
学風
学友
楽旅
画工
画号
画才
画商
画色
画女
画題
画帳
学活
学兄
合切
合筆
画道
画筆
画名
画友
岩画
岩上
岩石
岩相
顔相
岩体
元品
岩流
気学
気血
期月
起式
帰宿
帰心
帰神
木竹
気笛
汽笛
木理
帰名
気鳴
客使
客乗
客注
客分
客遊
客来
急雨
休園
球音
急言
急坂
宮室
休出
球春
宮女
級数
級地
休店
宮都
急登
休筆
急病
急歩
球面
宮門
休薬
球友
級友
強運
教王
強音
京学
教学
教行
教区
教具
教外
教式
教主
教場
橋上
教線
強族
教体
京中
強電
京内
教内
橋南
強馬
強皮
橋北
教母
教木
交名
橋名
教門
局外
曲学
局後
局紙
曲集
曲事
曲水
曲直
曲馬
局番
曲風
曲礼
曲路
去月
去秋
去春
去声
去世
去冬
近医
金円
近海
金牛
近業
金毛
金言
近国
近作
近心
金神
金相
近村
金談
金馬
金波
金分
金文
金風
近歩
近来
近流
牛化
牛角
牛形
牛後
牛耳
牛刀
牛馬
牛歩
行学
行実
行住
行数
業通
行服
行力
行礼
玉音
玉花
玉顔
玉室
玉車
玉体
玉代
玉池
玉笛
玉頭
玉歩
玉門
玉葉
魚形
魚数
魚族
魚体
魚鳥
魚田
魚道
魚肉
魚板
魚皮
魚病
魚服
魚味
魚文
魚油
銀漢
銀山
銀糸
銀主
銀地
銀子
銀線
銀台
銀笛
銀頭
銀白
銀歯
銀馬
銀板
銀筆
銀皮
銀緑
空海
空行
空谷
空後
空山
空相
空心
空自
空石
空走
空名
空理
空力
空林
苦役
区会
苦海
口決
口業
草屋
苦受
薬代
区点
苦肉
国本
公方
公役
黒油
黒炭
君学
君公
君国
君親
君長
君王
君父
君命
具注
形局
形神
軽打
計帳
軽重
軽風
計面
化外
化主
化身
花池
化鳥
血球
血相
血中
血風
血雨
血族
決明
血友
見台
犬肉
犬馬
犬皮
県木
研北
見面
県有
外京
夏行
外宮
下血
下国
下足
月界
月商
月色
月食
月神
月夕
月央
月図
月台
月名
月明
月林
外道
下人
下薬
原意
言意
言外
原岩
原魚
元号
言者
原水
原図
原石
原体
原炭
原注
原虫
原電
原肉
原板
原表
原皮
言表
原味
原毛
原薬
言路
原話
小家
公王
公海
高家
向春
後生
黄石
黄肉
公病
向米
広本
校本
後面
古駅
古音
湖海
古曲
湖魚
国安
黒暗
国意
国記
国号
国章
国事
国字
国図
国電
国都
黒肉
国年
黒表
黒曜
古形
湖月
古言
古社
古酒
戸主
古昔
湖川
古相
古茶
古注
戸長
国漢
黒球
国金
古年
古筆
古方
古名
古流
根音
今局
根出
根毛
合界
号外
業苦
合谷
合字
号笛
合転
業風
合名
合薬
語根
後号
語業
牛主
午食
牛頭
語族
語長
語問
言中
近門
西院
才学
西客
祭具
細作
祭室
祭主
祭酒
才人
祭神
細太
細動
細馬
才筆
細筆
祭服
才物
細毛
左羽
作音
作手
作食
作事
作題
作土
作人
作毛
作問
作礼
作話
左近
左室
左社
左直
左表
茶礼
山雨
山雲
山月
山茶
山色
山体
指帰
色界
色感
式楽
色光
色食
色神
式日
色弱
色相
式台
色代
色度
色道
式服
式部
式文
色名
色面
式目
指月
歯根
糸根
詩酒
子実
市水
止水
室員
室温
室数
室名
指頭
死肉
指板
歯板
死番
始筆
紙筆
死病
詩風
指北
市門
死門
社運
社屋
社号
車室
車重
社数
写図
車速
社日
社人
車番
社風
写本
写野
写友
社友
社有
社用
車力
集王
集音
州花
州外
習気
集魚
拾玉
集古
終車
週数
集村
集題
終発
終筆
秋分
秋夜
終夜
終油
秋夕
秋林
主音
主家
酒化
酒家
首級
主局
宿悪
宿意
宿院
宿雨
宿運
宿王
宿外
宿学
宿業
宿所
宿神
宿世
宿村
宿道
宿内
宿年
宿母
宿曜
手具
守戸
守国
主根
手根
主室
主神
守心
酒心
酒神
主日
酒数
主知
酒池
宿根
出車
出息
出音
出銀
出自
出母
出門
出用
主島
酒肉
主筆
手筆
主品
酒品
主病
首服
主部
首部
主文
守文
酒母
主木
主馬
主夜
酒友
守礼
春温
春化
春歌
春画
春月
春光
春色
春昼
春天
春分
春本
春遊
春陽
小医
小委
勝運
商運
小円
消音
小工
少実
小組
勝着
小弟
少弟
商道
商農
小農
消波
正物
章目
勝楽
商流
小流
正流
書屋
書画
所外
書外
書学
食医
食原
植食
食人
食神
植相
食草
食台
食鳥
食通
植福
食服
植列
所化
所言
書語
食客
書板
書筆
書美
書風
所部
書目
所役
書流
書林
白雲
白玉
白土
白面
調役
歯列
白油
白皮
白頭
白炭
白点
白花
新院
進運
新駅
新円
真円
心黄
新王
深温
新客
神牛
親魚
新銀
神君
心血
心月
新月
心原
神言
神式
真数
身肉
深発
深部
新風
真風
親米
親北
新味
真味
親明
心目
進物
神問
神文
神門
親油
深流
寺運
時運
次駅
地黄
時王
直弟
直門
次客
自強
時局
自局
寺家
時人
地玉
実教
実根
実者
実車
実竹
実悪
実意
実有
実学
実語
実事
実字
実打
実大
実年
実売
実部
実妹
実名
実話
自読
時風
事物
持明
耳目
地物
次問
自門
弱声
弱肉
弱風
弱形
弱行
弱国
持薬
受育
住屋
住家
重科
重感
重金
重軽
住血
重言
重根
住室
重水
重調
重電
住都
重農
重病
重列
受感
入内
受田
受動
受肉
入木
上音
乗具
上宮
上計
上古
定業
上首
上長
上白
上分
上聞
上歩
上米
定命
上命
上列
女花
助業
助祭
女色
助炭
女短
女筆
女服
時様
次葉
自用
自落
次列
人牛
人血
人言
人才
人車
神水
人毛
人流
水運
水界
水宮
水曲
水牛
水銀
水研
水字
水石
水速
水天
水波
水馬
水筆
水明
水楽
数行
数町
数表
数目
数列
数息
図学
図根
図色
図帳
頭風
図名
星雨
晴雨
星雲
西学
青玉
正銀
生谷
青黒
星主
世出
正出
晴日
青女
正切
生着
正丁
青白
正番
星表
青氷
星夜
西旅
星林
青林
星列
赤雲
石化
赤海
石画
赤球
赤県
赤黄
赤心
昔時
石人
石地
石竹
石中
石柱
昔年
石馬
石板
石筆
石風
赤方
石門
赤緑
石林
石列
世才
世事
世上
世数
世相
石火
雪花
石球
赤血
赤黒
切歯
切所
雪中
雪柱
雪白
雪氷
雪風
雪原
雪後
雪上
雪庭
雪皮
雪夜
雪里
世道
世福
船運
先王
先回
線画
先学
先君
先号
先書
先度
先負
線分
線名
線毛
船列
全円
全音
全顔
前岸
全級
前急
全銀
全血
全山
前室
前時
全数
全図
前図
全中
前注
全波
前表
全問
前問
前門
前路
相悪
草画
早強
草魚
相銀
草炭
送入
相人
早年
送筆
相分
草本
送油
速算
足食
息女
息男
速筆
足歩
足根
村医
村寺
村数
村童
村道
村名
村有
村立
族長
族名
族葉
大運
対月
対合
大全
対南
台農
大白
太白
対物
対明
体毛
大礼
大練
田面
多血
他作
他山
他室
他州
多色
他船
多線
他族
立毛
多調
多肉
多売
他筆
他品
他風
他物
多歩
他本
他力
他流
足玉
短角
短急
短形
短見
炭庫
短才
炭車
短章
短日
炭住
短息
短足
炭柱
短柱
炭田
短命
短毛
題意
台板
大院
大雲
大円
大遠
台下
題画
題号
台皿
代配
大悲
代品
代返
大北
打通
打面
男王
男工
男身
談理
知育
地運
地役
地温
竹園
竹紙
竹炭
竹頭
竹皮
竹筆
竹木
竹門
竹葉
知者
知州
知足
竹根
地丁
地鉄
知日
地番
地文
知分
知米
地歩
池北
地母
池面
地目
茶園
茶金
着外
着車
着数
着点
着肉
着発
着氷
茶書
茶商
茶通
茶庭
茶味
茶名
中有
中温
注音
中業
中銀
虫具
柱式
中秋
中書
中水
柱石
中線
中農
中波
中北
注本
中馬
柱面
中薬
注薬
柱列
知友
鳥雲
長円
調活
帳外
町外
長弓
長近
長君
長元
長祭
朝三
長日
調速
長足
長柱
帳面
長頭
町道
丁半
朝米
町木
町有
直員
直音
直受
直生
直長
直投
直登
直配
直方
直毛
直用
直列
直路
直根
追感
追行
追号
追福
通意
通運
通役
通級
通研
通言
通日
通数
通線
通船
通直
通道
通板
土神
弟王
定係
弟兄
定見
定線
定船
庭前
定分
定文
定本
定理
鉄球
鉄血
鉄相
鉄心
鉄石
鉄地
鉄柱
鉄刀
鉄筆
鉄絵
鉄丸
鉄魚
鉄山
鉄水
鉄部
鉄北
鉄木
鉄門
鉄路
天意
天板
天運
天円
転園
転遠
転音
点画
天楽
天顔
天宮
天空
天庫
転語
転合
天助
天人
天水
点水
転図
転想
転相
点茶
天中
天柱
点注
転注
天耳
天女
点鼻
天物
天味
天目
点薬
天来
点立
点列
天路
電界
電画
電業
電空
田根
電算
電植
電食
電弱
田数
電着
電点
田土
田皮
電文
田野
当駅
等温
頭音
東学
東去
当家
当犬
登研
当月
当色
等式
冬春
当住
冬虫
頭中
頭注
東庭
当土
東土
頭肉
等倍
刀筆
頭毛
湯問
答問
当薬
頭薬
当来
当落
当流
投力
刀礼
当路
登路
都外
都門
同角
同金
同玉
同君
道君
同宮
同根
同号
同言
同式
同着
動電
同筆
道服
同母
動毛
同門
同役
同薬
同友
童遊
道友
道用
道力
土運
土音
土語
度生
土人
土対
土長
読会
土馬
内意
内院
内運
内温
内局
内区
内空
内君
内言
内湖
内合
内室
内水
内台
内鉄
内反
内薬
内話
名代
南院
南園
南学
南岸
南湖
南人
南庭
南門
南流
苦茶
肉界
肉球
肉交
肉根
肉代
肉池
肉柱
肉筆
肉林
日語
日食
日人
日歯
日神
日直
入気
入客
入級
入玉
入祭
入神
入息
入刀
入文
女根
女肉
年運
年級
農育
農会
農牛
農具
農戸
農書
農住
農神
農電
農馬
農本
野草
配意
配球
配光
配向
白雨
白顔
白道
白肉
白麦
白明
白羊
白話
発赤
発引
発駅
発頭
発語
発馬
発毛
波面
波力
半金
半玉
半言
半国
半作
反三
半切
反切
半肉
半麦
半白
半風
半平
半歩
半文
半役
半遊
半里
反立
半両
倍角
買魚
売血
売国
売茶
売山
貝子
買首
売色
売船
売炭
倍大
売電
買電
売品
売文
売名
貝母
売薬
買油
貝葉
馬牛
麦雨
馬耳
馬正
馬前
馬足
馬速
馬体
馬着
馬丁
馬頭
馬肉
馬皮
馬名
番太
番役
悲引
悲曲
悲秋
悲色
筆下
筆才
筆生
筆線
筆体
筆調
筆意
羊肉
筆道
筆木
筆名
筆路
悲田
皮内
悲風
皮毛
氷温
表音
氷海
表外
氷球
表見
表号
氷山
平声
表章
氷食
表色
氷心
氷人
氷雪
氷土
表土
表内
氷風
氷野
表流
品温
美育
美顔
美犬
美言
鼻根
美神
美身
鼻心
美事
美水
美石
美想
美田
美童
鼻道
美肉
美風
美服
美物
美名
白緑
病家
病牛
病魚
病根
病者
病身
秒時
病前
秒速
病鳥
病馬
病父
病母
父音
風教
風橋
風月
風色
風声
風前
風体
風笛
風刀
風話
福運
福家
福者
福茶
福分
福北
負数
負名
分速
分秒
部室
物交
物力
部面
文運
分画
文外
分局
文金
分木
分区
分根
分室
分社
文人
分相
文草
分店
分点
分島
文頭
分度
文物
分服
分福
文福
分米
分力
文礼
文話
平温
平音
平角
平元
平曲
平作
平進
平水
平頭
平波
返球
返書
返電
反鼻
米語
米式
米商
米西
米道
米日
米名
米銀
方音
方金
放血
方広
方図
放線
方筆
放物
方木
放楽
放列
方路
北院
北音
北画
北岸
北七
北守
北雪
北走
北足
北庭
北天
北転
北馬
歩車
北帰
北家
北湖
北行
歩様
本起
本宮
本地
本図
本草
本病
本品
本面
本様
本話
母貝
母岩
木牛
木主
木石
母原
母公
母港
母神
歩荷
木強
母店
母父
母名
毎期
毎号
毎食
毎時
毎次
毎代
妹弟
毎筆
毎葉
真顔
馬店
緑葉
名記
明行
命根
名号
明春
命終
明星
明頭
明年
名聞
明門
明夜
明楽
明式
明笛
明服
名運
名玉
明玉
名君
明君
明決
名月
名語
命式
名車
名宿
明色
名神
名数
命数
明線
名走
名族
名鳥
鳴鳥
名笛
名筆
名薬
命友
名流
面感
面外
面向
面心
面朝
面部
面門
毛根
毛母
毛様
木階
木魚
木業
木玉
木人
木船
木中
木鉄
目読
木皮
木部
木本
目名
木毛
木門
木活
木球
木橋
目今
物相
門院
門客
門主
門神
門数
門地
門頭
問話
門内
門番
問名
問目
門流
夜雨
夜会
野客
夜学
夜曲
薬医
薬園
薬王
薬室
薬酒
薬商
薬水
薬石
薬大
薬茶
薬中
薬帳
役分
薬方
薬用
薬力
薬礼
野乗
夜前
夜想
夜走
夜直
役金
夜天
野店
野白
夜分
遊客
遊金
遊君
遊具
有言
有取
有実
遊直
遊動
遊農
有配
右筆
右文
遊楽
夕練
雪虫
遊山
油送
油田
油土
油母
油面
陽運
葉温
洋客
洋銀
陽月
陽根
洋算
洋室
洋酒
陽守
陽春
葉身
葉重
陽数
洋刀
羊頭
陽動
葉肉
洋白
羊皮
用筆
陽物
洋本
用木
葉油
葉理
葉緑
陽和
予研
予章
予対
予表
来意
来京
来県
来光
来行
礼紙
来室
来船
来電
来服
来由
落書
落月
楽酒
落首
楽食
落日
楽受
落重
落水
落想
落速
落体
落丁
楽土
落木
楽友
楽遊
落去
理外
力役
力感
力気
力投
里家
里合
立県
立秋
立冬
立刀
立牛
立面
里道
流雲
流音
流感
流血
流言
流心
流身
流速
流読
流馬
流氷
流風
立米
流理
流路
両王
両音
両牛
両区
両君
両宮
両語
両山
両宿
両女
両水
両図
両全
両部
両役
両流
旅銀
緑黄
緑玉
緑黒
緑酒
緑書
緑心
緑住
緑水
緑石
緑草
緑竹
緑柱
緑土
緑風
緑門
緑遊
緑林
旅宿
旅次
旅上
旅中
旅遊
理力
理路
林外
林学
林研
林下
林住
林中
林長
林分
林力
流記
流所
流来
礼意
礼楽
礼教
礼者
礼電
礼物
列国
列世
列星
列石
列柱
列福
列王
列外
列語
列女
列数
列線
列代
列長
列番
列名
列和
練気
練炭
練鉄
路温
路銀
緑青
路車
路次
路村
路頭
路用
和学
和算
和習
和書
和船
和炭
和鉄
和方
和本
和薬
秋色
言分
入船
有相
横流
海区
回流
外字
外耳
元三
汽水
局方
金工
区章
黒鳥
黒緑
化地
月内
公取
黄道
国朝
国鳥
式事
式次
実記
上作
水流
正員
正院
世路
全回
対間
他日
題言
地集
中音
中外
天南
当館
当体
土道
南三
入川
農研
配員
品流
分館
文間
本円
野人
谷地
遊走
葉部
両重
緑光
会者
角上
活路
外教
玉山
魚食
銀波
月来
工品
小電
車馬
集品
小知
消流
心音
新図
神都
自今
自根
字中
寺中
次注
自注
船医
全書
草頭
送湯
打高
池水
同文
本知
薬研
理分
流雪
後身
音表
歌友
外事
画図
近聞
古楽
語調
才知
子母
地頭
耳具
弱電
世局
声中
定体
日運
半知
明後
明界
門道
力動
理大
雨温
曲池
毛見
語字
市銀
市上
室礼
生者
生知
世人
地気
通人
当村
頭内
部名
文研
用人
原病
黒点
小局
小曲
書作
女体
他世
多声
等活
物上
山町
用作
寒温
感音
漢音
気水
実調
実長
図工
声風
当年
年子
本代
野音
有時
里正
客月
角食
楽人
局員
交線
工船
国力
小問
相門
上気
前名
太多
対他
大流
知歯
平出
雲中
楽理
計表
県魚
原母
合子
勝地
人界
水都
頭光
大決
地本
日内
入出
配下
分都
矢線
洋楽
花林
館主
行気
行業
古色
食指
図様
長流
等黄
学人
強国
橋両
食思
水月
晴球
正球
長物
電発
肉感
筆画
明点
安山
会内
曲想
習字
人面
走馬
両刀
事相
自相
用金
円安
金山
苦土
市長
出行
長古
理国
風気
黒線
正作
図画
先知
上頭
日配
白文
美林
外売
帰所
線区
大進
調本
中休
物化
部落
平生
古期
古記
水村
全家
県農
湖心
酒名
前行
人集
前古
体大
地学
中力
手役
強食
下知
商時
走化
池心
知心
知新
道都
日台
北朝
海気
外界
週次
商館
新雪
本流
画科
画中
高二
国守
国手
少細
暑中
冬夜
明光
面内
小石
細雨
知人
倍化
空都
少時
深度
中数
定点
点者
東名
番長
学農
古学
神品
文事
悪日
気温
見地
茶紙
使命
新家
新発
内行
花畑
風池
本金
陽声
陽生
市庭
感温
真作
線虫
後出
石頭
院本
新館
心土
身土
進度
有毛
行間
細君
色調
会日
県土
勝局
立庭
開村
定者
庭上
風通
漢代
声聞
歩数
学級
光速
高足
両文
円上
間者
商相
少小
真相
全知
読後
文数
外市
外紙
楽音
期央
算命
死命
紙名
紙面
送風
内楽
方円
山相
心想
新相
神想
神草
進相
大区
天命
本村
光力
公力
主業
心行
対語
半天
寒波
県地
西遊
少室
手落
南都
話速
学理
湖水
才気
商会
商界
畑作
神童
童心
新役
神役
女医
湖上
短打
道心
名庭
明定
県南
星間
横指
黄紙
外聞
間知
心間
神感
人外
南家
医道
社前
人知
和語
同和
日字
原油
科人
強心
鳥人
土科
神子
昔話
名店
天王
黒目
実理
業者
原地
原調
庫平
大度
島名
同左
左足
帰線
小板
書字
定日
弱起
多語
竹工
洋学
会院
海員
心電
新田
親電
実定
実弟
石刀
体長
中度
局相
作物
高根
北子
本会
気運
時相
声区
道家
星学
船客
長風
農作
放生
楽事
歌才
着駅
父兄
方外
京地
員中
左院
等電
内声
両京
外光
外港
外向
市章
紙商
詩章
洋語
大事
両島
両頭
駅館
大光
対光
童話
南路
開都
強者
当山
音間
当今
南船
国大
古馬
持平
道話
海国
相等
悪手
大公
原流
業病
歯面
船数
門生
列火
画集
動学
日来
本院
見出
医界
体様
起点
雪寒
冬上
登上
畑道
平服
秋思
正米
中次
日外
人科
図絵
方里
夕顔
火車
身外
下列
急使
兄姉
商都
知見
中分
本作
数学
同橋
根皮
青草
生草
西走
地神
文思
文詩
家用
方土
館外
曲間
電路
帰庫
決死
当世
集線
頭声
夏冬
引合
用土
声調
正調
全羽
立市
他感
部練
学童
近体
東日
植物
金帰
林区
神橋
石勝
船速
同都
古米
社地
人本
夏雨
花雨
見神
台子
気転
耳下
自歌
自火
走路
長気
同教
分波
両地
海先
食時
水行
水光
水工
開気
外記
体用
手合
会行
大身
前章
体心
赤丸
形名
外気
京図
月前
小犬
集光
和言
火線
全車
前車
母方
本員
交点
光点
後転
高点
地消
中味
学同
地商
本生
行先
海台
開大
開題
湖西
神父
登園
動線
同線
打聞
起電
長音
点目
国主
全科
年画
秒数
赤味
悪漢
名工
入水
早天
手下
手立
悪世
高地
線内
大行
内円
詩意
白水
新教
他生
左口
本字
本寺
画家
子牛
星空
本時
火土
火度
外方
湖口
神算
方向
家君
上用
相通
天分
天聞
分体
下図
新品
画線
根部
歌音
口才
高才
小寒
消間
角力
酒手
全消
大死
予土
新車
農林
歩度
画間
天守
教組
左右
体調
天主
取立
内港
半田
外院
学名
切字
島外
米人
新古
書中
原酒
食虫
上使
上死
赤白
気相
市都
死都
洋風
受口
上家
形作
多元
医原
黄線
空路
売行
姉兄
死計
詩形
人地
馬具
画業
口部
習作
人相
小事
馬飲
面上
身根
先出
内国
有楽
紙魚
小球
重用
早計
島列
日朝
主屋
母家
進取
知母
馬歩
新主
新酒
身首
登遊
表紙
高見
相使
相思
相土
人後
人語
暑寒
電柱
花路
原速
外船
業体
所感
号音
下見
住工
重光
切線
雪線
右院
大鳥
帰都
歯石
同中
本市
表作
山駅
矢石
小都
神今
音頭
海村
楽弓
原字
西部
北界
山名
上葉
金口
合力
自乗
島部
相方
知力
反歌
全速
文題
火点
茶入
日光
花形
全入
新本
雪女
今式
社交
車行
有線
主館
小室
分習
仕組
短文
全地
美感
家計
行年
品名
光火
校歌
高歌
大病
他社
立入
板上
夕市
風見
小路
小春
足取
黄顔
回春
礼部
員外
他聞
口耳
工字
後事
国数
日文
医用
委陽
同家
半開
反回
部下
下注
歌中
花柱
花虫
死中
詩注
当地
内庭
正見
虫歯
化学
市名
昼夜
才色
半顔
本山
息子
後図
港都
商社
次弟
前人
遊船
勝者
社家
赤青
院中
前王
章魚
朝顔
京花
地車
夜目
行歩
後下
国文
本立
天外
悪路
球形
上下
小社
高調
小文
茶話
役馬
海上
犬声
内調
回帰
気音
実館
分知
水虫
有業
少林
所行
直電
下名
家名
花名
花明
雲間
定石
先口
長身
分間
目近
悪天
気重
神出
身元
真画
黄鳥
祭日
終始
多島
目上
読心
反実
重荷
多頭
短音
両気
市部
持出
洋医
海運
西海
秋実
秋日
週日
女高
内方
年時
冬場
庫内
戸内
古里
会古
家相
外分
上品
油紙
高原
港長
取組
交波
光波
終章
内実
発地
半商
名歌
下生
家兄
薬品
近世
思文
死文
詩文
反物
開運
勝算
回運
後代
日時
行場
転部
区部
形色
他事
多事
横書
時服
自服
上書
当面
金晴
金青
中店
明度
力車
足首
草根
子指
章京
自室
寺主
他国
波高
県人
女身
名石
弓部
古道
田地
名下
名花
雨花
次室
長秋
寺社
空屋
名文
日進
市県
書式
自車
鉄面
青虫
広間
原生
整音
正音
台紙
字音
大暑
大姉
大指
題詩
波線
社研
同血
岩山
大内
重音
風土
紙業
詩業
詩行
西電
大寒
行来
空文
水様
目薬
足場
心思
新詩
神使
進止
商大
昭代
章台
上中
鉄人
原由
朝見
金運
理科
同走
洋品
山号
取調
日用
客船
表高
飲物
下元
板本
和紙
見番
道童
次兄
公自
両形
後書
道台
赤身
切下
山水
赤道
花事
光画
都校
外山
悲調
夜気
野気
会員
手元
旅先
小波
細波
体形
手口
見聞
画上
手話
悪女
工数
白物
人君
南寺
流人
反化
世知
手聞
毎家
苦鳴
反歩
角化
教部
書院
刀工
当校
投光
投高
東幸
東校
登高
来春
全食
他業
地決
当行
深味
文意
花実
首根
原野
光度
公度
広土
黒青
西線
左記
炭色
等高
洋薬
家道
歌道
火道
人代
有向
日東
友交
対内
川岸
県北
天下
丸顔
会記
中全
帳下
朝家
町花
長夏
口角
自形
正字
教会
水理
立金
新知
神地
神知
他門
工科
同対
童体
夏場
町角
山宮
東高
心気
新期
真気
神気
神起
馬主
手上
商高
分注
売場
雲母
正西
主水
後口
点前
返事
外公
社級
木耳
所出
両教
明暗
始線
死線
動地
来車
対答
木箱
死期
主事
火柱
言声
通時
昔日
石道
会式
大国
火花
遊魚
他書
通事
林家
長鼻
行走
場中
海内
人定
目元
分場
売子
駅間
魚場
県長
図化
同作
歌番
先番
主上
気口
習風
地公
年中
新日
右方
国色
自主
岩屋
赤実
全区
速度
男親
写字
社寺
商港
少校
相公
青光
生面
青面
分母
口火
正時
本教
薬戸
馬子
全館
美声
仕切
農期
立夏
歩道
生国
土階
元朝
上声
上星
船長
有意
後根
新紙
店外
持主
対世
調度
追物
工員
公図
文集
頭外
和上
車間
点取
西日
交角
広角
後角
行客
島国
息気
行員
州名
秋明
主命
正油
代船
台船
追送
鼻血
合方
新都
線数
仕立
竹取
肉入
火元
大車
下山
体表
後光
等外
花水
局車
東半
土公
気柱
京外
新植
切地
当夜
死目
同話
祭火
物神
動体
医長
商取
新色
神色
開市
空電
古集
集住
岩場
公家
山島
山頭
魚人
人荷
大山
秋空
王都
息物
月花
小山
正受
北地
国運
中世
名人
園池
草花
雲行
大実
月下
山海
動気
同気
鳥皮
里長
鳥足
親指
動意
農外
両間
両館
歌会
下階
事主
先代
道着
日明
下集
草地
黒豆
道教
知合
冬物
平場
持運
会子
平時
波間
美談
山羊
山波
行者
下水
名水
船台
知事
社中
軽石
山野
左目
赤光
京福
院子
行書
心持
大明
角回
頭形
空身
買入
局間
仕草
記音
首元
死苦
時化
食分
身皮
上行
山林
中前
西洋
後車
鉄線
図記
力線
先人
早死
店員
天父
用役
新京
上天
土形
字画
毛虫
始期
台屋
宿代
上戸
前業
天声
天青
行手
門戸
入子
毛皮
平西
本青
羊水
酒客
金商
金消
金章
体上
用度
国地
真横
有部
仕上
口車
小橋
章中
見晴
湯屋
青魚
道学
日米
里人
両花
温陽
海星
親柱
山寺
色里
草生
新体
糸口
今体
犬歯
引金
引鉄
酒場
鉄色
深見
色味
黒船
待受
月柱
取下
古家
赤花
乗数
新緑
事上
身力
売人
山場
洋紙
羊子
古屋
紙屋
神代
上市
玉虫
同寺
青物
負風
交感
向寒
本門
真上
両等
悪感
引当
水音
入部
近時
練度
神薬
地人
切味
下屋
海牛
火食
左方
毛物
館長
雨音
学界
業力
酒道
心内
福助
光色
馬歯
黒皮
血行
文台
目鼻
夜道
西南
風上
内所
大箱
整水
目下
聞耳
坂下
上世
鼻面
円顔
丸味
山鳥
語注
寒気
里親
実感
助教
詩曲
工区
下着
表通
家持
天道
天動
転動
回章
海商
海相
同銀
同次
平語
大入
読本
見習
海市
少雨
体化
島船
他院
多飲
直入
天童
石面
出前
童女
家船
高大
知県
遠目
後味
雨戸
下院
緑物
飲水
毛色
取決
矢切
歯科
女物
丁子
町次
立会
全期
長旅
西陽
見通
聞手
住区
女院
有金
下死
歌詩
小物
対円
乗合
内生
平手
小花
外目
細雪
川原
昼食
右前
小手
野羊
男手
大長
前神
正語
湯飲
夜店
表耳
空豆
真子
水指
親心
工学
温湯
川州
後天
年代
人出
根曲
北線
目頭
炭火
中子
章草
大半
旅話
音数
草色
乗物
本書
町間
赤玉
天豆
大店
書箱
宿屋
礼式
上反
黄葉
指事
思路
歯車
船旅
青息
音列
声歌
年期
中人
中和
目高
山間
明文
近事
町長
名家
女心
坂道
人目
買主
黄味
真正
草紙
回文
真意
同紙
羽音
古川
新意
深意
神意
心下
心火
神歌
神火
地毛
自毛
流者
歯形
申立
雪明
急足
王事
王地
白毛
赤土
冬海
島回
乗場
体鳴
大命
発心
赤毛
切目
間口
船上
草子
引分
湯水
大部
足湯
聞物
米所
根本
時角
子守
深酒
雨着
心学
水物
切通
仕入
旅路
箱物
元売
矢来
黄丸
岩根
石根
曲調
口取
丸身
見返
大島
金元
木守
小鼻
所業
天心
天真
点心
中指
水係
指先
上糸
先物
歯止
雨女
聞集
頭語
引落
雨風
色合
男湯
湯女
野山
星宿
近場
和光
色見
男神
小顔
新内
見所
親玉
黒五
小魚
立羽
土筆
出足
矢場
売物
歌行
切売
苦界
流物
湯気
漢詩
本問
持前
女湯
葉形
本事
夕立
読物
書立
切口
早月
空耳
上口
登口
葉色
箱屋
真前
板紙
生首
半姉
半死
反思
真心
見直
受身
打手
早足
安売
葉物
店先
山女
来週
風下
小者
白波
道線
両馬
悪者
兄神
海組
大目
行文
高文
小根
指物
球数
農学
花祭
星祭
階調
小鳥
前玉
足業
中庭
波音
入歯
重味
聞書
古顔
小人
村会
寺子
根切
羽車
目先
石切
空箱
練物
葉音
細身
何駅
神主
口笛
小箱
品数
白酒
年玉
花平
青鼻
足手
思入
細目
社主
中落
曲角
夕波
顔立
切身
木雨
速歩
速足
守神
持物
後玉
売手
空売
黒子
仕手
手持
庭木
葉数
母心
星草
持味
屋根
山守
足指
打身
貝柱
北池
寒空
新社
外回
強味
強身
家主
足毛
草分
薬指
心根
羽色
東屋
楽界
切子
国作
手品
歯黒
筆箱
山組
受手
上皿
神鳥
木組
草取
下坂
小丸
申年
空組
力持
強火
取口
名親
流矢
庭先
野点
葉竹
花入
晴間
氷木
細面
丸目
持高
持場
湯船
読手
秋味
岩角
馬乗
売主
負目
大皿
教草
語口
語物
勝組
金切
組子
毛引
広野
小玉
外足
力業
月読
手明
手玉
手船
野道
引波
人玉
筆先
船人
間取
身空
耳鳴
物指
横笛
弱火
間着
合口
相口
合竹
相物
相宿
文色
和物
青足
青馬
青海
青皮
青貝
青首
青組
青毛
青竹
青土
青箱
青羽
青火
青豆
青丸
青水
青麦
青屋
青矢
赤糸
赤犬
赤魚
赤馬
赤貝
赤紙
赤皮
赤組
赤車
赤米
赤月
赤野
赤箱
赤鼻
赤火
赤星
赤豆
赤水
赤耳
赤虫
赤女
赤目
県主
県守
秋上
秋歌
秋顔
秋草
秋口
秋寒
空皿
秋高
商内
商場
秋夏
秋晴
秋物
木通
通草
上板
朝風
朝北
朝雲
朝酒
朝寒
朝空
朝湯
足板
足形
足切
足組
悪様
足白
足高
足半
足引
足太
味所
味女
東歌
東男
東女
東路
東道
遊部
頭虫
当身
後入
後祭
兄宮
姉神
姉羽
油草
油薬
油気
油子
油取
油火
油魚
油物
油屋
雨間
雨足
雨落
雨神
雨気
雨空
雨宿
雨夜
雨男
歩板
新身
新湯
有合
家犬
家形
家神
家着
家童
魚止
息声
池庭
活花
石音
石数
石貝
石組
石坂
石皿
石豆
石宮
石持
石宿
石湯
石弓
板石
板頭
板組
板子
板皿
板戸
板場
板引
板前
板屋
市正
市日
市祭
糸入
糸方
糸切
糸車
糸雨
糸玉
糸場
糸引
糸目
犬顔
犬死
犬族
犬玉
犬友
犬走
犬笛
犬屋
命毛
命長
今方
妹山
入海
入日
入身
入目
色遊
色石
色板
色糸
色男
色女
色数
色形
色気
色事
色止
色音
色話
色町
色水
色虫
色物
石角
岩川
岩木
岩組
岩面
岩橋
石笛
岩間
岩道
岩虫
岩室
植代
植手
植人
魚心
魚直
魚荷
魚見
受売
受木
受皿
受流
受箱
牛女
牛方
牛顔
牛玉
牛屋
後戸
後前
後矢
後指
歌入
歌切
歌口
歌心
歌主
歌女
歌読
打音
打交
内書
打刀
内神
打切
打消
打荷
打橋
内箱
打豆
内店
打目
打物
内湯
空木
海坂
海界
生毛
生土
馬市
馬追
馬長
馬方
馬貝
馬顔
馬形
味酒
馬指
石女
馬面
午時
午年
馬柱
海色
海暗
海幸
海鳴
海虫
売家
売口
売声
売立
上風
上紙
上毛
上土
上荷
表荷
上前
上町
上身
雲形
遠近
負方
追金
横道
横木
大赤
大足
大池
大犬
大歌
大馬
大顔
大首
大玉
大夏
大波
大鼻
大引
大筆
大星
大水
大耳
大麦
大湯
送物
小車
男心
食国
落魚
落人
落口
弟風
弟神
弟宮
弟切
男岩
男歌
男方
男車
男坂
男道
男持
音取
男波
主皿
重立
面立
表歌
表方
表書
表着
表口
表店
表戸
表名
表庭
表町
表目
面長
重湯
親犬
親牛
親馬
親神
親木
親雲
親里
親竹
親面
親鳥
親船
親本
女岩
女歌
女親
女顔
女気
女組
女車
女坂
女島
女文
女宮
女持
女童
買板
買次
買回
火雨
反角
顔形
顔毛
顔先
顔白
部曲
風足
風音
風待
風祭
花車
花心
夏時
数取
数物
風草
風知
風玉
花草
形板
刀屋
語草
語手
語部
勝車
歩立
勝星
勝味
勝身
勝虫
角石
門口
門田
門火
角店
金貝
金頭
金気
鉄気
金売
神有
神池
紙入
紙女
神口
紙子
紙皿
紙玉
紙箱
紙橋
紙笛
神虫
神業
通箱
空足
空池
空馬
空買
漢心
漢意
空橋
空畑
空船
軽子
軽市
軽業
川魚
川音
川風
川竹
川止
川波
川柱
川開
川道
川港
川虫
皮目
神立
黄赤
木板
生糸
木表
聞方
聞酒
聞所
生酒
木皿
北角
北組
切先
木取
後朝
木柱
木鼻
黄花
生平
木笛
客波
木弓
切石
切形
切紙
切金
切岸
切炭
切立
切取
切戸
切羽
切畑
切花
切火
切水
切店
切麦
切長
近火
玉手
玉章
玉石
草市
草入
草軽
草葉
草笛
草道
草矢
薬玉
薬売
薬箱
曲者
下文
口合
口足
口書
口金
口薬
口先
口下
口白
口広
口開
口太
口細
口前
口女
国表
国神
地社
国引
国祭
国持
首板
首落
首先
首下
首引
首祭
首屋
首横
組糸
組歌
組打
組頭
組木
組下
組手
組外
組物
雲足
雲紙
雲路
雲取
雲鳥
車牛
車男
車戸
車宿
黒赤
黒池
黒糸
黒犬
黒岩
黒牛
黒歌
黒馬
黒女
黒貝
黒玉
黒血
黒手
黒戸
黒苦
黒箱
黒服
黒麦
黒物
黒楽
毛足
毛先
消口
消炭
毛玉
毛球
毛流
月宮
元歌
小足
小息
神指
高手
小歌
高話
小男
小面
氷箱
氷水
小女
小風
子方
小貝
子神
小君
心組
心待
小皿
古寺
小柱
小力
事書
言問
小半
小庭
子羊
小羊
小筆
古物
小前
子耳
小耳
小虫
米場
米虫
強面
強紙
小童
強弓
幸先
細石
界路
魚皿
魚箱
酒波
酒荷
酒船
酒楽
酒室
月代
先糸
先買
先箱
先太
先細
前山
酒組
指金
指分
里方
里川
里心
里田
里宮
里雪
里回
左馬
寒夜
白湯
皿板
皿数
皿形
山気
山人
山草
死花
仕口
下味
下板
下糸
下木
下取
下歯
下羽
下葉
下左
下火
下引
下前
下右
下目
下読
品玉
科戸
死顔
死金
死神
死口
死首
死時
死水
東雲
島歌
島酒
島宮
島守
下仕
下湯
曲見
宿主
守宮
手刀
小火
正目
白糸
白魚
白声
白太
白歯
白羽
調車
白事
白者
白息
白犬
白組
白皿
白練
白箱
白場
白豆
真草
弱音
上船
水草
水柱
水薬
助船
炭馬
角木
角水
炭取
炭屋
州元
生魚
昔人
雪路
前書
早出
外表
外書
外庭
外箱
外開
外町
外湯
園守
冬青
空合
空色
空様
空音
空目
反橋
反身
田主
平貝
田歌
田打
高草
高鳴
高歯
高持
田草
竹足
竹笛
竹光
竹屋
竹矢
田事
田作
立合
立泳
立死
立業
立板
立神
立投
立引
立文
立物
店子
谷行
谷風
谷方
谷止
谷道
旅心
旅物
球足
玉糸
玉取
玉箱
玉持
手向
田虫
短夜
出手
血合
少刀
近間
近矢
力足
力石
力水
血川
血刀
父鳥
父主
父宮
血祭
血豆
血道
血目
中男
長歌
手水
町場
長夜
直心
身柱
番木
月足
月男
月形
月草
月組
月毛
月酒
月白
月星
次日
仕人
土色
土雲
土車
土気
土取
土波
土練
土畑
土笛
土船
土物
角貝
角書
角笛
角目
角弓
面当
面水
手油
庭中
手植
手打
手負
手木
手切
天糸
手車
手心
手球
手長
手習
手箱
手花
手鼻
手人
手回
手湯
寺入
寺男
寺酒
出女
出買
出里
出玉
出花
出鼻
出丸
出目
戸板
問丸
投矢
東面
遠音
遠火
通庭
研屋
戸車
所書
心太
年神
止刀
門波
外薬
止金
友引
鳥頭
取石
鳥打
鳥追
鳥男
鳥空
鳥貝
取木
鳥首
鳥毛
取皿
取高
取次
鳥子
取計
鳥笛
鳥虫
取由
中足
中池
中売
中表
中買
中着
中口
中黒
中手
中君
中左
中右
長雨
長板
長着
長言
名頭
長月
長手
長話
長路
長道
長虫
長湯
鳴女
投首
投物
刀豆
夏市
夏糸
夏色
夏風
夏川
夏着
夏毛
夏氷
夏空
夏鳥
夏畑
夏花
夏羽
夏豆
夏物
夏山
何味
何口
何心
何業
名主
生板
生音
生皮
生貝
生木
生米
生麦
波板
波風
波返
波雲
波路
波月
弱竹
鳴物
荷足
新室
荷馬
苦草
苦竹
苦虫
荷口
荷車
和毛
西入
西手
日計
荷止
荷主
荷箱
荷船
庭池
庭石
庭植
庭男
庭神
庭草
庭口
庭土
庭場
庭花
庭火
根明
根合
根石
根魚
根方
根太
根竹
根深
根雪
練糸
練色
練切
練土
野雨
野池
野男
野風
野川
野立
野面
野花
野豆
飲口
飲助
野守
乗打
乗手
野分
羽板
羽風
葉風
羽交
歯切
羽口
箱馬
箱男
箱書
箱形
箱下
箱球
箱庭
箱船
箱宮
羽指
橋板
橋形
橋立
橋祭
橋守
柱間
羽白
畑木
畑物
畑土
畑麦
花板
花市
花落
花数
鼻風
鼻頭
鼻紙
鼻木
花首
鼻薬
花組
鼻毛
花氷
花立
花球
花友
花時
鼻柱
花人
鼻笛
花船
花豆
花丸
鼻持
鼻元
花物
花守
花宿
花湯
鼻横
母犬
母牛
母馬
母木
母者
母鳥
母虫
母物
葉箱
葉水
羽虫
葉虫
葉守
早馬
早玉
速玉
早場
早昼
早船
早道
早耳
早業
春着
春田
春鳥
春方
春物
春山
晴着
麦秋
場庭
日足
火足
火入
火色
氷魚
火打
日面
東入
東組
東空
引歌
引去
引戸
引時
引直
引船
引目
引物
火切
日切
火先
氷雨
火皿
火玉
左頭
左角
左鼻
左指
羊男
羊草
羊雲
人音
人声
人里
人波
人柱
人待
日長
日待
火祭
火虫
火矢
平打
平泳
平門
平草
平首
平組
平皿
平玉
平取
平箱
平筆
平豆
平麦
平虫
平物
昼顔
昼酒
昼中
拾物
拾屋
広形
広口
広前
広山
笛竹
深皿
深手
深場
文車
筆石
筆数
筆立
筆太
太糸
太筆
太物
船足
船板
船歌
船方
船形
船君
船子
船路
船玉
船着
船息
船荷
船場
船祭
船虫
船持
船守
船屋
船宿
文箱
文板
文使
文荷
冬糸
冬木
冬着
冬草
冬空
冬時
冬鳥
冬日
冬道
冬山
古板
古糸
古歌
古女
古鉄
古様
古竹
古血
古手
星合
星形
星神
星組
星下
星取
星目
細糸
細形
細口
細声
細根
細葉
細引
細道
本歌
本船
間合
前赤
前板
前羽
前宮
間男
死返
曲玉
真金
真北
負組
曲木
真竹
町着
町口
真土
待雪
祭笛
目交
真西
間柱
真東
間広
真緑
真南
豆板
豆皿
豆面
豆畑
守刀
丸頭
丸石
丸打
丸首
丸皿
丸竹
丸鼻
丸葉
丸筆
丸麦
丸物
客神
身重
右頭
右角
右顔
右首
右指
右横
短手
水青
水足
水油
水糸
水落
水貝
水切
水子
水心
水玉
水鼻
水次
水止
水計
水引
水船
水屋
水雪
道板
道糸
路角
道角
道草
道火
道悪
王身
見取
緑組
緑花
緑虫
緑湯
南入
南組
南様
南手
南丸
南向
身毛
耳上
耳金
耳毛
耳水
耳横
見目
身持
宮方
都落
都草
都鳥
宮地
宮所
宮柱
宮人
宮水
宮持
宮守
昔者
麦色
麦女
麦車
麦畑
麦笛
麦湯
虫男
虫草
虫薬
虫気
虫声
虫友
虫笛
虫屋
虫湯
村男
村方
村雨
村界
村里
村祭
目板
目打
目方
目角
目顔
目黄
目切
目口
女竹
目力
目土
女時
女波
目光
目星
目細
目耳
女山
水取
申口
申子
申次
申文
持地
持手
持荷
持弓
元入
元受
元口
元黒
本黒
元高
元玉
本鳥
元根
元箱
元湯
物売
物書
物原
矢合
矢板
矢面
家数
矢数
矢風
矢形
矢車
矢声
安魚
安酒
休石
矢立
矢竹
矢玉
矢取
宿着
宿船
宿元
宿木
鳴家
矢羽
矢文
山犬
病犬
山送
山数
山風
山方
山刀
山子
山坂
山幸
山里
山土
山面
山豆
山雪
山童
夜話
夕風
夕雲
夕空
夕月
夕花
夕晴
夕光
湯音
湯面
雪男
雪組
雪雲
雪気
雪消
雪坂
雪代
雪空
雪玉
雪鳥
雪晴
行平
雪平
雪間
雪見
雪水
雪持
雪童
湯口
湯立
湯玉
湯次
弓場
湯場
湯波
湯葉
湯畑
湯花
指毛
指笛
弓数
弓頭
湯道
弓取
弓矢
湯宿
夜風
横合
横足
横石
横板
横糸
横風
横組
横車
横様
横面
横手
横波
横根
横羽
横物
横矢
世心
夜寒
夜旅
夜長
夜鳴
世波
米坂
読切
読人
夜宮
夜市
夜顔
夜昼
弱味
弱身
弱虫
公魚
分去
病葉
分里
曲物
業前
業物
童歌
童言
悪場
悪身
間事
言草
植女
馬屋
上火
遠見
重石
面持
空荷
皮身
口遊
国元
小首
小言
子代
小昼
下組
品書
死身
仕向
上界
高波
立者
店者
玉毛
手業
年女
都人
西東
羽子
花活
花生
人宿
日女
真昼
間日
目色
後山
石子
後立
毛長
小切
事始
島山
水魚
手引
中入
西組
日次
発止
人買
見受
内高
売高
横線
黒味
山国
仕物
白根
足部
中平
戸前
取入
生血
引手
水先
山薬
山男
童部
内人
木間
局口
寺町
色子
雲助
家根
岩魚
肉村
死所
店数
出州
日取
曲家
水場
見開
夜明
頭打
庫入
人屋
手事
西市
板間
打首
大女
音屋
家路
市人
戸人
見立
出湯
品部
年波
間人
目路
申出
大市
仕分
山神
野寺
所引
半丁
時鳥
赤葉
童詩
半町
聞屋
近目
長母
市女
引受
名子
太神
水口
田遊
書取
来手
西風
遠矢
物取
馬道
引出
深間
上回
電池
発力
小乗
神事
受入
車引
公人
田植
小米
上宿
心字
真事
真字
子鳥
父道
受取
車前
指手
箱入
東向
仕出
草字
走時
火事
紙花
詩歌
知客
詩家
数等
実父
次姉
大岩
川中
中州
女木
口入
定書
日子
道引
火屋
活計
生水
軽音
下男
板目
店主
陽光
家元
白田
場台
横引
売女
川前
新出
受合
大羽
大葉
切首
真人
直下
人長
同部
石神
気表
田子
山川
時事
石屋
入物
島人
光柱
光虫
後注
美人
家礼
局中
下身
青田
風車
曲数
白下
古生
目数
元首
食中
後先
小場
人感
中市
山会
立前
物持
黒羽
多福
大農
大船
川下
出合
業主
外海
白馬
羽太
身心
羊歯
地子
寺使
次子
次指
船乗
小頭
小刀
商登
持金
市花
黒酒
内板
車交
川水
広目
小夜
代名
馬力
人死
門家
地理
食物
北半
北海
物入
正親
火取
文月
楽家
子息
年弱
氷柱
氷中
表注
原音
庭内
紙切
日金
真後
道行
中路
待橋
多言
鼻先
糸速
竹刀
対面
人中
次時
見場
相身
国分
身形
工場
当会
屋形
魚市
書生
立心
小休
出会
船門
全歯
全紙
早見
明知
勝間
理化
祭事
細事
南天
氷室
聞持
元金
木作
新星
丸木
川方
通力
天年
古紙
夜来
外面
雨林
古詩
詩学
買取
悪見
詩思
全話
全生
町役
入方
大角
歯学
買上
後足
野原
紙帳
仕丁
外生
神学
手方
組入
家学
歌学
自他
待人
中通
全駅
人山
葉先
前話
歯先
中空
外線
書館
仕打
風間
同右
平目
陽線
子役
細魚
黒白
父母
合音
平米
立待
手練
指地
死地
内線
科白
売出
時中
入社
前広
青身
算式
部内
葉月
朝野
半年
天明
馬代
町石
長石
引下
温度
年強
書出
曲球
首打
大家
出歯
村役
出生
引上
新字
根原
夜半
有高
黄身
村高
和人
水田
正教
洋上
寺内
大音
鳴子
男木
漢学
太上
調子
湯元
糸魚
医食
鳴声
代身
生玉
商学
人文
和声
終生
体色
花茶
意気
死場
豆油
歯音
対岸
鉄船
日数
耳石
下野
元手
番所
終世
口切
新宮
女方
子馬
中章
終声
赤木
神鳴
水門
人月
古着
上生
小馬
秒間
用池
陽地
陽池
事理
自理
頭上
入合
客体
本間
中道
農相
面体
形行
波数
身世
右投
和子
下手
出水
天理
太方
頭下
後学
小使
白夜
目線
助言
買手
力紙
業生
東風
立役
名分
代物
有林
町人
門柱
車止
前頭
数千
小木
光日
女主
色目
出船
大神
市鳥
馬身
童形
工会
大本
山鳴
車台
身上
王子
直中
店屋
刀自
高年
白州
谷口
家中
市中
正面
本木
中間
仕方
青味
金石
同小
全人
番手
竹馬
取手
時世
谷町
王院
生肉
力学
外相
心神
新進
深身
真神
神心
神身
客員
人日
馬手
太子
山元
子中
歌風
他意
茶館
広葉
地代
動中
和国
全島
当日
正本
地対
新地
両岸
海神
合体
生紙
後会
真冬
店売
花鳥
語意
家風
打出
形木
高角
同本
物見
相国
小池
校区
工人
黄人
実物
遠道
人力
国書
市立
山本
犬神
行幸
船主
毛羽
薬学
人命
大君
見物
王者
宿駅
春期
名乗
米朝
村社
火消
駅馬
地面
生起
倍速
東行
通語
科名
時日
手書
礼文
集会
県間
重工
平野
追風
家長
金時
全社
横紙
小牛
工商
光年
川船
後章
校章
行章
高商
下心
秋野
番台
人心
心算
洋式
水主
山内
旅客
夜業
平屋
中生
同地
薬事
国学
読取
天界
丸柱
花園
空言
事代
空事
海山
式神
見切
科長
黒書
同相
真名
本線
小道
新道
親母
行人
地力
学究
自界
間食
角形
深重
引取
階子
校長
始代
歯大
右打
色紙
近赤
川上
新手
心力
上歯
高平
売店
大洋
夏日
木場
星食
正食
生植
生色
上薬
大路
女工
出店
年男
飲酒
同会
黄色
客地
画地
同大
大貝
海草
道外
同階
町橋
客人
頭高
黄金
小三
今夏
野次
書体
口数
水上
天部
音場
汽車
直筆
悪心
大石
光学
左投
上根
大川
赤口
町見
力者
使主
黒米
人体
同形
美学
形気
国柱
小雪
小五
頭部
神明
線引
真下
持合
夜着
谷合
白石
金色
正向
青黄
短期
船橋
人国
教書
野手
正木
点火
下田
知音
本手
何分
字高
自工
自校
自行
電神
鳴神
鳴電
土方
村路
酒代
県下
後世
空手
面目
古文
東方
手本
白子
東駅
寒地
大空
山家
日休
部活
県西
所員
前守
小雨
平戸
湯本
重手
雪道
山中
日出
音声
風花
田畑
雲雨
学者
糸毛
秋風
言下
新村
形相
南東
人形
開先
荷重
園生
住手
弓形
形代
海里
新球
中原
緑野
家来
顔色
動力
東市
波頭
羽山
号車
会長
波打
文中
生時
金持
黒色
新山
王土
黄土
章題
春風
前方
流通
歌合
日中
大所
所内
記帳
家出
小野
体感
明王
夜祭
西方
大社
知行
油皿
田楽
用品
夏休
大雪
女手
年月
合間
写真
前金
出場
雨水
地味
役所
木金
読者
本文
画意
品番
花木
字面
赤子
花色
目見
前立
球部
当金
正体
野路
楽園
大字
仕業
夏木
大前
石山
生日
白雪
科学
村外
旅人
多角
山路
鼻声
大竹
前後
局内
生有
人馬
花野
県中
田家
円相
羽先
秋月
母屋
人事
前食
左打
山畑
服部
山岸
朝間
区名
神酒
海女
自力
言葉
母音
内力
遠路
品等
村人
大刀
大和
年央
真魚
青木
酒飲
同病
弓手
数百
水相
体内
親子
草木
正方
中国
黒雲
行宮
橋下
出血
中島
左横
下草
味気
赤金
元木
両三
鳥目
上田
月日
区立
声色
今昔
心地
山下
本所
立花
目白
海鳥
心事
年式
園遊
鼻息
水車
岩下
北風
新木
間数
対中
日当
場数
金物
小一
円柱
年祭
同委
県市
真田
生活
大丸
今年
子年
天花
数度
羽根
合板
水飲
有光
林内
遠山
川口
中古
人足
同体
上手
期年
女形
紙代
図星
直会
野田
半物
外組
石橋
美男
皿山
横刀
寒風
語路
多聞
出物
小見
大都
学力
所長
家内
筆頭
銀色
町中
大工
神田
少馬
親父
大声
小金
海雲
高度
火口
酒屋
期中
親近
川島
急悪
高音
右手
北国
中西
集名
半円
山口
小子
後文
黒木
相生
山車
鼻高
野口
山田
年会
魚商
小島
人台
生物
畑中
戸部
化物
陽子
小川
緑色
大方
谷川
大戸
天草
茶道
数十
文学
内外
水分
本田
区内
真弓
白身
声音
生身
黒石
語形
問屋
男気
外国
東西
園地
代人
女友
赤羽
回外
西行
後方
科会
朝昼
大宮
野中
軽乗
草野
半期
山形
円心
羽目
全市
客数
石取
朝庭
天朝
対米
平山
大一
肉食
形見
国家
国原
平家
町内
春日
真中
深雪
住人
高木
画風
道路
切手
持家
人数
強力
水母
去年
全業
他人
文体
住地
世界
晴明
用水
着物
木村
手入
市大
人家
左前
前面
自社
所用
名取
海月
下半
台場
男組
目黒
外見
下女
王女
学書
内発
母本
南島
館員
身体
出先
間期
金子
小屋
行事
何人
両国
手先
曲目
日夜
語中
手動
手紙
数多
勝目
昼時
神楽
本分
室長
子持
中田
少子
字形
死様
水面
学科
市子
青山
重苦
口中
月間
谷中
葉山
湖岸
市売
市区
川流
里子
大人
左手
生足
子音
童子
太刀
生業
心意
場内
車屋
大会
学部
金地
局長
村内
弟妹
立場
区外
物数
医学
多分
林地
土日
文目
対人
何役
中山
東海
上階
部長
月水
上半
真木
村長
手間
春夏
学会
式場
門外
父君
曜日
飲食
用紙
家集
何科
夏秋
実作
女学
相反
同組
年百
本学
部員
人王
曲中
全都
局数
丸一
線上
次式
国人
理学
青緑
旅所
字名
表中
日月
用地
小中
多国
水金
同業
上右
海風
業界
秋冬
上左
客用
作目
水道
員数
薬店
前駅
語学
場代
院生
半目
書面
毎週
地内
足先
朝夜
用具
白赤
室外
車道
大外
同学
表六
朝夕
木草
米大
次会
生年
中小
上学
人頭
同字
後目
水氷
南中
語音
家本
市町
木気
語文
下風
西高
音図
外出
人部
白味
校生
客屋
茶畑
水木
女役
町村
楽部
発着
後人
港区
人名
長短
道会
海空
食住
国中
自公
火水
州立
都道