年度
時期
学校
先生
毎日
文字
方法
部分
夜中
中学
国立
今後
大学
時間
冬期
海岸
期間
日曜
都市
頭金
国別
試合
時代
何課
作業
動産
半生
目的
夕方
公園
人間
小学
人員
利用
文化
毎月
地下
入院
長官
流行
死後
朝日
場所
法人
議長
旅行
後続
最後
意地
反対
年長
今週
案内
今朝
生産
前週
種目
商品
中心
部屋
名山
部隊
相手
音楽
物語
先週
入力
中年
祝祭
次元
上位
開発
区分
安定
人類
全部
年間
平等
議員
仕事
長年
父親
共通
本気
前年
書写
地方
後半
何年
種類
右中
近所
卒業
月曜
何部
直前
発生
野球
前日
病院
学園
多数
学年
本来
家屋
最初
水産
上期
食後
話者
共同
公会
名前
人生
高校
大体
方式
地金
注文
結局
元気
回転
大量
人口
結果
出来
大門
他動
左下
上皮
文章
上流
管内
大寺
人民
時分
計画
前夜
区間
代表
方面
明朝
空間
英語
車線
最新
自然
麦酒
朝一
等分
多面
自国
外野
分科
生命
高級
新年
行方
地区
先住
生徒
手順
英文
生理
下車
城下
記者
住所
相対
区別
体協
数字
公用
司令
部門
悪化
浴室
県都
当時
事業
大口
分化
半夜
半分
赤字
発足
反発
終末
単語
半数
半日
番地
最近
白地
毛止
会館
昨年
本部
乗車
白黒
無礼
東洋
同月
小口
図書
明太
用語
何千
親王
黒字
手首
役場
何市
多少
長老
議定
東遊
打者
続発
委員
好調
銀行
順位
直後
午前
台数
日別
入口
何県
連続
次長
協議
街道
軍人
本人
食材
客車
最高
成人
使用
少女
健康
面子
今秋
本年
最期
何曜
算用
平日
会社
後日
学生
都心
母国
今度
市場
変調
畑地
行使
表記
海外
図表
右側
真底
生前
自治
地表
無念
今回
品目
最終
声明
相場
意味
労働
兄弟
深夜
駅員
活動
代議
投手
平和
朝市
食塩
機関
外科
工業
文法
元年
公明
今春
午後
生死
分別
男女
音節
年下
先取
勝負
各県
教室
追放
満足
男子
時季
集合
同県
当初
機種
前線
先日
方形
全線
女子
世代
科目
初頭
通路
軽水
仕様
円形
家族
親友
後家
手数
後時
鼻音
具合
転用
今月
無用
温室
夕食
町屋
隊道
安全
園内
形式
内海
作戦
勝利
水曜
出入
井戸
古代
金利
連合
大気
各語
向上
今季
金曜
目分
月別
町会
年金
近年
同日
前月
本当
来月
少量
少数
着工
会見
緑化
早朝
毎朝
公式
道具
毎夜
今夕
下期
落着
平年
親方
事実
思考
試行
道中
指向
休館
手法
試香
運用
人材
勉強
太平
学長
米軍
長男
共和
土曜
自身
酒気
市街
末日
先月
大根
下地
役者
無理
林産
本日
中期
左中
食品
全体
名所
身代
大昔
計算
作品
小便
都会
木曜
発表
食前
始終
以後
太古
年上
中宮
前回
公正
死者
反省
主人
火曜
赤茶
遊園
来夏
大約
外食
近日
未満
内戦
前住
通例
全員
未明
会議
役員
不良
反面
受付
名目
毎回
以上
昨今
先年
連日
古来
同夜
内心
昨秋
昨冬
単身
今代
今冬
昨春
次月
先夜
追日
倍量
本月
毎秒
毎分
生来
民間
合戦
集中
通信
周辺
中部
記念
小売
席上
新入
大海
月中
今夜
国民
中止
何屋
姉妹
楽器
上級
有界
知覚
足下
所有
内野
手帳
海軍
地主
内部
老人
天文
地場
役目
来年
組長
明日
各国
学期
希代
妹神
地上
学区
下宿
都度
両県
空白
高山
明方
小生
中二
社内
内科
後頭
薬草
登場
馬鹿
病中
機具
軽量
水辺
南北
同区
転変
後年
追加
朝食
作用
登坂
他行
行動
最悪
両方
公開
自分
何順
分荷
説明
都内
次男
室内
出馬
下方
区画
局面
方今
間出
自信
土産
内陸
料金
道産
何色
時雨
無音
立法
白月
実家
大臣
帰館
鉄道
定期
未来
青年
生食
場面
長女
医科
気分
面積
青色
部位
番頭
希望
社長
兵力
初期
住戸
中央
茶色
分類
卒中
養子
高台
白木
大差
観客
以来
入場
帰路
全米
何形
打点
回数
転石
着火
発動
首都
不変
買春
森林
院長
女中
別表
順天
市外
南西
助成
放光
放校
文言
後楽
仲人
手当
本丸
各自
今世
古本
点字
電気
年内
目前
右上
治具
木立
車中
教化
和音
強大
成長
富人
父人
新聞
新曲
何百
列車
道内
連中
中等
白色
静止
節気
生指
静思
成敗
美化
原動
予定
整形
上京
和文
本国
助平
下品
種別
作家
交通
感心
調教
会同
入会
語内
助役
原産
植民
会場
赤外
戦声
空頭
朝方
登用
不満
車内
上等
発達
雨注
徒歩
焼死
強化
水着
山行
父子
成年
味方
加速
公有
中立
正午
道県
生体
天気
平気
商人
帰社
正路
大関
受給
人道
走行
発電
県内
中一
起動
見学
定年
分隊
共有
位置
角度
全面
何事
古都
管理
客間
昼間
交用
場合
鳥観
登院
明細
未知
落葉
下等
無法
数量
社会
不足
空気
本体
下位
月数
清算
水鳥
同時
初夏
正当
何区
内面
口外
功労
日記
休止
選手
大王
母親
午飯
達成
先着
野犬
底止
西京
女神
成功
大台
公平
軍用
天元
飛行
近着
徒死
戦力
国外
水中
兄妹
合計
周知
海水
金魚
母子
位地
中側
長子
広遠
高遠
下官
出品
白昼
各年
農家
夜間
来秋
身内
頭身
労動
計上
波形
転回
曲線
景色
自動
草原
大手
週末
研究
親切
水色
有望
放出
苦行
照明
指定
調法
行商
多発
島民
楽観
番組
多岐
不服
送信
加農
次第
発声
海道
焼売
役人
内服
低度
登山
父方
建都
会計
無声
試用
路線
外大
以内
消火
勇気
形成
祝日
待合
法戦
散調
初心
内定
電子
関心
対話
打線
真実
戦前
文末
出口
登記
意見
感動
戦線
放心
放神
不和
無死
両駅
古風
乗用
正答
当局
指令
長命
転化
国定
合成
気風
春先
飛車
駅伝
都区
来日
用心
調整
書物
正月
帰島
帰投
帰東
急行
何線
挙手
各局
実行
土地
国会
肉屋
機会
矢先
折節
数次
矢庭
南山
山地
注目
登仕
回折
参画
注進
上辺
完成
教員
南方
開放
地形
実力
給付
回線
後期
知名
道州
整理
愛唱
出立
海兵
妹役
交配
本音
愛読
見分
器官
協会
大黒
白菜
自愛
同町
本数
原作
手足
気持
転乗
刷子
間語
先手
小説
観戦
試刷
思料
思量
苦使
字体
開店
米側
参集
使令
開山
帰府
記録
安心
活用
出定
両手
梅園
大同
初代
今時
火山
手記
帰京
登板
自重
持重
茶目
女王
大木
商店
人種
気化
無口
有様
昼飯
都県
死語
主客
不便
長生
等置
案配
帰農
有平
以冷
飲茶
苦力
弓歩
先山
上食
少半
香功
太好
湯円
治冷
差官
茶母
茶語
主思
店里
短工
対子
都卒
奈落
馬油
白薬
包子
長服
海印
会飯
黄米
望祭
姉夫
弱半
老大
料理
連玉
前代
木材
西国
風流
時機
交流
開口
活気
夜行
本店
末弟
南海
仕進
分野
早生
鹿毛
野宿
打数
部会
小心
試飲
筆記
利子
行持
右下
実験
人物
放歌
放火
出発
選挙
待機
茶店
友達
周回
農業
回遊
食用
点灯
同船
物心
成形
散水
教育
清記
低調
点頭
特進
生成
注意
安置
散歩
弱者
分筆
試写
農水
文節
開場
記号
開城
校正
理想
上水
面皮
公共
別院
投下
付和
共起
兆候
同人
同省
生動
無始
無歯
飯店
極寒
土台
標記
国王
上着
全国
考究
行休
南無
公子
連戦
億兆
億万
各界
参加
次期
駅名
具体
休電
給電
信心
進入
心配
白人
皮肉
受学
側面
養命
会合
国内
白紙
重点
石庭
感覚
合点
梅酒
次回
無子
無茶
会談
所期
不通
対置
長屋
加工
観光
付会
夏季
気死
同国
人肉
不正
習合
相待
着地
開戦
東下
等化
花見
口語
進歩
王国
計都
実数
要心
大魚
書店
不明
中三
化体
験算
本表
考察
転記
遊飛
的当
牧草
強気
県外
投入
対立
水夫
愛用
必要
軽食
地元
山城
季感
周波
分光
大安
日英
放置
遊歩
意思
家庭
体験
約束
後部
試作
部局
帰来
消長
英字
加味
帰化
交合
細分
最好
同苦
着香
草食
何者
前期
石高
内気
決議
作歌
直行
気味
草書
内省
帰加
工合
兄事
固辞
同定
固持
答申
要約
先頭
投身
東進
結合
次官
不幸
無知
選炭
通達
不安
弱気
林業
勝気
加熱
気弱
顔黒
気早
中深
乗気
不様
無様
改選
転科
兵長
改元
会戦
同参
参議
通気
筆答
参考
正覚
口頭
後手
休戦
週間
何物
大戦
新市
切開
開通
香水
次数
陸上
植木
上司
反転
回議
青春
冷酒
低下
手取
連敗
工事
他県
参究
生害
投球
協力
対戦
登極
半転
男児
開平
対照
地図
本番
問注
大笑
標定
不実
薬湯
書類
当選
不順
焼成
角行
加里
勇進
本家
投書
分節
戸別
合法
生天
時点
対局
頭書
分課
夜食
転地
転置
各文
深切
歩行
山高
県道
新作
共感
後場
帰合
作曲
商量
売春
手配
明神
参向
参校
道理
分界
低級
命名
安神
火木
高温
不意
無線
温良
高名
習学
火金
入城
入定
要人
欠課
風習
便所
的中
東北
客死
伝達
合一
仕官
課金
根元
清楽
進行
画一
行列
正直
発注
院内
切土
宿次
事例
足算
引算
表出
店番
油通
来崎
楽書
決定
念持
公表
車庫
半間
利下
信用
物流
回答
軍兵
差図
指図
作動
実体
馬車
本島
静観
両日
速答
語末
着荷
着果
調達
本土
自記
平地
上達
調波
足元
黄緑
春雨
投票
天地
音信
業種
死別
風化
主唱
首唱
配流
語用
動転
側頭
同行
船員
発行
階上
川辺
神宮
電話
時計
深考
進向
声道
等級
明記
海産
世話
正心
行進
自転
放冷
栄達
各戸
計量
塩分
協和
悪名
写生
相関
米英
帰商
族生
続生
長大
南下
対外
連発
会食
戦隊
同駅
石室
月歩
出産
入山
作文
変死
交信
後進
深山
対治
大地
発散
高進
相談
他界
研学
失業
真水
前歯
観察
先発
同名
住寺
末席
通行
帰岡
帰港
起工
子細
竹林
毎年
出山
参院
丁重
土木
冷静
運転
強記
首位
重心
開業
定置
給水
消化
年数
合算
強行
年末
発話
塩化
苦学
原語
小麦
笑止
実用
発見
林道
生下
給食
高談
笑面
乗船
通学
学習
送進
富強
治外
発音
進水
健勝
極道
失礼
玉子
南行
病死
予約
雨後
考案
首相
代金
生別
神通
雪山
前進
国府
下町
日焼
帰隊
親分
交会
参上
心会
同化
無事
方正
黄化
開港
前兆
休校
東上
表明
平板
和合
自由
幸福
死産
代置
北東
番号
実直
標的
別送
乗組
光栄
取用
自書
試乗
他所
半成
幸運
親祭
選別
代行
連結
和風
大形
自作
軍事
合同
静養
付置
温浴
正用
改正
主計
起兵
広博
所持
参観
組成
入浴
放言
関連
単調
感受
同然
分散
道順
引照
開校
地中
中火
番外
未定
共立
西北
発明
冷寒
安打
客室
図式
世父
正負
西府
多量
炭化
便利
完投
完登
水平
低温
未練
火急
好運
作成
花屋
無力
苦戦
競馬
交遊
実見
重度
米中
方角
有用
合手
北口
会話
苦味
富有
平方
同感
分業
平行
連用
極度
弱小
代用
連勝
国道
小食
親愛
順法
美食
本名
寒冷
強健
軽利
後置
多才
注加
温和
果決
起業
軽少
極悪
少食
書道
自明
達筆
多望
多用
直角
無害
老功
暗弱
歌人
温順
下学
各表
機活
休息
軽便
希有
下直
高直
最軽
最弱
最美
参館
失当
小弱
深遠
新式
神速
重悪
受験
順良
清白
切要
全一
多音
多芸
多病
短気
短小
大力
近道
中速
低平
鉄火
伝法
徳用
動員
博学
博大
病気
病弱
不群
分外
文弱
平明
別様
無学
無欠
無下
無芸
無根
無徳
無筆
有角
有節
有的
老実
和順
運行
集約
商売
登録
発給
利発
遠大
材料
説教
改号
全県
変光
王手
帰院
強風
半月
里山
板書
立正
自立
着色
読字
配水
発覚
両市
公司
無道
晴和
入用
育成
教科
競争
直交
付加
満開
横着
焼身
直線
詩作
成約
転形
試算
発売
筆写
飛動
出板
乗算
転向
発車
流用
金城
受理
入金
本章
合図
画定
終止
次代
大別
発会
負荷
本式
名曲
南部
回向
教訓
出力
転校
飛下
返上
成業
成立
野生
開葉
訓練
弱体
母印
利水
結実
前場
手前
回付
帰省
代理
集計
養成
立案
回頭
交代
通用
放鳥
遊息
要記
省察
発光
服飲
平静
起行
受信
残業
次女
直面
放念
命令
命中
挙上
水練
通約
名作
集散
相続
木日
転調
発向
法令
夕辺
正言
熱中
面会
安静
結集
信受
自大
通算
同室
戦勝
全開
茶屋
量産
買物
強調
着目
道里
変身
本神
議決
耳語
理会
海食
建言
通園
海童
開道
欠食
法王
輪唱
求人
南高
不覚
印刷
改行
休養
種植
通交
通好
登第
人手
付近
給養
市井
定着
敗北
病木
各地
公定
身読
続出
年令
化石
急進
競走
出頭
生長
休心
休神
始動
集積
定数
茶利
服用
安産
司会
選木
想見
何流
予知
群集
参賀
着用
通商
本元
要言
開会
工作
拾集
取水
治産
注記
調節
悲観
表白
予想
悪行
開所
帰順
共栄
出金
唱和
初等
想起
転作
出火
節約
送気
入道
風選
黄変
合宿
決算
固定
真理
実習
早産
調香
長考
直通
道楽
発言
要求
教官
下落
照合
親和
用法
流動
愛好
帰休
協定
借金
取材
受業
整調
選好
会読
急死
失敗
進宮
直結
特定
入手
配分
風雲
参入
指教
司式
変形
悪用
荷電
決心
合意
出仕
持続
整流
投合
努力
面談
流放
録音
衣服
改定
合唱
協調
清書
失走
戦死
土着
入荷
白熱
返信
落下
練習
進級
新人
神兵
自足
調和
定位
転給
発令
起番
言明
出願
自選
成道
上陸
水泳
整合
想定
速定
談合
調合
低出
付着
連立
録画
開園
下問
完走
観望
帰国
競合
議会
結成
決戦
国交
司配
選考
先勝
調印
調練
直感
直観
通院
定住
特化
分家
変心
来所
落成
流入
悪投
栄転
作刀
算定
使送
試走
続行
台風
着手
転落
特集
服事
付言
返金
別記
明言
要望
来朝
落札
安息
遠泳
開席
完勝
観照
関説
完敗
休会
休業
給紙
競泳
曲折
国歌
山積
敗欠
出世
出席
植林
進軍
自習
受注
上申
助力
生息
送付
足温
単行
着服
通知
通話
伝送
入札
入所
念願
配達
分配
養育
来場
連帯
遠投
開花
開隊
外反
学問
合本
記入
急落
曲言
極言
産生
集金
終結
集結
手交
消去
商談
持参
助長
選定
速決
対決
対談
談話
直送
直立
追求
伝道
入港
入寺
敗戦
配線
配当
発想
反落
筆受
物色
分岐
由来
連係
連想
暗記
暗算
遠引
改札
化合
下線
加入
完結
合作
起票
校合
共鳴
欠席
決着
決別
建国
合流
参列
死去
試着
集客
集信
周遊
集録
出家
出動
進空
乗馬
生育
正転
選球
大挙
大言
転医
転写
転戦
伝言
伝来
道取
配信
配付
発送
発熱
筆算
便乗
付帯
変位
北面
遊説
来島
流出
輪作
連関
愛育
安住
印字
改貨
開化
改組
開票
改名
加上
火定
感化
感荷
管貨
観念
願望
帰県
帰住
究明
給油
共作
教習
協商
曲説
空想
空転
訓読
具足
決起
結線
血戦
決意
欠場
下向
下校
向首
後伝
建立
合議
作画
刷新
散見
参朝
算入
失望
失明
笑談
進言
進転
自白
自負
弱化
受行
順守
成育
整列
積算
積分
節酒
節食
前定
送金
想出
送出
早着
想望
卒園
続落
大敗
待望
達観
談議
着信
着陸
注入
調味
直進
追究
追給
通関
低唱
伝線
電送
伝動
当直
投薬
徳化
特記
入園
入館
入校
入行
入省
入植
入門
配合
配車
配列
発走
発病
反命
筆談
風聞
付議
服役
付録
文通
分列
変速
返答
返品
勉学
放送
望見
予見
予言
来院
落後
楽勝
類焼
連打
連動
愛飲
合着
愛重
暗合
案出
暗唱
安着
暗転
案分
安名
安養
育休
引決
引見
引湯
飲福
上木
運休
雲散
運算
雲集
運送
運筆
栄進
泳動
遠望
横行
横転
音写
音読
改悪
開学
開局
回訓
改作
開札
改新
回達
開帳
開田
開表
開門
開立
回礼
科役
加温
下達
活写
活着
活歩
加配
加筆
完泳
官給
感泣
観血
感合
感作
感通
感電
完読
完売
感服
完歩
間歩
官遊
外切
合州
起案
帰一
帰英
帰去
帰結
帰参
帰山
起算
帰日
帰入
起筆
帰服
帰福
帰米
記名
起毛
求愛
給血
求積
急送
給送
給炭
急追
急転
給湯
急熱
急発
給氷
急変
急冷
共愛
協業
競作
共唱
強直
強熱
協約
競落
教練
曲筆
曲練
挙行
挙式
曲行
挙兵
挙用
去来
起立
金打
牛飲
行水
行道
空運
空発
苦考
区電
訓育
訓化
訓電
訓令
具申
具有
群泳
群植
群発
群飛
群立
軽信
係船
結球
欠失
血書
欠相
結着
欠配
結氷
結約
欠落
欠礼
建郡
建白
下船
下天
下阪
元服
行軍
口受
口達
好発
公売
固結
固守
固着
根治
号泣
合級
合有
号令
言上
才覚
細説
細別
作案
作字
作図
作説
作表
作病
注油
察病
散花
散宿
産炭
参着
散点
散発
残害
残置
使役
止血
死守
止宿
失火
失血
失笑
失心
失神
失速
失言
失念
失落
試読
思念
試問
借問
借用
写書
集荷
集貨
集材
集取
終息
集束
集注
集熱
集配
終売
集票
集列
習練
祝歌
祝賀
宿直
祝福
手写
首実
出京
出庫
出札
出社
出走
出炭
出府
出兵
出芽
出題
出土
出役
出遊
商議
商定
唱道
小別
食害
食言
植毛
書見
所望
所立
信愛
心願
信順
深達
申達
進達
進発
信服
心服
臣服
自活
自害
自学
直書
直達
直答
辞去
直話
自決
実写
実働
実動
自問
重合
重刷
重出
重来
受音
受電
受配
受命
入来
順向
順行
順礼
助走
助命
水書
数引
図説
西望
西来
積習
赤化
節水
折中
折半
説服
説法
切願
切言
節電
切望
節米
節録
選歌
選曲
先議
先決
選文
全休
前借
全通
全敗
全有
相愛
送客
争議
送受
送水
送達
送波
送本
送話
速写
速成
速読
速記
卒去
卒起
卒読
続戦
帯出
多作
他出
多食
立食
多読
単作
単伝
代位
代願
代参
代読
代筆
打算
打電
談笑
置局
着意
着衣
着岸
着水
着生
着席
着雪
着船
着想
着帯
着隊
着電
着筆
着味
茶事
着京
着金
茶変
注水
注力
朝賀
長欠
調息
長息
直言
直仕
直上
直読
直売
直流
直覚
直帰
追考
追試
追念
追録
通観
通計
通作
通水
通底
通電
通読
通分
通有
付合
低回
底通
低頭
転位
転運
転学
転極
転業
転社
転借
転宿
点出
転出
転住
点定
転送
転読
転入
転売
伝習
伝受
伝世
伝聞
投宿
投出
投石
東流
答礼
特出
特選
特待
特注
特配
特発
特売
特筆
特約
特立
特訓
同車
同宿
同席
同流
読唱
読図
読話
内決
内見
内借
内申
内助
内切
内達
内談
内転
内分
内聞
内命
内約
南進
南面
入集
入京
入局
入庫
入室
入信
入説
入村
入隊
入地
入着
入朝
入電
入島
入湯
入番
入府
入北
入明
入林
熱愛
熱願
熱読
熱望
配管
配給
配植
配色
配食
配乗
配石
敗走
配送
配点
配転
配電
配本
配役
波食
発根
発色
発付
発案
発育
発黄
発芽
発議
発問
発来
反言
半周
反問
売約
馬食
飛去
飛散
飛雪
必敗
必発
必読
筆問
筆録
氷結
票決
表決
標別
氷冷
病欠
風食
風飛
不参
付番
不夜
分球
分合
分宿
分水
文選
分村
分電
分売
分有
分立
分路
平章
平身
平定
平分
変改
返血
返照
変節
変説
返送
変通
変転
変敗
返付
返本
変約
返礼
別家
別注
別言
放下
放去
放散
放水
放談
放電
放熱
放馬
放牧
包有
放流
北流
発起
発願
発念
満水
味読
明察
明答
鳴動
面話
目算
目送
目礼
約言
約定
約分
野合
遊泳
遊観
遊行
遊日
遊牧
用談
要談
予覚
予察
予習
来園
来会
来局
来校
来住
来村
来談
来着
来阪
来福
来米
来遊
落手
落城
落石
落雪
落選
落第
落鳥
落鉄
落馬
落筆
落命
落球
力泳
力説
力走
陸生
陸送
立説
立願
立言
流下
流産
流失
流送
流注
流伝
流連
量定
両倍
輪転
輪読
林立
流転
冷飲
冷笑
令達
列挙
列席
列品
列立
練行
連作
連写
連取
連乗
練成
老成
録取
和楽
和談
和読
回心
化育
改心
改進
開申
下行
下部
間作
省知
自答
人立
代決
定植
低落
度外
入養
発出
発受
分取
分出
北進
本有
和協
回内
口唱
作詩
差配
終決
内通
入国
入線
陸工
陸行
連記
回申
回読
関係
信者
中身
入選
米食
絵本
各種
正対
公選
考選
交利
公理
功利
高利
節用
代言
代書
熱唱
風発
北西
木戸
国花
黒化
戦後
想化
飛来
大橋
交戦
内用
予期
加給
出港
別売
明転
問答
外注
自走
年少
予感
苦笑
下乗
参席
答電
治水
外部
橋台
鏡台
試験
水死
追記
宮内
整美
助産
力行
自給
水位
上向
外化
強打
出校
兵卒
青空
起原
固化
大軍
発意
倍加
例外
順化
感取
君子
氷上
太極
内向
開国
集字
集治
帯同
西側
冷水
原木
生計
内観
山上
定立
指名
羽化
雨下
全治
連行
木食
組員
産後
指命
照会
焼失
店内
取引
消失
同乗
参戦
円高
女人
新橋
察知
馬陸
両親
北方
周章
受用
横死
整地
静置
化成
下付
苦心
順番
水浴
農大
印加
引火
出国
新調
何時
部品
土器
変成
雨雲
帰船
駅前
共食
時新
自心
年表
進動
束糸
改印
開院
好古
定休
物理
園長
観取
参府
両足
口答
口内
発信
下城
上場
語林
死生
長遠
京進
協心
公約
相当
対交
対向
対校
分乗
回生
発進
野菜
上官
送球
立見
電力
国司
産出
指南
心中
見世
主理
苦手
勇健
楽屋
側聞
県名
板行
来社
転院
行灯
来下
薬物
好転
寺官
寺観
時感
耳管
自館
辞官
夕日
代作
口上
木工
機動
高三
外側
軍楽
小包
漢字
全勝
全焼
老化
公転
作付
参照
漢気
国語
市内
学道
白鳥
帰衣
打開
有声
調薬
美女
試打
植皮
小豆
回想
給事
給仕
長管
朝陽
回送
同調
出向
大賀
文部
改題
各数
交付
反米
休学
終漁
知照
土手
南国
青葉
夏期
完工
感光
起草
軍隊
帰天
帰店
谷間
老年
馬上
体動
学内
験鏡
出荷
帯電
夏草
分県
文明
歌話
気道
死貝
小国
所管
自体
立身
立直
外遊
使行
死交
紙工
北道
陽転
強要
試金
花期
残高
包交
台積
悪口
半紙
用船
火中
金門
下主
下司
下種
茶人
下記
完治
頭側
変数
公族
全集
当用
音量
女児
海魚
洋犬
公害
前部
空中
正使
運化
植字
世子
正思
青糸
通風
学芸
主管
毎秋
心苦
帯刀
人身
神社
日参
米兵
通帳
照見
理工
旗手
全周
全州
全習
和英
文語
養父
灯用
予熱
反古
同店
冬用
器種
期首
機首
記主
起手
起首
黒鉄
湯治
追手
大名
町方
来観
油分
地米
奈何
小品
前世
愛車
回国
品物
白書
見知
参内
散大
自知
左刀
差等
登城
量子
港外
香害
建成
校外
大界
不運
谷戸
松竹
区旗
町家
花火
気力
清遊
分地
分置
聞知
下命
外人
司法
前半
多感
登校
立木
動向
花器
元加
高速
地法
大息
火気
太息
改良
前記
半焼
洋行
相図
発火
付記
古木
消散
何十
引用
始生
上府
官治
感知
管知
関知
下馬
東側
不定
字数
家事
期待
帰着
葉書
人神
人臣
深信
深心
早口
休部
進出
校庭
極楽
自失
口底
広庭
後庭
校定
高弟
黄庭
他家
農産
飲用
主君
大書
多雨
同港
付表
徒長
楽天
前出
分流
帰城
曲名
広用
後葉
休場
車両
小数
白字
変名
漁村
広量
上空
調進
目標
海老
府内
歌声
戦争
建物
原付
信知
加持
客土
始語
子午
詩語
同高
北星
交子
光子
公使
好詩
後市
考試
高思
類別
港市
生後
内数
主戦
意図
野辺
社員
医薬
木馬
組立
遠海
同好
他言
表側
同校
道交
電車
同工
同香
好色
管区
両分
地酒
別命
群生
深緑
白化
色分
帰朝
下戸
最大
家書
歌書
課所
和平
心理
転生
湯守
功業
変色
赤地
見当
商業
元日
台所
養生
川面
内議
後見
計器
県側
国教
指話
詩話
計機
軽気
同道
糸冬
黄地
中文
定時
太陽
加算
気管
親水
年賀
試食
店頭
和歌
後円
後園
後者
中産
追想
追走
府省
絵画
面相
海原
工大
静物
勇戦
気場
子犬
国土
身方
列記
美音
音感
候鳥
代香
中散
昼三
分省
分章
文相
足軽
黒地
考量
暗黒
自生
整正
地位
登行
公安
口約
地平
小町
同見
所由
白丸
古町
新生
内食
年官
広場
西岸
兵器
課内
共生
国名
南風
悪声
公館
信号
英米
開始
倉口
草高
走向
全日
家具
商工
草体
自省
本物
始発
州間
秋官
飛耳
月面
不治
不知
長刀
下道
問合
各紙
週休
西下
天上
投足
進学
流星
印行
思案
由花
酒店
地声
短歌
公言
小形
男声
内包
広言
高言
先方
人工
水食
医家
数式
耳元
館内
主法
中隊
開三
開散
自首
図上
正都
医事
医治
意字
加階
勝馬
自守
年別
半球
油化
左折
神木
法式
都所
変字
別人
商家
成犬
真夏
予算
当主
先見
中正
後住
島主
頭首
変事
新顔
大屋
商法
右辺
皮相
学館
労組
歌曲
市学
試楽
反例
木地
分周
他覚
赤面
算出
下側
送電
労力
本屋
決行
根気
相伝
多動
終業
中進
札所
同社
始覚
死角
詩客
声楽
語頭
松根
転成
今日
漁船
赤飯
天開
転会
不合
中新
半島
社線
車戦
長者
小船
入車
改変
苦寒
人世
道場
大小
木化
区切
仕法
死法
詩法
早世
間代
医者
旅館
建議
参進
省部
図会
歌集
自働
他面
当市
高下
最深
親字
始業
水気
伝写
北部
見参
同通
放題
法定
無功
無向
無香
当方
部数
目付
児童
開板
定考
市側
東口
木芽
球周
南口
本類
約書
好配
高配
船首
全身
最小
算当
全曲
鳥屋
流会
学院
先主
戦守
線種
船手
船種
屋上
歌手
小節
本社
課目
語数
市松
主働
主動
車館
放課
究理
細書
立礼
代数
年次
機内
死戦
熱発
農楽
金星
東部
文書
平治
分数
後送
同期
来集
正人
体重
親元
転場
無化
会商
辞書
柱角
木具
記事
弱年
長姉
長詩
鼻水
名画
和気
語原
初世
初生
西人
語感
試料
点数
文庫
英勇
番付
進化
詩料
転機
焼印
合理
南洋
色白
画角
賀客
細工
養老
区市
医院
大日
正東
青灯
協同
体力
長魚
通夜
漁業
仕付
食肉
人気
野鳥
仕合
動作
声母
下根
秋水
魚屋
年配
倍数
主機
中元
医員
食道
代入
追歩
馬場
戸数
朝会
刀利
土間
親等
転身
今号
根号
用兵
北側
転進
大物
銀光
国見
詩画
外照
外省
高官
月表
上方
主気
酒器
米紙
方言
帰寺
使者
全道
体部
他馬
当期
公立
宮家
勝計
小計
体外
文鳥
老死
家人
深化
同府
文調
文長
公国
神化
分町
歌語
対加
読書
仲間
声名
土中
年礼
申入
各日
官船
官選
口調
待命
同数
味見
階乗
学卒
立地
気動
楽声
空港
寺院
時数
府試
花道
仕度
水神
正例
体半
朝礼
書記
大害
大街
年頭
楽章
同館
客足
起用
太山
州都
生利
流光
達人
名書
明所
詩心
地標
使信
使神
使臣
始新
近辺
松林
最集
灯器
毎語
無色
細見
深海
新線
地合
冬季
当季
当帰
投機
人魚
板金
好物
子院
指印
分包
明目
器物
味感
楽市
天国
気位
月例
台上
大乗
仲冬
柱頭
小体
小隊
台頭
前売
子葉
指要
紙葉
次点
前者
行司
夜船
対当
下令
家令
家例
表面
別館
内界
日和
平原
子安
共用
小二
時文
次文
中台
見合
有色
風味
成算
前戦
様式
今期
小部
全船
台本
有半
安内
終日
式年
熱投
大陸
用意
外車
都下
遠景
主流
心友
新友
真勇
真友
神遊
両者
遠心
短辺
荷物
法科
民主
星人
王室
上体
全戦
大万
年調
真先
神風
大器
大旗
待期
隊旗
中門
上屋
生母
正動
線路
右記
屋内
各市
対空
気品
参仕
散仕
生協
勝軍
転付
群島
手続
送配
輪差
図中
先行
同島
駅長
清松
調色
客語
表具
角界
上院
後夜
同意
右玉
朝飯
器具
見本
最速
借区
体面
分所
合羽
全英
公労
黄老
本末
林木
公空
高空
世教
西教
対気
開館
管板
季冬
起頭
国体
白目
臣事
高塩
動労
平民
有機
健緑
戦場
海戦
有事
紙本
話声
初月
校注
茶帯
同点
城代
馬首
局注
戸口
店名
電波
英明
会期
右馬
心身
台木
火管
校書
競書
毛糸
光月
心王
神王
当町
東朝
内火
皮体
漢語
楽長
木生
英日
祭式
文科
松葉
量目
焼香
上図
多幸
不味
役印
少考
消光
白金
実音
服薬
教委
原住
刀身
打水
横議
南館
小父
県立
好機
左注
各店
他校
多口
目玉
小六
全隊
前隊
前文
星景
正形
手近
都開
黒板
山村
大佐
売上
農用
参会
散会
散開
消灯
黒松
時言
国楽
分子
未完
新物
下流
月光
神物
所記
自死
半魚
美写
法家
法貨
本機
軽四
公礼
好例
母語
有塩
願力
着付
給田
心木
対唱
隊商
番人
南側
無機
休日
急電
米屋
洋名
用命
陽明
食料
天門
配置
公器
真青
他方
丁者
工期
好投
算木
都合
遠方
光器
口器
口気
好期
好気
工機
広記
後旗
後記
校旗
香気
白銀
転期
民官
赤色
上役
景観
産別
曲面
神曲
品種
有期
案定
画面
口分
終着
全軍
大使
米利
照今
暑気
上意
定意
長所
刀商
当省
東声
日向
間引
有気
遊機
強談
女声
立体
最低
死人
知業
古人
出典
事大
早春
真丸
画本
内家
内貨
足弱
大味
口悪
黒山
毛深
先高
先安
節高
横広
衣類
本省
年高
本期
起死
固体
短大
本記
絵馬
字間
実科
同上
相給
空車
級間
児息
光風
京滋
計時
長文
本心
雨季
古体
丁種
軍国
生家
全土
英和
茶飯
老後
青松
対生
同市
帰思
期始
起始
高声
交声
好晴
好生
後成
香成
最強
中品
同週
土用
完食
寒色
寒食
感色
事体
町立
火器
間色
向学
好学
音大
社名
書者
大食
手形
頭数
前生
前成
山手
友好
男物
才子
祭司
木刀
本隊
民家
岩戸
楽曲
黒光
自県
水火
水花
大知
対地
丁年
自隊
他科
地体
挙止
鳥肉
両相
両省
良相
各軍
死本
自覚
府民
米機
例年
男前
説相
肉声
用字
駅側
山道
多花
文内
安国
詩人
低起
用事
記文
球場
身命
申命
神名
神命
法司
洋字
黒星
本真
円照
塩商
英町
果皮
産品
天機
転帰
話好
車長
実高
立方
氷炭
遊水
各式
刷紙
子宮
死体
女弟
両氏
公庫
要事
丁目
別物
管長
県文
天灯
電化
右足
隊歌
付票
名区
残照
春秋
東文
荷室
同山
物事
火室
子共
立話
中形
道徳
筆者
海中
今生
治定
事典
東都
屋台
階数
風切
失行
始球
糸球
主都
酒徒
遠出
耳道
順転
海雪
埼京
生研
農園
反目
文教
陸軍
園側
金量
死球
祝着
電荷
共働
教典
水戦
水線
満員
公算
商調
省長
西土
土建
放松
香合
化生
石器
地名
鼻歌
不念
赤気
地生
言動
手指
両法
典事
天字
点耳
原道
受水
前祝
料紙
完新
寒心
薬屋
下役
動物
身分
共話
自験
初信
所信
書信
自家
長持
西口
鼻唱
空家
下辺
品切
清客
生客
右耳
焼付
良方
木登
身長
手羽
色刷
顔負
書置
門出
切死
口聞
小味
先送
下書
深入
巣引
底入
立売
玉切
中日
手刷
長鳴
投売
荷受
荷作
旗挙
歯元
船出
前受
孫引
目皿
焼入
焼打
湯通
口鼻
高鼻
大黄
目配
足止
古事
参道
外様
返歌
空無
品定
大豆
横目
覚書
完調
古字
天神
下底
両家
光球
公休
公宮
好球
後宮
高給
中耳
本場
画用
重陽
長養
刀心
投信
等深
等親
等身
夏用
家国
島内
肉体
両紙
生気
答文
以東
宮中
原器
光頭
広灯
香灯
自前
打球
父神
肉用
王位
回船
計図
対数
多客
長方
筆書
物品
別当
信実
近代
長調
小成
照星
笑声
他区
英才
今上
知命
下表
春時
治下
日西
半字
陽気
開落
小指
相乗
中景
良法
円天
円転
果色
果食
交差
書家
星旗
清気
西気
仲兄
魚貝
東南
悪臣
験記
大局
定例
道人
兵村
立国
両目
群羊
清上
西上
求荷
求貨
球果
球花
国使
黒死
自助
選力
仕送
上人
海船
新貝
定度
投法
等方
白柱
美酒
音色
級化
光行
功候
向光
好光
港口
考工
高工
黄口
語言
町法
海洋
漢風
相鉄
運動
母指
暑夏
児女
大群
大隊
白米
母氏
下番
漢才
気府
工高
字庫
国富
極上
府会
回天
海天
高察
見積
悪貨
起辞
急談
新文
神理
鳥声
電器
悪果
石階
洋食
利養
正肉
暗夜
鼻差
外台
所帯
伝記
季夏
岐下
帰家
起貨
当科
東夏
灯下
登花
答歌
豆果
頭花
両湖
荷客
産休
追分
局所
大雨
古京
古教
古鏡
和差
古典
法面
返辞
位相
乗客
地球
中高
平安
走者
組積
愛国
下口
各曲
各極
加功
化工
火光
火工
工面
高次
行旅
国改
国界
公健
散光
産交
商用
門中
悪気
教院
係争
全長
大勝
行楽
自機
大径
良心
塩土
歌体
年周
反日
夜空
冷夏
各線
大計
対景
隊形
例歌
下体
小四
茶葉
等速
頭足
無地
内金
火湯
火灯
花頭
康楽
辞典
作出
字記
次記
辞気
事前
字典
自店
青地
管末
希土
治天
青単
重文
美味
民法
正北
薬局
教養
東国
動声
動静
倍音
食事
対案
同声
両軍
小店
声点
小典
小点
消点
焼点
章典
新参
中肉
右近
外来
口元
本位
最寒
細管
菜館
天池
念法
焼肉
令下
気配
小径
成分
対顔
油虫
各氏
語順
初回
夜光
気体
絵羽
古意
関数
長期
回路
気前
州県
相好
長目
同園
物体
安宿
下顔
花顔
茶箱
相合
客気
食葉
食養
天変
文筆
教頭
左辺
小母
貨客
軽口
指間
止観
歯寒
歯間
紙管
使側
人選
当所
頭初
利根
歌唱
黒門
原頭
小量
不急
不協
知工
学府
地鳥
人前
法文
法門
集成
内相
半信
風度
考古
順風
他者
内照
反清
反神
反臣
幸水
合金
心頭
上乗
死馬
赤線
貨利
左図
各点
極東
群間
軍官
軍管
司馬
年商
仲立
間借
英辞
前作
園路
今次
差分
秋波
標旗
氷期
礼金
後願
作者
社歌
文様
新米
船体
先登
屋体
緑道
愛想
向岸
列島
周期
所司
地相
様子
機器
島田
法典
以西
活字
食感
新茶
波戸
本局
遊民
白日
同量
波止
軍手
所当
遊記
色葉
温中
音注
初戦
他犬
他見
多見
頭分
京間
天候
湯池
不二
不時
府事
冬服
雨衣
水用
清音
投地
都計
係官
急戦
言語
高教
歯芽
心体
神体
氷点
夜色
画分
外商
岐路
結末
語気
初動
良風
安歩
温水
開元
対極
良等
各島
各等
客冬
角灯
画期
大極
長波
和食
化土
小門
実子
選対
地点
定番
大兄
耳鼻
店長
男役
音波
功験
後行
合糸
字例
次例
自冷
辞令
満月
緑茶
左道
差動
茶頭
主体
平調
悪文
成魚
関所
先体
船隊
大役
上目
英紙
成果
全町
全鳥
前朝
足刀
中金
同州
原色
言色
社頭
戦員
当意
等位
頭位
洋貨
陽火
陽貨
養家
兄者
語録
内角
円建
学食
機体
言行
国父
回教
魚塩
白丁
木香
表地
京風
親中
観葉
後語
校語
戦敗
調理
月番
同心
歩合
満族
管用
間葉
重臣
同書
夏服
引首
思春
主位
主意
住心
重申
重身
台帳
本道
洋間
式中
新開
来館
勝点
金具
日間
景石
作間
字母
表化
本丁
栄花
地付
月夜
道化
原題
全犬
動点
無季
無記
元代
出欠
神界
本葉
麦作
向後
茶室
頭取
養犬
各港
大郡
池中
法治
天漢
金銀
光参
短生
天官
雨具
丸薬
東辺
特委
念頭
持分
要所
角氷
産前
神灯
金品
目次
和漢
和館
界線
直選
名物
階級
期先
知才
名局
青花
気先
京官
共管
国風
親類
世家
井花
正果
正課
正貨
生果
青果
前身
功名
西進
兵機
歩調
青字
官寺
寒時
組曲
黒毛
市民
図面
井神
成心
正神
清真
大教
調音
当人
不整
法例
同所
同図
有司
有歯
遊子
遊糸
地所
柱上
有人
王臣
交親
公信
功臣
向進
好親
康心
後信
行内
水雲
表門
根機
新刀
真刀
神道
大風
大番
音調
気心
黒人
差入
新局
人対
前例
油類
事後
線形
台地
半時
右目
名声
係員
器体
帰台
期別
好望
市道
時下
上番
城番
大通
客年
気合
車体
続成
中体
柱帯
両鼻
画人
新葉
弟子
油入
家説
歌節
外客
国光
産科
未見
冷害
各町
機位
最上
商利
小利
真形
同川
農内
花博
福耳
法弟
右表
旗章
記章
芸事
前夫
洋服
流木
駅売
加線
気候
欠画
早発
売買
風合
丸太
丸対
木道
商戦
真打
親交
丁場
町民
刀印
当院
東院
変顔
有生
遊星
実母
不信
後内
新注
身中
時空
全馬
手代
器内
住持
全箱
竹輪
次手
引数
日番
駅中
客引
新口
新港
深交
深高
神幸
神行
親好
身光
天引
伝力
都立
媛語
矢倉
利便
愛社
色校
血色
校名
宿場
主語
出番
東岸
当府
分国
本四
横丁
火熱
生地
口絵
軍談
山養
戦法
代引
左耳
門下
作中
新芽
帳場
共地
早番
平台
府外
太字
夕礼
朝活
絵筆
急場
金麦
口画
消印
札束
正味
新約
直火
底地
荷台
街金
豆本
無位
無医
横町
利回
合気
相客
相席
間宿
相板
合服
間服
相役
青金
青線
青点
青東
青服
青本
赤牛
赤絵
赤短
赤肉
赤服
赤本
赤門
赤楽
秋号
秋作
秋服
悪形
悪玉
朝茶
朝練
足芸
足順
足代
足台
頭差
後金
後月
後作
後産
後役
兄王
兄分
兄役
油画
油絵
油代
改帳
改役
暗箱
勇音
石絵
板絵
板材
板長
糸遊
犬科
犬語
命料
今様
妹分
色悪
色絵
色地
色字
色番
祝金
岩地
印箱
印米
初産
受台
牛科
右図
歌芸
歌本
打歩
写絵
馬単
馬番
海千
梅茶
梅文
売玉
上絵
上物
運草
絵合
絵入
駅広
絵心
絵皿
絵茶
絵付
絵面
絵所
絵具
絵札
円買
大宿
置字
置地
沖特
沖漁
落研
落度
夫役
弟分
弟役
男運
男客
帯地
帯鉄
覚帳
面具
表芸
親機
親局
親業
親番
折本
温玉
女運
女絵
女楽
女客
女度
女面
女力
音引
貝肉
開畑
開箱
返点
顔学
顔役
係長
係名
書役
角落
角帯
角皿
角柱
角成
角道
角物
頭役
固文
勝数
川童
角番
金語
金茶
神席
神女
空茶
借記
軽点
皮具
川漁
官側
寒根
関木
外数
外場
側章
黄電
聞茶
帰村
北駅
北館
北門
黄茶
期近
黄服
客方
客種
客宿
急火
香落
京菜
京上
京道
京屋
京焼
京童
切絵
切米
着類
金紙
金側
金熊
金黒
金高
金建
金歯
牛細
牛塩
牛飯
銀側
銀熊
銀皿
銀高
銀玉
銀成
銀飯
草王
草黄
口米
国役
首肉
熊肉
組重
組中
組数
組夫
組名
黒竹
黒茶
黒番
黒本
黒方
軍物
景事
血肉
間縄
芸細
芸森
下魚
夏書
下作
下物
香色
香花
香包
香物
香箱
香札
小駅
小兵
小票
子福
細字
米代
小目
衣土
強塩
極太
極細
極安
最内
才取
魚通
酒米
酒役
作男
作神
昨夕
差料
差玉
札入
里地
申楽
産箱
産元
散切
塩茶
鹿肉
下案
歯肉
島式
島台
島役
借間
赤熊
社守
週足
主面
主持
宿高
手浴
省油
章立
正札
初表
初口
初切
白台
白茶
調室
調所
白電
白番
白服
白本
新糸
真書
心食
新畑
心柱
真柱
新前
新豆
新麦
地字
地雨
地板
地糸
地色
地歌
地馬
地借
地貝
地顔
地紙
直宮
直物
地口
地黒
自黒
地魚
実親
実方
地機
地引
字引
地豆
地虫
地山
重箱
順手
上玉
定店
直真
巣内
巣門
刷本
頭赤
頭重
図引
成貝
席入
席書
席札
関名
節木
船具
船便
前引
全目
候礼
候文
続飯
底意
外番
側役
大観
対屋
高役
立席
立番
建玉
建具
種代
種地
種茶
種本
束感
玉算
玉茶
玉目
試役
田役
単目
台石
談林
竹玉
地先
着歌
着声
茶組
茶心
茶所
茶湯
茶柱
茶花
茶船
茶町
茶豆
中皿
中点
注湯
中太
中細
中悪
丁合
帳合
丁石
帳入
町組
帳付
丁持
帳元
通切
使番
月運
月役
土部
土焼
積地
面一
積読
手金
手番
鉄箱
寺名
天火
天日
出面
電場
伝助
通町
特種
特太
年順
年役
飛級
飛台
飛地
取説
取的
鳥天
取止
同馬
同係
同埼
同夕
土橋
中番
中面
長帳
梨地
名題
夏作
夏材
夏分
何湖
何語
何用
生録
成香
成銀
南軍
肉色
肉月
肉付
西面
荷印
日印
荷役
庭番
練香
練天
年市
農男
野天
箱絵
箱車
箱数
箱席
橋番
柱材
葉茶
初席
初丁
初帳
初役
花会
花後
花代
花男
母役
早便
春号
春作
春材
晴食
半板
半道
半泣
飯場
半広
半丸
板元
場席
場節
茨線
番屋
火王
東館
東宿
東門
引具
低台
氷頭
飛成
平天
平刀
平番
平文
昼番
昼練
美黒
病間
福引
福豆
老役
筆具
筆字
太径
太材
太線
不仲
船楽
船代
不成
船用
冬作
歩積
夫丸
部民
米麦
米松
別口
別皿
別刷
別立
別間
別村
方立
細線
本刷
本箱
本畑
本水
毎夏
毎春
毎冬
毎夕
前芸
馬草
町医
待画
松材
松辺
豆科
豆球
豆銀
豆単
豆炭
丸管
丸害
丸材
丸小
丸心
丸字
丸天
丸刀
丸八
丸本
右案
右面
右様
水絵
水芸
水仕
水帳
水部
緑絵
緑線
港別
宮号
麦茶
無印
無反
無高
村下
目量
面板
面取
面箱
申分
持点
持番
元絵
元径
物頭
森番
焼絵
役付
役物
家号
屋号
休所
宿帳
宿六
山番
山様
夕景
夕場
湯温
湯感
油商
湯茶
弓隊
湯量
洋皿
用次
洋梨
洋物
横画
横材
横地
横肉
横本
夜番
夜練
落顔
楽日
楽焼
力場
陸貝
利札
両打
両切
両組
両口
両下
両平
両箱
両前
両指
連木
和顔
和事
和皿
輪中
浅地
階高
角地
気功
木目
京女
京方
銀紙
子局
小作
子女
前列
中食
中地
長上
長城
手相
都側
同間
土場
日歩
部立
面形
守役
約手
用場
季候
崎港
帰校
旗公
気光
国女
健児
下絵
所場
板木
本通
役高
画数
管底
京人
黒先
校内
算数
下社
夕間
帰阪
指数
初文
時差
大発
地動
不会
名実
話風
教材
群体
両面
大元
行側
走力
茶会
的屋
西空
博打
目地
安手
近県
金研
群来
実線
足音
開議
初手
白星
体育
庭球
漁会
宿方
水生
全席
同章
同生
辺数
本紙
間夫
港町
音長
産院
主食
定約
助字
助辞
入学
家月
前節
月見
門部
各業
近見
工芸
星章
中字
通身
鹿場
生花
王城
期定
国公
代地
年番
白線
辺地
各人
口番
国歩
手食
同品
病室
要員
軍歌
分部
山千
両村
急用
死出
歯数
羽数
本朝
丸形
漢鏡
汽力
金庫
新語
神語
身後
特急
分量
整体
半休
半弓
阪九
不漁
用後
工部
戦車
全頭
路面
岩絵
局名
古語
側転
大集
小紙
小詩
少死
省市
先験
底魚
大議
労金
最多
低地
勇臣
有神
火薬
軽度
健香
原子
公道
国有
信神
真身
茶代
丁付
当区
当屋
頭屋
農事
印章
歌絵
子機
大八
米作
塩類
城関
城館
対辺
大老
通年
出作
決勝
商科
臣人
信念
成章
清勝
争力
反語
連語
受苦
玉固
同音
本業
木標
口道
香道
皮下
本行
心念
君主
対化
係数
口談
単位
同曲
同極
物量
発作
寒苦
好感
低高
門人
細大
浅見
分会
文会
文界
来客
礼服
英愛
山馬
産馬
所動
節名
鉄板
度者
下放
加法
家法
寒暑
漢初
助員
付章
夫唱
富商
始点
心水
重選
文理
王化
開方
開法
飛語
漢文
黒土
想海
炭水
熱帯
公案
水景
大火
地衣
着花
目木
軍刀
光線
全力
肉親
民生
週内
神号
身業
字行
本実
望湖
両耳
仕末
心海
新改
神階
多回
同女
友人
雪国
季節
軍法
王朝
漢方
求心
教生
車代
公社
週給
初年
全会
全野
家地
高明
全心
安物
実姉
大福
同表
用言
車高
新店
目安
家業
課題
空軍
清流
先進
短刀
点化
飲屋
問題
洋画
古今
散定
唱法
多羽
円石
遠赤
全例
風力
原土
題字
飛香
法名
前足
医業
原形
口音
地階
実生
意行
港内
草案
台辞
題辞
地界
同者
道者
夏祭
南朝
名字
夜鳥
形声
原文
高一
中卒
最少
親信
実例
水土
石油
金科
金花
金貨
失点
線心
選進
漁港
最勝
天然
表語
梨園
回虫
火手
火酒
貨主
楽員
申前
神前
次書
自所
全局
全極
前局
待時
長兄
洋兵
神祭
対自
通所
別行
用方
外円
物産
文野
各社
熱気
下意
下衣
歌意
季語
白板
花店
美果
鼻下
行末
声帯
鉄労
野牛
勇名
共利
教理
原人
出身
船中
相聞
丁数
丁字
左上
文名
共産
水声
水成
天使
投打
無中
連山
科類
空前
車上
正葉
正要
正陽
西用
博言
民族
名手
言笑
国命
子育
新船
新選
理事
月氷
高唱
小水
中朝
朝令
兵員
学位
原景
深浅
前同
反感
法原
名酒
明主
友愛
落陽
衣体
衣帯
外灯
宮相
主祭
主菜
酒菜
水文
早期
土柱
法言
両社
火兵
秋園
代本
同院
有終
字図
英軍
園中
温感
音管
挙例
原理
商説
少雪
正説
消雪
章節
真物
自院
次行
内府
山線
岩頭
月次
親日
多重
老中
気流
建学
建楽
好意
進上
乗員
人記
両字
両時
両次
強勇
教友
牛肉
調使
光感
父王
無去
無戸
雨期
下面
果面
形体
公意
好位
校医
高意
公物
国旗
語群
上表
積極
良時
集水
上代
石径
雪景
大商
道管
道観
和兵
結語
水力
花金
氷面
病原
王代
王台
原点
高熱
西門
借地
初老
両車
軽国
小話
差別
章名
初試
所思
書司
日清
名辞
屋戸
送料
名詩
花月
学商
定印
正学
世間
他害
成金
南画
本然
本念
栄養
苦楽
新来
神来
無二
栄光
海面
外語
汽輪
実地
水路
戦記
刀子
東司
風船
輪身
外局
主用
首要
次節
単科
伝説
有料
連歌
気積
小果
松果
松火
松花
消夏
線径
多生
中位
定給
表文
悪作
花竹
原歌
原課
黒体
散村
主談
主力
初歩
節日
相者
野梅
愛犬
化人
田字
内洋
両会
両回
両界
両階
練達
強意
子弟
首長
食器
体熱
丁銀
取消
年号
発船
無言
意向
海波
式内
司祭
全文
標語
国博
国共
散官
散寒
産官
勝兵
短笛
治山
灯台
変体
両人
国対
司書
他発
注配
調書
半漁
不全
命日
悪役
衣香
観点
宮司
県歌
県花
光明
同語
母数
使丁
姉弟
歯底
町名
定員
和室
雨雪
県央
前軍
打席
帳台
町代
文楽
陸橋
路地
路上
愛児
見法
詩才
車名
治頭
動感
来季
区道
香菜
植生
村民
電鉄
辺上
育英
古画
西語
生材
印刀
引頭
塩水
下級
官民
原発
死重
社命
声量
天才
物界
医局
感度
完動
官道
外観
詩書
使人
守成
道立
悲願
英気
王家
温帯
各群
各郡
間道
金糸
実成
自筆
富民
家父
機械
近思
早老
他省
島都
東徒
波長
風景
花材
花辺
原曲
水人
大作
他章
多勝
多照
多笑
鉄分
不争
文鏡
分線
本命
名門
買気
家電
参法
算法
点景
南曲
木母
主点
前菜
文芸
理念
学用
球虫
級中
強起
白死
当番
輪花
苦節
正気
洋館
気色
手中
小暑
前庭
同物
反意
半波
美品
雨量
英土
化道
相法
走法
中夏
仲夏
柱下
中研
灯数
海路
会頭
週別
服屋
不死
横顔
両世
両生
空地
時節
成案
生安
中流
当代
都長
病人
平話
上面
金目
芸人
大数
隊数
昼光
昼行
注口
定食
博物
半人
北上
令正
赤児
期日
心所
神助
丁名
朝名
朝命
鳥名
両群
字書
茶番
当事
頭板
付図
開陽
外角
外洋
原案
古点
菜刀
菜湯
菜豆
正業
全角
電灯
度合
熱戦
半官
風雪
本館
有音
来期
両年
意力
急所
橋頭
空室
秋季
地産
朝変
長辺
白梅
林間
海光
海口
海港
会所
金鉄
軍持
郡司
京包
小声
詩体
新札
場外
全学
単子
短詩
中医
同課
分校
分行
文光
文工
聞香
門葉
様器
用器
要機
養気
要用
陽葉
聞役
極所
最短
参事
食管
食間
船頭
他市
他氏
他紙
多子
多指
多死
単二
氷原
不予
部材
本初
無塩
遊人
意想
印手
上客
声部
他用
農村
農夫
本意
夕陽
原始
司教
車外
正真
神話
赤軍
戦形
同類
福音
本身
花葉
荷葉
器械
気海
血管
小葉
小用
小臣
小身
少心
少進
焼心
少用
少陽
照曜
生葉
文民
民有
無耳
両郡
会友
海友
漢法
顔面
新形
真景
新書
上式
長広
同下
同科
道果
道歌
文面
民放
王立
楽式
共育
橋東
鏡頭
軍使
終点
単品
当国
同年
土功
土工
悲歌
飛花
力戦
緑地
健章
原料
終期
東走
東送
半音
不休
本使
円去
塩湖
遠古
正文
神国
他店
都銀
葉芽
薬食
王道
活力
結界
秋期
秋気
集気
次戦
助手
水頭
声読
正読
代打
変差
夜具
海佐
開差
階差
火力
外交
生薬
金字
小名
唱名
神戦
太王
天光
天工
当寺
日章
満点
失地
出色
書名
親書
神米
夏雲
方天
遠人
音名
開合
金平
公流
後流
国画
始原
全年
内底
年輪
方便
本曲
名機
元帳
両立
王府
王父
開教
橋柱
祭場
初名
想観
相観
炭山
短調
農薬
標点
衣料
右岸
遠足
館守
議席
主隊
新中
他局
単元
庭園
天長
平開
薬科
用間
和服
英詩
黄熱
開府
親族
農試
頭字
好健
考見
式典
紙上
太達
等時
答辞
無上
活画
山流
実業
成文
他体
他隊
都電
表頭
海底
間然
休題
高卒
古時
時速
町連
等辺
洋書
神類
図形
付立
通期
頭角
東地
度数
不等
面前
勇歩
楽生
理由
歌業
課業
外材
挙国
欠員
月給
祭文
市電
社隊
少水
小児
新令
新例
臣礼
上部
大漁
多点
同級
同村
日港
飛天
来店
景品
主席
主調
次章
節刀
大道
町地
内記
標高
美校
北洋
命世
夜灯
和字
足長
雨氷
芸香
雲高
究極
金葉
決号
公金
古刀
古湯
湖頭
積立
低木
当千
道先
里数
理知
林工
輪光
輪行
和洋
大金
音形
軍都
郡都
集落
酒後
白帯
単色
単組
大便
島岸
当願
野見
副次
北都
無料
両案
林松
冷気
労苦
海生
海東
開湯
開頭
金員
元始
原糸
原紙
原詩
主役
新玉
身辺
女流
前言
病後
富家
富化
府下
文具
名産
各所
外伝
期成
機声
光周
高秋
交友
校友
細部
紙数
全戸
側管
特使
白血
部外
予科
林野
間投
強弱
金印
原初
光来
思想
主色
酒色
酒食
自伝
前席
徳歯
特指
内使
日課
父名
本席
院外
歌題
花台
加役
加薬
課役
管頭
関頭
観法
客先
今古
近古
後来
所作
刀山
当船
灯船
頭目
特典
特級
農場
方位
放声
法世
本校
本港
両道
育児
印池
各面
期数
機数
記数
共学
残月
寺伝
正門
船社
船車
側近
通念
道民
内地
必用
歩速
有理
遊里
両店
径行
軽功
菜園
作意
次号
茶台
中級
同温
半面
分園
無名
野外
温風
機材
急調
級長
計数
候人
子孫
終局
全店
単意
短衣
単刀
反当
短頭
日行
本科
名器
薬味
界面
急信
球心
光熱
社印
出院
新特
神徳
直談
人海
人品
選管
前野
台形
徒労
農地
野馬
反間
表相
毎度
明器
明期
利点
円通
各節
歌文
学徒
木口
区活
残数
社外
出所
主夫
首府
神軍
信書
心線
耳順
重体
重力
先天
茶器
同引
道員
部類
寒中
管中
気節
区長
昨夏
産道
詩集
市兵
新陽
親用
持節
持説
自説
受神
全階
多種
中動
典法
日乗
木管
陽画
両町
医方
運命
夏下
花下
外板
軍民
径路
社司
商事
信組
次週
自来
先客
体高
伝刀
伝灯
農協
白光
負号
列強
有無
科落
学業
空母
行路
国庫
新薬
正道
東宮
灯標
内皮
番方
必争
悪人
球界
魚口
訓点
県東
光体
後隊
黄帯
黄白
後輪
食育
新章
心受
身受
新読
真読
実兄
自発
水深
対日
長形
長径
長計
鳥径
通産
通書
天子
伝票
等差
美点
別業
本号
野心
両線
感想
管路
街灯
街頭
元利
行頭
県作
公地
公知
向地
工地
校地
牛王
牛黄
才女
山菜
残酒
写声
車声
松会
食味
初形
進路
耳根
正横
多雪
転子
投炭
都連
同元
美徳
富実
両局
両用
改植
各代
関白
外登
街東
黒円
雪面
側行
同案
表皮
風角
風調
風鳥
母線
命題
予選
悪器
王宮
強度
近浅
金線
郡村
原典
口熱
好熱
作分
商号
初級
浅発
族子
多住
当社
当店
日照
未然
立教
和名
円内
感量
公助
公女
好女
工女
高女
古書
借知
小引
省員
所労
水緑
大祭
台車
天体
刀法
満園
名城
和金
話題
英陽
生立
寒天
外曲
外電
願書
組合
軽卒
子分
少年
深所
清初
神書
自業
上都
城都
西流
世用
船室
線文
短長
中気
同色
入声
農高
不作
良港
石積
円貨
芸者
向風
校風
高風
市会
死界
初球
食気
死力
重代
自労
船外
全校
全天
速力
天金
電極
分身
別戸
油井
安位
暗意
円周
関節
観天
楽習
血島
小字
主星
声字
小辞
正法
実船
住商
重商
西辺
中社
丁香
調光
庭院
点菜
特産
徒弟
半弟
半民
母体
満願
満期
名阪
役名
流水
冷感
冷間
和南
委曲
観者
漢土
外感
外管
学外
客電
言文
公議
号数
散兵
司塩
歯式
社食
秋天
真空
真筆
上記
船内
前科
全功
前功
単耳
田園
板画
必然
福相
平面
葉中
力作
流央
医大
羽毛
毛人
遠洋
各州
化研
科研
家伝
火田
火電
血路
元曲
原局
古印
光路
公路
後路
強取
周産
首席
主船
守戦
初速
実形
実景
定宿
図体
正円
石炭
大意
対位
低音
底面
電流
同種
人夫
熱量
年始
農道
農民
半身
皮管
風光
風物
本工
真向
満天
民青
無形
木炭
目録
悪習
火休
火球
各様
神札
魚巣
欠点
公室
後室
使節
子夜
州別
主柱
正金
真札
次作
争利
側室
中佐
直球
同前
内耳
番線
北路
本官
本管
明部
力点
和親
家臣
外形
記実
弓道
急流
口輪
光輪
死物
州道
集童
生金
心話
新話
城外
数理
成書
正書
青書
節内
前角
全相
全草
前走
点線
土管
熱線
風説
法要
満面
民事
民話
物音
両院
両名
悪徳
角材
各書
外用
外葉
協立
今作
作風
終身
周天
周転
春節
小寺
水和
星室
正室
静室
切点
戦旗
戦期
戦気
船旗
線香
多極
他車
短所
男色
天球
童顔
配字
表題
美形
名品
目代
門弟
流線
礼節
愛死
運気
雲水
夏緑
寒水
気球
機番
球速
教相
軍医
決会
血海
後列
写場
市有
試遊
詩友
小皮
書人
新台
真皮
心労
自船
実包
弱強
青天
積書
走順
卒研
大弓
打感
茶子
中天
電機
熱波
白球
反音
必勝
美色
病期
病変
文業
兵役
本役
本薬
名馬
遊出
落語
冷所
連体
育種
海成
開成
階前
帰命
血気
口話
最外
最良
週市
祝辞
主石
酒席
酒石
勝敗
笑売
神族
信徒
持病
静中
前談
体温
他極
短言
低塩
電線
東連
年功
白指
白詩
母機
満室
無休
無実
友国
洋才
洋菜
葉菜
利差
利他
連休
話頭
育生
色別
英京
駅近
大男
音速
回次
海事
海自
会席
画室
顔料
旗門
気門
球体
挙人
苦言
群書
結石
県城
月球
交番
祭礼
昨夜
詩節
失歩
失語
集英
州内
宿命
新兵
親兵
寺号
自消
自照
自笑
時流
図録
整式
西式
石材
先公
先幸
先考
戦功
先後
前転
多年
転末
等角
度表
肉天
半農
標灯
氷島
病巣
病理
風人
文才
兵家
兵火
兵科
平葉
方国
養分
理数
両所
両書
料所
良書
良友
和様
階下
火夫
家門
花文
花門
完徳
元本
極大
局地
軽合
軽品
行金
高所
公伝
祭典
死相
試草
詩想
詩草
主薬
正客
初入
心室
新受
時短
重油
成覚
縄文
人天
声門
正立
前向
全点
単三
単産
単線
代役
中皮
調定
通貨
読点
特長
動画
土石
農都
農法
波上
半径
板面
悲母
風神
服地
兵車
末年
味覚
右左
無量
来世
陸路
良案
両朝
類内
例祭
冷菜
連投
老女
労連
和牛
意中
絵様
屋外
加害
観想
観相
岩塩
器材
教本
漁民
元初
原書
原本
工具
才媛
最遠
市村
周極
終曲
終極
秋景
酒量
少佐
正風
初給
所説
新春
自画
実印
辞表
水温
水族
整数
節点
戦間
争鳴
早明
打順
直径
伝心
電動
日加
日貨
敗色
皮板
美白
副章
福利
文園
兵馬
別器
別定
本課
本祭
母星
母船
夜景
両極
両天
両点
良道
足底
円頭
遠東
各説
害用
学街
学都
楽都
金湯
郡民
軽科
軽荷
軽課
競輪
健筆
原画
原級
元物
原物
口福
古式
合科
業火
細流
産室
産油
死活
歯周
司敗
終駅
主題
商標
所定
新軍
清軍
親軍
時習
事由
上地
上知
城池
成丁
正定
西低
晴天
西半
選点
全高
前号
想夫
側音
台日
他種
単体
茶気
定形
低速
春宮
博引
必見
美文
不労
不老
名医
役料
羊毛
両度
両様
老親
老兵
和式
愛校
悪意
暗雲
暗夫
雨天
円筆
円明
園名
開目
官話
漢和
外地
学祭
画板
器才
機才
給料
極右
局部
議事
建材
健兵
工運
行雲
香雲
康福
黄門
谷頭
合道
昨季
産児
社説
終電
祝典
主港
手工
省案
商船
食法
初校
所生
受話
自遊
積水
船積
足心
体菜
太細
他形
他計
多形
多景
多神
達用
多毛
単板
代車
大理
地銀
中相
中府
中葉
直近
定温
等号
投写
等色
東天
取出
同歩
農功
半夏
番兵
標題
風雨
風水
富友
分院
望火
母川
無風
名言
門歯
野岩
遊女
養女
様相
予行
陸自
両校
両港
両行
良工
両船
礼法
悪事
暗中
文身
駅家
園主
円板
公事
海角
開角
海帯
課外
各週
火石
花石
勝手
活量
寒松
関門
学行
学説
元正
岩松
願生
機速
気息
気速
極北
魚倉
魚相
空調
軽車
結点
工役
好守
口実
光電
後発
湖面
才量
菜料
残差
残材
仕服
写植
社福
終夕
宿題
小差
少差
勝他
初交
新馬
親筆
城地
辞林
清栄
正塩
星天
正典
世変
積雪
雪冷
線外
選外
戦用
前院
足力
孫女
村落
続投
体言
短波
代八
題名
題目
長打
長毛
定式
鉄橋
鉄工
天馬
電信
特色
年歯
同王
入試
熱信
念糸
敗者
配船
半角
筆力
飛頭
表意
品位
美大
風向
風林
風輪
福神
富農
部首
部族
北曲
本望
名犬
名湯
毛筆
薬名
落差
落花
立命
料飲
両州
老顔
老公
老前
和犬
和才
愛鳥
以心
以深
医心
雨害
雲気
園芸
海貨
開物
開明
各辺
家信
歌神
火神
火進
花信
花神
官業
寒行
間八
官令
外径
外景
学才
楽才
岩高
帰根
機根
気根
器面
宮主
球種
給主
求道
球道
休漁
教研
共住
去夏
挙家
金板
牛皮
軍書
軍配
計理
欠神
結節
血流
犬種
言説
工種
公田
公電
香典
国母
固形
小才
湖底
根菜
根底
作願
左岸
作庭
残飯
死有
死差
秋冷
主材
出数
春雪
小角
正角
消極
商才
初見
所見
書庫
初令
所令
神験
進見
新秋
新集
深秋
神州
新着
新板
事変
重星
受照
受章
上室
城門
自流
水兵
西英
船級
戦国
前医
全形
全景
前景
全室
速結
対角
対流
他年
多念
単字
代休
代走
打力
沖天
直管
直間
通説
低位
定説
低利
底流
転線
典例
典礼
電位
電光
電工
投雪
灯油
答練
当話
答話
特等
特例
童画
同族
土足
内事
内積
内争
肉牛
日王
日給
熱血
博品
反動
馬群
番犬
番茶
筆紙
必笑
標本
美景
病相
病体
副業
副流
不食
物類
分生
変様
包葉
末位
末路
満車
未進
未聞
民工
民自
無給
木台
文底
有休
有礼
洋弓
予後
楽果
落果
利息
立春
両色
両兵
緑豆
林相
礼器
例言
冷雪
例題
連対
連隊
老健
和刀
青石
悪衣
悪字
漢人
暗期
暗号
暗室
暗部
育毛
委中
院体
印伝
右羽
運材
運上
栄典
園丁
園庭
王母
大酒
悪寒
温菜
海図
会名
階名
各級
管下
観花
観心
完人
寒流
外周
害鳥
楽節
画材
機外
器形
旗国
季秋
起重
希人
旗人
汽船
球根
弓馬
教父
強兵
曲節
金行
金主
金種
近臣
近親
近習
金力
金緑
議題
漁協
魚群
空席
苦計
区隊
具材
形勝
景勝
軽油
軽労
血清
決選
県会
芸当
外題
月休
下牧
言議
原麦
原票
原品
原名
験力
校具
香具
公主
好手
工手
校種
行酒
香主
向暑
好所
好書
向日
好日
交直
香味
校門
高門
黒雪
古面
根管
合皮
祭天
作期
昨期
散田
材木
残光
残年
市府
写角
社業
社章
写実
社伝
車列
社労
集電
終板
週番
秋陽
集要
主教
祝勝
手芸
取集
首題
手板
酒飯
春寒
小案
省議
消息
章票
食農
白首
進角
真言
神人
神典
真福
神馬
次位
自衣
辞意
直伝
自食
辞色
次図
実正
実積
実相
実速
実員
実害
次表
耳標
字法
寺法
辞法
弱点
重土
重役
受光
受令
受礼
成身
上日
成実
地輪
神足
水球
水冷
頭寒
正号
井数
正数
星図
声息
正着
成虫
正中
正副
清福
席番
石標
雪食
節度
雪量
説例
戦火
浅才
選書
線図
先入
船名
先例
船令
全球
全号
全品
前葉
早秋
相動
相同
巣板
速達
側方
速球
孫色
大守
太主
太守
大輪
多心
短観
短弓
単光
短信
単発
題材
置官
池底
仲弟
中飛
調号
通音
通谷
通天
定言
定息
定足
定速
笛音
鉄鏡
鉄手
天辺
天面
電球
等族
投低
頭皮
特大
徳礼
特科
特貨
同列
内宮
内題
入管
入光
入市
入店
入梅
年休
配所
敗東
波動
反共
半兄
半側
半足
半速
反足
坂路
博徒
麦角
板根
悲運
必着
悲鳴
氷衣
標式
表式
票田
氷板
悲話
品行
美飯
病苦
病名
風速
風来
府議
副食
服色
不言
不着
物議
分期
法官
本題
本毛
望遠
母校
母種
牧歌
毎戸
末筆
松科
満線
満船
満配
未戦
民業
民苦
民宿
民用
無敗
無配
無品
明意
命運
名園
明験
命言
名勝
名松
名刀
名答
命法
鳴放
名木
面色
毛細
毛湯
聞思
薬材
薬理
約量
薬料
薬量
野望
有印
有官
有感
有給
遊休
有形
有病
油水
用所
葉面
養毛
要録
予兆
来書
落橋
利害
陸地
利足
流体
良運
類字
冷温
連銀
連名
労工
老心
老臣
老身
老体
労農
労兵
老令
路外
愛悪
愛家
愛機
愛苦
愛欠
愛語
愛酒
愛書
愛心
愛神
愛臣
愛息
愛刀
愛徳
愛念
愛別
愛民
愛友
愛路
青雲
青波
赤衣
赤手
赤点
上馬
秋雲
秋雨
下語
悪運
悪王
悪害
悪業
悪月
悪言
悪才
悪子
悪所
悪書
悪食
悪神
悪水
悪雪
悪相
悪男
悪血
悪鳥
悪童
悪道
悪念
悪筆
悪病
悪夫
悪風
悪変
悪法
悪面
悪友
悪例
上底
悪計
悪国
悪根
海人
天社
年魚
有体
暗化
案下
行火
安協
暗行
暗空
暗君
暗血
安康
暗光
暗香
暗語
暗主
暗色
暗線
暗帯
暗点
案頭
安分
案文
安民
安立
暗流
暗緑
軍船
育草
育徳
育友
育林
活魚
意業
委細
石工
石文
医書
医女
位数
医説
以浅
市屋
位田
糸竹
犬面
意念
医博
意馬
意表
以北
意望
入相
色身
祝酒
院印
印鏡
印形
院宮
院家
院号
印材
印書
印信
院主
引水
院線
印相
印点
引転
印肉
印面
音物
印文
院門
引力
引例
受持
雨月
牧牛
牛車
右室
有心
雨声
羽族
内孫
有徳
雨読
海馬
梅林
右葉
右列
運開
雲海
雲客
雲角
雲関
雲外
温気
雲級
雲月
雲合
雲山
運指
雲手
温州
雲上
運数
運炭
雲底
運刀
雲入
雲表
運歩
雲文
雲遊
雲量
雲林
運令
英印
栄運
英学
英式
泳者
英主
英商
英清
英船
英中
英風
栄福
泳法
英法
英民
泳力
役牛
駅子
駅手
駅商
駅数
駅船
駅丁
駅頭
役夫
駅夫
役民
駅路
会苦
会下
会元
絵図
絵伝
遠位
円外
塩害
円覚
円球
円鏡
円教
塩業
園区
円月
円口
遠交
遠行
円材
園試
園頭
園数
円村
円読
円皮
塩皮
園服
円木
円本
円文
園門
遠来
円輪
園林
園例
老木
王業
黄玉
王銀
王軍
黄血
黄犬
王公
黄光
王号
王親
王水
黄水
王族
横隊
黄体
王治
王庭
王弟
黄梅
王法
王民
王命
王有
王林
王令
横列
黄連
大帯
大束
大業
屋側
屋階
良人
男人
戸外
音階
温覚
音学
温顔
音曲
音訓
音群
温血
温健
音工
音高
遠国
温習
温色
温食
音字
温石
温点
音転
女男
温熱
音板
音便
遠流
温冷
改案
会意
階位
海駅
海王
開音
海客
械具
開建
改刷
開式
会心
海深
海進
開心
回族
貝玉
改土
開度
改番
海氷
海表
界標
回米
海民
海門
海陸
海流
家運
火雲
加音
夏音
下界
民部
科挙
各案
角岩
各橋
各号
各室
各村
覚他
角通
各馬
角皮
各筆
角筆
客兵
各法
各役
標札
水手
家作
歌作
風波
下式
家借
果数
歌数
課数
飛白
語種
活水
活人
活神
果徳
科特
門前
果肉
花肉
家母
科料
皮切
官位
寒雲
官園
感官
寒極
漢玉
官軍
漢軍
管群
完形
管形
管径
間欠
管見
寒月
観月
官庫
官戸
管材
完実
官女
寒村
漢族
寒竹
漢竹
官田
寒熱
感熱
感念
寒梅
観梅
間氷
官付
官服
官辺
完母
寒木
完満
官名
官命
漢名
漢薬
官有
漢来
官立
寒林
害悪
外衣
害意
外運
外役
外王
外画
外銀
外区
街区
外言
外合
外信
外心
外臣
害心
外城
外水
外積
街村
外族
外帯
街談
外底
外典
外転
外熱
外発
外皮
外物
外米
街民
外力
外緑
街路
画院
画会
画界
芽球
楽学
学参
学室
楽所
楽神
学事
学石
楽想
学治
学知
学店
楽典
学頭
学徳
学半
学風
学友
楽旅
学連
画景
画工
画号
画才
賀春
画商
賀正
画色
画女
画題
画帳
学活
学兄
合切
合筆
月令
画道
画筆
賀表
画名
画友
願意
岩画
願学
願業
願行
岩種
願主
岩上
岩石
岩相
顔相
岩体
願人
顔法
元品
願文
岩流
器楽
気学
旗軍
気血
期月
起式
帰宿
季春
帰信
帰心
帰神
機心
木竹
気笛
汽笛
木理
帰名
気鳴
客位
客使
客乗
客注
客分
客遊
客来
客貨
求安
急雨
休園
球音
給気
給金
泣血
急言
急坂
宮室
休出
球春
宮女
級数
求知
級地
給地
給知
休店
宮都
急登
給配
休筆
急病
急便
弓兵
急歩
給米
求名
球面
給物
宮門
休薬
球友
級友
挙一
教案
強運
教王
強音
京学
教学
教行
競業
教区
教具
鏡群
教外
教式
教主
共習
共勝
協住
共助
協助
教場
橋上
教説
共戦
共線
教線
競速
強族
教体
京中
共電
強電
京内
教内
橋南
強馬
強皮
競歩
教法
橋北
教母
教木
交名
橋名
鏡面
教門
共役
局課
局外
曲学
局側
極期
曲芸
局後
極左
極差
局紙
曲種
曲集
極小
極少
曲事
曲順
曲水
極体
曲直
極年
曲馬
局番
極板
局票
曲風
極夜
極洋
極量
曲例
曲礼
曲路
挙軍
去月
去秋
去春
去声
去世
挙世
曲管
極官
極光
極功
極高
去冬
挙動
挙父
挙要
近位
近医
金位
金衣
金円
金塩
近海
金管
金牛
近業
金軍
金毛
近景
金欠
金言
近国
近作
金札
近信
近心
金神
金相
近村
公達
金談
金馬
金波
金分
金文
金風
近歩
近来
近流
金冷
議運
議言
牛化
牛角
牛群
牛形
牛後
牛種
牛耳
牛刀
牛馬
牛歩
行学
行願
行信
行実
行住
行数
業通
行伝
行服
行力
行礼
玉案
玉衣
玉音
玉花
玉顔
玉室
玉車
玉成
玉清
玉体
玉代
玉池
玉笛
玉頭
玉歩
玉門
玉葉
玉類
漁具
魚形
魚種
漁色
魚信
魚数
魚族
魚体
魚鳥
玉器
魚田
漁灯
魚道
魚肉
魚板
魚皮
魚病
漁夫
漁父
魚服
漁法
魚味
魚文
魚油
漁連
漁労
銀位
銀印
銀塩
銀貨
銀漢
銀器
銀鏡
銀札
銀山
銀糸
銀主
銀地
銀子
銀線
銀台
銀笛
銀頭
銀白
銀歯
銀馬
銀板
銀筆
銀皮
銀票
銀緑
銀輪
空位
空海
空行
空谷
空後
空佐
空山
空相
空心
空自
空城
空石
空説
空走
空包
空望
空名
空理
空陸
空力
空林
空輪
空冷
空老
苦役
苦果
区会
苦海
口決
口業
草屋
苦受
苦参
薬代
区点
苦肉
国本
苦熱
公方
公役
功力
黒油
黒衣
黒炭
君学
君公
君国
君臣
君親
訓辞
君側
訓注
君長
君徳
君王
君父
君民
訓民
君命
訓話
具案
共業
具注
軍役
軍王
郡王
郡会
軍学
群議
軍議
群玉
軍区
郡区
郡家
群軽
軍犬
軍戸
群行
軍功
軍港
軍行
群才
群参
軍産
群山
軍種
郡守
群心
群臣
軍神
群数
軍争
軍卒
郡代
郡地
郡治
群中
軍中
郡中
群長
軍長
郡長
軍転
群童
郡道
群読
軍馬
軍票
軍夫
軍服
軍命
郡名
軍門
群落
郡立
軍旅
軍令
軍列
軍路
群鹿
景雲
軽挙
景教
軽協
形局
形神
軽打
京兆
計帳
軽重
景徳
京奈
軽風
景物
軽兵
競望
計面
化外
加行
毛衣
化主
化身
化城
花池
結願
化鳥
血球
結社
血相
結体
結隊
血中
欠品
血風
欠本
欠位
血雨
欠月
結言
欠字
結縄
血族
欠番
欠便
欠文
血便
決明
血友
結連
外連
建軍
健食
建水
健側
県卒
健体
県隊
見台
験電
犬肉
犬馬
犬皮
県木
研北
健末
見面
県有
見料
建礼
県令
芸界
芸談
芸道
芸風
芸名
芸林
外京
夏行
外宮
下郡
下血
下国
下足
月界
月産
月商
月色
月食
月神
月夕
月央
月差
月図
月台
月名
月明
月利
月林
月輪
外道
下人
下熱
下薬
原意
言意
原塩
言外
原岩
原魚
元号
言者
原水
原図
原石
原体
原隊
原炭
原注
原虫
原電
験徳
原肉
原板
原表
原皮
元標
言表
元兵
原末
原味
原毛
原薬
言路
元老
原話
小家
口愛
香雨
好悪
公王
公海
公挙
好局
香魚
好銀
校訓
高家
向春
工順
後生
後席
黄石
広節
後節
考説
高節
高説
公単
黄肉
公病
幸便
後便
公辺
口辺
好変
後辺
向米
広本
校本
好味
後面
広録
古駅
古音
湖海
古曲
湖魚
国安
黒暗
国意
黒印
国記
国号
国章
国事
国字
国図
国電
国都
黒肉
国年
黒表
黒変
国法
黒曜
国利
国老
古形
湖月
古言
古札
固山
古社
古酒
戸主
古昔
古説
湖川
古相
古茶
古注
戸長
国漢
黒球
国金
国訓
古徳
古年
古筆
湖辺
古方
古法
古名
古流
古例
根音
今局
根出
根毛
根量
今例
合界
号外
号給
業苦
合谷
合散
合字
号笛
合転
業念
業風
合名
合薬
極意
極印
極月
極暑
極説
極低
極白
極老
語根
後号
語業
牛主
午食
牛頭
語族
語長
語問
語類
語例
言中
近門
最愛
細案
祭衣
西院
才英
才学
西客
祭具
細径
最決
才芸
最左
才差
細作
細材
祭室
祭主
祭酒
菜食
菜頭
才人
祭神
細節
細太
才徳
最特
細動
細馬
才筆
細筆
祭服
才物
細末
最明
最民
細民
細毛
最落
左羽
差音
作印
作音
作手
作種
作食
作事
昨対
作題
昨朝
作土
作人
作変
作毛
作問
作料
作例
作礼
作話
左近
茶梅
左室
左社
差数
左直
刷数
察番
左飛
左表
左府
佐命
茶礼
産育
山雨
山雲
産機
産金
産銀
参軍
山群
産軍
山月
山茶
山色
散所
産所
山体
散茶
産直
産鉄
産肉
産熱
産年
散文
散木
山民
参礼
材種
材色
材積
残花
残寒
残機
残気
残京
残金
残欠
残菜
残紙
残暑
残心
残生
残席
残雪
残地
残柱
残土
残熱
残氷
残品
残部
残物
残便
残兵
残夜
残油
残量
指帰
色衣
色界
色覚
色感
式楽
色光
色差
色材
色食
色神
式日
色弱
式順
色相
色帯
式台
色代
色的
色度
色道
色票
式服
式部
式文
式法
色法
色名
色面
式目
司空
司郡
市郡
指月
歯根
糸根
詩酒
子実
市水
止水
試茶
司直
失活
失計
失対
失体
失着
失注
失調
失投
失意
室員
室温
失事
室数
失徳
失名
室名
失約
失立
失路
指頭
死肉
指板
歯板
死番
始筆
紙筆
試筆
死病
詩風
指北
市門
死門
社運
社屋
借音
借銀
借字
借庭
借名
借料
社訓
写景
社号
社参
車室
車重
社数
写図
社倉
車速
借景
社日
社人
車番
写票
社標
車夫
社風
車兵
写法
写本
写野
写友
社友
社有
社用
車力
車輪
試薬
集王
集音
州花
州外
習気
集魚
拾玉
州軍
州郡
祝言
集古
終車
周上
週数
周速
集村
周代
集題
周長
周定
終発
終筆
秋分
州法
州牧
終牧
州民
秋夜
終夜
終油
秋夕
秋林
主音
主家
酒化
酒家
酒害
首級
主局
宿悪
宿意
祝意
宿院
宿雨
宿運
宿王
宿外
宿学
宿願
宿業
宿所
宿神
宿世
宿村
祝電
宿徳
宿道
宿内
宿年
祝文
宿便
宿母
宿望
宿民
宿曜
宿料
宿老
手具
主群
守戸
守国
主根
手根
種根
主室
主神
守心
酒心
酒神
主日
種数
酒数
主節
種族
主知
酒池
宿根
出車
出巣
出息
出音
出銀
出自
出母
出門
出用
手低
主島
種内
酒肉
種皮
主筆
手筆
首標
主品
酒品
主病
首服
主部
首部
主文
守文
主兵
守兵
手兵
酒母
主木
主馬
主夜
酒友
守礼
酒連
首連
手録
春温
春化
春歌
春画
春景
春月
春光
春色
春昼
春天
春分
春望
春本
春遊
春陽
小医
小委
勝運
商運
小円
消音
勝共
小工
照空
焼結
笑芸
商材
少実
松実
小組
勝着
小弟
少弟
小伝
商道
商農
小農
消波
省筆
正物
小変
省別
焼木
章末
小満
章目
小勇
勝楽
商陸
商流
小流
正流
少類
生類
商連
書屋
書画
所外
書外
書学
所願
食医
食栄
食原
食積
植食
食人
食神
植相
食草
食台
食治
食鳥
食通
植福
食服
植列
所求
所化
書芸
所言
初語
書語
初号
初刷
書札
所産
食貨
食客
初伝
初電
所伝
書伝
初度
初読
暑熱
初発
書板
初筆
書筆
書票
書美
初便
書風
所部
書目
初夜
所役
書流
書林
初列
白雲
白玉
白土
白面
調役
歯列
白油
白皮
白頭
白炭
白点
白花
深愛
真愛
信印
新院
真印
進運
親英
新駅
新円
真円
心黄
新王
深温
新客
神牛
親魚
新銀
神君
心血
心月
新月
信言
心原
神言
神式
参宿
真数
身肉
信女
身熱
深発
深部
新風
真風
清兵
親米
神別
親北
信望
深望
清末
新味
真味
進未
新民
臣民
親明
心無
心目
進物
神問
神文
神門
親油
深流
神鹿
寺運
時運
次駅
地黄
時王
食香
直参
直臣
直説
直孫
直弟
直門
次客
自強
時局
自局
字訓
自軍
寺家
時人
地玉
実機
実教
実根
実参
実者
実車
実説
実竹
実徳
実悪
実意
実有
実学
実語
実事
実字
実辞
実打
実大
実伝
実年
実念
実売
実部
実妹
実名
実量
実録
実話
自読
地熱
時風
事物
持明
耳目
地物
次問
自門
弱声
弱卒
弱肉
弱風
弱兵
弱冷
弱形
弱行
弱国
持薬
受育
住屋
住家
重科
住管
重感
重金
重軽
住血
重言
重根
住室
重種
重水
重積
重調
重電
住都
重農
重病
重列
受感
入内
受田
受働
受動
受肉
受熱
入木
順光
順正
順孫
順達
順流
順列
順路
上音
乗具
上宮
上計
場景
上古
定業
上首
城主
上長
城南
上白
上分
上聞
上兵
城兵
上歩
城北
上米
定命
上命
城名
上列
女花
女給
女訓
女軍
助業
助祭
助材
女色
女孫
助炭
女短
女徳
女筆
女服
時様
次葉
滋養
自用
自落
次列
人牛
人血
人言
人才
人車
神水
人徳
神便
人毛
人流
水運
水界
水宮
水協
水曲
水牛
水銀
水軍
水研
出挙
水字
水石
水速
水治
水天
水徳
水特
水波
水馬
水飛
水筆
水明
水楽
水陸
水輪
数行
数唱
数町
数表
数目
数列
末葉
初願
数息
図案
図学
図根
図色
図帳
図典
頭熱
頭風
図名
星位
正位
青衣
星雨
晴雨
星雲
西学
静学
成牛
青玉
正銀
正訓
清月
生谷
青黒
静者
星主
清酒
世出
正出
晴日
成女
青女
正切
西説
正続
清談
生着
正丁
正伝
清熱
青白
正番
星表
青氷
青票
成兵
正兵
西兵
声望
井目
星夜
静夜
西旅
成林
星林
青林
星列
積悪
石印
積羽
席運
積雲
赤雲
石英
石化
赤海
席画
石画
赤球
赤県
潟湖
赤黄
積差
席主
赤心
席次
昔時
席順
石人
積送
席題
石地
石竹
石中
石柱
積徳
積土
昔年
積年
石馬
石板
石筆
石風
石兵
赤変
赤方
席末
石門
世鏡
赤緑
石林
石列
積和
世才
世事
世辞
世上
世数
世説
世相
節会
石火
雪花
節季
石球
赤血
赤黒
切歯
節車
切所
節所
説唱
雪松
節足
雪中
雪柱
節調
雪白
節筆
雪氷
雪風
節球
雪原
雪後
雪上
雪庭
雪皮
説文
雪夜
節理
雪里
世道
世福
選悪
戦雲
船運
戦役
先王
戦果
選果
選科
先回
浅海
先覚
線画
先学
浅学
戦局
選局
先君
戦訓
先軍
先号
浅春
先書
先節
先徳
船特
先度
先便
先負
線分
先夫
先富
船夫
先兵
選民
戦無
線名
線毛
戦野
先約
選薬
戦友
線輪
戦列
船列
全円
全音
全顔
前岸
全級
前急
全協
全銀
前訓
全血
全山
前室
前司
前時
全数
全図
前図
全中
前注
全伝
全波
前便
前表
全府
全兵
全民
全問
前問
前門
前約
全量
前連
前路
全労
草愛
相悪
草画
早強
草魚
相銀
早材
草種
倉卒
草卒
草炭
送入
相人
想念
早年
相念
送念
送筆
相分
草本
送油
争友
巣落
相輪
側芽
足芽
速算
側手
足食
息女
束生
側対
束帯
側注
側道
息男
足熱
側板
側筆
速筆
側副
側辺
足歩
側薬
足浴
足労
側根
足根
卒死
卒意
卒前
卒単
衣物
村医
村寺
村数
村童
村道
村法
村名
村有
村立
族長
続命
族名
族葉
続録
続開
大運
対英
大願
帯下
対月
対合
帯水
大全
大典
対南
台農
大白
太白
隊服
対物
大望
対満
対明
体毛
大勇
大令
大礼
隊列
大練
大録
田面
多給
他群
他軍
多血
他作
多産
他山
他室
他州
多色
他船
多線
多選
多側
他族
立毛
多調
達見
達意
達文
多肉
多売
他筆
他品
他風
他物
他辺
多辺
多歩
他本
他力
他流
足玉
多連
単横
短角
単管
単館
炭管
単願
単球
単級
短急
単協
単極
単形
短形
短径
短見
単月
炭庫
短才
単材
炭材
単式
単車
炭車
単勝
短章
単親
短日
炭住
単数
単相
短息
短足
炭柱
短柱
炭田
単票
反別
短兵
単包
単味
短命
単面
単毛
短毛
単葉
単利
単立
単量
炭量
単列
単路
題意
台板
代印
台印
大印
大院
大雲
大円
大遠
台下
大果
大覚
題画
題号
大材
台皿
大伝
大徳
大熱
代配
大悲
代品
代返
大北
打通
打低
打法
打面
男王
男工
男身
男孫
談理
知育
地運
地役
地温
竹園
竹材
竹紙
竹炭
竹頭
竹皮
竹筆
竹木
竹門
竹葉
治者
知者
置酒
知州
治所
地積
知足
竹管
竹根
地丁
地底
地鉄
知徳
知日
地番
治病
地府
知府
地文
知分
地変
知米
地歩
池北
地母
池面
地目
茶園
茶金
着外
着差
着車
着数
着底
着点
着肉
着発
着氷
茶芸
茶書
茶商
茶席
茶説
茶通
茶庭
茶法
茶味
茶名
茶量
茶類
中印
中有
中英
中温
注音
虫害
中観
中業
中銀
虫具
仲語
柱式
中種
中秋
仲秋
仲春
中書
中水
柱石
沖積
中線
中農
中波
仲父
中北
注本
中馬
柱面
中薬
注薬
中量
柱列
中老
知勇
知友
長衣
鳥雲
長円
調活
帳外
町外
鳥害
長弓
長近
長君
長元
長祭
朝三
朝参
長日
調速
長足
長柱
帳面
長頭
町道
丁半
帳票
朝米
町木
町有
直員
直音
直産
直受
直生
直積
直長
直投
直登
直働
直配
直方
直毛
直用
直利
直列
直路
直協
直根
治要
地類
地連
追感
追行
追号
追福
通意
通運
通役
通級
通議
通研
通言
通日
通数
通線
通船
通直
通道
通板
通票
通便
土神
低王
弟王
底角
底岩
庭訓
低空
定係
弟兄
定見
低語
定差
低山
定借
定積
定線
定船
庭前
低部
底部
定分
定文
底辺
定本
底本
定理
鉄管
鉄球
鉄血
鉄札
鉄相
鉄心
鉄石
鉄地
鉄柱
鉄刀
鉄筆
鉄絵
鉄塩
鉄丸
鉄魚
鉄材
鉄山
鉄水
鉄底
鉄部
鉄北
鉄木
鉄門
鉄量
鉄輪
鉄類
鉄路
典医
天意
天衣
転衣
天板
天運
天円
転園
転遠
転音
点画
典楽
天楽
天顔
天宮
天極
天空
天軍
天庫
転語
転合
天産
典式
典書
天助
天人
天水
点水
転図
転折
転想
転相
天孫
点茶
天中
天柱
点注
転注
天徳
天耳
天女
点鼻
天物
店別
天望
天味
天目
典薬
点薬
天来
点立
天輪
点列
天路
天鹿
伝衣
伝音
電界
電関
電画
伝共
伝教
電業
電空
伝建
伝研
電験
伝国
田根
伝産
電産
電算
電材
伝書
電照
電植
電食
電弱
田数
伝声
田積
電束
伝単
電着
電点
田土
伝熱
電熱
田皮
電文
田野
田令
電量
伝令
電令
答案
当駅
等温
頭音
冬芽
東学
等覚
東去
灯具
当家
当犬
登研
当月
当色
等式
冬春
灯心
当住
当席
等積
当節
冬虫
頭中
頭注
東低
東庭
当土
東土
頭肉
登熱
東博
等倍
刀筆
灯明
頭毛
湯問
答問
当薬
頭薬
当来
当落
当流
投力
刀礼
当路
登路
都管
都外
徳育
特飲
特運
特管
特学
徳才
特所
特上
徳神
特石
徳相
特地
特電
特番
特病
特風
徳分
徳望
特命
徳目
特用
特養
特浴
特労
特老
土軍
利心
特会
徳器
特機
特区
徳行
特交
特高
徒博
都門
動愛
同愛
同角
同金
同玉
同君
同訓
道君
同宮
同根
同号
同言
同式
同節
同側
同卒
同着
動電
動熱
同博
同飛
同筆
道服
同母
動毛
同門
同役
同薬
同友
童遊
道友
道用
道力
動輪
同令
土運
土音
土語
土祝
度生
土人
土倉
土対
土長
読会
土馬
土法
土民
土量
度量
土類
内意
内院
内運
内温
内局
内区
内空
内君
内言
内湖
内合
内室
内周
内城
内水
内台
内帯
内鉄
内典
内伝
内反
内薬
内話
名代
奈女
南院
南園
南学
南岸
男官
南湖
南人
南庭
南辺
南門
南流
苦茶
肉愛
肉界
肉芽
肉球
肉交
肉根
肉代
肉池
肉柱
肉筆
肉林
肉類
日軍
日語
日食
日人
日満
日量
日輪
日録
日歯
日周
日神
日直
入気
入客
入級
入玉
入祭
入神
入息
入刀
入夫
入文
女根
女肉
熱化
熱火
熱球
熱暑
熱水
熱地
熱低
熱鉄
熱風
熱塩
熱月
熱電
熱度
熱動
熱板
熱面
熱流
熱力
年運
念覚
年級
年給
年欠
念写
念親
念者
年利
念力
農育
農会
農牛
農具
農芸
農戸
農書
農住
農神
農電
農馬
農兵
農本
農牧
農料
野草
配位
配意
敗運
配球
敗局
敗軍
敗血
配光
配向
敗残
敗西
配席
敗着
敗兵
博愛
白雨
白顔
白軍
白灯
白道
白肉
白麦
白票
白兵
白明
博約
白羊
白鹿
白話
波束
博古
発赤
発引
発駅
発頭
発語
発馬
発毛
波面
波力
半金
半玉
反軍
半芸
半言
半国
半作
反三
飯頭
半切
反切
阪奈
半肉
半麦
半白
半風
半平
半歩
飯米
反満
半文
半役
半遊
半里
反立
半両
半量
飯量
半輪
半労
阪和
売位
倍角
売官
買官
貝器
買魚
売血
梅月
売国
売茶
買参
売山
貝子
貝種
買首
売笑
売色
売船
売炭
倍大
売電
買電
梅肉
売品
売文
倍満
売名
貝母
売薬
買油
貝葉
馬牛
麦雨
麦芽
麦器
博才
博労
馬借
馬耳
馬正
馬前
馬足
馬速
馬体
馬着
末家
末学
馬丁
馬頭
馬肉
馬皮
馬夫
馬名
馬料
番菜
番卒
番太
番役
悲引
飛雲
飛駅
悲泣
飛球
悲曲
飛空
飛札
悲秋
悲色
飛信
皮節
飛節
筆下
筆管
筆才
必食
筆生
必戦
筆戦
筆線
筆体
必達
必中
筆調
筆法
筆意
羊肉
筆順
必定
必伝
筆道
筆木
筆名
筆路
悲田
飛電
皮内
悲風
皮毛
飛毛
氷温
表音
氷海
表外
氷球
兵具
表見
標号
表号
表札
表材
氷山
平声
標章
表章
氷食
表色
氷心
氷人
標石
氷雪
標治
表徳
氷土
表土
表内
氷風
標木
表末
標目
氷野
表流
品温
美育
美顔
美挙
美犬
美言
鼻根
美神
美身
鼻心
美事
美辞
美城
美水
美石
美想
美田
美童
鼻道
美肉
美風
美服
美物
美名
白散
白法
白緑
病衣
病家
病牛
病魚
病根
秒札
病者
病身
秒時
病前
病側
秒速
病鳥
病熱
病馬
病夫
病父
病母
病例
便数
便追
便船
便名
不育
不一
府印
父音
風位
風害
風教
風橋
風月
夫子
風色
風信
風声
風前
風体
風笛
風熱
風刀
風量
風話
不活
不学
府学
不挙
付曲
負極
不空
福運
副王
福家
副階
副鏡
副菜
副使
副室
福者
副守
副手
副書
副成
副生
副体
副題
福茶
副都
福徳
副番
副文
福分
福北
副木
府郡
府庫
富国
不語
富者
不出
夫食
不受
不住
負数
付節
付説
副官
不対
不伝
不入
不敗
不売
不買
阜部
不文
負名
不問
不立
富力
分給
分速
分秒
部案
部室
物交
物力
部兵
部別
部末
部面
文案
文運
分画
文外
分機
分局
分極
文金
分木
分区
文群
分根
分室
分社
文種
文人
分相
文草
分店
分点
文典
分島
分灯
文頭
分度
文物
分服
分福
文福
分米
分力
文例
文礼
文話
兵運
平温
平音
平角
兵学
平元
平曲
平作
兵種
兵書
兵食
平信
平進
平水
兵数
兵戦
兵船
兵争
兵丁
平頭
平熱
兵農
平波
兵変
変愛
変温
変音
返球
変局
変曲
辺区
辺郡
返札
辺材
変種
返書
変相
変電
返電
辺土
変年
反鼻
変物
変分
変法
辺要
変量
米案
米塩
米語
米材
米式
米商
米西
米道
米日
米飯
米名
別国
別室
別種
別章
別心
別体
別置
別丁
別帳
別調
別品
別愛
別案
別後
別語
別号
別線
別大
別伝
別電
別便
別路
便意
便衣
便中
便柱
便通
便服
便法
便量
米銀
方音
法音
法海
方金
法空
法具
放血
方広
法号
方図
放線
法線
法孫
法談
包虫
法灯
法内
包皮
方筆
法服
放物
方木
包米
方民
放楽
法楽
法力
法量
法林
法輪
放列
方路
北院
北音
北画
北岸
北七
北守
北雪
北走
北足
北低
北庭
北天
北転
北馬
北府
北辺
歩軍
歩車
歩卒
北帰
法橋
北家
北湖
北行
歩様
本案
本願
本起
本宮
本種
本地
本図
本草
本治
本病
本品
本府
本面
本様
本令
本例
本話
望海
望気
望春
望洋
母貝
母岩
木牛
牧者
木主
牧神
牧人
木石
牧笛
牧童
牧農
牧馬
牧夫
牧父
牧民
牧羊
母原
母公
母港
母材
母神
母巣
歩荷
木強
母店
母徳
母父
母法
母名
毎期
毎号
毎食
毎時
毎次
毎代
妹弟
毎筆
毎葉
真顔
末客
末社
末章
末世
末節
末孫
末法
末音
末残
末寺
末女
末代
末部
末文
末流
馬店
満会
満海
満漢
満業
満作
満山
満身
満城
満場
満人
満席
満台
満地
満票
満目
満門
未決
未産
未着
未読
緑葉
未配
未必
未病
名記
明行
命根
名号
明春
命終
明星
明清
明頭
明年
明法
名聞
明門
明夜
名利
民屋
民画
明楽
民行
民具
明軍
民芸
民戸
明式
民商
民心
民選
明笛
民鉄
民都
民度
民反
明服
民福
民兵
民望
民本
明末
民利
民立
民力
民録
無王
無業
無血
無月
無才
無三
無産
無室
無終
無宿
無住
無水
無想
無相
無足
無代
無題
無底
無天
無電
無熱
無標
無氷
無病
無辺
無勉
無味
無明
無毛
無類
名印
名運
鳴管
明鏡
名玉
明玉
名君
明君
明決
名月
名語
名材
命式
名車
名宿
明色
名神
名臣
名数
命数
名節
明線
名走
名族
明帯
明達
名鳥
鳴鳥
名笛
名筆
名望
名薬
命友
明要
名流
名老
面感
面外
面向
面材
面心
面朝
面部
面門
毛管
毛芽
毛根
毛帯
毛包
毛母
毛様
毛量
木階
木魚
木業
木玉
木人
目節
木船
木中
木鉄
目読
木皮
木部
木本
目名
木毛
木門
木活
木球
木橋
目今
物相
門院
門客
門札
門主
門神
門数
門地
門灯
門頭
問話
門内
門番
門標
聞法
門末
問名
問目
門流
聞老
夜雨
夜会
野客
夜学
夜曲
薬医
薬園
薬王
約音
薬害
薬群
薬札
薬室
薬種
薬酒
薬商
薬水
約数
役席
薬石
薬大
薬茶
薬中
薬帳
役分
役変
薬包
薬方
役満
薬用
薬力
薬礼
野群
野乗
夜前
夜想
夜走
夜直
役金
夜天
野店
野白
野夫
夜分
遊印
遊客
遊金
遊君
遊具
友軍
右軍
遊軍
遊芸
有言
有産
勇者
有取
有実
勇卒
遊直
遊底
勇徳
遊動
有熱
遊農
有配
右筆
有標
有夫
右文
遊楽
夕練
油管
雪虫
遊山
油種
油送
油単
油田
油灯
油土
油母
油面
油浴
油料
油量
油冷
陽運
葉温
用械
用害
要害
洋客
養牛
養魚
洋銀
羊群
要決
陽月
陽根
洋算
洋室
洋種
洋酒
陽守
要集
陽春
葉身
養親
葉重
陽数
要図
要説
養竹
洋刀
洋灯
羊頭
陽徳
要道
陽動
葉肉
洋白
羊皮
用筆
陽物
曜変
洋本
養母
用木
要目
葉油
葉理
要理
葉緑
要路
陽和
浴後
浴女
浴湯
浴用
予研
予章
予対
浴客
予表
来意
来街
来京
来県
来光
来行
来札
礼紙
来室
来省
来信
来席
来船
来電
来服
来由
落英
落書
落月
楽酒
落首
楽食
落日
楽受
落重
落水
落想
落速
落体
落丁
楽土
落梅
落木
楽友
楽遊
落輪
落去
理外
力役
力感
力気
力積
力投
陸羽
陸運
陸王
陸化
陸風
陸側
陸岸
陸空
陸佐
陸産
陸式
陸相
陸水
陸戦
陸鳥
陸田
陸土
陸標
陸兵
陸面
里家
里合
利生
利雪
里選
利達
立県
立秋
立成
立冬
立刀
立位
立牛
立面
里道
利病
利米
流雲
流音
流感
流管
流血
流言
流心
流身
流説
流速
流読
流馬
流氷
流風
立米
流民
流理
流量
流路
良医
両王
両音
良弓
両牛
両区
両君
両宮
令外
両語
両山
両種
漁種
両宿
両女
両水
量水
両図
良席
両説
両全
両隊
良田
良図
両夫
両府
両部
令法
両便
良母
良木
良民
良夜
両役
良薬
両流
両輪
旅銀
緑衣
緑黄
緑玉
緑黒
緑酒
緑書
緑心
緑住
緑水
緑石
力争
緑草
緑竹
緑柱
緑灯
緑土
緑風
緑便
緑門
緑遊
緑林
旅宿
旅次
旅上
旅中
緑旗
旅遊
利楽
理力
理路
輪王
林外
林学
輪形
林研
林下
林材
林試
林住
輪住
輪数
輪生
輪走
輪台
林中
林長
輪灯
輪番
林分
輪面
林力
類音
類歌
類火
類曲
類書
類親
類人
類数
類題
類地
類典
類同
類品
類本
類目
類例
類話
流記
流所
流来
冷暗
礼意
冷雨
冷覚
礼楽
礼教
令兄
冷結
冷血
冷研
例月
令姉
礼者
冷照
令色
冷食
例日
令息
令孫
冷帯
冷池
冷茶
令弟
冷点
礼典
礼電
冷肉
冷熱
冷風
令妹
令名
礼物
例話
列国
列世
列星
列石
列柱
列福
列王
列外
列機
列語
列女
列数
列線
列代
列長
列伝
列番
列名
列和
連印
連運
連音
練気
連京
連曲
連区
連言
連声
連成
連星
連生
連節
練炭
練鉄
連番
練兵
連夜
連理
労委
老医
労運
労役
老王
労改
老害
老学
労宮
労協
労銀
老兄
老計
労研
老犬
老研
労作
老残
老手
老酒
老弱
老生
老台
老弟
老頭
老男
老農
老馬
老梅
老板
老病
労福
老福
老物
老母
老友
路温
路銀
緑青
録事
鹿鳴
路車
路次
路村
路頭
路標
路辺
路用
和学
和鏡
和議
和訓
和軍
話芸
和産
和算
話材
和種
和習
和書
話順
和戦
和船
和炭
和鉄
和方
和法
話法
和本
和約
和薬
話例
秋色
言分
以南
入船
有相
英兵
王孫
横流
音標
海区
回流
各色
官金
漢兵
観兵
外字
外耳
元三
汽水
給原
局印
局方
金工
金梅
議連
区章
口伝
口説
黒鳥
黒緑
景表
化地
月内
公取
黄道
国朝
国鳥
古訓
式事
式次
式辞
信力
実記
児頭
受器
受法
上作
水流
正員
正院
正戦
節要
世路
戦意
全回
対間
他日
題言
地集
中音
中外
天南
田夫
当館
東観
当体
土道
内径
南三
入川
農研
配員
標線
品流
分館
文官
文間
本円
無問
無文
無門
野人
谷地
遊走
葉部
利運
良種
両重
両辺
緑光
列氏
連年
録話
話末
会者
角上
借出
活路
外教
客側
行香
玉山
魚食
銀波
月来
工品
国選
古伝
小電
山参
散人
式量
社旗
車馬
集品
省線
小知
消流
初学
心音
新図
神徒
神都
自今
自根
字中
寺中
次注
自注
船位
船医
全書
草頭
送湯
打高
池水
徒読
同文
敗荷
敗死
飯台
物貨
別法
本知
民意
薬研
理分
流雪
両城
後身
音表
歌友
官兵
外事
画図
極地
近聞
古楽
語調
才知
子母
新香
地頭
耳具
弱電
成員
世局
正極
声中
席代
定体
日運
半知
別席
包衣
法医
法意
法衣
末書
明後
明界
門道
力動
理大
雨温
覚者
曲池
金満
毛見
語字
後夫
市銀
市上
室礼
生者
生知
世人
地気
地労
通人
当村
頭内
内官
内関
熱的
不徳
不例
府令
負例
部名
文研
兵衣
用人
要部
練功
原病
国典
黒点
手印
小局
小曲
省局
書作
心法
真法
神法
女体
成体
他世
多声
等活
東関
入漁
物上
別字
別耳
別辞
山町
用作
印本
王佐
寒温
感音
漢音
気水
行管
行観
黒旗
実調
実長
図工
声風
清風
治国
当年
年子
熱意
不具
本代
無動
野音
有時
里正
輪部
老太
以遠
客月
角食
楽人
機知
局員
交線
好戦
工船
公民
国力
周間
唱門
小問
松門
照門
相門
上気
前名
太多
対他
大流
知歯
内景
風冷
平出
別集
便池
類語
雲中
楽理
計表
県魚
原母
合子
司牧
社協
周初
主参
勝地
人界
水都
頭光
大決
地本
日内
入出
配下
分都
夜戦
矢線
野戦
洋楽
印画
花林
花梨
管主
管守
館主
館種
給特
行気
行業
郡部
古色
食指
図様
単打
長流
等黄
無間
官主
学人
強国
橋両
芸文
好打
古老
食思
心材
水月
晴球
正球
長物
電発
肉感
筆画
明点
令書
安山
会内
曲想
氏名
習字
初会
人面
積数
走馬
票差
両刀
加点
極相
起連
色料
事相
自相
清苦
別火
別課
用金
案書
英貨
円安
金山
苦土
高民
市長
出行
長古
東伝
理国
連産
右府
風気
黒線
正作
図画
先知
戦地
選地
不利
金法
上頭
城頭
卒後
日配
博聞
白文
美林
法事
法話
外売
機業
希書
帰所
期初
試案
線区
大進
大信
調本
東望
中休
物化
部落
兵式
平生
古希
古期
古記
水村
全家
前課
豆富
悪戦
径間
県農
湖心
酒名
前行
人集
別働
飯借
前古
体大
地学
中力
手役
強食
建法
下知
商時
相加
走化
池心
治心
知心
知新
道都
日台
北朝
海気
外界
週次
商館
新説
新雪
真説
臣節
器差
機差
少府
省府
本流
各位
画科
画中
高二
国守
国手
少細
暑中
新案
地給
冬夜
病害
満都
名香
明光
面内
各委
官界
官階
外包
強民
小石
細雨
知人
倍化
貝貨
空都
工法
少時
深度
水試
単年
中数
定点
点者
東名
番長
借屋
学農
古学
黒縄
神観
神品
節末
戦機
文事
文辞
法時
悪日
円成
気温
希求
見地
初中
茶紙
内功
別事
料地
酒倉
使命
新家
新発
内行
花畑
風池
本金
民集
無体
陽声
陽生
良地
良知
話録
市庭
感温
建置
県治
氏族
真作
線虫
不戦
空戦
後出
治部
石頭
院本
楽府
新館
心土
身土
進度
清話
灯列
有毛
学兵
行間
工兵
細君
色調
指標
人治
熱間
変声
別所
会日
外貨
県土
勝局
新法
立庭
開村
神変
重連
定者
席料
関料
庭上
風通
民活
漢代
管台
季調
旗長
室料
声聞
乗機
歩数
学級
光束
光速
高足
両文
円上
各月
間者
商相
小照
少小
真相
全知
前置
単文
読後
文数
満語
野選
加年
外市
外紙
街市
楽音
期央
算命
司命
死命
紙名
紙面
送風
内楽
日観
方円
山相
心想
新相
神想
神草
進相
説話
大区
天命
梅花
本村
印花
光力
公力
主業
心行
対語
半天
印紙
寒波
県地
西遊
少室
院司
院試
手落
南都
話速
学理
湖水
才器
才気
祭器
商会
商界
照海
同城
熱病
畑作
反徒
法主
各期
覚起
神童
臣道
童心
新役
神役
住民
女医
古城
湖上
短打
低次
同信
道心
名庭
明定
県南
星間
府連
無節
以外
横指
黄紙
果園
外聞
間知
信管
心間
深管
神感
人外
南家
悪徒
医道
社前
人知
毛司
和語
黄衣
同和
日字
原油
科人
別動
強心
鳥人
土科
神子
昔話
名店
共進
競進
庫司
天王
黒目
社共
実理
不発
気付
業者
漁家
原地
原調
庫平
戦区
大度
島名
同左
左足
昨日
府市
上功
帰線
機先
小板
初地
書字
席数
本郡
定日
弱起
選出
多語
竹工
品類
洋学
会院
海員
心電
新田
親電
実定
実弟
石刀
赤灯
選者
体長
中度
局相
作物
語法
高根
北子
本会
気運
塩焼
時相
声区
道家
別科
星学
船客
長風
農作
放生
法城
楽事
果菜
歌才
軍部
着駅
父兄
方外
京地
印中
員中
左院
等電
内声
両京
外光
外港
念書
望台
外向
市章
紙商
詩章
遊漁
洋語
大事
両島
両頭
駅館
生卒
大光
対光
童話
南路
開都
強者
成木
当山
不登
平残
音間
当今
南船
兵談
本鏡
夕焼
学法
国大
古馬
持平
徒手
動径
同径
道話
海国
相等
悪手
試練
大公
原流
業病
歯面
船数
門生
列火
画集
清代
動学
日来
本院
見出
民国
位階
医界
後連
積寒
体様
低水
人法
起点
静大
雪寒
冬上
登上
畑道
兵服
平服
漁人
秋思
正米
中次
仲次
日外
原法
人科
図絵
方里
法理
夕顔
火車
貨車
身外
大機
下列
急使
兄姉
商都
知見
中分
本作
英王
給糸
地建
治験
置県
数学
同橋
根皮
治人
青草
軽種
生草
西走
地神
文思
文詩
家用
方土
円管
塩田
各家
家老
寒害
管外
関外
館外
曲間
電路
帰庫
欠指
欠歯
決死
神鏡
天印
伝路
当世
敗南
機転
種名
信教
選集
別紙
加成
火成
花成
集線
頭声
夏冬
引合
用土
黄灯
実戦
声調
成鳥
正調
全羽
立市
愛他
他感
多管
部練
学童
近体
建機
焼土
照度
西軍
東日
求食
植物
英名
金帰
林区
神橋
夕照
石勝
積小
船速
同都
古米
社地
人本
戦利
戦理
肉量
年差
米果
米貨
例会
夏雨
花雨
健身
見神
台子
気転
耳下
自歌
自火
走路
調器
長気
同教
分波
両地
海先
花芸
食時
水行
水光
水工
会旗
開気
外記
体用
手合
会行
大身
重位
前照
前章
体心
赤丸
形名
外気
京図
月前
小犬
集光
和言
火線
全車
前車
母方
本員
交点
光点
好天
後転
高点
地消
中味
焼色
学同
体積
地商
本生
目鏡
要式
行先
海台
開大
開題
固成
湖西
相府
神父
登園
動線
同線
例式
打聞
記伝
起電
長音
別学
点目
国主
州府
時給
全科
年画
秒数
赤味
悪漢
後選
数別
名工
旗魚
入水
早天
手下
手立
利金
悪世
高地
初行
線内
大行
他利
都察
内円
家訓
教民
詩意
白水
新教
他生
左口
本児
本字
本寺
画家
子牛
最右
星空
本時
火土
火度
外方
公徳
工特
広徳
高徳
湖口
人望
神算
付点
方向
本城
家君
赤熱
主観
上用
相通
天分
天聞
不才
無生
新唱
新省
分体
下図
新品
代案
画線
根部
主城
守城
全省
歌音
栄位
果実
口才
高才
黄菜
商管
小官
小寒
消間
角力
年季
陽極
未達
協働
群小
健民
酒手
全消
大死
予土
機法
新車
農林
歩度
各館
画間
天守
天種
教組
左右
体調
天主
取立
内港
半田
外院
学名
切字
苦労
争点
島外
米人
各車
無主
位記
新古
軍器
軍旗
書中
成美
器量
原種
原酒
食虫
上使
上死
別本
赤白
帰巣
気相
使徒
司徒
市都
死都
信行
洋風
良悪
令室
受口
上家
鹿児
形作
多元
部課
医原
未生
黄線
空路
老小
老少
売行
香車
姉兄
死計
詩形
人地
材中
馬具
画業
顔付
口部
習作
相位
人相
愛馬
小事
書法
馬飲
面上
身根
先出
内国
博文
有楽
寒帯
紙魚
衣魚
出漁
小球
小給
重用
反旗
早計
倉庫
島列
日朝
主屋
母家
半季
半旗
冷戦
進取
知母
馬歩
新主
新酒
身首
登遊
表紙
法器
例数
軍記
高見
相使
相思
相土
門徒
芸学
人後
人語
本戦
健法
功果
国郡
暑寒
電柱
花路
原速
所関
街西
外戦
外船
付注
業体
所感
養料
折線
号音
下見
住工
重光
切線
雪線
右院
大鳥
帰都
歯石
同中
泣声
本市
表作
各字
各寺
各次
山駅
死積
矢石
小都
神今
初位
日付
英図
音頭
海村
積量
満量
台輪
目覚
楽弓
原字
言辞
西部
法界
包帯
北界
山名
上葉
金口
合力
所法
自乗
島部
相方
害虫
全種
知力
半果
反歌
付利
全速
側線
同軍
文題
火点
茶入
日光
花形
果子
全入
新本
雪女
漁歌
今式
社交
車行
美観
有線
家別
主館
種間
小室
分習
仕組
短文
全地
美感
家計
行年
最古
品名
光火
公課
功科
好果
校歌
考課
香火
高歌
大病
他社
立入
同隊
板上
夕市
風見
小路
小春
上席
足取
黄顔
回春
野良
有位
礼部
員外
他聞
光害
口耳
好字
好時
工字
後事
有輪
国数
春季
日文
医用
委陽
下働
同家
半開
反回
部下
下注
歌中
花柱
花虫
害草
死中
詩注
当地
包丁
法身
内庭
正見
虫歯
化学
市名
昼夜
才色
半顔
本山
息子
後図
港都
商社
官行
寒候
管口
次弟
前人
遊船
王旗
勝者
社家
静音
票数
赤青
院中
前王
官公
章魚
朝顔
京花
共火
教課
全季
前季
前旗
地車
夜目
家司
行歩
後下
国文
本立
官家
車種
天外
悪路
各校
球形
上下
小社
大要
無作
郡内
高調
小文
茶話
必置
役馬
海上
犬声
内調
海関
開管
回帰
気音
各機
郡市
実館
国望
県官
散票
分治
分知
水虫
有業
少林
所行
直電
花束
下名
家名
果名
花名
花明
課名
雲間
定石
定府
先口
長身
分間
目近
悪天
気重
岡阜
神出
身元
岸辺
参学
真画
小輪
笑林
香調
黄鳥
祭日
終始
多島
目上
功法
包焼
都民
読心
反実
不感
重荷
滋味
多灯
多頭
短音
議案
漁期
両岐
両機
両気
量器
市部
持出
洋医
低声
海運
西海
秋実
秋日
週日
女高
中管
内方
年時
不楽
不落
水害
体側
冬場
庫内
戸内
古里
会古
夏巣
家相
外分
上品
全機
低所
焼鳥
油紙
高原
港長
取組
交波
光波
終章
内実
発地
半商
反照
老父
管足
名歌
下生
家兄
花径
特利
薬品
近世
思文
死文
詩文
神孫
反物
初耳
開運
勝算
小散
少産
府主
回運
改運
後代
日時
行場
城府
転部
連火
区部
形色
他事
多事
追唱
横書
時服
自服
上書
当面
金晴
金青
中店
明度
清愛
単回
力車
足首
草根
人参
子指
小景
章京
自室
観物
官物
寺主
成法
線材
船材
他国
波高
官地
求車
地松
県人
各章
女身
名石
弓部
古道
城中
田地
馬連
名下
名花
命課
雨花
重量
荷貨
要法
次室
長秋
定省
底生
浅木
浅黄
差止
寺社
先達
空屋
公差
名文
産消
実利
速戦
日進
機上
市県
図法
書式
自車
鉄面
青虫
広間
原生
整音
正音
台紙
公孫
字音
大暑
太初
大姉
大指
題詩
波線
無調
朝議
飛角
外辺
社研
同血
岩山
大内
重音
風土
本選
紙業
詩業
詩行
井田
西電
大寒
利目
成語
位官
医官
行来
空文
水様
無官
無観
小旗
勝機
商機
小器
正機
笑気
戦中
法度
目薬
足場
令聞
心思
新詩
神使
臣子
親試
進止
官記
寒季
唱題
商大
昭代
照代
章台
上中
静注
鉄人
教令
原由
湯飯
単記
朝見
本軍
末姉
学群
金運
理科
同走
不帰
不記
洋品
横芽
山号
散香
取調
日用
客船
表高
天成
飲物
下元
板本
和紙
見番
道童
市利
貝漁
次兄
道念
公自
側石
両形
良計
後書
道台
赤身
切下
山水
赤道
花事
光画
徒行
都校
外山
連辞
悲調
夜気
野気
用量
会員
手元
旅先
小波
細波
体形
手口
貝類
見聞
画上
手話
無役
悪女
工数
香風
白物
人君
南寺
流人
同包
反化
北軍
健弱
世知
岡目
黒帯
建中
手聞
毎家
帰無
苦鳴
反歩
港街
角化
教部
書院
刀工
当校
投光
投高
東幸
東校
灯光
登高
来春
梨花
全食
他業
地決
当行
深味
文意
花実
首根
原野
光度
公度
広土
黒青
西線
左記
炭色
等高
洋薬
家道
歌道
火道
人代
有向
清和
日東
友交
有功
芸子
群星
対内
隊内
川岸
県北
天下
丸顔
無手
会記
中全
帳下
朝家
町花
長夏
覚賀
口角
字径
自形
正字
等量
両材
教会
水理
兵部
未開
立金
新知
神地
神知
神治
他門
工科
冷光
同対
童体
心機
夏場
町角
面的
参宮
山宮
東高
心気
新期
真気
神機
神気
神起
馬主
衣文
家産
手上
商高
各体
各隊
覚体
分注
売場
雲母
正西
青成
静清
主水
後口
点前
返事
外公
社級
山側
輪歌
木耳
所出
熱時
節目
両教
明暗
散米
始線
死線
詩選
動地
同治
来車
対答
木箱
級別
死期
主事
主治
主辞
種字
火柱
元夫
漁唱
言声
通時
法語
産地
昔日
石道
通辞
会式
大国
火花
遊魚
香草
他書
通事
林家
長鼻
好走
行走
場中
海内
人定
目元
清耳
分場
売子
駅間
試植
魚場
県長
図化
地帯
同作
歌番
先番
主上
気口
習風
地公
年中
新日
取建
右方
国色
自主
岩屋
代官
赤実
全区
速度
初音
男親
各課
写字
社寺
商港
小功
小康
少校
相公
青光
生面
青面
分母
口火
正時
新種
本教
薬戸
馬子
全館
前官
美声
仕切
水量
農期
立夏
歩道
用例
光量
好漁
香料
生国
要城
魚類
土階
元朝
信金
上声
上星
船長
有意
後根
新紙
店外
持主
塩配
太清
対世
対成
帯青
球児
調度
念想
追物
公印
好音
工員
公図
文集
体節
大節
隊法
徒事
頭外
都司
和上
車間
点取
西日
交角
光覚
好角
広角
後角
行客
島国
息気
行員
州名
秋明
主命
標数
正油
代船
台船
追送
鼻血
合方
各員
極点
小梨
未習
各院
新都
字種
戦競
線数
副本
子熊
市議
仕立
定法
竹取
肉入
火元
利器
大車
下山
辞世
体表
指差
横側
後光
等外
花水
橋街
局車
東半
土公
旗柱
気柱
京外
新植
機中
切地
当夜
死目
同話
本法
祭火
事案
物神
城市
点的
動体
医長
商取
省文
新色
神色
旗本
開市
空電
死票
古集
集住
法学
岩場
器台
季題
公家
山島
山灯
山頭
送別
仲良
魚人
浅香
動議
各科
人荷
大山
秋空
王都
府兵
身欠
息物
月花
小山
正受
北地
石焼
国運
中世
名人
園池
草花
雲行
大実
月下
山海
関守
動気
同気
鳥皮
流灯
里長
鳥足
親指
英知
動意
同位
道衣
農外
両間
両館
歌会
海景
下階
課会
事主
地種
自種
単機
先代
道着
日明
下集
草地
前説
無気
黒豆
道教
買付
知合
冬物
本伝
親熊
官事
平場
持運
会子
会試
改氏
改詩
平時
緑帯
波間
美談
山羊
山波
行者
下水
塩味
名水
省要
完本
船台
選題
省人
知事
新付
新府
無灯
無答
社中
青帯
軽石
新夫
山野
左目
赤光
空巣
京福
景福
選良
院子
行書
心持
紙器
大明
角回
機運
正念
頭形
徒者
空身
買入
局間
塩鳥
仕草
記音
首元
光景
死苦
時化
食分
身皮
上行
米加
山林
中前
西洋
体付
後車
鉄線
末広
図記
力線
各回
先人
早死
店員
天父
用役
要役
新京
上天
土形
字画
毛虫
口径
好形
好景
後景
始期
台屋
向側
宿代
湖産
上戸
前業
天声
天青
覚官
行手
仕種
花輪
門戸
入子
毛皮
終戦
平西
本青
羊水
自縄
酒客
各話
金商
金消
金章
体上
用度
各階
国地
真横
有部
仕上
無神
器機
口車
小橋
章中
見晴
湯屋
青魚
道学
泣言
日米
良貨
里人
所以
両花
両課
良化
温陽
兵事
海星
別産
親柱
山寺
例文
色里
早成
草生
白旗
新体
糸口
今体
健歯
犬歯
星群
多夫
引金
引鉄
井手
酒場
鉄色
深見
色味
黒船
初葉
待受
月柱
法花
完飲
官印
官員
漢印
館印
雪害
取下
古家
赤花
乗数
阪高
新緑
事上
古巣
力量
身力
熊手
船側
売人
山場
洋紙
羊子
建付
古屋
紙屋
神代
点差
上市
玉虫
同寺
青物
負風
不同
交感
向寒
好漢
香木
本門
真上
反戦
両等
悪感
引当
水音
入部
近時
練度
神薬
地人
赤旗
切味
山径
下屋
海牛
火食
左方
毛物
館長
親側
雨音
学界
業力
酒道
心内
福助
光色
馬歯
黒皮
求法
血行
文台
目鼻
夜道
西南
風上
内所
変化
大箱
井水
整水
静水
徒食
目下
焼場
聞耳
坂下
注連
上世
鼻面
円顔
丸味
山鳥
語注
街角
寒気
里親
実感
助教
家芸
詩曲
工区
下着
州兵
特写
特車
表通
欠口
散薬
家持
天道
天動
転動
回章
海商
海相
塩気
同銀
同次
平語
大入
読本
見栄
見習
海市
少雨
体化
島船
他院
多飲
直入
天童
察官
塩屋
石面
出前
童女
家船
高大
知県
遠目
後味
雨戸
下院
菜根
緑物
飲水
取極
毛色
取決
矢切
仲店
歩法
画法
歯科
浅深
女物
丁子
町次
町治
札付
学課
立会
別名
川底
所要
全期
長旅
西陽
見通
各駅
各類
聞手
手伝
小熊
住区
女院
有金
成行
下死
歌詩
科試
小物
対円
乗合
内生
平手
小花
外目
細雪
川原
昼食
水街
連客
旗下
右前
小手
野羊
男手
左側
大長
前神
正語
笑語
湯飲
夜店
表耳
空豆
真子
水指
女鹿
親心
工学
温湯
川州
後天
年代
人出
水差
根曲
北線
目頭
定席
炭火
中子
正倉
照相
章草
大半
旅話
音数
草色
乗物
本書
町間
赤玉
天豆
鉄器
大店
書箱
笑顔
最長
宿屋
礼式
置石
上反
黄葉
指事
思路
死児
歯車
船旅
刷毛
芽元
青息
音列
機電
声歌
年期
中人
中和
初湯
付子
目高
横径
山間
丸印
明文
近事
町長
仲子
名家
女心
坂道
商特
小徳
星印
人目
買主
黄味
真正
戦事
草紙
回文
真意
同紙
羽音
古川
見覚
利手
新意
新衣
深意
神位
神意
神衣
心下
心火
新貨
神歌
神火
臣下
地毛
自毛
流者
歯形
申立
雪明
急足
王事
王地
白毛
節間
赤土
冬海
島回
乗場
体鳴
大命
隊名
発心
赤毛
切目
機屋
間口
船上
草子
引分
火付
湯水
味塩
大部
直衣
半印
足湯
門松
聞物
米所
根本
時角
子守
深酒
雨着
心学
水物
切通
仕入
旅路
箱物
元売
矢来
沖合
黄丸
岩根
石根
曲調
口取
対印
丸身
見返
大島
固目
金元
木守
小鼻
所業
天心
天真
点心
中指
日差
無人
水係
指先
上糸
先物
歯止
雨女
聞集
頭語
引落
雨風
色合
男湯
湯女
子種
野山
星宿
近場
和光
色見
男神
小顔
新内
見所
親玉
黒五
小魚
立羽
土筆
出足
矢場
売物
各区
歌行
切売
苦界
流物
湯気
正節
漢詩
官司
本問
持前
女湯
着順
葉形
本事
夕立
読物
書立
切口
早月
空耳
上口
登口
葉色
箱屋
真前
板紙
植付
生首
半姉
半死
反思
物置
真心
見直
受身
打手
名札
早足
冷飯
安売
借手
皮底
葉物
店先
山女
来週
風下
小者
白波
自案
道線
両馬
良馬
悪者
徒名
兄神
海組
大目
好文
行文
高文
小根
指物
球数
農学
花祭
星祭
階調
小鳥
前玉
焼魚
足業
湖周
末子
照焼
飛火
中庭
波音
入歯
重味
聞書
古顔
首輪
小人
村会
寺子
飛石
飛魚
根切
羽車
目先
石切
空箱
立札
練物
葉音
細身
面輪
貝輪
底物
同機
何駅
産声
神主
口笛
小箱
品数
白酒
節分
付根
年玉
花平
引付
青鼻
足手
思入
細目
社主
底力
中落
曲角
水菜
目印
夕波
円満
顔立
切身
木景
木雨
速歩
速足
目差
守神
見付
持物
後玉
色香
売手
置引
空売
黒子
米印
差物
仕手
手持
庭木
葉数
母心
火縄
星草
持味
屋根
山守
足指
打身
貝柱
北池
寒空
新社
外回
強味
強身
人差
町側
焼石
家主
足毛
草分
薬指
心根
小菜
手塩
羽色
麦飯
東屋
置物
折合
借物
楽界
切子
国作
差油
手品
歯黒
不省
筆箱
船底
山組
足固
受手
上皿
折紙
神鳥
木組
草取
下坂
小丸
申年
標縄
空組
建屋
力持
付人
強火
手鏡
取口
名親
名折
流矢
庭先
野点
葉竹
花入
晴間
氷木
細面
負戦
負軍
丸目
無界
明徳
芽先
持高
持場
指輪
湯船
読手
愛着
秋味
足輪
岩角
馬乗
売主
負目
大皿
大塩
教草
書付
語口
語物
勝組
金切
組子
毛引
広野
小玉
差歯
新産
競市
外足
建家
力業
月読
手明
手玉
手船
童児
野道
旗印
引波
火種
人玉
筆先
船人
間取
身空
耳鳴
物指
横笛
弱火
合印
間着
合口
相口
合竹
合札
相物
相宿
文色
和物
青足
青馬
青海
青皮
青貝
青側
青首
青組
青毛
青差
青印
青竹
青菜
青土
青箱
青旗
青羽
青火
青札
青豆
青丸
青水
青麦
青芽
青屋
青矢
赤糸
赤犬
赤魚
赤馬
赤帯
赤貝
赤紙
赤皮
赤組
赤車
赤米
赤鹿
赤印
赤標
赤月
赤梨
赤野
赤箱
赤鼻
赤火
赤札
赤星
赤豆
赤水
赤耳
赤虫
赤女
赤目
赤芽
県主
県守
秋上
秋歌
秋顔
秋草
秋口
秋寒
空皿
秋高
商内
商場
秋夏
秋晴
秋物
木通
通草
上板
朝風
朝北
朝雲
朝酒
朝寒
浅皿
朝空
浅手
浅緑
朝湯
足板
足形
足側
足切
足組
悪様
足白
足高
足半
足引
足冷
足太
味所
味女
東歌
東男
東女
東路
東道
校倉
遊部
頭周
頭虫
徒君
徒気
徒心
徒花
徒矢
当身
後入
後付
後祭
兄宮
姉神
姉羽
油草
油薬
油気
油子
油取
油菜
油火
油魚
油物
油屋
雨間
雨足
雨落
雨神
雨気
雨空
雨宿
雨夜
雨男
足結
歩板
改方
新身
新湯
有合
合帯
家犬
家形
家神
家着
家付
家飯
家童
魚止
息声
生塩
戦神
戦世
池側
池庭
活花
勇魚
石音
石数
石貝
石組
石倉
石衣
石坂
石皿
石梨
石豆
石宮
石持
石宿
石湯
石弓
板石
板頭
板組
板子
板皿
板戸
板場
板引
板前
板屋
市正
市司
市日
市祭
糸入
糸方
糸切
糸車
糸雨
糸底
糸束
糸玉
糸場
糸引
糸目
犬顔
犬死
犬印
犬族
犬玉
犬友
犬走
犬笛
犬屋
命毛
命長
茨道
今方
妹山
井守
入海
入側
海参
入日
入身
入目
色遊
色石
色板
色糸
色男
色女
色数
色形
色気
色事
色止
色音
色話
色節
色町
色街
色水
色虫
色物
祝事
岩鏡
石角
岩川
岩側
岩木
岩組
岩面
岩橋
石笛
岩間
岩道
岩虫
岩室
初孫
植代
植手
植人
魚心
魚付
魚直
魚荷
魚節
魚見
受売
受木
受皿
受流
受箱
牛女
牛方
牛顔
牛熊
牛玉
牛屋
後側
後戸
後前
後矢
後指
氏神
氏子
氏寺
氏上
氏社
歌入
歌切
歌口
歌心
歌関
歌主
歌女
歌読
内祝
打音
打交
内書
打刀
内神
打切
打衣
打消
内臣
打荷
打橋
内箱
打豆
内店
打目
打物
内湯
空木
海坂
海界
産神
産着
産衣
生毛
産毛
生土
産土
産湯
馬市
馬追
馬長
馬方
馬貝
馬顔
馬形
馬側
味酒
馬指
馬印
馬標
馬験
石女
馬副
馬面
馬飛
午時
午年
馬柱
海色
海暗
海幸
産月
海鳴
海虫
梅味
梅色
梅塩
梅印
梅畑
梅見
末木
売家
売口
売声
売立
売付
上帯
上風
上紙
上毛
上差
上土
上積
上荷
表荷
上前
上町
上身
雲形
遠近
負方
追金
老先
老松
横道
横木
大赤
大足
大池
大犬
大歌
大馬
大鏡
大顔
大管
大首
大熊
大鹿
大底
大玉
大夏
大波
大縄
大鼻
大引
大筆
大祝
大星
大水
大耳
大麦
大湯
岡多
岡持
陸湯
置形
沖側
沖雲
置台
置土
置所
沖波
置花
置文
沖方
置屋
送物
小車
男心
食国
落魚
落人
落口
夫方
弟風
弟神
弟宮
弟切
男岩
男歌
男帯
男方
男側
男車
男坂
男道
男飯
男持
音取
男波
帯板
帯祝
帯親
帯側
帯皮
帯金
帯紙
帯代
帯玉
帯戸
帯山
男節
面差
主皿
重立
面立
表歌
表方
表書
表着
表口
表店
表戸
表名
表庭
表町
表目
面長
重湯
親犬
親牛
親馬
親神
親木
親雲
親里
親鹿
親竹
親面
親鳥
親船
親本
折形
折声
折助
折戸
折箱
折山
女岩
女歌
女帯
女親
女顔
女側
女気
女組
女車
女坂
女島
女文
女宮
女持
女童
買板
買初
買次
買回
貝焼
火雨
反角
顔形
顔側
顔毛
顔先
顔白
花芽
花街
鏡池
鏡板
鏡岩
鏡男
鏡作
鏡葉
鏡箱
書初
部曲
欠目
風足
風音
風折
風待
風祭
花車
花心
夏時
数取
数物
風草
風知
風玉
花草
形板
刀屋
固筆
語草
語手
語部
徒頭
徒組
勝車
歩立
徒荷
勝星
勝味
勝身
勝虫
角石
門口
門田
門付
門火
門辺
角店
金貝
金頭
金気
鉄気
要石
金焼
鉄焼
金輪
金売
金包
鹿深
神有
神池
紙入
紙女
神口
紙子
紙衣
紙皿
紙塩
紙束
紙玉
紙包
紙箱
紙橋
紙札
紙笛
神虫
神業
通箱
空足
空池
空馬
空買
漢心
漢意
空積
空橋
空畑
空働
空船
借受
借方
借着
借衣
借主
借船
軽子
軽市
軽焼
軽業
川魚
川音
皮帯
川風
皮衣
川竹
皮包
川止
川波
川柱
川開
川札
川道
川港
川虫
皮目
神立
神司
外孫
側柱
黄赤
木板
生糸
木表
聞方
利酒
聞酒
利所
聞所
生酒
木皿
旗色
北角
北倉
北組
切先
木連
木取
後朝
黄旗
木柱
生機
木鼻
黄花
生平
木札
木笛
客波
木弓
競買
清目
清元
切石
切欠
切形
切紙
切金
切岸
切炭
切立
切取
切戸
切羽
切畑
切花
切火
切札
切水
切店
切麦
切長
極書
極付
極札
近火
玉手
玉章
玉石
草市
草入
草軽
草葉
草笛
草道
草矢
薬玉
薬売
薬箱
曲者
管側
下文
管玉
管柱
管耳
口合
口足
口書
口金
口薬
口先
口下
口白
口広
口開
口太
口細
口前
口女
国表
国神
地社
国引
国祭
国持
首板
首落
首側
首先
首下
首引
首祭
首屋
首横
熊岩
熊男
熊祭
熊虫
組糸
組歌
組打
組頭
組木
組下
組付
組手
組外
組物
雲足
雲井
雲紙
雲路
雲取
雲鳥
倉底
倉荷
車牛
車男
車側
車戸
車宿
黒赤
黒池
黒糸
黒犬
黒岩
黒牛
黒歌
黒馬
黒女
黒貝
黒熊
黒鹿
黒玉
黒血
黒手
黒戸
黒苦
黒箱
黒服
黒札
黒麦
黒飯
黒物
黒焼
黒楽
群葉
毛足
毛先
消口
消炭
毛束
毛玉
毛球
毛流
毛群
月宮
元歌
小足
小息
神指
高手
小歌
小梅
高話
小男
小面
郡方
氷箱
氷旗
氷水
小女
小風
子方
小貝
子神
小衣
小君
心祝
心組
心待
小札
小皿
古寺
小柱
木末
小力
事書
言伝
言問
小半
小庭
子羊
小羊
小筆
古物
古兵
小前
子耳
小耳
小虫
小結
米場
米虫
小焼
衣毛
強飯
強面
強紙
小童
強弓
幸先
細石
界路
酒塩
酒種
魚皿
魚箱
酒波
酒荷
酒旗
酒船
酒楽
酒室
月代
先糸
先買
先付
先箱
先太
先細
前山
差金
酒組
指金
差紙
差首
差薬
差毛
差塩
差立
差縄
指縄
差前
差水
差湯
指分
里方
里川
里心
里田
里宮
里雪
里回
左馬
寒夜
白湯
皿板
皿数
皿形
山気
山人
山草
残火
塩魚
塩売
塩地
塩花
塩引
塩船
塩豆
塩道
塩物
塩湯
死花
鹿男
鹿頭
鹿形
鹿皮
鹿印
鹿虫
仕口
下味
下板
下糸
下帯
下木
下積
下取
下歯
下羽
下葉
下左
下火
下引
下前
下右
下目
下読
品玉
科戸
死顔
死金
死神
死口
死首
死時
死節
死水
東雲
島歌
島側
島酒
島宮
島守
標野
標山
下仕
下湯
曲見
宿主
守宮
手札
手刀
小火
松風
正目
初春
白糸
白魚
白声
白太
白歯
白羽
調帯
調車
白焼
白事
白者
白息
白犬
城方
城側
白熊
白組
白皿
白縄
白練
白箱
白初
白場
白札
白松
白豆
代満
真草
弱音
上船
水草
水柱
水底
水飯
水薬
末口
巣口
末黒
佐臣
助船
巣皿
巣箱
炭馬
角木
角水
炭取
炭屋
炭焼
州元
刷色
生魚
関板
関風
昔人
関取
関札
関山
雪路
船軍
船倉
前書
早出
副子
副祝
底方
底石
底板
底側
底土
底取
底荷
底光
底引
底豆
外表
衣通
外書
外庭
外法
外箱
外開
外町
外湯
園守
冬青
空合
空色
空様
空音
空目
空笑
反橋
反身
田主
平貝
田歌
田打
高草
高鳴
高歯
高持
田草
竹足
竹倉
竹塩
竹束
竹縄
竹笛
竹光
竹群
竹屋
竹矢
田事
田作
立合
立泳
立死
立業
立挙
立板
建売
立神
立塩
建初
立投
建主
立引
達引
立文
立物
店借
店子
手末
谷行
谷梅
谷風
谷方
谷止
谷道
種油
種石
種板
種牛
種馬
種親
種川
種木
種火
種物
旅心
旅衣
旅物
球足
玉糸
玉取
玉菜
玉箱
玉持
民草
手向
田虫
束子
短夜
出手
血合
少刀
近間
近矢
力足
力石
力水
血川
血刀
父熊
父鳥
父主
父宮
血祭
血豆
血道
血目
中男
長歌
手水
町場
長夜
直心
身柱
束石
番木
月足
付馬
月梅
月男
月形
月極
月草
月組
月毛
月酒
月白
月星
次日
付木
付城
付札
付目
仕人
土色
土雲
土車
土気
土取
土波
土練
土畑
土笛
土船
土物
包金
包紙
包文
続物
縄手
角貝
角書
角鹿
角笛
角目
角弓
積入
積木
積出
積付
積取
積荷
面当
面水
連足
手油
庭中
手植
手打
手負
手覚
手械
手木
手切
手管
天糸
手車
手心
手球
手長
手習
手縄
手箱
手旗
手花
手鼻
手人
手回
手湯
寺入
寺男
寺側
寺酒
照笑
出女
出買
出里
出城
出初
出玉
出機
出花
出鼻
出丸
出目
戸板
問丸
投矢
東面
遠浅
遠音
遠火
通庭
研屋
戸車
所書
心太
年神
止刀
門波
外薬
飛板
飛梅
飛倉
飛子
飛箱
富札
止金
共糸
共色
共帯
共紙
共木
友引
鳥頭
取石
鳥打
鳥追
鳥男
養鳥
鳥空
鳥貝
取木
鳥首
鳥毛
取皿
取初
取高
取次
鳥子
取計
取札
鳥笛
鳥虫
鳥飯
取由
菜売
中足
中池
中売
仲売
中表
中折
中買
仲買
中着
中倉
中口
中黒
中差
仲仕
中手
仲直
中君
仲働
中左
中右
中結
仲合
長雨
長板
長着
長言
名頭
長月
長手
長縄
長話
長節
長路
長道
長虫
長湯
泣石
泣顔
泣面
鳴女
投首
投縄
投物
梨味
梨形
梨畑
刀豆
菜葉
夏市
夏糸
夏色
夏帯
夏風
夏川
夏着
夏毛
夏氷
夏空
夏鳥
夏畑
夏花
夏羽
夏豆
夏物
夏山
何味
何口
何心
何業
名主
菜花
生板
生音
生皮
生貝
生木
生米
生節
生麦
波板
波風
波返
波雲
波路
波月
菜飯
弱竹
鳴物
縄帯
縄先
縄付
縄目
荷足
新室
荷馬
苦草
苦塩
苦竹
苦菜
苦虫
荷口
荷車
和毛
西入
西手
日計
荷積
荷止
荷縄
荷主
荷箱
荷札
荷船
庭池
庭石
庭植
庭梅
庭男
庭神
庭側
庭草
庭口
庭土
庭積
庭場
庭花
庭火
根明
根合
根石
根魚
根方
根城
根太
根竹
根付
根深
根松
根雪
練糸
練色
練切
練衣
練土
野雨
野池
野茨
野男
野風
野川
残香
野末
望人
野立
野面
野花
野豆
飲口
飲助
野守
乗打
乗手
野分
羽板
羽風
葉風
羽交
歯切
羽口
箱馬
箱男
箱書
箱形
箱下
箱球
箱庭
箱船
箱宮
羽衣
羽指
橋板
橋形
橋立
橋祭
橋守
柱間
走井
羽白
葉末
機音
旗風
旗頭
畑木
旗雲
畑側
畑物
旗標
畑土
旗取
機所
機場
旗日
畑麦
旗持
初市
初午
初売
初風
初買
初顔
初声
初氷
初皿
初空
初旅
初荷
初花
初物
初雪
初笑
果口
花軍
花板
花市
花茨
花落
花折
花数
鼻風
鼻頭
鼻紙
鼻側
鼻木
鼻縄
花首
鼻薬
花組
鼻毛
花氷
花立
花球
花友
花時
鼻柱
花冷
花人
花札
鼻笛
花船
花豆
花丸
花群
鼻持
鼻元
花物
花守
花宿
花湯
鼻横
母犬
母牛
母馬
母木
母熊
母者
母鳥
母虫
母物
葉箱
祝人
祝部
葉水
羽虫
葉虫
葉守
早馬
早玉
速玉
早縄
早場
早昼
早船
早道
早耳
早飯
早業
春着
春田
春鳥
春方
春辺
春物
春山
晴着
麦秋
場末
場庭
場札
日足
火足
火入
火色
氷魚
火打
日面
東入
東組
東空
引歌
引去
引戸
引時
引直
引縄
引札
引船
引目
引物
火切
日切
火先
氷雨
火皿
火玉
左頭
左角
左縄
左鼻
左指
羊男
未草
羊草
羊雲
未申
未年
人熱
人音
人声
人里
人伝
人波
人柱
人待
人群
日長
日待
火祭
火虫
灯虫
火矢
冷麦
平打
平泳
平門
平草
平首
平組
平皿
平底
平玉
平付
平積
平取
平箱
平筆
平豆
平麦
平虫
平物
昼軍
昼帯
昼顔
昼側
昼酒
昼中
拾物
拾屋
広形
広口
広前
広山
笛竹
深皿
深手
深場
文車
節糸
節黒
節玉
札紙
札差
札止
筆石
筆数
筆立
筆太
筆結
太糸
太筆
太物
船足
船戦
船板
船歌
船方
船形
船君
船子
船路
船印
船標
船玉
船着
船息
船荷
船連
船場
船祭
船虫
船持
船守
船屋
船宿
船改
文箱
文板
文使
文荷
文札
冬糸
冬側
冬木
冬着
冬草
冬空
冬時
冬鳥
冬菜
冬日
冬道
冬山
古板
古糸
古歌
古女
古鉄
古様
古竹
古種
古血
古手
不男
不助
兵児
辺路
行器
星合
星形
星神
星組
星下
星取
星目
細糸
細形
細口
細声
細縄
細根
細葉
細引
細道
熱味
本歌
本船
間合
前赤
前板
前帯
前側
前羽
前宮
間男
死返
曲玉
真金
真北
負組
曲木
孫神
真竹
町着
街着
町口
街種
街場
街森
松皮
松炭
真土
松虫
待雪
祭笛
的球
目交
真西
間柱
真東
間広
真緑
真南
豆板
豆皿
豆面
豆梨
豆畑
豆飯
守刀
守札
丸頭
丸石
丸打
丸帯
丸首
丸皿
丸底
丸竹
丸鼻
丸葉
丸筆
丸麦
丸物
客神
実梅
身重
右頭
右角
右顔
右首
右指
右横
短手
身印
水青
水足
水油
水糸
湖側
水落
水鏡
水貝
水切
水子
水心
水玉
水鼻
水次
水止
水計
水引
水船
水屋
水雪
道板
道糸
路角
道角
道草
道辺
道火
道悪
王身
見取
緑組
緑花
緑虫
緑湯
南入
南倉
南組
南様
南手
南丸
南向
身毛
耳上
耳金
耳側
耳毛
耳底
耳菜
耳無
耳水
耳横
耳輪
見目
身持
宮方
都落
都草
都鳥
都節
都辺
宮地
宮所
宮柱
宮人
宮水
宮持
宮守
昔者
麦色
麦女
麦車
麦畑
麦笛
麦湯
虫男
虫草
虫薬
虫気
虫声
虫友
虫札
虫笛
虫屋
虫湯
結目
徒足
徒口
徒話
徒飯
村男
村方
村側
群雲
村雨
村界
村里
連主
群竹
村祭
目板
目打
目方
目角
目顔
目黄
目利
目切
目口
飯売
飯時
飯湯
女竹
目力
目土
女時
女波
目光
女節
目星
目細
女松
目耳
女山
目結
水取
申口
申子
申次
申文
持地
持手
持荷
持弓
元入
元受
元口
元黒
本黒
元高
元種
元玉
本鳥
元縄
元根
元箱
元湯
物売
物書
物差
物成
物原
森側
矢合
矢板
矢面
家数
矢数
矢風
矢形
焼金
焼塩
焼玉
焼畑
焼飯
矢車
焼野
焼山
矢声
矢印
安魚
安酒
休石
矢立
矢竹
矢種
矢玉
矢束
矢取
宿側
宿着
宿船
宿元
宿木
鳴家
矢羽
矢文
山犬
病犬
山送
山数
山風
山方
山刀
山子
山坂
山幸
山里
山土
山面
山辺
山豆
山雪
山童
夜話
夕風
夕雲
夕空
夕月
夕花
夕晴
夕光
湯音
湯面
明衣
雪男
雪組
雪雲
雪気
雪消
雪坂
雪代
雪空
雪玉
雪鳥
雪晴
行平
雪平
雪間
雪見
雪水
雪持
雪輪
雪童
湯口
弓末
湯立
湯玉
湯次
弓場
湯場
湯波
湯葉
湯畑
湯花
指毛
指笛
湯札
弓数
弓頭
湯道
弓取
弓矢
湯宿
夜軍
葉群
夜風
横合
横足
横石
横板
横糸
横置
横帯
横風
横組
横車
横様
横面
横手
横波
横根
横羽
横飯
横物
横矢
世心
夜寒
夜旅
夜長
夜泣
夜鳴
世波
米坂
読切
読人
読札
夜宮
夜市
夜顔
夜側
夜昼
弱味
弱身
弱虫
公魚
分去
病葉
分里
曲物
業前
業物
輪積
輪縄
輪虫
笑草
童歌
童言
悪場
悪身
間事
油差
言種
言草
植女
馬屋
上火
遠見
重石
面持
形無
空荷
皮身
管物
口遊
国元
小首
心付
小言
子代
子夫
小昼
仕置
下組
品書
死身
仕向
上界
高波
立者
店者
玉毛
手業
年女
都人
西東
羽子
花活
花生
花菜
人宿
日女
前付
真昼
間日
目色
焼物
後山
石子
後立
毛長
小切
事始
島山
水魚
手引
飛出
中入
西組
日次
発止
人買
見受
身側
内高
売高
横線
神側
倉入
黒味
山国
仕物
白根
足部
中平
戸前
取入
生血
引手
札山
本給
孫子
水先
山薬
山男
童部
内人
木間
好者
局口
寺町
湯浴
菜種
雪菜
色子
雲助
家根
岩魚
完村
肉村
死所
底根
店数
出州
日取
母衣
曲家
水場
見開
元結
物種
夜明
輪箱
頭打
庫入
人屋
手事
西市
板間
打首
大女
音屋
家路
市人
勝戦
戸人
見立
出湯
品部
年波
間人
目路
申出
大市
果物
仕分
反英
山神
野寺
輪金
所引
世帯
神官
刷物
大兵
半丁
時鳥
典馬
赤葉
童詩
半町
夫君
聞屋
近目
長母
市女
引受
飯屋
科別
名子
祝女
芽生
太神
野焼
機物
水口
田遊
白笑
書取
来手
西風
遠矢
物取
官等
家側
馬道
塩海
白飯
引出
深間
上回
電池
発力
小乗
省城
神事
受入
車引
公人
田植
小米
上宿
心字
真事
真字
旗機
汽機
子鳥
府道
父道
受取
車前
指手
箱入
東向
仕出
草字
走時
送辞
火事
紙花
県民
詩歌
知客
詩家
数等
火焼
共時
実父
高菜
次姉
不調
大岩
川中
城内
中州
女木
浴衣
口入
定書
日子
平城
道引
火屋
初子
活計
仲馬
生水
軽音
下男
板目
店主
陽光
当量
家元
借上
客観
白田
場台
横引
売女
川前
新出
受合
大羽
大葉
各管
切首
真人
直下
人長
同部
理観
石神
本覚
気表
軍機
田子
山川
熊皮
時事
石屋
入物
島人
光柱
光虫
好中
後注
美人
良品
議院
家礼
局中
下身
主典
青田
風車
曲数
極数
白下
古生
別使
目数
元首
食中
建前
赤巣
後先
口側
小場
人感
中市
山会
立前
民地
物持
黒羽
多福
大農
大船
川下
出合
業主
外海
始末
白馬
向付
羽太
産気
身心
羊歯
地子
寺使
次子
次指
船乗
手付
小頭
小刀
差引
商登
照灯
持金
置場
市花
理法
黒酒
子鹿
内板
車交
川水
広目
小夜
不道
代名
群青
散塩
馬力
人死
門家
図利
地理
労相
食物
北半
北海
物入
正親
火取
案外
文月
楽家
国側
子息
年弱
氷柱
標柱
標注
氷中
表注
原音
庭内
紙切
気量
日金
方印
法印
結束
真後
道行
中径
中路
待橋
多言
鼻先
糸速
竹刀
対面
人中
次時
治理
鼻輪
見場
相身
折返
国分
谷側
身形
加水
工場
当会
屋形
試買
魚市
書生
径庭
和児
太夫
立心
漁区
小休
出会
古参
船門
北関
東軍
全歯
全紙
早見
明知
勝間
理化
祭事
細事
南天
氷室
聞持
重機
元金
木作
新星
丸木
行改
川方
芸大
通力
天年
古紙
前議
夜来
大飯
外面
要点
雨林
古詩
詩学
買取
悪見
加重
使司
詩思
全話
要港
全生
町役
野老
入方
大角
苦無
城東
歯学
買上
後足
夫側
野原
司調
司長
紙帳
仕丁
外生
朝焼
記法
神学
手方
白衣
心底
組入
側目
熱感
家学
歌学
自他
国軍
待人
各部
取付
中通
全輪
兵法
生残
全駅
大富
人山
方案
清朝
葉先
前話
歯先
中空
外線
辞代
書館
大官
仕打
芽木
伝家
風間
同右
平目
陽線
子役
細魚
黒白
父母
合音
平米
立待
皮側
漁火
手練
指地
死地
内線
科白
売出
時中
入社
前広
青身
算式
部内
葉月
小倉
朝野
半年
月初
天明
馬代
町石
長石
引下
温度
年強
伝手
松山
書出
曲球
首打
大家
出歯
村役
出生
引上
新字
根原
夜半
有高
黄身
巣上
村高
和人
水田
正教
洋上
寺内
大音
鳴子
周年
男木
都城
漢学
生老
太上
上衣
次席
調子
湯元
糸魚
内法
同郡
医食
鳴声
代身
路側
米産
生玉
商学
人文
和声
終生
体色
花茶
意気
死場
豆油
歯音
対岸
鉄船
日数
耳石
自席
下野
元手
番所
終世
口切
元芽
楽隊
新宮
女方
子馬
中章
毎周
終声
赤木
神鳴
知辺
水門
人月
古着
上生
小馬
秒間
用池
陽地
陽池
要地
伝馬
事理
時利
自利
自理
頭上
入合
客体
本間
中道
民数
高位
農相
面体
形行
波数
深成
身世
右投
和子
下手
出水
飯子
天理
側女
太方
頭下
後学
小使
白夜
目線
助言
神器
買手
力紙
業生
東風
立役
名分
代物
有林
初冬
町人
門柱
車止
前頭
数千
小木
光日
女主
色目
出船
村議
大神
市鳥
初登
馬身
童形
工会
大本
外輪
名付
山成
山鳴
院議
車台
身上
王子
直中
店屋
刀自
高年
白州
谷口
家中
市中
各行
正面
本木
中間
仕方
治世
成山
青味
金石
同小
全人
丁未
番手
竹馬
取手
院卒
時世
谷町
王院
兵隊
木器
生肉
力学
種子
外相
心神
新進
深身
真信
真神
神心
神身
臣心
県産
客員
人日
馬手
太子
山元
子中
歌風
他意
隊長
茶館
地利
名残
広葉
地代
動中
定量
歩兵
和国
全島
当日
正本
地対
客席
新地
両岸
海神
競売
大夫
梨子
天満
合体
生紙
曲輪
後会
真冬
平岡
店売
花鳥
功徳
語意
女官
良家
家風
選言
打出
形木
高角
同本
物見
相国
小池
校区
功人
好人
工人
黄人
実物
遠道
人力
国書
市立
山本
犬神
行幸
老夫
船主
無意
毛羽
薬学
軍内
人命
大君
見物
王者
宿駅
春期
名乗
変人
佐官
米朝
村社
火消
土司
年初
駅馬
地面
生起
倍速
東行
通語
科名
時日
手書
礼文
集会
水管
用便
量化
県間
重工
平野
右折
追風
家長
金時
全社
横紙
産屋
小牛
工商
光年
川船
交唱
功章
好商
好笑
後章
校章
行章
高商
下心
秋野
番台
人心
心算
洋式
水主
山内
旅客
夜業
平屋
中生
同地
薬事
塩梅
国学
読取
天界
道標
不女
丸柱
花園
空言
事代
空事
海山
不完
式神
見切
科長
黒書
単音
同相
真名
本線
小道
新道
親母
行人
便器
地力
学究
自界
間食
角形
深重
引取
階子
校長
始代
歯大
右打
色紙
対側
近赤
川上
新手
心力
上歯
大功
鹿角
高平
売店
好相
大洋
夏日
木場
星食
正食
生植
生色
上薬
大路
鳥類
高飛
女工
出店
年男
朝臣
飲酒
同会
黄色
客地
画地
新卒
同大
大貝
海草
道外
同階
町橋
客人
頭高
黄金
小三
今夏
野次
書体
熱湯
口数
法体
水上
天部
共人
音場
汽車
直筆
悪心
大石
大念
光学
省力
左投
体量
先願
上根
文治
大川
赤口
町見
力者
使主
黒米
人体
同形
美学
形気
国柱
小雪
小五
頭部
神明
線引
真下
持合
夜着
材面
谷合
白石
高機
金色
成工
正向
清光
生香
青黄
短期
各省
船橋
赤松
人国
未分
教書
野手
正木
点火
徳利
下田
知音
本手
何分
法相
字高
時候
時好
自工
自校
自行
電神
鳴神
鳴電
内輪
土方
海松
水松
村路
関公
酒代
県下
後世
空手
面目
古文
東方
左官
手本
白子
東駅
寒地
大空
山家
日休
部活
県西
所員
前守
小雨
平戸
湯本
重手
雪道
山中
日出
音声
風花
初出
無期
田畑
雲雨
学者
連子
糸毛
秋風
児者
場周
言下
新村
飛鳥
形相
南東
品別
他夫
人形
開先
町議
荷重
園生
住手
弓形
形代
静電
海里
木群
夫人
新球
中原
緑野
家来
顔色
動力
東市
波頭
無感
羽山
号車
会長
波打
文中
照葉
法会
無心
重唱
生時
松原
金持
黒色
新山
王土
黄土
最北
験者
章題
春風
前方
流通
歌合
日中
大所
所内
記帳
家出
小野
体感
大菜
明王
夜祭
西方
治安
大社
知行
元軍
油皿
産子
田楽
用品
年産
魚菜
夏休
大雪
女手
年月
工夫
合間
管楽
写真
丁末
前金
出場
雨水
地味
役所
木金
読者
本文
画意
賀意
品番
花木
大法
字面
赤子
花色
目見
前立
飲料
球部
当金
正体
野路
固有
楽園
大字
仕業
夏木
大前
松下
石山
生日
白雪
数的
本節
科学
村外
旅人
多角
山路
鼻声
美衣
大竹
前後
折目
局内
生有
人馬
未発
民会
散楽
花野
県中
田家
円相
羽先
秋月
前輪
母屋
人事
前食
左打
要語
山畑
服部
要具
山岸
朝間
区名
神酒
城西
同法
海女
自力
言葉
母音
内力
東沖
遠路
塩井
品等
分位
村人
大刀
大和
唱歌
年央
真魚
青木
酒飲
同病
弓手
数百
水相
発機
体内
親子
草木
正方
中国
黒雲
行宮
酒好
橋下
出血
他愛
良材
中島
左横
下草
省内
味気
上側
水利
赤金
川側
元木
両三
害者
鳥目
日産
上田
兵六
月日
区議
区立
声色
今昔
作法
高低
心地
山下
本所
立花
目白
海鳥
鹿子
心事
年式
園遊
省令
鼻息
残日
水車
岩下
好事
北風
新木
間数
対中
日当
場数
建場
金物
乗法
小一
円柱
働力
年祭
同委
名案
県市
真田
天井
生活
大丸
動機
今年
子年
天花
数度
羽根
初秋
貨物
合板
水飲
有光
林内
末期
遠山
川口
公法
兵者
高札
中古
人足
初日
生児
同体
上手
米民
国産
期年
望月
英数
女形
副長
紙代
図星
直会
野田
省都
半物
宮城
外組
石橋
美男
皿山
横刀
寒風
語路
多聞
冬景
出物
小見
大都
陸部
学力
所長
家内
笑話
筆頭
銀色
町中
大工
神田
以前
少馬
小松
親父
大声
徒人
小金
海雲
農機
府県
高度
最安
年老
火口
海側
海辺
各音
酒屋
期中
内側
松明
飯事
米倉
梅雨
親近
谷底
川島
急悪
高音
右手
北国
中西
集名
半円
山口
小子
量感
後文
黒木
相生
山車
鼻高
野口
山田
年会
魚商
小島
人台
生物
畑中
産物
戸部
最中
化物
陽子
小川
緑色
大方
最下
谷川
大戸
天草
用達
茶道
道議
数十
関屋
文学
内外
水分
本田
区内
真弓
白身
未成
声音
生身
不平
黒石
語形
牧場
問屋
男気
外国
東西
園地
代人
女友
牧野
赤羽
回外
西行
後方
科会
朝昼
大宮
野中
軽乗
草野
半期
山形
円心
羽目
全市
菜切
単一
客数
石取
朝庭
天朝
対米
平山
大一
肉食
形見
国家
国原
戸建
平家
町内
春日
真中
深雪
住人
景気
高木
画風
道路
切手
線量
持家
青梅
以下
人数
金的
強力
水母
去年
全業
他人
文体
住地
世界
晴明
灯火
用水
山梨
不動
差出
間帯
着物
木村
手入
庫倉
市大
人家
左前
前面
自社
所用
名取
借入
変動
府立
海月
単衣
県議
下半
機長
台場
借家
男組
目黒
外見
下女
県連
王女
学書
内発
母本
南島
石井
館員
身体
漁場
最前
出先
間期
夕飯
金子
小屋
行事
何人
両国
手先
曲目
日夜
語中
手動
手紙
数多
勝目
昼時
神楽
清水
本分
浴法
室長
子持
中田
少子
区民
字形
死様
水面
学科
市子
青山
重苦
口中
徒然
月間
谷中
浴場
葉山
湖岸
酒類
両側
市売
市区
議場
川流
里子
大人
左手
生足
子音
童子
太刀
大成
生業
心意
戦時
場内
車屋
大会
学部
金地
局長
隊員
村内
弟妹
立場
区外
物数
医学
多分
林地
土日
文目
対人
労使
何役
法案
中山
東海
上階
部長
月水
側部
上半
真木
村長
原材
手間
用材
県別
春夏
人別
学会
式場
門外
君達
父君
曜日
飲食
用紙
家集
何科
夏秋
実作
女学
相反
治体
同組
年百
本学
部員
人王
日祝
曲中
全都
局数
丸一
線上
次式
国人
理学
青緑
旅所
字名
表中
日月
法院
用地
小中
多国
水金
軍側
同業
課長
上右
海風
業界
月末
秋冬
機用
上左
客用
作目
都議
水道
数差
員数
薬店
前駅
語学
場代
院生
半目
書面
業法
大卒
毎週
地内
店側
足先
朝夜
用具
園児
白赤
産業
陸海
室外
車道
大外
同学
塩浴
表六
朝夕
木草
米大
次会
衣食
生年
中小
上学
人頭
同字
後目
水氷
南中
語音
家本
各道
市町
木気
語文
下風
期末
教徒
西高
音図
外出
人部
白味
校生
客屋
茶畑
水木
女役
町村
楽部
課員
発着
国初
街中
後人
港区
人名
長短
道会
飯食
官学
海空
食住
国中
転結
自公
火水
産学
州立
都道