学校
時期
年度
文字
先生
方法
自身
国立
部分
海岸
中学
冬期
期間
人間
日曜
部屋
作業
都市
文化
前後
大学
死後
議長
今後
後続
小学
時間
時代
利用
地下
半生
試合
入院
動産
目的
毎月
流行
人員
長官
案内
国家
生産
区分
公園
大寺
意地
中年
高級
安定
中心
頭金
年間
法人
入力
国別
年長
議員
代議
地方
毎日
開発
上位
卒業
月曜
相手
右中
商品
部隊
夜中
後半
名山
高校
物語
先週
祝祭
母音
音楽
時分
今月
反対
種類
書写
平等
近所
結局
計画
協議
公会
相対
前週
文章
旅行
等分
悪化
直後
種目
方式
父親
人類
長年
前年
病院
半分
代表
次元
終末
今週
音声
多数
方面
結果
大体
先住
家屋
数字
管内
地区
毛止
大量
夕方
昨年
発足
最新
仕事
県都
場所
前日
学園
自然
英語
同月
学年
麦酒
空間
議定
自国
区間
上期
東遊
住所
体協
発生
英文
地金
後日
使用
東洋
最初
立方
本年
話者
左下
行方
午後
新年
浴室
野球
無礼
明太
生命
白地
事業
水産
部門
同県
本気
乗車
公用
女子
城下
回転
上皮
生徒
司令
本来
分化
軍人
半日
用語
道具
打者
食後
小生
図書
上流
大口
注文
分科
共同
明朝
共通
市場
午前
会社
街道
下車
外野
区別
算用
出入
労働
単語
本部
西国
向上
文法
最高
意味
全部
長老
時季
先取
食塩
活動
最近
深夜
委員
来年
少女
左中
男女
左側
母国
記者
手首
反発
満足
土台
半数
生前
勝利
形式
人生
集合
無念
先着
隊道
成人
本当
好調
台数
機関
思考
試行
指向
初頭
人口
試香
緑化
連合
作戦
休館
今夜
会見
前夜
人民
多面
勝負
男子
次長
全線
米軍
品目
面子
温室
平和
外科
生死
同日
分別
役場
続発
行使
右側
仕様
無理
今朝
他動
通信
平年
元年
当初
古代
公式
今日
公明
今秋
今度
白黒
中宮
客車
連続
家族
薬草
前線
科目
転用
落着
兄弟
先日
機種
今回
着工
追放
世代
教室
勉強
投手
都心
平日
出来
方形
音節
近年
少量
小便
会館
生理
中期
両県
最終
中側
鼻音
変調
本人
最期
来月
健康
畑地
少数
各県
乗用
着火
追加
会議
機具
道中
今春
材料
当時
水曜
真底
運用
名所
金利
相場
先月
車線
事実
図表
黒字
最低
親友
大差
表記
本日
金曜
所有
前月
今季
通例
学区
元気
火曜
直前
未来
土曜
円形
行商
手数
作品
小売
通路
始終
前回
各語
地表
合戦
中二
近日
大海
知覚
来夏
太古
木曜
今夏
大約
前期
鉄道
番地
南西
食前
全員
遊園
未明
未満
反面
先年
以上
連日
同夜
毎回
昨秋
昨冬
昨今
単身
内心
以来
計算
古来
早朝
以後
以前
今代
今冬
昨春
生来
次月
先夜
追日
倍量
本月
毎秒
毎分
多少
中等
席上
末日
声明
入口
転変
以外
登坂
行動
反省
海外
公正
手法
発表
帰館
区画
大根
首都
局面
名目
直線
登場
分荷
道産
都会
中止
法戦
大臣
初期
海軍
年下
後年
他行
休日
不良
希代
民間
卒中
後楽
説明
入場
発電
病中
長男
安全
南北
国民
道路
放光
放校
酒気
集中
調教
年上
無音
原動
発達
集会
都度
林産
加速
人材
上京
原産
食品
内部
姉妹
出馬
地上
市街
長女
共和
具合
年金
間出
死者
自治
有界
駅員
感心
立法
毎朝
静止
毎夜
今夕
下期
生指
静思
学長
買春
部会
助成
不定
大王
焼死
足下
成敗
希望
役者
県内
教化
交配
主人
登用
天文
同時
学期
会同
全米
治具
道県
分類
中央
赤字
園内
室内
自信
下宿
和文
親方
落葉
夕食
教員
本国
雨注
回数
空白
徒死
作用
楽観
学生
内戦
入会
起動
新曲
送信
青年
周辺
森林
全面
植民
大気
周知
未知
同町
月別
実力
鳥観
車中
軍用
関心
味方
母子
強化
生成
底止
都内
定年
交用
徒歩
日別
成長
帰社
文言
帰路
年末
兵力
整形
後頭
清算
部位
対立
選手
近着
両方
身代
予定
役員
達成
年内
朝市
感動
労動
公有
飛行
同区
発動
計上
試用
正路
登山
正午
面積
見分
登院
工業
自分
内生
中部
中立
朝食
放出
昼間
銀行
受給
曲線
次男
研究
初等
社長
交通
道内
人道
苦行
通達
社内
連中
組長
明細
登記
転石
公開
種別
場面
風流
和音
位置
正答
後期
無声
客間
走行
頭身
内面
強大
内科
給付
戦声
下位
水辺
来日
苦使
実行
多発
外食
波形
転化
愛唱
功労
野犬
海道
内定
標的
参画
考究
行休
注進
高台
調整
受付
照明
新入
外大
草原
各駅
指令
美化
目下
時雨
次第
建都
空頭
公平
富人
父人
不変
位地
語内
放心
放神
出定
仲人
父方
転乗
正当
休止
口外
開通
思料
思量
上場
兄妹
帰農
意見
初心
会場
開放
書店
対話
出品
指定
会計
内陸
教育
形成
成功
無事
県道
別院
完成
知名
上級
実験
最後
父子
古風
戦線
大同
下官
分野
本店
今世
駅伝
試刷
試飲
市外
仕進
機会
器官
天元
地形
登仕
分隊
実体
海兵
各年
加農
験算
長生
道州
反転
活用
交流
等置
半転
参集
数量
参加
番組
人物
発声
路線
対外
太平
南海
有望
別表
成年
観戦
行列
馬鹿
用心
書物
自重
持重
開店
自愛
数次
台風
同国
文節
手記
低度
使令
赤外
無線
打線
来秋
気分
見学
清記
道理
面皮
約束
間語
南山
開城
開場
帰府
社会
年数
整理
空気
待機
無法
開口
活気
助役
休戦
前住
特進
分筆
古都
陸上
決議
転科
何百
各国
下方
祝日
南方
協同
行進
内服
感覚
軽水
所期
土産
気味
散水
打点
合計
内省
回遊
散調
通気
安置
開戦
転回
何時
下品
交信
後進
高進
協会
住戸
文末
場合
登板
炭化
放置
大台
理想
同船
試写
母親
戦力
温浴
休電
給電
気風
受学
相待
養命
原作
節気
連戦
右上
木立
不満
校正
死語
対置
進歩
不服
商人
多岐
調法
時機
料金
唱和
気死
首相
信心
帰来
打数
信用
公子
極寒
習合
生動
焼売
頭数
焼成
選挙
共有
広遠
高遠
消火
相関
観客
的中
付会
上辺
同行
電子
化体
米側
通行
刷子
細分
長命
分光
考察
真実
選炭
同定
答申
下等
協力
試作
投身
東進
歩行
朝方
改元
画一
体験
物心
次回
筆答
対戦
筆記
明方
点字
土地
仕官
進入
着香
消長
自記
改選
会戦
待合
兄事
開業
王国
着荷
着果
的当
電気
分節
利子
加熱
低調
女神
他県
回議
開平
記録
生害
点灯
島民
同参
遊飛
商量
要心
点頭
南下
固辞
戦前
固持
愛読
有平
以冷
飲茶
苦力
弓歩
先山
上食
香功
白紙
太好
湯円
治冷
差官
茶母
茶語
主思
店里
短工
対子
都卒
奈落
馬油
白薬
包子
長服
海印
会飯
黄米
望祭
姉夫
弱半
老大
連玉
少半
同苦
標定
標記
回線
国会
合成
本体
飯店
南無
転記
主唱
不足
加味
週間
首唱
連敗
起工
助平
帰岡
帰港
心配
実家
切開
投入
末弟
会合
安心
音信
加工
低下
妹役
両市
要約
作歌
相続
投票
新作
連結
作家
進行
親切
平方
結合
売春
欠課
春先
大昔
本章
調達
入城
入定
女王
客死
問注
白菜
投球
深考
進向
手順
手当
風化
物流
会談
習学
助産
飛車
帰島
帰投
帰東
院内
帰商
矢先
折節
死別
矢庭
遊歩
動転
次期
配流
側面
石庭
生天
族生
続生
伝達
白色
帰隊
共感
選好
登極
建成
投書
投下
頭書
試乗
初代
周回
大手
大魚
給水
選考
同省
放冷
量産
発散
帰合
実用
不便
議会
回答
先行
入浴
命名
料理
乗船
車内
同人
勇進
各局
決定
身内
開山
作文
重点
考案
全国
対局
送進
両手
挙手
後見
出山
人種
病死
各界
不実
業種
年表
府省
分散
相当
大戦
他界
合点
季感
世話
同感
失業
対治
本丸
院長
字体
付置
組成
手足
戦後
間食
役人
小説
本音
観察
死産
林業
明記
起兵
強行
生別
全県
東上
放言
景色
自転
対照
念持
無死
計都
大笑
角行
高談
急行
成業
正心
連発
回帰
夏季
変死
塩化
電話
公表
作成
参上
出板
相談
進水
選別
他所
周波
親祭
受理
同車
文書
参院
重心
書道
東下
等化
別送
開港
合算
加里
死戦
養子
以内
工事
心会
本島
家庭
正覚
関連
作曲
天気
要記
観光
心中
通学
安打
自書
不意
参観
参館
実見
入山
上等
管理
金魚
成約
分業
作動
発給
発見
必要
連勝
安神
共起
出産
理会
午飯
所持
静観
何事
明日
引照
運転
宮中
代用
南行
意思
転地
転置
発行
道里
発音
研学
板書
起業
化成
進級
開校
気化
等級
付加
服飲
夜間
和合
同期
連用
正用
静養
参究
飛動
薬湯
交会
水中
成形
戦勝
動員
地場
発覚
運行
気配
後部
取用
乗算
配水
感受
帰院
協和
負荷
会食
商売
実数
多用
治水
愛用
会話
画定
試算
転形
熱中
付和
上船
林道
詩作
自立
図式
成立
友達
同調
毎秋
出立
代行
通交
通好
同化
共立
正月
上達
全開
同室
発話
放念
流用
直面
直行
輪唱
競争
週末
出力
代置
育成
交遊
改行
出発
筆写
返上
栄達
完整
起行
集散
集約
風習
表明
開葉
訓練
欠食
建言
交代
養成
散歩
始動
法王
改号
給食
挙上
月数
帰朝
上向
着地
開会
帰省
正言
転向
平気
議決
最好
結実
出火
消化
対交
対向
対校
転校
立案
回頭
県外
残業
登録
大別
注意
注記
通算
完投
完登
帰城
苦学
受信
登校
命令
教訓
生下
兆候
読字
注目
出頭
住寺
通園
年少
列車
交差
自知
美食
印加
引火
行持
参賀
耳語
皮肉
変光
面会
両駅
鹿毛
自作
神宮
当選
白月
不明
遊息
回向
会読
回読
記念
風選
学習
大安
花見
強調
集計
前出
通用
年令
発売
売買
不幸
予約
利水
運動
休心
休神
受験
想起
草食
調香
長考
道楽
入寺
要言
流入
急進
強記
高名
代理
休校
具体
送気
治産
病気
課金
苦戦
結集
注加
発光
発車
飛下
予知
感取
観取
信受
実習
入金
表出
化石
求人
競走
終止
着用
定着
転作
同道
悲観
変形
落下
帰順
種植
調節
通商
通約
想見
入手
野宿
発向
毎年
印刷
司会
先発
入荷
敗北
発明
服用
分界
平行
決算
参入
失礼
持続
整流
直結
転院
配分
野生
予想
協定
合同
指教
写生
主客
取材
先勝
着目
直通
直観
変身
流放
海食
帰化
固定
神兵
発言
要求
録音
億兆
億万
帰加
清書
失敗
集積
主働
主動
前進
直交
特定
流動
帰休
決心
決戦
公選
参府
説教
速定
速決
直感
来所
愛好
安産
荷電
休会
考選
産出
借金
拾集
出仕
親和
自首
受業
上司
節約
選木
続出
暗記
起番
協調
合意
省察
商店
自守
早産
調和
直立
努力
病木
放鳥
連立
録画
悪用
改定
群集
下落
国内
司配
照合
自足
成道
整合
戦死
定位
定住
投合
特化
土着
文選
変色
合宿
帰国
交戦
後置
作刀
算出
山積
算定
失走
植林
上陸
想定
調合
通院
通話
入所
筆受
表白
便乗
分課
分家
別記
落成
練習
黄変
完勝
観照
完走
観望
休業
競合
曲言
極言
曲折
結成
司式
自選
談合
調印
特集
配達
分配
面談
遠投
関説
帰天
帰店
休養
共栄
言明
産生
敗欠
出世
出席
出願
水泳
選定
送付
足温
続行
単行
着手
通知
低出
伝道
入港
敗戦
配線
白熱
発注
発令
付着
返信
明言
養育
来場
連想
連帯
開園
開花
開席
学問
合唱
給養
決起
決別
高温
後伝
語林
算入
試着
手交
消去
商談
進空
持参
上申
乗馬
積分
速答
大挙
対決
対談
談話
着服
追求
低唱
転落
伝送
伝来
道取
入漁
入札
配当
配付
発想
筆算
服事
付言
付帯
変心
命中
由来
要望
来島
落札
輪作
連関
連係
安住
遠引
改貨
開化
回折
開隊
化合
加入
完結
完敗
外反
合作
合本
帰県
記入
起票
校合
協商
欠席
結線
血戦
決着
欠場
向首
合流
作画
参朝
参列
死去
止血
使送
試走
終結
集信
周遊
集録
出家
出動
書見
進軍
新市
進転
自習
自負
受行
受注
助長
助力
生育
生息
節食
着色
調波
転医
転戦
伝言
伝動
登第
当直
投薬
徳化
入道
入門
念願
配信
発送
発熱
反落
服役
付録
物色
分岐
文通
返金
返品
勉学
放送
望見
満開
遊説
予見
落後
楽勝
連動
愛育
愛飲
合着
愛重
悪投
暗合
案出
暗唱
安息
安着
暗転
案配
案分
安名
安養
育休
引決
印字
引湯
飲福
上木
運休
雲散
運算
雲集
運送
運筆
栄進
栄転
泳動
遠泳
遠望
横行
横転
音写
音読
改悪
開学
開局
化育
回訓
改作
改札
開札
海産
改新
改組
回達
開帳
開田
開票
開表
改名
開門
開立
回礼
科役
加温
下行
加上
火定
下達
活写
活着
活歩
加配
加筆
下問
完泳
感化
感荷
管貨
官給
感泣
観血
感合
感作
間作
感通
感電
完読
観念
完売
感服
完歩
間歩
官遊
外切
合州
願望
起案
帰一
帰英
帰去
帰京
帰結
帰参
帰山
起算
帰住
帰日
帰入
起筆
帰服
帰福
帰米
記名
起毛
求愛
給血
求積
急送
給送
休息
給炭
急追
急転
給湯
急熱
急発
給氷
急変
究明
給油
急落
急冷
共愛
競泳
協業
共作
競作
教習
共唱
強打
強直
強熱
共鳴
協約
競落
教練
曲説
曲筆
曲練
挙行
挙式
曲行
挙兵
挙用
去来
起立
金打
牛飲
行水
行道
空運
空想
空転
空発
苦考
訓育
訓化
訓電
訓読
訓令
具申
具足
具有
群泳
群植
群発
群飛
群立
軽信
係船
結球
欠失
血書
欠相
結着
欠配
結氷
決意
結約
欠落
欠礼
建郡
建国
建白
下向
下校
下船
下天
下阪
元服
行軍
口達
好発
公売
固結
固守
固着
根治
建立
号泣
合級
合議
合有
号令
才覚
細説
細別
作字
作図
作説
作表
作病
注油
刷新
察病
散見
散花
散宿
産炭
参着
散点
散発
残害
残置
使役
死守
止宿
失火
失血
失笑
失心
失神
失速
失言
失念
失望
失明
失落
試読
指南
思念
試問
借問
借用
写書
集荷
集貨
集客
集金
集結
集材
集取
終息
集束
集注
集熱
集配
終売
集票
集列
習練
祝歌
祝賀
宿直
祝福
手写
首実
取水
出京
出庫
出札
出社
出走
出炭
出府
出兵
出芽
出題
出土
出役
出遊
商議
消失
焼失
焼身
笑談
商定
唱道
小別
食害
食言
植毛
所望
所立
信愛
心願
進宮
進言
信順
深達
申達
進達
身読
進発
信服
心服
臣服
自活
自害
自学
直書
直達
直答
辞去
直話
自決
実写
実働
実動
自白
自問
弱化
重合
重刷
重出
重来
受音
受電
受配
受命
入来
順向
順行
順守
順礼
助走
助命
水書
数引
図説
成育
西望
西来
整列
積算
積習
赤化
節酒
節水
折半
説服
説法
切願
切言
節電
切望
節米
節録
選歌
選球
選曲
先議
先決
前定
選文
全休
前借
全敗
全有
相愛
送客
送金
争議
想出
送出
送水
送達
早着
送波
送本
送話
速写
速成
速読
速記
卒去
卒園
卒起
卒読
続戦
続落
大言
帯出
大敗
待望
多作
他出
多食
立食
達観
多読
単作
単伝
代位
代願
代参
代読
代筆
打算
打電
談議
談笑
置局
着意
着衣
着岸
着信
着水
着生
着席
着雪
着船
着想
着帯
着隊
着電
着筆
着味
着陸
茶事
着京
着金
茶変
注水
注入
注力
朝賀
長欠
調息
長息
調味
調練
直仕
直進
直上
直送
直読
直売
直流
直覚
直帰
追究
追給
追考
追試
追念
追録
通観
通関
通計
通作
通水
通底
通電
通読
通分
通有
低回
底通
低頭
低落
転位
転運
転学
転給
転極
転業
転写
転社
転借
転宿
点出
転出
転住
点定
転送
転読
転入
転売
伝習
伝受
伝世
伝線
伝聞
投宿
投出
投石
湯浴
東流
答礼
特出
特選
特待
特注
特配
特発
特売
特筆
特約
特立
特記
特訓
同宿
同席
同流
読唱
読図
読話
内決
内見
内借
内申
内助
内切
内達
内談
内転
内聞
内命
内約
南進
南面
入集
入園
入館
入京
入局
入庫
入校
入行
入室
入省
入植
入信
入説
入村
入隊
入地
入着
入朝
入島
入湯
入番
入府
入北
入明
入林
熱愛
熱願
熱読
熱望
配管
配給
配合
配車
配乗
配石
敗走
配送
配点
配転
配電
配本
配役
配列
波食
発根
発出
発色
発走
発付
発案
発育
発黄
発芽
発議
発病
発来
反言
半周
反命
反問
売約
馬食
飛去
飛散
飛雪
必敗
必発
筆談
必読
筆問
筆録
氷結
票決
表決
標別
氷冷
病欠
風食
風飛
風聞
付議
不参
付番
不夜
分球
分合
分宿
分水
分村
分電
分売
分立
分列
分路
平章
平身
平定
平分
変位
変改
返血
返照
変節
変説
返送
変速
変通
変転
返答
変敗
返付
返本
変約
返礼
米食
別家
別注
別言
放下
放去
放散
放水
放談
放電
放熱
放馬
放牧
包有
放流
北面
北流
発願
発念
満水
味読
明察
明答
面話
目算
目礼
約言
約定
約分
野合
遊泳
遊行
遊牧
用談
要談
予覚
予言
予察
予習
予熱
来院
来園
来会
来局
来校
来住
来村
来談
来着
来阪
来福
来米
来熊
来遊
落手
落城
落石
落雪
落選
落第
落鳥
落鉄
落馬
落筆
落命
落球
力泳
力説
力走
陸生
陸送
立説
立願
立言
流下
流産
流失
流送
流注
流伝
流連
量定
両倍
輪転
輪読
林立
類焼
流転
冷飲
冷笑
令達
列挙
列席
列品
列立
練行
連作
連写
連取
連乗
練成
連打
老成
録取
和楽
和談
和読
暗算
引見
回心
横着
改心
改進
開申
区電
口受
作案
省知
人立
折中
全通
送受
直言
内分
入電
入養
発受
発問
分取
分出
分有
北進
発起
本有
鳴動
目送
問答
遊観
遊日
和協
石室
運化
交合
作詩
差配
自答
想望
代決
入線
配植
配食
予感
連記
国定
正転
台積
代書
入選
番外
回申
回内
下付
外注
口唱
電送
度外
内通
入国
配色
陸工
陸行
察知
同乗
熱唱
終決
代言
階上
下乗
最大
首位
節用
明転
来朝
出港
進動
当局
答電
飛来
参席
上水
予期
地中
試験
便所
羽化
雨下
水死
転調
集字
集治
見知
元加
固化
追記
朝陽
各自
出校
受用
想化
定植
流出
和歌
内向
黄化
自走
外化
苦笑
内観
別売
飲食
倍加
不和
京進
協心
順化
送電
風発
参戦
周章
相伝
角度
好転
束糸
定立
下命
工作
何物
開所
力行
急死
全治
加給
給紙
指名
自給
生長
学内
帰船
温良
指命
整調
下城
公転
発信
開国
原木
照会
何者
例外
横死
世父
正負
西府
明神
帯同
発進
前記
発会
期待
食用
語用
連行
改正
照見
発意
深切
計量
付合
笑面
調薬
分乗
植皮
水夫
根元
登行
同駅
放歌
放火
軍楽
回想
新橋
板行
来下
回送
改題
代作
冷静
早生
男児
内用
合法
丁重
主理
末席
回付
出国
分県
水浴
短歌
方正
試打
新調
次代
北西
花期
学道
原語
国府
本表
老化
競馬
事例
本番
立身
出荷
発火
共食
公司
来社
法令
強要
上乗
名作
改印
開院
自大
休学
公約
全勝
全焼
都県
物理
無用
石高
出向
消散
次官
木化
各文
口答
実直
茶店
本名
役目
不正
変成
苦心
細工
文語
両日
交付
大軍
夏期
極道
茶目
農家
教官
健勝
終漁
弱者
帯電
富強
最悪
用法
同店
記号
給事
給仕
兵器
米中
幸福
整地
静置
子細
夜行
陽転
平板
歌人
所管
参議
知照
出金
完工
感光
幸運
里山
神木
下学
農水
光栄
公共
山行
洋行
自由
用船
来観
使行
死交
紙工
冷寒
完治
参内
散大
未定
大息
太息
付記
円高
参照
母印
単調
菜食
外戸
同然
立正
機動
水平
外遊
不順
好運
低温
同府
番頭
側聞
馬車
便利
長大
富有
重度
無力
験鏡
電力
火急
未練
有用
極度
広博
固有
心苦
弱小
冷水
変名
寒冷
極悪
進出
上府
強健
軽利
弱少
多才
直角
暗弱
温順
温和
果決
機活
軽少
軽便
下直
高直
最軽
最弱
最美
小心
失当
小食
少食
小弱
親愛
深遠
新式
新生
神速
自明
重悪
順良
清白
全一
多音
多芸
達筆
多病
多望
短小
大力
中速
低平
鉄火
伝法
徳用
博学
博大
病弱
不群
分外
文弱
平明
別様
無害
無学
無欠
無下
無芸
無根
無徳
無筆
有角
有節
有的
老功
老実
和順
遠大
希有
切要
短気
利発
水色
産後
低級
弱体
後手
国外
日参
入用
半成
平地
部局
山高
子音
西側
中三
無道
下線
関係
西北
本式
要人
白化
登城
勇気
意図
語末
大書
対数
平静
悪行
主管
漢字
定数
組員
分地
分置
聞知
下記
海童
開道
北東
不覚
好配
高配
方角
花器
風雲
風味
晴和
安静
船員
駅名
定置
農業
打開
帰着
米英
開板
火中
群生
目前
公族
火気
北星
加持
新人
整正
本数
体動
自失
奈何
和英
係争
調進
改良
馬上
回国
半焼
官治
感知
管知
関知
近道
引用
好古
小豆
日焼
薬物
店内
用意
動向
洋犬
同通
無知
何十
線引
整美
送球
手配
読書
飲用
表側
主計
軍事
大形
女児
県立
書類
追想
追走
部品
長遠
切土
公安
宿次
足算
引算
店番
油通
来崎
楽書
半月
兵卒
休場
植字
小数
大小
利下
親分
指図
差図
養生
起草
信知
文部
他言
口上
日時
後場
湯治
包交
方広
老人
列記
香水
金門
加階
順位
流星
印行
有声
頭側
下司
下種
試食
医薬
塩分
候鳥
高速
合手
対手
開始
青春
無口
県側
字間
寺官
寺観
時感
耳管
自館
辞官
休部
多量
分流
無始
無子
無歯
南国
両親
楽屋
機器
代香
長管
本物
加算
戦争
大地
日記
橋台
鏡台
下馬
戦隊
木工
手帳
勇健
乗組
全体
配置
本神
同年
次女
自生
伝写
当用
国道
徒長
決行
自省
米兵
客室
公言
文科
広言
高言
先手
国歌
考量
州都
商業
灯用
海魚
歌話
立木
西下
地法
漁村
正使
転生
楽天
世子
正思
青糸
国花
黒化
笑止
本土
上官
参進
市内
合図
前場
玉子
絵本
建議
多感
広場
旅館
商工
正対
定期
内食
類別
松竹
暗黒
北方
勇戦
君子
正直
水食
日英
行灯
付近
服薬
国王
花屋
旗手
半紙
反古
雨後
見世
古意
文明
北道
医事
医治
意字
器種
期首
機首
記主
起手
起首
方今
身方
口語
起原
治定
早世
県名
法司
計器
熱発
府内
新聞
計機
軽機
軽気
内気
言上
終業
市井
式年
各種
軍隊
転成
同見
農大
量子
強気
工大
黒鉄
何千
工合
家事
打合
改変
絵画
司法
弱気
気弱
半球
勝気
月歩
入車
顔黒
気重
気管
気早
中深
乗気
不様
無様
産業
焼香
少考
消光
立直
社員
草体
帯刀
空中
送配
算当
試金
分省
分章
文相
車両
外部
心身
新線
大界
始語
子午
詩語
転身
別命
地元
転進
赤面
平治
定考
始業
大名
内包
黄緑
楽章
前半
他家
町方
会期
大日
流会
和平
参向
参校
陽気
心理
多雨
両分
取引
会商
小品
共生
全英
方言
老年
家具
国教
木材
進化
次数
声道
面相
広目
交子
光子
公使
好詩
後市
考試
高思
広用
後葉
港市
前代
極楽
勝計
小計
学卒
左折
神通
合一
先方
定時
音量
年官
口約
中隊
中身
家書
歌書
課所
思案
火器
起用
見当
深化
地位
客土
神化
治外
子犬
州間
秋官
反目
酒店
待命
付表
老死
真夏
参考
清楽
広量
同港
画角
賀客
大陸
分周
時新
自心
勝手
谷間
無化
小節
通帳
線路
天上
公館
不知
学院
上空
米紙
曲名
気力
最小
左刀
差等
死生
品物
台頭
相図
全集
回生
消灯
対当
屋上
各紙
様式
無功
無向
無香
自動
全周
全州
全習
半間
屋内
先見
清遊
美音
車庫
自死
課内
他方
動作
館内
気道
内議
海水
本社
元日
好色
皮相
買物
親水
区市
同社
法式
海戦
器具
来集
悪声
音感
白昼
立地
練達
順天
火山
刀利
同数
変字
寺院
表面
時計
見参
代入
理工
都所
変事
本元
油分
成犬
中進
追手
工面
時言
仕法
死法
詩法
今生
他覚
中新
生後
同高
表具
教科
主法
目標
遠海
小包
臣事
農産
葉書
口頭
公立
親信
油化
戦場
反例
中正
不合
船首
正都
空港
主戦
年礼
紙本
細書
公国
夜食
公害
転付
語原
先主
戦守
線種
船手
船種
地図
同好
英字
共用
商法
本心
赤茶
局注
国交
球周
残高
始覚
死角
詩客
投足
同校
漁船
最深
道交
道場
老後
市学
試楽
同工
同香
外照
外省
原住
事大
対生
各地
家人
高三
水位
同意
歌集
法定
足元
今号
根号
校注
弱年
本類
苦寒
試料
大万
町立
転場
北上
主君
詩料
自覚
右辺
園長
指話
詩話
王手
火管
気持
農楽
夏草
港外
香害
用兵
海老
全曲
校外
語感
人神
人臣
深信
深心
遠心
木食
仲冬
柱頭
始生
小父
全道
当主
体外
島主
頭首
記帳
区切
全身
後住
国名
問合
組立
男声
軽量
分所
交利
公理
功利
高利
数式
半魚
不運
光行
功候
向光
好光
港口
考工
高工
黄口
児息
子共
大害
大街
当期
労組
市側
信者
工高
仕度
仕合
正東
青灯
中産
早口
上院
好機
年頭
語頭
電化
初世
初生
所生
長魚
不安
高官
参会
散会
散開
景観
漢気
作付
産品
地米
電荷
母指
他区
文教
母氏
国語
公器
後円
後園
柱角
調音
工期
子葉
指要
紙葉
左方
参仕
散仕
中文
功業
小国
来館
光器
口器
口気
好期
好気
工機
広記
後旗
後記
校旗
香気
開三
開散
公礼
好例
真理
短辺
医院
深海
長者
当方
子院
指印
詩心
中散
昼三
後夜
詩画
体半
代数
使信
使神
使臣
始新
市民
美女
気動
書記
灯器
開館
階乗
達人
名書
明所
好投
長所
同館
王室
学館
同市
大物
木馬
食道
冬季
冬用
両足
当季
当帰
投機
分包
別人
電車
東北
区旗
同上
板金
医員
府試
本省
東側
西岸
体部
当市
半島
米利
内界
府民
野鳥
妹神
大事
相乗
左注
重文
人工
水練
約書
川面
有半
強談
養父
長子
申入
借区
機内
土中
白金
倉口
草高
走向
各表
氷上
無色
後送
市章
紙商
詩章
対空
中台
母語
英町
画面
向学
好学
民主
英米
各数
文鳥
要所
歌曲
信号
後者
大佐
明目
店頭
白人
見合
自体
地平
文調
文長
野菜
流光
何曜
分町
国司
勝馬
合羽
教委
主機
他面
光球
公休
公宮
公給
好球
後宮
高給
北部
和風
人手
立体
飛耳
声名
右玉
下町
声母
時文
次文
多動
主気
酒器
太山
雪山
黄老
他馬
公労
有様
大船
松根
前戦
全船
有色
図上
火木
課目
根気
皮体
日和
無機
公定
参道
正例
局所
転機
陸軍
例年
市松
対顔
全戦
小形
土木
英和
変数
医者
管板
時点
官船
官選
管船
白銀
声楽
目付
英数
公空
高空
成算
無茶
安内
記事
語数
使者
小体
小隊
正人
最集
辞書
児童
牧草
後行
体面
毎語
下底
物体
円照
塩商
口分
西人
多幸
同島
水神
静物
右馬
楽器
白字
生母
上方
産別
地主
天国
他校
多口
器物
角界
社線
車戦
大豆
野辺
英勇
太陽
定番
熱投
所記
清上
西上
追歩
両氏
案定
最速
中門
別館
和人
動労
夕日
返辞
心友
新友
真勇
真友
神遊
清音
年配
反米
分数
安国
立見
主典
青空
字数
馬首
遠景
王臣
交親
公信
功臣
向進
好親
工新
康心
後信
暑気
図中
年調
歌唱
小成
照星
笑声
絵馬
県文
帰寺
校書
競書
漁業
本屋
客語
春雨
地標
受水
由花
身命
申命
神名
神命
小船
大器
大旗
対気
待期
隊旗
水気
大黄
本家
公健
茶人
労力
歌語
英日
空車
健緑
祭式
有塩
全日
長調
当町
東朝
不味
月面
集成
終着
上体
来店
強風
左辺
国楽
部数
用字
神物
調色
外様
用事
音大
単科
刀身
洋字
願力
給田
才子
祭司
動声
動静
同声
洋名
用命
陽明
子安
実音
隊歌
電波
糸冬
急電
主都
酒徒
星人
正動
要事
曲面
直選
乗客
知業
小麦
前歯
色分
漢語
計図
人世
全軍
都開
主流
両軍
完新
寒心
選出
各軍
月光
刷紙
料紙
天地
医科
空無
町家
丁種
米機
各戸
左図
題字
民官
手続
間引
美写
前売
台辞
題辞
字母
上意
定意
前成
言動
台上
大乗
生協
原道
社名
実高
以下
医家
書家
位相
下流
地名
天門
物事
動物
円天
円転
大使
下令
家令
家例
群島
長刀
物品
分子
有事
起辞
外側
起死
京滋
商家
暑夏
城代
管区
計時
金量
死貝
自県
両紙
人肉
海原
世教
西教
大知
対地
体力
力戦
図会
美味
楽長
挙止
平民
名曲
大径
農用
遊水
横議
品種
大計
対景
隊形
各式
女弟
大食
丁年
同点
着付
神曲
役印
自機
名画
帰思
期始
起始
公算
終日
小話
生利
果皮
年賀
悪文
階数
教院
字記
次記
辞気
楽声
画本
管長
女声
商用
先頭
店名
同心
名区
海中
差分
初信
所信
書信
東文
各店
魚貝
府外
兵長
書者
群羊
小乗
省城
代金
長期
文様
国土
残照
始発
打水
下番
人選
清客
生客
大観
立話
近代
光月
祝着
放松
所当
大群
知命
同山
美酒
失行
太極
対唱
隊商
味見
生気
清松
付票
小径
以東
王位
知工
内声
英明
急戦
氷炭
教典
国風
自験
水戦
水線
星旗
清気
西気
刀心
投信
等深
等親
等身
灯数
予算
完調
高声
交声
好晴
好生
後成
香成
字庫
長持
悪貨
国見
指間
止観
歯寒
歯間
紙管
悪果
公庫
答文
今上
極上
最上
地生
同週
大隊
大通
打球
東国
遠出
銀光
月表
固体
共働
本機
古体
語言
車長
木生
照今
文内
家出
死人
正肉
重量
内火
近辺
功験
産科
前兆
前祝
足止
色刷
顔負
書置
門出
切死
黒光
行楽
先送
下書
品切
心木
深入
巣引
底入
立売
玉切
手刷
中休
長鳴
投売
荷受
荷作
旗挙
鼻唱
鼻歌
歯元
船出
前受
孫引
耳打
目皿
焼入
焼打
焼付
湯通
各説
品定
商調
省長
内家
内貨
目配
開落
口調
台所
年商
父神
新米
体量
大漁
苦手
南館
古人
熱帯
塩土
地球
転期
本隊
両家
康楽
急談
生研
両法
外台
詩人
本書
友好
良方
暗夜
関数
線形
重陽
長養
無季
無記
良心
青色
筆書
間借
成分
年周
路面
番付
本局
球場
番人
悪臣
回船
長姉
長詩
道人
筆者
良法
海船
国富
年次
中景
家月
外来
仕送
仲兄
投法
等方
兵村
立国
両相
両省
良相
社歌
当府
風度
本期
本記
衣類
漢風
子宮
船中
中一
不念
文野
聞屋
高察
小量
信実
半字
本末
係数
原文
神社
駅長
荷客
外商
終始
古事
各線
念法
楽曲
天漢
寒流
古字
始球
糸球
西土
天官
大風
気候
死球
事体
全会
鳥声
土建
人集
歌手
内数
記文
細君
思春
自働
組積
道順
初動
青松
定度
返歌
周期
自隊
地体
季候
崎港
帰校
旗公
気光
気功
気口
首長
直談
時数
客気
英才
茶色
海洋
血色
高下
石器
実母
選力
真先
赤気
自助
長目
本紙
実科
食料
番号
夜船
両者
管末
土間
天機
転帰
等速
頭足
下辺
下根
初月
児女
長方
果色
果食
教養
死体
白飯
大兄
化生
町民
課題
画期
軍国
石階
共話
早春
東都
東部
階級
白書
貨利
人前
長文
典事
天字
点耳
門下
上屋
温中
音注
漢才
多客
口底
広庭
後庭
校定
校庭
高弟
黄庭
府会
身体
助員
他犬
他見
多見
好感
死馬
治下
空家
各氏
原頭
国改
国界
司馬
新局
弟子
北都
朝一
右近
歌体
球虫
級中
最寒
祭官
細管
菜館
中品
両湖
回天
海天
花道
木具
気府
黒地
進上
町法
悪口
下体
木芽
同書
気体
仲立
別当
自乗
戦敗
対案
大作
管用
観葉
間葉
親中
天変
文筆
法治
言語
各曲
各極
仕末
春時
南洋
付章
夫唱
富商
利養
開元
小指
味感
初戦
全犬
同量
語録
車体
門中
本四
社頭
前世
島内
道化
機体
行旅
今期
化工
学府
協働
原題
考古
秋水
道徳
不通
良風
下口
加功
火光
火工
元代
州県
秋波
重臣
水電
前部
相好
相合
戸別
住心
重申
重身
大教
特委
光頭
広灯
天開
転会
電器
無地
市道
漢文
熱間
園路
季冬
起頭
作出
歯芽
説相
伝記
同所
内角
不協
日西
英紙
加線
旗章
記章
帰阪
求荷
求貨
球果
球花
言行
新参
風力
気品
結末
東南
身分
貨客
動点
界線
器体
帰台
級化
群間
軍官
軍管
洋貨
陽火
陽貨
養家
連歌
回路
新注
身中
全馬
養犬
家国
大郡
反日
安歩
王朝
長波
変動
省部
親交
同州
半信
岩頭
高唱
小店
声点
小典
小点
消点
焼点
章典
新口
新港
深交
深高
神幸
神行
親好
身光
反清
反神
反臣
続成
当意
等位
頭位
本丁
改建
極東
細大
主位
主意
知才
目次
火灯
花頭
池中
例会
高熱
国父
産前
小六
湯池
本位
谷戸
王代
王台
日間
神理
成魚
白丁
犬声
古京
古教
古鏡
投地
水着
洋食
両村
引首
栄花
後願
春秋
内照
内相
陸橋
冷害
音調
食葉
食養
向岸
実子
全土
鹿場
景石
光線
天灯
満族
地所
手近
点化
当所
頭初
字例
次例
自冷
辞令
点数
文庫
白日
法例
木香
利便
出欠
所司
通身
画分
前文
兵機
黄地
京官
共管
古町
次点
受苦
他者
中耳
台木
満員
中体
柱帯
級間
軍歌
夜光
両立
学食
山道
事典
真青
大局
町会
表化
養老
売上
各町
原歌
原課
高教
用後
列島
軍法
身長
実線
台本
伝力
流木
好打
都下
男物
画用
選対
前列
低高
不二
不時
不治
府事
法弟
国使
黒死
上番
城番
手前
本道
有機
功果
商利
小利
大数
隊数
着花
油入
色白
星章
短生
戦員
大火
不信
活字
漁会
子女
戦法
真丸
新茶
船体
足弱
大味
客年
期定
究理
口悪
黒山
毛深
先高
先安
新選
耳道
地相
節高
横広
魚塩
水雲
赤地
岐路
黒板
産院
新船
同図
宮家
教材
商戦
短刀
面的
緑道
深浅
新約
事後
地点
年高
行事
幸水
小部
機位
所帯
薬局
原器
山馬
産馬
助字
助辞
対加
大役
調理
有人
下意
下衣
歌意
結語
公案
作物
走者
法典
原色
言色
初文
生家
大商
学用
少年
未完
海線
光火
公課
功科
好果
校歌
考課
香火
高歌
所動
地動
日字
子育
先体
船隊
土用
官民
同章
本初
各島
各等
客冬
角灯
火熱
山養
上図
同生
有生
遊星
開議
出典
対化
安手
和漢
同音
和館
下知
国歩
荷物
行末
古典
丁数
歩調
漢方
親字
全隊
前隊
南画
愛車
同園
有期
指数
主点
親類
同曲
同極
米作
満月
気場
原形
不全
画人
次行
先験
標旗
氷期
帰村
工芸
所由
人気
清流
有気
遊機
分国
分部
衣服
期日
校名
全力
低起
木刀
要員
月次
門部
医業
器内
東辺
冷夏
学位
作中
例歌
意行
風切
外車
径間
後語
校語
周間
事前
正北
本作
以西
右表
長兄
天候
道立
年番
有司
有歯
遊子
遊糸
北側
群体
主体
成果
農事
話好
風船
見積
洋画
林木
各点
中金
同表
女人
半休
半弓
阪九
民族
近県
金研
古語
字行
実例
長上
長城
同品
好健
考見
工部
水生
近見
天外
物産
歩道
本行
公道
上人
都合
不漁
印章
外人
世間
用言
求心
後下
産道
線径
連語
教頭
飛香
新語
神語
身後
城関
城館
全長
念頭
法原
民生
名物
大八
重選
都計
地階
法言
温水
口道
香道
最多
大議
多重
炭水
文楽
兵員
勇臣
有神
神界
時差
定役
定約
地界
中火
好意
早発
相聞
農夫
南側
円石
遠赤
学商
局名
口談
地衣
飛語
辺地
様子
公意
好位
校医
高意
線香
走力
最少
正業
西進
前作
中字
同院
青花
火線
完食
寒色
寒食
感色
漁港
口音
世家
井花
正果
正課
正貨
生果
青果
井神
成心
正神
清真
果子
間色
楽員
最勝
前例
早期
不会
民家
機力
汽力
先公
先幸
先考
戦功
先後
短大
令下
会旗
開気
信神
真身
水用
他害
通風
路地
欠画
原子
公社
土手
平調
梨園
林間
家説
歌節
木地
化土
初回
神祭
住民
乗員
友人
英軍
心水
大老
農内
来期
館守
臣人
全例
反語
学級
形体
主語
市利
順転
多羽
月夜
人魚
白柱
本然
本念
屋台
今時
自院
丁銀
同者
道者
熱戦
氷面
油虫
魚類
節名
東岸
様器
用器
要機
養気
季調
旗長
信念
辞典
多回
章魚
台地
法名
洋兵
初歩
対辺
父王
食器
心念
字典
治天
自店
図面
単位
大福
魚屋
食感
南朝
木標
空軍
軍談
親日
成章
清勝
積極
高明
天使
名実
夜色
朝飯
英辞
血管
唱法
心海
新改
神階
申前
神前
新文
争力
各業
共産
原景
小味
根機
村民
音波
各社
汽輪
西門
始線
死線
詩選
相国
開方
開法
寒暑
漢初
工科
必争
歩度
用方
医局
借地
商科
商説
少雪
正説
消雪
章節
遊民
利根
花葉
荷葉
国光
実地
全局
全極
前局
悲願
無中
刀印
当院
東院
何分
漢鏡
宮相
場員
前同
台紙
通所
温感
音管
機械
金糸
主食
神戦
落陽
里数
和室
温帯
希土
教生
近思
大指
題詩
半漁
命日
夜鳥
主力
心線
石径
雪景
待時
打席
朝礼
衣体
衣帯
楽式
共利
教理
勝兵
食肉
字書
次書
自所
対自
文鏡
安宿
加成
火成
花成
下表
遠方
散官
散寒
産官
中卒
調書
投打
度者
文名
来客
高次
体育
代地
登園
道管
道観
内府
未見
小母
実姉
両面
王立
対極
体重
不死
名詩
野牛
矢倉
県東
合理
散定
表語
本業
外客
光明
丁字
発作
本使
差入
左道
差動
茶頭
全席
大極
柱上
分線
勇名
王府
王父
国体
国有
初試
所思
書司
心所
神助
戦形
板画
富民
両刀
両年
和兵
語群
電鉄
土柱
望湖
画数
角氷
下部
原人
初老
見法
秋園
神号
身業
洋書
京風
原点
実成
肉用
無去
無戸
名辞
強意
新板
西語
天池
南曲
息物
外語
対日
茶室
焼印
青葉
式内
赤飯
戦記
国博
合金
図記
病室
問題
遊記
英愛
管底
極所
健香
原理
水火
水花
物量
生花
国公
参法
算法
同語
福音
文民
辺数
別行
母数
緑茶
県央
祭場
刀子
東司
動感
外局
黒松
君主
国命
新来
神来
地産
熱気
門人
意向
標語
両群
下面
果面
完動
官道
間道
港町
両会
両回
両界
両階
形声
紙上
治頭
夕辺
追分
軍使
正葉
正要
正陽
西用
高塩
表文
病原
風景
文芸
衣香
花竹
言笑
口内
口鼻
高鼻
産休
小暑
前夫
町名
定員
店員
門葉
気積
新薬
上代
水声
水成
石油
朝会
王道
各節
失点
勝軍
印刀
引頭
家業
合糸
当区
白米
反意
予選
岩戸
章名
入水
上客
半波
本館
木道
両郡
令正
器械
小水
食材
前軍
分身
右下
名手
老中
各群
各郡
観点
気海
径行
軽功
車名
守成
手中
上生
全町
全鳥
前朝
田字
名酒
明主
社命
週内
正学
同村
波長
真向
両字
両時
両次
意想
海面
画業
好物
古刀
古湯
湖頭
中研
注配
天然
同物
文具
辺上
良時
寒苦
金星
苦楽
軍刀
他局
島都
東徒
内使
南高
文面
王家
黄熱
官寺
寒時
出身
正法
先登
早老
太王
体熱
他発
放声
法世
洋館
洋服
話風
愛想
塩類
点景
名局
和字
下放
加法
家法
季節
中流
来季
光熱
日章
名字
民有
回虫
機材
空室
黒土
死重
主調
美果
鼻下
本命
夜灯
小葉
小用
少用
少陽
照曜
生葉
治山
手形
花火
分校
分行
文光
文工
聞香
両社
外円
軽科
軽荷
軽課
古画
子弟
赤熱
無言
漢法
外洋
金庫
想海
金品
月氷
身辺
女流
単品
電機
平話
有終
緑地
林松
会記
家計
共育
最短
使人
次節
自筆
戦車
想観
相観
天才
風雪
量目
礼服
外伝
季語
金鉄
神米
都連
肉体
日課
別物
客足
挙例
建法
使丁
姉弟
歯底
主用
首要
鉄分
都銀
育英
外灯
原土
終期
節日
単組
中肉
本曲
要用
陽葉
海波
下級
歌題
花台
家電
歯石
死積
矢石
秋季
水人
中世
不争
方便
薬科
海路
花辺
学業
計数
参事
紙面
台帳
農園
博言
上着
園側
火手
火酒
貨主
区道
原料
司教
秋期
秋気
集気
声読
正読
全頭
単子
短詩
議席
原始
正文
丁名
朝名
朝命
鳥名
美校
病後
物界
両車
林工
輪光
輪行
開陽
生薬
軍持
新書
実業
短調
中朝
通期
内底
農村
方位
愛国
親族
時空
全階
全角
代本
特使
連山
軍民
古印
高卒
水景
他科
内記
日清
半音
反感
遊人
火兵
学徒
休題
大発
徳歯
特指
平開
本席
命題
有音
円去
塩湖
遠古
間然
管路
球界
建学
建楽
言文
送料
当番
労金
海佐
開差
階差
会頭
牛肉
空前
欠員
健章
社印
声量
相者
短笛
理事
海光
海口
海港
機上
社隊
住持
上式
成文
代打
朝変
長辺
同類
年中
標高
部材
下顔
花顔
外観
出漁
側管
体高
茶帯
当面
木母
林野
会友
海友
口熱
好熱
司祭
地合
耳具
他用
灯台
当人
頭板
変体
本意
無二
公流
後流
重体
付図
無耳
両店
英詩
開教
各所
京包
月給
原初
大光
対光
茶会
中動
用間
衣料
院外
山菜
順番
順法
上用
多花
昼夜
長広
通年
半人
北洋
立教
両用
王化
家兄
花径
軍都
郡都
結界
住商
重商
選管
東走
東送
博物
美品
不予
夜具
愛社
栄養
原案
親書
線文
中日
皮下
両人
温風
丸薬
功名
詩才
新陽
親用
節刀
伝説
道民
富家
富化
府下
両道
遠人
王女
活力
寒中
管中
後輪
残数
時速
水頭
大公
大便
中形
同課
無塩
強勇
教友
苦節
司書
下道
集水
集落
出色
全文
単刀
変差
母線
詩体
失地
所作
成案
生安
先天
反当
短頭
半面
富実
友愛
観法
祭文
時節
船頭
中位
農試
氷原
和服
他体
他隊
熱量
飛天
薬味
印池
歌業
課業
果菜
歌才
行司
国旗
式典
市電
新形
真景
上表
図形
全店
他利
無名
無料
和語
和食
有無
県作
原曲
光来
後来
古点
作意
車上
終局
食管
食間
信組
単元
肉声
方天
理知
音形
空母
死期
詩書
市上
自主
場外
大度
茶番
同温
両線
右岸
芸香
雲高
海底
火薬
外電
週別
主役
上功
茶器
中気
天光
天工
当代
東地
農薬
星空
本号
満期
有料
楽生
両町
音名
挙国
紙数
始点
神類
世用
他店
当科
東夏
灯下
登花
答歌
豆果
頭花
刀商
当省
東声
特産
同引
道員
必用
不労
不老
本科
名門
気色
記実
急調
級長
強弱
橋柱
橋頭
元始
原糸
原紙
原詩
次戦
全灯
側近
電灯
等辺
本朝
名機
陽画
両世
両生
雨氷
開合
期数
機数
記数
口輪
径路
光輪
主隊
書名
上行
長形
長径
長計
鳥径
名声
両局
列強
急信
球心
橋東
鏡頭
宮司
原発
候人
行路
主談
出院
初名
前庭
灯標
内皮
南天
明文
雨量
海東
開湯
開頭
外角
期成
機声
共学
決号
県歌
県花
原本
市兵
信書
重力
多住
台形
中級
典法
徒労
父兄
本校
良港
礼金
話題
印花
英気
加水
客先
魚口
芸人
国画
始原
字種
実兄
水力
年号
本港
理由
路上
悪習
育児
外交
光体
後隊
黄帯
今次
少水
船内
薬食
勇歩
音間
火金
各面
官主
管主
管守
館主
館種
学究
楽弓
顔面
行内
国庫
細流
残月
酒後
主席
植生
船室
通産
天界
店外
天子
島岸
当願
等差
熱線
農地
望火
毎度
医方
外気
外材
古道
氏名
食味
食気
全回
単意
短衣
代八
重用
朝令
転子
風角
風光
風物
不作
父名
部類
分園
冷感
冷間
委曲
生立
血路
月例
社外
借知
初形
神話
助手
水土
西流
側室
炭山
茶代
同元
道童
熱血
白指
白詩
表相
文研
発心
無上
感度
残酒
車外
主色
酒色
酒食
初球
初級
真物
前菜
全年
速力
通書
月見
定食
肉親
農協
部外
歩速
満園
理数
流央
両三
和洋
各人
各様
学外
芸大
受神
線虫
族子
伝刀
伝灯
伝票
日照
美徳
物貨
名器
毛人
油井
気流
軍医
原典
語気
作者
作分
散兵
子孫
初速
前席
全野
草案
丁香
調光
天体
電極
投炭
入声
発船
悲歌
飛花
病人
力作
化研
科研
学芸
強起
行頭
郡村
細部
散村
種子
小引
省員
所労
正横
単二
知事
中夏
仲夏
柱下
刀法
同種
半弟
表題
副次
文戦
民法
無形
明器
明期
名城
利差
和名
栄光
感想
血島
黒体
菜園
作風
主夫
首府
神国
新令
新例
臣礼
実船
順風
西辺
台日
農場
白梅
不等
満願
両案
外曲
急用
金葉
才女
失歩
深所
清初
神書
自説
赤軍
積書
船外
前者
草頭
送湯
側頭
多極
短長
特典
風調
風鳥
福相
別業
本官
本管
悪人
各書
外板
器機
究極
公金
商船
真空
持節
持説
水文
多種
直球
庭院
低木
天印
度数
熱波
年功
年始
野梅
必勝
美形
不急
末年
陸自
陸路
利点
愛児
雨雪
文身
運命
円通
界面
家用
科落
寒天
観天
起点
血気
光周
高秋
公物
使節
主星
主柱
酒中
重代
正門
他極
低速
底面
定例
鉄板
内地
母星
母体
民事
民青
名産
有理
遊里
理念
和親
円貨
感量
願書
気節
客電
公伝
交友
校友
牛王
牛黄
詩集
終点
新中
実包
上品
水深
他車
短所
天年
東宮
内円
倍音
美点
名阪
関節
外形
街灯
街頭
器材
強度
公室
後室
後列
強取
死物
周産
小皮
新札
信徒
持病
正円
成書
正書
青書
雪面
前言
大弓
庭園
点菜
電流
同案
農都
副流
兵役
法科
本役
本薬
満点
利他
意中
各州
火力
外登
街東
学祭
元利
汽船
局地
今古
近古
高所
黒円
国対
昨夏
市会
死界
首席
新植
実形
実景
星景
正形
船社
船車
大行
低音
日乗
日加
日貨
皮管
表頭
風説
望台
満面
民話
無休
野外
落語
両院
円周
各代
家伝
火田
火電
観者
外用
外葉
学行
機転
公助
公女
好女
工女
高女
産児
司塩
終身
心室
真筆
新兵
親兵
対流
中天
当社
農道
配字
白球
白光
文業
面前
役名
両名
冷所
連休
連投
医大
音速
関白
学都
楽都
機番
極右
金帰
訓点
郡民
血流
県城
公議
交線
公船
好戦
工船
光路
公路
後路
古式
古書
語順
週市
主菜
正客
死力
新春
神族
事主
地種
自種
石炭
先客
前角
孫女
大意
対位
大祭
単線
中医
鉄人
同級
農高
農民
反音
半官
反間
不徳
物化
分会
文会
文界
平面
包衣
法医
法意
法衣
北路
無間
無実
目録
洋才
洋菜
葉菜
養分
来世
両所
両書
料所
良書
悪徳
育種
加害
外感
外管
球体
近浅
金線
月球
公海
口話
最強
残差
失語
子夜
主祭
酒菜
市有
試遊
詩友
小果
松果
松火
松花
消夏
商館
神軍
実印
自発
耳鼻
弱強
水門
世局
正極
全心
体温
多雪
多年
直径
通念
点線
伝心
特急
同前
同名
半径
必見
美文
風人
母機
母船
両天
両点
両様
労苦
和金
員外
英陽
親元
改植
荷室
寒水
画室
元正
岩松
願生
教相
決会
血海
欠点
県長
下戸
元初
原書
後内
祭典
宿命
手動
勝敗
笑売
初入
心受
身受
成覚
城都
戦間
戦旗
戦期
戦気
船旗
全戸
台車
池水
中佐
波上
板面
表皮
法要
母川
無風
門弟
流水
流線
両極
良道
課外
火休
火球
加役
加薬
課役
完徳
気球
急所
協立
魚巣
景品
結石
芸者
原画
交番
湖面
最外
秋天
終電
酒道
省線
初給
書人
所定
新顔
新色
神色
進路
自業
次週
辞表
人品
水和
正立
選点
全天
全点
前転
送風
打感
調定
天王
定休
転末
田園
当店
日連
皮板
標題
文才
平葉
別戸
味覚
無量
名品
明部
友国
両朝
輪身
例祭
冷菜
老女
労連
愛死
足底
暗中
育生
色別
英京
遠洋
屋外
会席
階前
火室
家父
帰命
教本
金銀
群書
元曲
原局
工具
公差
詩節
思想
仕服
周極
終曲
終極
州別
祝辞
主石
酒席
酒石
主薬
商標
正風
新特
神徳
自船
重油
城外
上葉
水温
図録
整式
西式
整数
静中
成丁
正定
西低
切点
争鳴
早明
速結
達用
多点
短言
単耳
題目
代役
茶気
帳台
町代
定式
頭角
特長
半夏
番兵
兵家
兵火
兵科
兵車
兵馬
別器
別定
方国
本課
満室
満天
名馬
木炭
力点
両船
類内
連体
相給
羽毛
円板
回次
海事
海自
害用
学街
気転
究局
弓道
局部
金印
金員
結節
口福
今作
産室
産油
歯式
終駅
州道
集童
手指
主題
初見
真皮
心労
心話
新話
自画
上記
自来
辞林
水緑
図体
村落
単色
中相
直近
定形
電線
童顔
童女
農法
必然
悲母
富友
物類
分院
名医
命世
門歯
遊出
養女
両校
両港
両行
良工
良友
礼節
和声
話声
安位
暗意
暗夫
円頭
遠東
階下
海気
角材
家臣
観想
観相
漢土
関門
画板
金字
牛皮
漁民
軽度
建材
元物
原物
工運
行雲
香雲
黄道
黄白
康福
校服
黄門
最良
残材
司敗
社説
酒量
商号
少佐
初交
初校
新役
神役
次号
時流
清栄
星宿
石材
浅才
側音
足力
体積
男色
茶台
中皮
中葉
同族
度表
白血
美色
風向
風神
風林
風輪
福利
文園
部族
北曲
未然
目代
野岩
夜景
野心
予後
落差
落花
立春
礼法
老兵
話頭
和様
運気
花材
神札
寒松
官話
漢和
外地
楽習
元本
器才
機才
極北
挙人
健兵
行金
好守
光電
香典
校内
好文
行文
高文
谷頭
合科
業火
才媛
最遠
死活
集英
秋景
周天
周転
宿所
食法
所説
真札
新着
次作
受話
順正
事由
自遊
上知
城池
水族
数理
世変
声門
積雪
節点
線外
選外
全形
全景
前景
全室
想夫
争利
足刀
続投
他種
多毛
単板
短波
題名
中社
定温
電信
電動
読点
特例
年歯
土石
念糸
配船
馬群
筆紙
必笑
氷点
美景
風来
不休
服地
富農
部首
本祭
民放
名犬
役料
遊女
遊動
様相
羊毛
予行
立命
良案
老顔
老親
和犬
和式
愛校
悪意
悪事
暗雲
暗室
委中
駅家
雲水
絵様
園主
開明
各週
火石
花石
夏緑
官令
外径
外景
学才
楽才
学説
岩高
顔料
希人
旗人
機速
気息
気速
極大
金板
議事
空調
苦言
軍配
軽車
原級
言議
工役
工種
公所
向暑
好所
好書
公田
公電
後発
国母
根底
号数
昨季
残飯
歯周
宿題
祝典
主港
手工
小差
少差
正真
所見
神験
進見
親筆
自伝
受章
正塩
星学
船積
浅発
前医
前院
早法
相法
走法
足心
単形
短形
短径
単体
代休
地銀
沖天
長毛
直管
直間
低塩
定息
定足
定速
天馬
電位
電工
電神
春宮
等号
投写
当話
答話
特色
特等
同王
同下
同科
道果
道歌
動画
内耳
日給
熱信
年輪
博引
半角
半農
番犬
筆力
表意
標灯
氷島
標本
美白
病期
病巣
病変
風雨
風水
風速
分生
本題
本望
末位
末路
民自
無給
木管
薬名
楽果
落果
料飲
両度
冷気
例言
例題
老公
老前
路外
和牛
愛鳥
青石
暗部
以心
以深
医心
印伝
雨天
運材
運上
遠足
園庭
円筆
円明
園名
王宮
公事
海貨
海角
開角
海図
海雪
海帯
開物
各級
各辺
官業
寒行
器形
球根
宮主
球種
給主
求道
球道
弓馬
急流
給料
教研
極地
金行
魚倉
魚相
空席
具材
軍書
軽品
計理
競輪
欠神
決選
結点
犬種
健筆
言説
験力
校具
香具
公主
好手
工手
校種
行酒
香主
校門
高門
小才
湖底
古面
合道
埼京
祭天
菜刀
菜湯
菜豆
才量
菜料
作願
左岸
作庭
散田
死有
死差
死相
試草
詩想
詩草
社業
写声
車声
終夕
集電
終板
週番
秋冷
主教
主材
首題
出数
省案
商才
章票
書庫
初令
所令
新軍
清軍
親軍
新秋
新集
深秋
神州
次位
自衣
辞意
直伝
寺号
時習
実正
実積
実員
次表
耳標
事変
弱点
受照
上室
地輪
水兵
成員
西英
井数
正数
積水
雪冷
世路
戦国
選書
前古
全相
全草
前走
全品
前葉
草書
速達
側方
速球
対角
体菜
太細
他年
多念
題材
代車
打力
長打
通貨
通天
低位
定説
低利
底流
天金
転線
天面
典例
典礼
電球
電光
等角
投雪
等族
東天
特級
同女
同列
土足
内宮
内積
肉天
入管
入試
年利
敗者
博品
半兄
反動
飛頭
品位
病理
副業
副使
副食
服色
福神
不食
物議
変様
法文
法門
包葉
母校
母種
末筆
満車
未聞
民工
明意
名勝
名松
文底
夜来
有官
有感
有休
遊休
有形
有礼
洋弓
用所
葉中
要録
予兆
来書
陸地
利息
両兵
緑豆
林相
連対
連隊
老健
老臣
愛苦
愛語
愛路
青波
上馬
悪衣
悪字
海人
天社
有体
暗化
案下
行火
暗期
暗号
暗点
委細
石工
石文
医書
入相
院体
右羽
海馬
梅園
温気
雲気
雲級
雲上
栄典
駅商
絵図
園芸
園丁
王公
黄光
横隊
黄体
王母
大酒
悪寒
温健
温菜
開建
改刷
海氷
海表
会名
階名
海流
科挙
各室
各法
風気
家信
歌神
火神
火進
花信
花神
家門
花文
花門
官位
寒雨
官園
管下
観花
感官
間欠
管見
管材
官田
感念
寒木
官名
官命
漢名
外周
害鳥
街路
画会
画界
楽節
学友
画工
画号
画材
画題
願意
岩石
機外
器楽
気位
旗国
帰根
機根
気根
季秋
起重
汽笛
旗門
気門
給金
泣血
級数
求名
球友
級友
休漁
共習
共勝
共住
協住
教組
共電
強電
橋南
教父
教法
橋名
去夏
挙家
曲節
曲池
去声
去世
挙世
去冬
挙動
挙要
金科
金花
金貨
近景
金工
金主
金種
近信
近心
近臣
近親
近習
金力
金緑
議題
漁協
魚群
銀漢
空石
空走
苦計
区隊
君公
群心
群臣
軍神
景教
軽協
軽合
形勝
景勝
軽卒
京兆
計帳
競望
軽油
軽労
毛衣
化身
血清
欠位
結縄
血族
県会
健体
県隊
芸当
芸風
芸名
外題
月休
下熱
下牧
原炭
原電
原麦
元標
原票
言表
原品
原名
香雨
公挙
後席
黄石
広節
後節
考説
高節
高説
交直
好味
香味
黒印
国事
国字
黒雪
黒表
古言
戸長
根管
根菜
合界
合皮
極意
西京
才徳
最特
最民
細民
最落
作期
昨期
産金
算数
材種
材色
材積
材木
残光
残暑
残年
色材
子実
失計
失対
失体
失投
失意
室温
室名
死本
写角
社旗
借名
社号
社章
写場
借景
社伝
社用
車列
社労
州花
週休
週給
集魚
集光
周速
秋分
秋夕
秋陽
集要
終連
宿意
祝意
祝勝
守戸
取集
主事
主治
主辞
種字
出自
主島
手板
酒飯
首標
主病
春寒
春節
春雪
小案
小医
小委
小角
正角
正気
省議
少室
小臣
小身
少心
少進
焼心
小組
消息
小勇
食農
書票
書風
白頭
白首
新円
真円
心黄
新王
進角
信言
心原
神言
真言
参宿
新受
神人
新台
神典
真福
信望
深望
新味
真味
進未
直臣
自共
自強
自食
辞色
耳順
次図
実者
実車
実相
実速
実徳
実害
寺伝
字法
寺法
辞法
弱冷
弱起
重星
重電
重土
重役
受光
受令
受礼
順光
上計
場景
成身
上日
成実
上分
上聞
上歩
城門
縄文
時様
次葉
滋養
自用
自流
神足
水宮
水球
水冷
頭寒
星位
正位
青衣
正員
正院
星雨
晴雨
晴球
正球
正号
静者
晴日
星図
声息
正着
生着
正副
清福
成兵
正兵
西兵
青米
星列
石標
石風
世辞
世相
切歯
説唱
雪松
雪食
節度
説例
戦役
戦果
戦火
選果
選科
先書
線図
先入
選民
戦無
線名
船名
戦友
戦利
先例
船令
全号
前号
前室
全色
前食
前司
前時
全量
早材
草種
早秋
相動
相同
送入
巣板
束生
側行
村会
大守
太主
太守
大典
大輪
隊列
他室
他州
多心
多神
単管
単館
炭管
短観
単願
単球
単級
短弓
短急
短見
単光
単三
単産
単親
短信
単相
単発
大材
打高
打順
置官
地丁
地底
池底
虫具
仲弟
中飛
調号
朝三
朝参
帳票
直長
通音
通言
通谷
通説
低王
弟王
定言
定借
定線
定船
定理
笛音
鉄橋
鉄鏡
天辺
鉄労
典医
天意
天衣
転衣
天板
天人
天孫
天望
電算
電照
電文
答案
当国
等色
当節
投低
東低
東庭
当土
東土
頭皮
当薬
頭薬
灯油
当来
当落
徳相
特大
特電
徳礼
利心
特科
特貨
徳器
特機
特区
同角
童画
同友
土管
土語
内空
内事
内城
内争
内題
南門
肉牛
日王
入光
入市
入店
入刀
入梅
人相
熱意
配所
敗着
敗東
白灯
発語
波動
反共
半言
半側
半足
半速
反足
半麦
坂路
博徒
麦角
板根
番茶
悲運
飛雲
悲泣
飛球
必着
悲鳴
氷衣
表見
標式
表式
平声
標章
表章
標点
票田
氷板
悲話
品行
美飯
病衣
病苦
病根
病相
病体
病名
便船
風信
不活
副章
副成
副生
不言
富国
付節
付説
不着
不敗
分期
分機
平温
平音
兵争
兵丁
返球
変相
変法
辺要
便意
法官
法号
方図
放題
法談
包虫
法服
放楽
法楽
法量
方路
歩様
本毛
望遠
望洋
母公
母港
母名
末章
松科
満会
満漢
満身
満席
満線
満船
満配
未進
未必
名記
民業
民行
民苦
民芸
民宿
民用
民録
無想
無相
無敗
無配
無品
名運
命運
名園
明験
名言
命言
名走
命法
鳴放
名木
命友
面色
毛細
毛湯
木台
聞思
門神
夜雨
薬害
薬材
薬理
約量
薬料
薬量
野望
有印
遊印
遊客
有給
有言
有病
油田
用害
要害
曜変
用木
葉面
養毛
予研
予特
落橋
利害
理外
陸運
利足
立県
流体
流量
良運
両山
両州
両色
緑灯
旅上
輪走
類字
類例
冷温
冷照
冷雪
列和
連銀
連節
連名
労宮
労研
老犬
老研
労工
老残
老心
老身
労農
老農
老馬
労兵
老令
路温
和訓
和才
和刀
和南
和法
話法
愛悪
愛家
愛機
愛欠
愛酒
愛書
愛心
愛神
愛臣
愛息
愛刀
愛徳
愛念
愛別
愛民
愛友
青雲
赤衣
赤手
赤点
秋雲
秋雨
下語
悪運
悪王
悪害
悪月
悪言
悪業
悪才
悪子
悪所
悪書
悪食
悪神
悪水
悪雪
悪相
悪男
悪血
悪虫
悪鳥
悪童
悪道
悪念
悪筆
悪病
悪夫
悪風
悪変
悪法
悪面
悪役
悪友
悪例
上底
悪器
悪計
悪見
悪国
悪根
年魚
安管
安協
暗行
暗空
暗君
暗血
安康
暗光
暗香
暗語
暗主
案書
暗色
暗線
暗帯
案頭
塩梅
塩配
安分
案文
安民
安立
暗流
暗緑
以遠
軍船
育草
育徳
育毛
育友
育林
活魚
意業
医女
位数
医説
以浅
市屋
糸竹
犬面
意念
医博
意馬
意表
以北
意望
今昔
色身
祝酒
院印
印形
院宮
院家
院号
印材
印書
印信
院主
引水
院線
印相
引転
印肉
印面
音物
印文
院門
引力
引例
雨害
雨月
牛車
右室
右社
有心
雨声
羽族
内孫
有徳
雨読
右府
梅林
右葉
右列
雲雨
運開
雲海
雲客
雲角
雲関
雲外
雲月
雲合
雲山
運指
雲手
温州
運数
運炭
雲底
運刀
雲入
雲表
運歩
雲文
雲遊
雲量
雲林
運令
英印
栄運
英学
英式
泳者
英主
英商
英清
英船
英中
英土
英風
栄福
泳法
英法
英民
泳力
役牛
駅号
駅子
駅手
駅数
駅丁
駅頭
役夫
駅夫
役民
駅路
会行
会苦
会下
会元
絵伝
遠位
円外
塩害
円覚
円球
円鏡
円教
塩業
園区
円月
円口
遠交
遠行
円材
園試
園頭
園数
円村
円読
円皮
塩皮
園服
円木
円本
円文
園門
遠来
円輪
園林
園例
老木
黄顔
王業
黄玉
王銀
王軍
黄血
黄犬
王号
王親
王城
王水
黄水
王孫
王族
王治
王庭
王弟
黄梅
王法
王民
王命
王有
横流
王林
王令
横列
黄連
大帯
大束
大業
屋側
屋階
良人
音階
温覚
音学
温顔
音曲
音訓
音群
温血
音工
音高
遠国
温習
音字
温石
温点
音転
女男
温熱
音板
音便
遠流
温冷
改案
会意
階位
海駅
海王
開音
海客
海区
械具
開式
会心
海深
海進
開心
回族
貝玉
改土
開度
改番
界標
回米
海民
海門
海陸
家運
火雲
加音
夏音
下界
各案
角岩
各橋
各号
各色
角食
各村
覚他
角通
各馬
角皮
各筆
角筆
客兵
各役
標札
水手
家作
歌作
風波
下式
家借
歌数
課数
飛白
語種
活水
活画
活人
活神
活量
果徳
科特
門前
果肉
花肉
歌文
家母
歌友
科料
皮切
寒雲
感温
感音
漢音
寒極
漢玉
官軍
漢軍
管群
寒月
観月
官庫
官戸
完実
官女
寒村
漢族
寒竹
漢竹
寒熱
感熱
寒梅
観梅
間氷
官服
官兵
漢兵
観兵
官辺
完母
完満
漢薬
官有
漢来
官立
寒林
害悪
外衣
害意
外運
外役
外王
外画
外銀
外区
街区
外言
外合
外信
外心
外臣
害心
外城
外水
外積
街村
外族
外帯
街談
外底
外典
外転
外熱
外発
外皮
外物
外米
街民
外油
外力
外緑
画院
芽球
楽音
楽学
学参
学室
楽所
楽神
学事
学石
楽想
学治
学知
学店
楽典
学頭
学徳
学半
学風
楽旅
学連
画景
画才
賀春
画商
画色
画帳
画調
学活
学兄
合切
合筆
月令
画筆
賀表
画名
画友
岩塩
岩画
願学
願業
願行
岩種
願主
岩相
顔相
岩体
願人
顔法
元品
願文
岩流
気学
旗軍
気血
期月
起式
帰宿
季春
帰心
帰神
機心
木竹
気笛
木理
帰名
気鳴
器面
客位
客使
客乗
客注
客分
客遊
客来
客貨
求安
急雨
休園
球音
給気
休銀
急言
給原
急坂
宮室
休出
球春
宮女
球速
求知
級地
給地
給知
休店
宮都
急登
給配
休筆
急病
急便
弓兵
急歩
給米
球面
給物
宮門
休薬
挙一
教案
強運
教王
強音
京学
教学
教行
競業
教区
教具
鏡群
教外
教式
教主
共助
協助
教場
橋上
教説
共戦
共線
教線
競速
強族
教体
京中
京内
教内
強馬
強皮
強兵
競歩
橋北
教母
教木
交名
鏡面
教門
共役
局課
局外
曲学
局側
極期
曲芸
局後
極左
極差
局紙
曲種
曲集
極小
極少
曲事
曲順
曲水
局相
曲想
極相
極体
曲直
極年
曲馬
局番
極板
局票
局方
極夜
極洋
極量
曲例
曲礼
曲路
挙軍
去月
去秋
去春
曲管
極官
極光
極功
極高
挙父
近位
近医
金位
金衣
金円
金塩
近海
金管
金牛
近業
金軍
金毛
金欠
金言
近国
近作
金札
金神
金相
近村
今体
近体
公達
金談
金土
金馬
金梅
金波
近聞
金分
金文
金風
近歩
金満
近来
近流
金冷
議運
議言
牛化
牛角
牛群
牛形
牛後
牛種
牛耳
牛刀
牛馬
牛歩
行学
行願
行香
行信
行実
行住
行数
業通
業転
行伝
行服
行力
行礼
玉案
玉衣
玉音
玉花
玉顔
玉山
玉室
玉車
玉成
玉清
玉体
玉代
玉池
玉笛
玉頭
玉歩
玉門
玉葉
玉類
漁具
魚形
魚種
漁色
魚食
魚信
魚数
魚族
魚体
魚鳥
玉器
魚田
漁灯
魚道
魚肉
魚板
魚皮
魚病
漁夫
漁父
魚服
漁法
魚味
魚文
魚油
漁連
漁労
銀位
銀印
銀塩
銀貨
銀器
銀鏡
銀札
銀山
銀糸
銀主
銀地
銀子
銀線
銀台
銀笛
銀頭
銀白
銀歯
銀馬
銀板
銀筆
銀皮
銀票
銀緑
銀輪
空位
空海
空行
空谷
空後
空佐
空山
空相
空心
空自
空城
空説
空文
空包
空望
空名
空理
空陸
空力
空林
空輪
空冷
空老
苦役
苦果
区会
苦海
区活
口決
口業
草屋
苦受
苦参
薬代
区点
口伝
口説
苦肉
苦熱
公方
公役
功力
黒油
黒衣
黒炭
黒鳥
黒星
君学
君国
君臣
君親
訓辞
君側
訓注
君長
君徳
君王
君父
君民
訓民
君命
訓話
具案
共業
具注
求法
軍役
軍王
郡王
軍界
郡会
軍学
群議
軍議
群玉
軍区
郡区
郡家
群軽
軍犬
軍戸
群行
軍功
軍港
軍行
群才
群参
軍産
群山
軍種
郡守
群数
軍争
軍卒
郡代
郡地
郡治
群中
軍中
郡中
群長
軍長
郡長
軍転
群童
郡道
群読
軍馬
軍票
軍夫
軍服
軍命
郡名
軍門
群落
郡立
軍旅
軍令
軍列
軍路
群鹿
景雲
軽音
軽挙
形局
形神
軽打
軽重
景徳
京奈
軽風
景物
軽兵
計面
化外
加行
化主
化城
結願
化鳥
血球
結社
血相
結体
結隊
血中
決特
欠品
血風
欠本
血雨
欠月
結言
欠字
欠番
欠便
欠文
血便
決明
血友
結連
毛見
外連
建軍
健食
建水
間水
健側
県卒
見台
験電
犬肉
犬馬
犬皮
県木
健末
見面
県有
見料
建礼
県令
芸界
芸祭
芸談
芸道
芸林
外京
夏行
外宮
下郡
下血
下国
下足
月界
月産
月商
月色
月食
月神
月夕
月央
月火
月金
月差
月図
月台
月内
月名
月明
月来
月利
月林
月輪
外道
下人
下薬
原意
言意
原塩
言外
原岩
原魚
元号
言者
原水
原図
原石
原体
原隊
原注
原虫
験徳
原肉
原板
原表
原皮
元兵
原末
原味
原毛
原薬
言路
元老
原話
小家
口愛
好悪
公王
好局
香魚
好銀
校訓
高家
向春
口実
向日
好日
工順
後生
公孫
公単
黄肉
公病
幸便
後便
公辺
口辺
好変
後辺
向米
広本
校本
後面
広録
古駅
古音
湖海
戸外
古曲
湖魚
国安
黒暗
国意
国記
国号
国章
国図
国朝
国鳥
国電
国都
黒肉
国年
黒変
国法
黒曜
国利
国老
古訓
古形
固形
湖月
古札
固山
古社
古酒
戸主
古色
古昔
古説
湖川
古相
古茶
古注
国漢
国管
黒球
国金
国訓
古年
古筆
湖辺
古方
古法
古名
古流
古例
根音
今局
根出
根毛
根量
今例
号外
号給
業苦
合谷
合散
合字
合説
号笛
合転
業念
業風
合名
合薬
極印
極月
極暑
極説
極低
極白
極老
語根
後号
語業
牛主
午食
牛頭
語族
語長
語問
語類
語例
言中
近門
最愛
細案
祭衣
西院
才英
才学
西客
祭具
細径
最決
才芸
最左
才差
細作
細材
祭室
祭主
祭酒
菜頭
才人
祭神
細節
細太
才知
細動
細馬
才筆
細筆
祭服
才物
細末
最明
祭礼
左羽
差音
酒家
早切
作印
作音
作手
作種
作食
作事
昨対
作題
作調
昨朝
作土
作人
作変
作毛
作問
作料
作例
作礼
作話
左近
茶梅
左室
左社
差数
左直
刷数
察番
左飛
左表
左府
佐命
左右
茶礼
産育
山雨
山雲
散塩
産機
産銀
参軍
山群
産軍
山月
山茶
山色
散所
産所
山体
散茶
産直
産鉄
産肉
産熱
産年
散文
散木
山民
山流
参礼
残花
残寒
残機
残気
残京
残金
残欠
残菜
残紙
残心
残生
残席
残雪
残地
残柱
残土
残熱
残氷
残品
残部
残物
残便
残兵
残夜
残油
残量
詩意
指帰
色衣
色界
色覚
色感
式楽
色光
色差
色食
色神
式事
式次
式辞
式日
色弱
式順
色相
色帯
式台
色代
式中
色的
色度
色道
色票
式服
式部
式文
式法
色法
色名
色面
式目
式量
色料
司空
司郡
市郡
指月
歯根
糸根
詩酒
市水
止水
試茶
司直
失活
失着
失注
失調
室員
失事
室数
失徳
失名
失約
室礼
失立
失路
指頭
死肉
指板
歯板
死番
始筆
紙筆
試筆
死病
市府
詩風
指北
子母
市門
死門
社運
社屋
借音
借銀
借書
借字
借庭
借馬
借料
社訓
写景
社参
社司
車室
写植
社食
写実
車重
社数
写図
社倉
車速
社日
社人
車馬
車番
写票
社標
車夫
社風
社福
車兵
写法
写本
写野
写友
社友
社有
車力
車輪
試薬
手印
集王
集音
州外
習気
拾玉
州軍
州郡
集群
祝言
集古
終車
周上
週数
集村
周代
集題
周長
周定
終発
終筆
集品
州法
州牧
終牧
州民
秋夜
終夜
終油
秋林
主音
主家
酒化
酒害
首級
主局
宿悪
宿院
宿雨
宿運
宿王
宿外
宿学
宿願
宿業
宿神
宿世
宿村
祝電
宿徳
宿道
宿内
宿年
祝文
宿便
宿母
宿望
宿民
宿曜
宿料
宿老
手具
主群
手芸
守国
主根
手根
種根
主室
主神
守心
酒心
酒神
主日
種数
酒数
主節
種族
主知
酒池
宿根
出車
出巣
出息
出音
出銀
出母
出門
出用
手低
種内
酒肉
種皮
主筆
手筆
主品
酒品
首服
主部
首部
主文
守文
主兵
守兵
手兵
酒母
主木
主馬
主夜
酒友
守礼
酒連
首連
手録
春温
春化
春歌
春画
春景
春月
春光
春色
春昼
春天
春分
春望
春本
春遊
春陽
春話
勝運
商運
消音
勝共
小工
照空
焼結
笑芸
生国
商材
少実
松実
勝他
勝着
小弟
少弟
小伝
商道
商農
小農
消波
省筆
正物
小変
省別
焼木
章末
小満
章目
勝楽
商陸
商流
小流
正流
少類
生類
商連
書屋
書画
所外
書外
書学
所願
食医
食育
食栄
食原
食積
植食
食人
食神
植相
食草
食台
食治
食鳥
食通
植福
食服
植列
所求
所化
書芸
所言
初語
書語
初号
初刷
書札
所産
食貨
食客
初伝
初電
所伝
書伝
初度
初読
暑熱
初発
書板
初筆
書筆
書美
初便
所部
書目
初夜
所役
書流
書林
初列
白雲
白玉
白面
調役
歯列
白油
白皮
白炭
白点
深愛
真愛
信印
新院
真印
進運
新駅
深温
新客
神牛
親魚
新銀
神君
心血
心月
新月
神式
真数
新読
真読
身肉
信女
身熱
新馬
深発
深部
新風
真風
清兵
親米
神別
親北
清末
新民
臣民
親明
心無
神馬
心目
進物
神問
神文
神門
親油
信力
深流
神鹿
寺運
時運
次駅
地黄
時王
直電
食香
直参
直説
直孫
直弟
直門
次客
時局
自局
字訓
自軍
寺家
耳根
自今
自根
時人
時短
地玉
字中
寺中
次注
自注
実機
実教
実根
実参
実説
実竹
実悪
実意
実有
実学
実語
実事
実字
実辞
実打
実大
実伝
実年
実念
実売
実部
実妹
実名
実量
実録
実話
自読
地熱
時風
事物
持明
耳目
地物
次問
自門
弱声
弱卒
弱肉
弱風
弱兵
弱形
弱行
弱国
持薬
受育
住院
住屋
住家
重科
住管
重感
重金
重軽
住血
重言
重根
重種
重水
重積
重調
住都
重農
重病
重列
受感
受器
入内
受田
受働
受動
受肉
受熱
受法
入木
順孫
順達
順流
順列
順路
上音
乗具
上宮
上古
定業
上首
城主
上声
上星
城地
上長
上通
城南
上白
上兵
城兵
城北
上米
定命
上命
城名
上列
女花
女給
女訓
女軍
助業
助祭
助材
女色
女孫
助炭
女短
女徳
女筆
女服
女兵
自落
次列
人海
人牛
人血
人言
人才
人車
神水
人天
人頭
人徳
神便
人本
人毛
人流
水運
水界
水協
水曲
水金
水牛
水銀
水軍
水研
出挙
水字
水石
水速
水治
水天
水都
水徳
水特
水波
水馬
水飛
水筆
水明
水楽
水陸
水輪
数行
数唱
数町
数表
数目
数列
末葉
初願
数息
図案
図学
図根
図色
図帳
図典
頭熱
頭風
図名
星雲
西学
静学
成牛
青玉
正銀
正訓
青訓
清月
生谷
青黒
星主
清酒
青秋
世出
正出
成女
青女
正切
西説
正続
清談
清茶
正丁
正伝
清熱
青白
西半
正番
星表
青氷
青票
声望
井目
星夜
静夜
西旅
成林
星林
青林
積悪
石印
積羽
席運
積雲
赤雲
石英
石化
赤海
席画
石画
赤球
赤県
潟湖
赤黄
積差
席主
赤心
席次
昔時
席順
石人
積送
席題
石地
石竹
石中
石柱
積徳
積土
昔年
積年
石馬
席番
石板
石筆
石兵
赤変
赤方
席末
石門
世鏡
赤緑
石林
石列
積和
世才
世事
世上
世数
世説
節会
石火
雪花
節季
石球
赤血
赤黒
節車
切所
節所
節足
雪中
雪柱
節調
雪白
節筆
雪氷
雪風
節球
雪原
雪後
雪上
雪庭
雪皮
説文
雪夜
節要
節理
雪里
雪量
世道
世福
選悪
戦意
船位
船医
戦雲
船運
先王
先回
浅海
先覚
線画
先学
浅学
船級
戦局
選局
先君
戦訓
先軍
先号
浅春
先節
先徳
船特
先度
先便
先負
線分
先夫
先富
船夫
先兵
線毛
戦野
先約
選薬
戦理
線輪
戦列
船列
全円
全音
全顔
前岸
全球
全級
前急
全協
全銀
前訓
全血
全山
全書
全食
全数
全図
前図
全中
前注
全伝
全波
前便
前表
全府
全兵
全民
前名
全問
前問
前門
前約
前連
前路
全労
草愛
相悪
草画
早強
草魚
相銀
走順
倉卒
草炭
送炭
相鉄
相人
想念
早年
相念
送念
送筆
相分
草本
送油
争友
巣落
相輪
草林
相和
側芽
足芽
速算
側手
足食
息女
側対
束帯
側注
側道
息男
足熱
側板
側筆
速筆
側副
側辺
足歩
側薬
足浴
足労
側根
足根
卒死
卒隊
卒意
卒研
卒前
卒単
衣物
村医
孫色
村寺
村数
村童
村道
村法
村名
村有
村立
族長
続命
族名
族葉
続録
続開
大運
対英
対間
大願
帯下
対月
体言
対合
帯水
大全
太多
対他
太達
対南
台農
大白
太白
隊服
対物
大望
対満
対明
体毛
帯文
大勇
大令
大礼
大練
大録
多給
他群
他軍
他形
他計
多形
多景
竹馬
竹炭
多血
多語
他作
多産
他山
多色
他日
他船
多線
多選
多側
他族
立毛
多調
達見
達意
達文
多肉
多売
他筆
他品
他風
他物
他辺
多辺
多歩
他本
他力
他流
足玉
多連
単横
短角
単協
単極
単月
炭庫
短才
単材
炭材
単式
単車
炭車
単勝
短章
単字
短日
炭住
単数
短息
短足
炭柱
短柱
炭田
単票
反別
短兵
単包
単味
短命
単面
単毛
短毛
単葉
単利
単立
単量
炭量
単列
単路
題意
台板
代印
台印
大印
大院
大雲
大円
大遠
台下
大果
大覚
題画
題言
題号
台皿
代走
大伝
大徳
大熱
代配
大悲
代品
代返
大北
打通
打低
打法
打面
男王
男工
男身
男孫
談理
知育
地運
地役
地温
地協
竹園
竹材
竹紙
竹頭
竹皮
竹筆
竹木
竹門
竹葉
治者
知者
置酒
地集
知州
治所
地積
知足
竹管
竹根
地鉄
知徳
知日
地番
治病
地府
知府
地文
知分
地変
知米
地歩
池北
地母
池面
地目
茶園
茶金
着外
着差
着車
着数
着底
着点
着肉
着発
着氷
茶家
茶芸
茶書
茶商
茶席
茶説
茶通
茶庭
茶法
茶味
茶名
茶量
茶類
中印
中有
中英
中温
注音
中外
虫害
中観
中業
中銀
仲語
柱式
中種
中秋
仲秋
仲春
中書
中水
柱石
沖積
中線
中農
中波
中府
仲父
中北
注本
中馬
柱面
中薬
注薬
中量
柱列
中老
知勇
知友
長衣
鳥雲
長円
調活
帳外
町外
鳥害
長弓
長近
長君
長元
長祭
長日
調速
長足
長柱
帳面
長頭
町道
丁半
長風
朝米
町木
朝夜
朝野
町有
町連
直員
直音
直産
直受
直生
直積
直投
直登
直働
直配
直方
直毛
直用
直利
直列
直路
直協
直根
治要
地類
地連
追感
追行
追号
追白
追福
通意
通運
通役
通級
通議
通研
通日
通数
通線
通船
通直
通道
通板
通票
通便
土神
底角
底岩
庭訓
低空
定係
弟兄
定見
低語
定差
低山
丁者
定積
庭前
低部
底部
定分
定文
底辺
定本
底本
鉄管
鉄球
鉄血
鉄札
鉄手
鉄相
鉄心
鉄石
鉄地
鉄柱
鉄刀
鉄筆
鉄絵
鉄塩
鉄丸
鉄魚
鉄材
鉄山
鉄水
鉄底
鉄部
鉄北
鉄木
鉄門
鉄量
鉄輪
鉄類
鉄路
天運
天円
転園
転遠
転音
点画
典楽
天楽
天顔
天宮
天球
天極
天空
天軍
天庫
転語
転合
天産
典式
典書
天助
天水
点水
転図
転折
転想
転相
点茶
天中
天柱
点注
転注
天徳
天耳
天女
点鼻
天物
店別
天味
天目
典薬
点薬
天来
点立
天輪
点列
天路
天鹿
伝衣
伝音
電界
電関
電画
伝共
伝教
電業
電空
伝建
伝研
電験
伝国
田根
伝産
電産
電材
伝書
電植
電食
電弱
田数
伝声
田積
電束
伝単
電着
電点
田土
伝熱
電熱
田皮
田夫
田面
田令
電量
伝令
電令
当駅
等温
頭音
当館
東観
冬芽
東学
等覚
東去
灯具
当家
当犬
登研
当月
当色
等式
当宿
冬春
灯心
当住
当席
等積
冬虫
頭中
頭注
頭肉
登熱
東博
等倍
刀筆
灯明
頭毛
湯問
答問
当流
投力
刀礼
東連
答練
当路
登路
都管
都外
徳育
特飲
特運
特管
特学
徳才
特所
特上
徳神
特石
特地
特番
特病
特風
徳分
徳望
特命
徳目
特用
特養
特浴
特利
特労
特老
土軍
徒手
特会
徳行
特交
特高
徒弟
都電
徒博
都門
動愛
同愛
同金
同玉
同君
同訓
道君
同宮
同根
同号
同言
同式
同節
同側
同卒
同着
動電
動熱
同博
同飛
同筆
道服
同母
動毛
同門
同役
同薬
童遊
道友
道用
道力
動輪
同令
土運
土音
土休
土功
土工
土祝
度生
土人
土倉
土対
土長
読会
土馬
土法
土民
土量
度量
土類
内意
内院
内運
内温
内局
内区
内君
内径
内言
内湖
内合
内室
内周
内水
内台
内帯
内鉄
内典
内伝
内発
内反
内薬
内話
名代
奈女
南院
南園
南学
南岸
男官
南湖
南三
南人
男人
南庭
南辺
南流
苦茶
肉愛
肉界
肉芽
肉球
肉交
肉根
肉代
肉池
肉柱
肉筆
肉林
肉類
日軍
日語
日食
日人
日満
日量
日輪
日録
日歯
日周
日神
日直
日配
入気
入客
入級
入玉
入祭
入神
入息
入夫
女根
女肉
熱化
熱火
熱球
熱暑
熱水
熱地
熱低
熱鉄
熱風
熱塩
熱月
熱電
熱度
熱動
熱板
熱面
熱流
熱力
年運
念覚
年休
年級
年給
年欠
念写
念親
念者
念力
農育
農会
農牛
農具
農研
農芸
農戸
農功
農書
農住
農神
農電
農馬
農兵
農本
農牧
野馬
農料
野草
配位
配意
配員
敗運
配球
敗局
敗軍
敗血
配光
配向
敗残
敗色
敗西
配席
敗兵
博愛
白雨
白顔
白軍
白線
白道
白肉
白麦
白板
白票
白兵
白明
博約
白羊
白鹿
白話
波束
博古
発赤
発引
発駅
発頭
発地
発馬
発毛
波面
波力
半開
反回
半金
半玉
反軍
半芸
半国
半作
反三
飯頭
半切
反切
阪奈
半肉
半白
半風
半平
半歩
飯米
反満
半民
半文
半夜
半役
半遊
半里
反立
半両
半量
飯量
半輪
半労
阪和
売位
倍角
売官
買官
貝器
買魚
売血
梅月
売国
売茶
買参
売山
貝子
貝種
買首
売笑
売色
倍数
売船
売炭
倍大
売電
買電
梅肉
売品
売文
倍満
売名
貝母
売薬
買油
貝葉
馬牛
麦雨
麦芽
麦器
博才
博労
馬借
馬耳
馬正
馬前
馬足
馬速
馬体
馬着
末家
末学
馬丁
馬頭
馬肉
馬皮
馬夫
馬名
馬料
番菜
番線
番卒
番太
番役
悲引
飛駅
悲曲
飛空
飛札
悲秋
悲色
飛信
皮節
飛節
筆下
筆管
筆才
必食
筆生
必戦
筆戦
筆線
筆体
必達
必中
筆調
筆法
筆意
羊肉
筆順
必定
必伝
筆道
筆木
筆名
筆路
悲田
飛電
皮内
悲風
皮毛
飛毛
冷酒
氷温
表音
氷海
表外
氷球
兵具
標号
表号
表札
表材
氷山
氷食
表色
氷心
氷人
標石
氷雪
標治
表徳
氷土
表土
表内
氷風
標木
表末
標目
氷野
表流
品温
品流
美育
美顔
美挙
美犬
美言
鼻根
美神
美身
鼻心
美事
美辞
美城
美水
美石
美想
美大
美田
美童
鼻道
美肉
美風
美服
美物
美名
白散
白法
白緑
病家
病牛
病魚
秒札
病者
病身
秒時
病前
病側
秒速
病鳥
病熱
病馬
病夫
病父
病母
病例
便数
便追
便名
不育
不一
府印
父音
風位
風害
風教
風橋
風月
夫子
風色
風声
風前
風体
風笛
風熱
風刀
風量
風話
不学
府学
不挙
付曲
負極
不空
福運
副王
福家
副階
副鏡
副菜
副室
福者
副守
副手
副書
副体
副談
福茶
副都
福徳
副番
副文
福分
福北
副木
府郡
府庫
不語
富者
不出
夫食
不受
不住
負数
副官
不対
不伝
不入
不売
不買
阜部
不文
負名
不問
不立
富力
分給
分速
分秒
部案
部室
物交
物力
部兵
部別
部末
部面
部練
文案
文運
分画
文外
分局
分極
文金
分木
分区
文群
分根
分室
分社
文種
文人
分相
文草
分店
分点
文典
分島
分灯
文頭
分度
文物
分服
分福
文福
分米
分力
文例
文礼
文話
兵運
平角
兵学
平元
平曲
平作
兵種
兵書
兵食
平信
平進
平水
兵数
兵戦
兵船
平頭
兵内
平熱
兵農
平波
兵変
変愛
変温
変音
変局
変曲
辺区
辺郡
返札
辺材
変種
返書
変電
返電
辺土
変年
反鼻
変物
変分
変量
米案
米塩
米語
米材
米式
米商
米西
米道
米日
米飯
米名
別国
別室
別種
別章
別心
別体
別置
別丁
別帳
別調
別品
別愛
別案
別後
別語
別号
別線
別大
別伝
別電
別便
別路
便衣
便中
便柱
便通
便服
便法
便量
米銀
方音
法音
法海
方金
法空
法具
放血
法主
放線
法線
法孫
法灯
法内
包皮
方筆
放物
方木
包米
方民
法力
法輪
放列
北院
北音
北画
北岸
北七
北守
北雪
北走
北足
北低
北庭
北天
北転
北馬
北府
北辺
歩軍
歩車
歩卒
北帰
法橋
北家
北湖
北行
本案
本円
本願
本給
本起
本宮
本種
本地
本図
本草
本治
本病
本品
本府
本面
本様
本令
本例
本話
望海
望気
望春
母貝
母岩
木牛
牧牛
牧者
木主
牧神
牧人
木石
牧笛
牧童
牧農
牧馬
牧夫
牧父
牧民
牧羊
母原
母材
母神
母巣
歩荷
牧歌
木強
母店
母徳
母父
母法
毎期
毎戸
毎号
毎食
毎時
毎次
毎代
妹弟
毎筆
毎葉
末客
末社
末世
末節
末孫
末法
末音
末残
末寺
末女
末代
末部
末文
末流
馬店
馬歩
満業
満作
満山
満城
満場
満人
満台
満地
満票
満目
満門
未決
未産
未戦
未着
未読
緑葉
未配
未病
明行
明後
名号
明春
命終
明星
明清
明頭
明年
明法
名聞
明門
明夜
名利
民屋
民画
明楽
民具
明軍
民戸
明式
民商
民心
民選
明笛
民鉄
民都
民度
民反
明服
民福
民兵
民望
民本
明末
民利
民立
民力
無王
無業
無血
無月
無才
無三
無産
無室
無終
無宿
無住
無水
無足
無代
無題
無底
無天
無電
無熱
無標
無氷
無病
無辺
無勉
無味
無明
無毛
無問
無文
無門
無類
名印
鳴管
明鏡
名玉
明玉
名君
明君
明決
名月
名語
名材
命式
名車
名宿
明色
名神
名臣
名数
命数
名節
明線
名族
明帯
明達
名鳥
鳴鳥
名笛
名刀
名湯
名答
名筆
名望
名薬
明要
名流
名老
面感
面外
面向
面材
面心
面朝
面部
毛管
毛芽
毛根
毛帯
毛筆
毛包
毛母
毛様
毛量
木階
木金
木魚
木業
木玉
木人
目節
木船
木中
木鉄
目読
木日
木皮
木部
目名
木毛
木門
木活
木球
木橋
目今
物相
門院
門客
門札
門主
門数
門地
門灯
門頭
門道
問話
門内
門番
門標
聞法
門末
問名
問目
門流
聞老
夜会
野客
夜学
夜曲
薬医
薬園
薬王
約音
薬群
薬札
薬室
薬種
薬酒
薬商
薬水
約数
役席
薬石
薬大
薬茶
薬中
薬帳
役分
役変
薬包
薬方
役満
薬用
薬力
薬礼
野群
野乗
野人
夜前
夜想
夜走
谷地
夜直
役金
夜天
野店
野白
野夫
夜分
遊金
遊君
遊具
友軍
右軍
遊軍
遊芸
有産
勇者
有取
有実
有相
遊走
勇卒
遊直
遊底
勇徳
有熱
遊農
有配
右筆
有標
有夫
右文
有毛
夕練
油管
雪虫
遊山
油種
油水
油送
油単
油灯
油土
油母
油面
油浴
油料
油量
油冷
陽運
葉温
用械
洋客
養牛
養魚
洋銀
羊群
要決
陽月
陽根
洋算
洋室
洋種
洋酒
陽守
要集
陽春
葉身
養親
葉重
陽数
要図
要説
養竹
洋刀
洋灯
羊頭
陽徳
陽動
葉肉
洋白
羊皮
用筆
葉部
陽物
洋本
養母
要目
葉油
葉理
要理
葉緑
要路
陽和
浴後
浴女
浴湯
浴用
予章
予対
浴客
予表
来意
来街
来京
来県
来光
来行
来札
礼紙
来室
来省
来信
来席
来船
来電
来服
来由
落英
落書
落月
楽酒
落首
楽食
落日
楽受
落重
落水
落想
落速
落体
落丁
楽土
落梅
落木
楽友
楽遊
落輪
落去
力役
力感
力気
力積
力投
陸羽
陸王
陸化
陸風
陸側
陸岸
陸空
陸佐
陸産
陸式
陸相
陸水
陸戦
陸鳥
陸田
陸土
陸標
陸兵
陸面
里家
里合
利生
利雪
里選
利達
立秋
立成
立冬
立刀
立位
立牛
立面
立礼
里道
利米
流雲
流音
流感
流管
流血
流言
流心
流身
流説
流速
流読
流馬
流氷
流風
立米
流民
流理
流路
良医
両王
両音
良弓
両牛
両区
両君
両宮
令外
両語
両種
漁種
良種
両宿
両重
両女
両城
両水
量水
両図
良席
両説
両全
両隊
良田
良図
両夫
両府
両部
令法
両便
良母
良木
良民
良夜
両役
良薬
両流
両輪
旅銀
緑衣
緑黄
緑玉
緑黒
緑酒
緑書
緑心
緑住
緑水
緑石
力争
緑草
緑竹
緑柱
緑土
緑風
緑便
緑門
緑野
緑遊
緑林
旅社
旅宿
旅次
旅中
緑旗
旅遊
利楽
理力
理路
輪王
林外
林学
輪形
林研
林下
林材
林試
林住
輪住
輪数
輪生
輪台
林中
林長
輪灯
輪番
林分
輪面
林力
類音
類歌
類火
類曲
類書
類人
類数
類題
類地
類典
類同
類品
類本
類目
類話
流記
冷暗
礼意
冷雨
冷覚
礼楽
礼教
令兄
冷結
冷血
冷研
例月
令姉
例式
礼式
礼者
令色
冷食
例日
令息
令孫
冷帯
冷池
冷茶
令弟
令典
冷点
礼典
礼電
冷肉
冷熱
冷風
令妹
令名
礼物
例話
列火
列国
列世
列星
列石
列柱
列福
列王
列外
列機
列語
列女
列数
列線
列代
列長
列伝
列番
列名
連印
連運
連音
練気
連京
連曲
連区
連言
連声
連成
連星
連生
練炭
練鉄
連売
連番
練兵
連夜
連理
労委
老医
労運
労役
老王
労改
老害
老学
労協
労銀
老兄
老計
労作
老手
老酒
老弱
老生
労戦
老太
老体
老台
老弟
老男
老梅
老板
老病
労福
老福
老物
老母
老友
路銀
緑青
録事
鹿鳴
録話
路車
路次
路村
路頭
路辺
路用
和学
和鏡
和議
和軍
話芸
和言
和光
和産
和算
話材
和種
和習
和書
話順
和炭
和鉄
和方
和本
話末
和約
和薬
話例
秋色
位田
入船
英兵
音標
回流
民部
各位
各委
客衣
角上
花月
活路
外教
外字
外耳
局印
議連
景表
化地
公取
国選
古老
算国
市銀
主参
小円
小知
生知
消流
実記
児頭
上作
正戦
晴天
中音
追送
天南
当村
当体
土道
入川
敗死
番長
府議
分館
文官
文間
便池
本知
屋戸
要道
利運
流雪
両辺
連年
老頭
路標
会者
官金
賀正
楽府
元三
汽水
金的
金湯
区章
黒緑
見地
香合
工品
古楽
語調
山参
散人
周初
初学
心音
新発
自労
人界
席代
大流
地気
東関
同文
内官
内関
日出
熱的
敗荷
博聞
白文
兵衣
別法
民意
明界
薬研
要部
理大
理分
緑光
列氏
以南
印本
雨温
花林
花梨
客側
給特
好望
古伝
小電
生者
住工
重光
星天
正典
戦用
側転
内景
飯台
不例
府令
負例
物上
部名
別火
別課
別席
末書
無体
用人
家訓
間八
外事
画道
建置
県治
間知
国典
黒点
語字
書作
新館
新図
神徒
神都
神童
臣道
実調
実長
弱電
成虫
正道
長流
人夫
半知
用作
王佐
音表
各日
家君
銀波
県魚
勝地
正中
他世
多声
地本
地労
人別
標線
風冷
本代
洋楽
輪部
和戦
和船
開目
客月
画図
局員
原病
合子
食指
心法
真法
神法
水月
声風
整風
清風
定体
当年
日来
入出
不利
満語
力動
練功
漢人
印画
雲中
観心
完人
季夏
岐下
帰家
起貨
計表
司牧
州内
消極
食思
心材
女体
庭球
徒読
日運
筆画
票差
府連
別字
別耳
別辞
北朝
無動
類語
覚者
火夫
街西
正作
地頭
走馬
大決
同城
明点
野音
令書
意力
外生
黒線
郡部
原母
社協
人治
多生
単打
通人
電発
等活
東伝
年別
法花
理国
苦界
後夫
頭光
図様
積数
世人
内洋
法話
外院
気水
工兵
黒旗
出行
図画
当山
南家
農工
方外
本市
夜戦
矢線
野戦
楽理
国力
商事
新説
新雪
真説
臣節
人外
図工
前科
体大
中力
都区
同歩
日内
北子
油類
用金
会内
学人
楽人
高二
習字
週次
唱門
小問
松門
照門
相門
神観
池心
治心
知心
知新
兵式
別集
本流
開村
苦土
県地
小局
小曲
省局
神品
静大
長物
童心
配下
本工
礼器
英貨
英図
行管
行観
車高
等黄
冬上
登上
分都
平残
空地
安山
院本
器差
機差
強国
起連
卒後
天朝
天長
東望
日台
別科
満都
希書
帰所
期初
県農
公民
高民
黒縄
庫平
試案
水試
清苦
灯列
同信
道心
平生
陽声
陽生
光束
光速
高足
細雨
信管
心間
深管
神感
人知
地学
風通
話速
会日
漢代
管台
管頭
間投
関頭
希求
強心
研北
主船
守戦
治部
線区
治国
道都
美林
悪戦
火車
貨車
画中
共進
競進
古学
少府
省府
新香
倉庫
単年
庭上
文事
文辞
科類
橋両
戸口
試練
水流
土科
遊楽
連産
官界
官階
完形
管形
管径
画集
芸文
酒名
神変
星室
正室
静室
青天
他省
内功
外売
小字
光風
向風
校風
高風
声字
小辞
新案
親英
深度
事相
自相
知歯
内行
波戸
波止
算木
女医
話録
暑中
自家
上気
日工
日港
病害
学兵
古希
古期
古記
国守
国手
国酒
真作
人面
全家
前課
大進
他章
多勝
多照
多笑
同色
倍化
貝貨
本院
話線
学農
区有
初中
初年
重連
長古
府市
法事
面内
駅館
大元
強民
心土
身土
進度
料地
良知
外界
才器
才気
祭器
氏族
使命
心行
上部
全校
調本
天命
法時
民活
良地
空都
歯面
肉感
無節
愛犬
言分
下名
家名
果名
科名
花名
花明
課名
図絵
点者
頭内
同左
栄位
海上
各月
機業
読後
日観
門徒
外市
外紙
街市
死中
詩注
乗機
日行
悪路
小二
覚書
外貨
行歩
光力
公力
真相
席料
関料
節末
都立
民集
印紙
加点
声中
対語
積立
不整
名庭
明定
強食
香菜
山相
心想
新相
神想
神草
進相
声部
全知
別事
歩数
無位
無医
洋学
院司
院試
各期
覚起
高調
室料
食事
前談
前置
知人
当千
同隊
内楽
文思
文詩
公知
正金
新法
節内
全功
前功
定点
動径
同径
方円
横指
黄紙
帰線
機先
県南
健民
公地
向地
工地
校地
司命
死命
紙名
生金
地給
人地
戦機
前向
単文
茶紙
気温
算命
主業
定者
大理
林区
期央
色調
小名
唱名
反徒
梅花
本郡
空戦
年差
本場
名香
明光
毛司
相加
走化
刀山
当船
灯船
年画
名店
悪漢
円成
交点
光点
好天
後転
高点
語法
社共
習作
通夜
全高
相等
外聞
金法
軽国
県土
国共
小児
当事
当寺
負号
里正
青草
係官
寒波
西線
商会
生草
西走
短打
中度
本金
古城
湖上
商界
照海
南都
上目
区外
化道
初会
心体
神体
人身
水路
定給
等電
予科
黄衣
正西
青成
静清
付注
海生
頭字
湖水
席数
等時
答辞
秋思
持平
石刀
赤灯
動学
門生
円上
港内
湖心
下側
初地
書字
成語
両島
両頭
風池
本真
花芸
寒害
管外
関外
館外
庫司
原流
正米
実理
丁目
本員
集線
鉄工
両文
位記
後出
鳥人
選者
全季
前季
前旗
青地
海成
開成
学理
外記
左記
上頭
城頭
調器
長気
道家
不戦
野選
都長
画線
外光
外向
外港
画科
古時
茶飯
人法
害虫
商時
田都
遊漁
夏下
花下
竹工
要冷
連火
温色
温食
半身
印中
員中
開府
各市
寒帯
定日
各館
画間
軍部
左院
声聞
世知
他大
東名
曲間
古馬
大機
有時
成等
不登
本鏡
開都
他感
多管
知見
南船
日外
変声
位階
医界
学法
古米
使側
戦区
地建
治験
置県
見本
果園
月前
親王
成木
熱病
悪徒
不発
洋医
海村
海台
開大
開題
気運
商相
小照
少小
南路
文理
法家
法貨
新品
中数
行間
正見
学童
両京
欠指
欠歯
決死
台子
勝局
中次
仲次
分体
放生
法城
工法
焼土
照度
生卒
内国
下列
実定
実弟
説話
着駅
反旗
駅中
円満
車館
神算
清話
店長
同和
友交
有功
有向
自縄
半季
半旗
米人
洋語
根皮
新車
側線
方土
駅前
各家
博文
会古
声区
積寒
雪寒
船数
動線
同線
帰庫
原油
星間
先知
戦地
選地
長音
低水
刀工
当校
投光
投高
東幸
東校
東行
灯光
登高
豆富
明度
線内
島列
全機
原法
等高
表紙
米果
米貨
原付
買気
外包
軽種
建機
少子
日文
海国
学同
毛糸
家司
最右
社地
商管
小官
小寒
消間
商都
走路
伝路
電路
分量
要式
黄灯
相通
大勝
取消
同橋
品類
各港
京地
全学
大病
同都
敗南
馬飲
両地
両目
実戦
数的
童話
屋体
兄姉
当行
湯守
立市
医原
月柱
社前
夕照
石勝
積小
船客
水行
水光
水工
道話
馬子
理科
合力
茶葉
副題
悪世
天主
天守
天種
美観
高一
治人
電柱
都察
兵談
洋風
事上
地神
物音
会院
海員
起電
新古
東日
油紙
固成
湖西
姉兄
死計
詩形
使徒
司徒
市都
死都
相府
信行
知母
美感
急使
給糸
行気
小子
小紙
小詩
少死
省市
新貝
前照
前生
前章
漁家
求食
低次
同教
英名
山号
散香
当世
地鳥
先出
民国
種名
自前
頭声
内港
漁人
茶箱
健身
見神
古今
紙器
島名
加年
小文
大身
原調
小球
小給
書体
体心
部課
本生
本城
上役
夏雨
花雨
京図
勝算
小散
少産
東高
肉食
農林
札所
兵服
平服
両材
愛他
医道
香風
湖口
主城
守城
心王
神王
西空
右目
州府
手上
年季
部落
公徳
工特
広徳
高徳
国大
出所
選集
代案
間者
初行
天分
天聞
夏用
付点
円管
時相
折線
新主
新酒
身首
進取
切線
雪線
体形
他社
地消
令室
原地
地商
文数
方里
法理
未生
中管
雨花
群小
口部
小門
別学
持分
人望
西軍
外戦
外船
成法
楽事
体様
赤児
英王
相土
本児
本字
本寺
和差
本時
内庭
祭日
全省
書法
悪作
帰都
国主
身根
中全
別働
法面
市議
清代
定府
声調
成鳥
正調
葉芽
果実
関所
知力
医用
委陽
軍器
軍旗
新本
前話
馬具
有楽
書中
多元
体長
法身
同中
駅間
教民
金口
差別
茶利
包丁
小事
人語
神今
各字
各寺
各次
植物
人後
右左
日月
陽極
地付
入学
終章
満量
商特
小徳
食虫
人部
全科
悪天
薬屋
西遊
重位
洋間
草地
軍記
材中
始期
大明
未達
予土
花路
機法
漁唱
所関
暑寒
身外
号音
業病
中分
所感
先達
初位
鼻差
円建
社交
所法
数学
他市
他氏
他紙
多子
多指
多死
別本
梨花
学名
市長
車行
用土
大区
法器
強者
全消
体用
別紙
商高
分波
放課
悪手
焼肉
画上
空路
芸学
小犬
下役
体側
冬夜
肉量
国文
成美
老少
悪気
黄線
器量
他生
包帯
火土
火度
有輪
打聞
軍手
才色
思文
死文
詩文
全入
同対
童体
愛馬
行年
組曲
静音
花畑
雨衣
位官
医官
各車
早天
鉄線
郡市
小都
朝議
名文
目安
回春
健児
言辞
食時
神子
王旗
黒門
健法
原字
戦中
部下
表地
浅香
石積
相使
相思
漁歌
積量
市中
回教
城府
月番
本葉
官行
寒候
管口
庫内
戸内
参学
同軍
半顔
利金
男役
官公
気前
京間
真打
肉屋
法界
北界
県官
頭取
見番
黒人
数別
前王
礼部
気音
小石
山林
丸対
板上
香車
道念
根部
青字
後連
全地
体調
内調
球形
右院
面上
頭分
害草
古紙
神鏡
分間
表門
信教
前人
日進
各機
春季
全種
役馬
期先
商港
小功
小康
少校
相公
青光
内金
原種
原酒
同川
冬服
音頭
最古
船速
気先
市県
神橋
長身
岡阜
古詩
主観
登遊
無主
会所
養料
組合
今式
新緑
時給
実館
馬連
本伝
県民
身力
不具
歩合
分注
院中
漢詩
官司
重音
上世
反実
短文
文題
赤線
悪女
念書
花博
有線
返事
真画
必置
輪花
食分
秒数
不帰
不記
雨具
大番
主館
下生
種間
早死
両耳
青単
上席
花束
勝点
大暑
太初
本軍
業体
神出
神孫
分治
分知
駅売
光参
県北
西電
全箱
神風
旗機
汽機
気心
口才
高才
黄菜
人家
丁場
半時
全車
前車
同階
宿場
寺主
早計
媛語
郡内
気合
新教
同作
日番
赤味
京花
共火
教課
正字
他意
近世
小旗
勝機
商機
小器
正機
笑気
代引
不才
絵筆
香調
黄鳥
作間
新芽
手代
荷台
引数
不楽
不落
変顔
名工
目玉
有位
係員
火点
客引
口絵
芸事
頭形
短音
天引
風合
原速
章立
丸太
有業
真形
直火
底地
帳場
出番
共地
半果
反歌
太字
両鼻
馬単
駅近
絵心
金具
寒根
急場
口画
消印
前引
建具
福耳
毎冬
街金
豆本
麦作
夕礼
利回
合気
相客
相席
間宿
相板
合服
間服
相役
青金
青線
青点
青東
青服
青本
赤牛
赤絵
赤短
赤肉
赤服
赤本
赤門
赤楽
秋号
秋作
秋服
悪形
悪玉
朝活
浅地
朝茶
朝練
足芸
足順
足代
足台
足長
頭差
後金
後月
後作
後産
後役
兄王
兄者
兄分
兄役
油画
油絵
油船
油代
改帳
改役
新物
暗箱
勇音
石絵
板絵
板材
板長
糸遊
犬科
犬語
命料
今様
妹分
色悪
色絵
色校
色地
色字
色番
祝金
岩地
印箱
印米
初産
受台
牛科
右図
歌芸
歌本
打歩
写絵
馬番
海千
梅角
梅酒
梅茶
梅文
売玉
上絵
上物
運草
絵合
絵入
駅側
駅広
絵皿
絵茶
絵付
絵面
絵所
絵具
絵札
円買
大宿
置字
置地
沖特
沖漁
落研
落度
夫役
弟分
弟役
男運
男客
帯地
帯鉄
覚帳
面具
表芸
親機
親局
親業
親車
親番
折本
温玉
女運
女絵
女楽
女客
女度
女面
女力
音引
貝肉
開畑
開箱
返点
顔学
顔芸
顔役
係長
係名
書役
角落
角帯
角皿
角柱
角成
角道
角物
頭役
固文
勝数
川童
角番
金語
金高
金茶
神席
神女
空茶
借記
軽点
皮具
川漁
官側
関木
外数
外場
側章
黄電
聞茶
北駅
北館
北門
黄茶
期近
黄服
木目
客方
客種
客宿
急火
香落
京菜
京道
京屋
京焼
京童
切絵
切米
着類
金紙
金側
金熊
金黒
金建
金歯
牛細
牛塩
牛飯
銀側
銀熊
銀皿
銀高
銀玉
銀成
銀飯
草王
草黄
口米
国役
首肉
熊肉
組重
組中
組数
組夫
組名
車代
黒竹
黒茶
黒番
黒本
黒方
軍物
景事
血肉
間縄
芸細
芸森
下魚
夏書
下作
下物
香色
香花
香包
香物
香箱
香札
小駅
小兵
小票
子福
細字
米代
小目
衣土
強塩
極太
極細
極安
最内
才取
魚通
酒米
酒役
作男
作神
昨夕
差料
差玉
札入
札束
里地
申楽
産箱
産元
散切
塩茶
鹿肉
下案
歯肉
島式
島台
島役
借間
赤熊
社守
週足
主面
主持
宿方
宿高
手浴
省油
正札
正味
小四
初表
初口
初切
所場
白台
白茶
調室
調所
白電
白番
白服
白本
新糸
真書
心食
新畑
新葉
心柱
真柱
新前
新豆
新麦
地字
地雨
地板
地糸
地色
地歌
地馬
地借
地貝
地顔
地紙
直宮
直物
地口
地黒
自黒
地声
地魚
地酒
実親
実方
地機
地引
字引
時服
自服
地虫
地山
重箱
順手
上玉
定店
直真
巣内
巣門
刷本
頭赤
頭重
図引
成貝
席入
席書
席札
関名
節木
船具
船便
前金
全目
候礼
候文
続飯
底意
外番
側役
対屋
高八
高役
立席
立庭
立番
建玉
種代
種地
種茶
種本
束感
玉算
玉茶
玉目
試役
田役
単目
台石
談林
竹玉
竹輪
地先
茶入
着歌
着声
茶組
茶子
茶心
茶所
茶湯
茶柱
茶花
茶船
茶町
茶豆
中皿
中食
中地
中点
注湯
中太
中細
中悪
丁合
帳合
丁石
帳入
町組
帳付
丁付
丁持
帳元
通切
使番
月運
月役
土部
土焼
積地
面一
積読
手金
手番
鉄箱
寺名
天火
天日
出面
電場
伝助
通町
科人
特種
特太
年順
年役
栃面
飛級
飛台
飛地
取説
取的
鳥天
取止
同馬
同係
同埼
同間
同夕
土場
中番
中面
長帳
梨地
名題
夏作
夏材
夏服
夏分
何駅
何区
何犬
何県
何湖
何語
何市
何順
何線
何族
何店
何病
何部
何用
何流
生録
成香
成銀
南軍
肉入
肉色
肉月
肉付
肉物
西面
荷印
日印
荷役
庭番
練香
練天
年市
農男
野天
箱絵
箱車
箱数
箱席
橋番
柱材
葉茶
初席
初丁
初帳
初役
花会
花金
花後
花代
花男
母役
早番
早便
春号
春作
春材
晴食
半赤
半板
半道
半泣
飯場
半広
半丸
板元
場席
場節
茨線
番屋
火王
東館
東宿
東門
引具
低台
氷頭
飛成
日歩
平台
平天
平刀
平番
平文
昼番
昼練
美黒
病間
福引
福豆
老役
筆具
筆字
太径
太材
太線
不仲
船楽
船代
不成
船用
冬作
部立
歩積
夫丸
部民
米麦
米松
別口
別皿
別刷
別立
別間
別村
方立
細線
本刷
本箱
本畑
本身
本水
毎夏
毎春
毎夕
前芸
馬草
町医
待画
松材
松辺
豆科
豆球
豆銀
豆単
豆炭
丸管
丸害
丸公
丸材
丸小
丸心
丸字
丸天
丸刀
丸八
丸本
右案
右面
右様
水絵
水芸
水仕
水代
水帳
水部
緑絵
緑線
港別
宮号
麦茶
無印
無反
無高
村下
目木
飯会
目分
目量
面板
面取
面箱
申分
持点
持番
元絵
元径
森番
焼絵
役付
役物
家号
屋号
休所
宿帳
宿六
山番
山様
夕景
夕場
夕間
湯温
湯感
油商
湯茶
弓隊
湯量
洋皿
用次
洋梨
用場
洋物
横画
横材
横地
横丁
横町
横肉
横本
夜番
夜練
楽市
落顔
楽日
楽焼
力場
陸貝
利札
両打
両切
両組
両口
両平
両箱
両前
両指
連木
和顔
和事
和皿
輪中
階高
京女
京方
金晴
金青
銀紙
国女
子局
小作
下絵
所行
速戦
手相
都側
面形
守役
約手
角地
管足
京人
黒先
産高
下社
定石
板木
間夫
役高
連辞
悪感
博打
本通
神薬
花事
軍兵
建中
港長
小景
章京
行側
初手
赤色
求車
軽四
低地
的屋
実感
滋味
山千
点取
実生
岩絵
音長
社家
票数
案外
人参
目地
遊船
図化
後天
女高
読心
老父
和紙
商社
手取
道台
外分
省文
歌絵
歌声
車種
冷戦
死出
市名
神具
人命
草根
本戦
原生
所出
府主
官記
寒季
書院
上使
上死
大男
耳下
自歌
自火
出作
同包
夏祭
漁期
群星
整音
正音
同家
両岐
両機
両気
量器
後代
小手
勝者
唱題
商大
昭代
照代
章台
玉固
分習
旗魚
単記
追唱
本実
無作
夕陽
市庭
無調
帰巣
気相
朝見
品名
洋薬
風土
間代
子機
自室
光画
町地
国郡
手食
動体
飛角
名石
小社
転部
下注
歌中
花柱
花虫
新店
医長
同血
秋実
秋日
週日
次室
田地
下死
歌詩
科試
女身
気付
区部
争点
口番
半商
反照
不感
副本
付利
無官
無観
松会
山線
子分
動議
家老
湯飯
健歯
犬歯
他国
他書
末姉
代官
産消
図法
他事
多事
令聞
通時
県人
隊法
通辞
官地
社研
通事
野見
海運
功法
少時
単回
同走
相方
町長
手伝
光感
分母
未動
大要
取出
年期
付立
主屋
母家
調度
天道
天動
転動
当地
花店
清耳
島部
内実
貝漁
紙業
詩業
詩行
次弟
赤道
前節
色葉
正受
実利
度合
内方
両形
良計
城中
角力
通力
家芸
交波
光波
開運
終戦
人荷
日付
回運
改運
夏巣
家相
重工
徒行
都校
衣文
中味
字図
客船
子牛
花形
上下
服屋
足音
群来
区長
昔日
心思
新詩
神使
臣子
親試
進止
全区
天成
要法
聞役
苦鳴
光度
公度
広土
後光
小春
定法
島外
教令
生食
記音
歯数
羽数
大金
各校
散票
正時
海関
開管
海内
工数
白死
前行
利器
引合
無役
苦労
波高
石頭
観物
官物
文意
学群
帰無
口角
当今
線材
船材
半天
名歌
絵羽
対答
反歩
徒事
都司
板本
見聞
右耳
写字
社寺
体化
太清
対世
対成
帯青
各章
交角
光覚
好角
広角
後角
行客
業力
画家
全期
等量
年時
要城
後図
港都
平語
遊魚
力車
側石
他業
寺社
成金
左上
上家
兵部
夜空
鳥肉
洋品
受口
右方
字音
中和
念想
名下
名花
命課
山町
外辺
先番
町石
長石
土公
未開
用例
良悪
印手
習風
心機
自車
相位
官家
持出
形作
議案
点的
手話
心気
新期
真気
神機
神気
神起
新社
町屋
書箱
中店
横目
黄害
耳元
工学
低声
園中
各体
各隊
覚体
悲調
道学
歌会
下階
課会
社級
送別
大車
東半
多島
薬品
健弱
身心
西日
言声
散米
石道
多灯
多頭
下元
上中
静注
長鼻
例数
機知
金平
魚場
他聞
金運
上面
口耳
好字
好時
工字
後事
古集
定省
底生
代船
台船
参宮
山宮
昨日
国色
通語
要港
局間
動地
同治
試植
単機
本選
各管
議院
新京
元帳
貝類
門戸
農作
法語
黒青
指標
新知
神地
神知
神治
左足
標数
本教
輪差
学課
弓部
動気
同気
本会
生面
青面
級別
大雨
生地
国地
土階
後学
声帯
分場
用量
年代
悪名
全羽
名人
屋形
畑作
別動
道先
両間
両館
家産
書式
番方
売子
例文
生材
家地
後根
和上
水量
定宿
高地
法学
字画
立夏
新種
他門
足取
地公
日明
正油
左耳
冷光
音色
神明
後家
生体
湖産
用役
要役
覚賀
次兄
輪歌
当屋
頭屋
子指
大集
畑道
人名
辞世
美声
安物
薬戸
実父
飲屋
未習
大富
物神
北軍
各員
球児
立入
各院
信金
体節
大節
馬歯
整体
飯借
両教
下集
公図
光量
好漁
香料
白星
開市
旗柱
機中
気柱
先代
前業
理化
器台
季題
日東
明暗
月水
酒客
紙形
祭火
新紙
夕顔
次章
対内
隊内
目覚
流灯
火事
高大
白味
空電
水理
集住
南寺
米加
練度
角化
動意
同位
道衣
家道
歌道
火道
山島
山灯
山頭
真顔
国望
内所
船台
選題
低所
外公
橋街
他院
多飲
会式
機運
新日
見出
無生
定席
大君
海景
会子
会試
改氏
改詩
京外
毎家
空屋
省人
化学
白旗
新産
成体
戦競
波線
教会
字径
自形
血行
目鏡
車間
西海
茶屋
新玉
手下
目近
全館
前官
鹿児
頭上
定量
園池
仕方
府兵
英知
借出
公家
心頭
省要
多夫
農期
夜目
力線
有部
岩屋
高根
差止
熱時
平時
借屋
国運
画法
散光
産交
平西
下院
下図
歩法
群青
先進
線数
来車
心電
親電
愛着
横書
欠口
小菜
行書
神父
美談
線心
選進
船上
頭外
浅木
浅黄
角回
場中
早成
草生
港街
神灯
京福
帳下
朝家
町花
長夏
阪高
景福
州兵
学界
白毛
岩山
円内
少林
多福
無灯
無答
月花
上書
正教
各回
小輪
笑林
小声
人代
天声
天青
本門
月下
取立
青虫
口元
歯科
仕組
岸辺
行者
公印
好音
工員
行員
兵事
立金
教部
初葉
体上
等外
風見
完本
官本
特写
特車
泣声
不同
大死
大姉
主上
次手
本青
里長
悪日
黄身
外方
切下
紙魚
衣魚
無神
売場
主水
温陽
覚官
金商
金消
金章
両花
両課
良化
良貨
新出
節分
農外
黄味
新刀
真刀
神道
人定
各階
昼光
昼行
注口
取調
鉄面
軽食
天父
各科
各課
顔付
原由
年子
立心
州名
秋明
主命
夏冬
広間
心内
台輪
井水
整水
静水
産地
中間
道教
白丸
乗数
地理
光景
山海
子役
白物
花実
湯屋
王都
重機
治理
大兵
海市
黒五
山径
小板
船長
香木
口径
好形
好景
後景
公自
頭語
赤光
上戸
反戦
大半
赤身
少雨
別名
新付
新府
清愛
町間
調使
手役
無界
最長
別産
右足
戸数
新東
新夫
水害
知県
前説
対印
副代
全速
赤実
長秋
仕付
先人
店主
初出
全輪
表作
宿代
客観
持運
表高
章中
神官
人感
人君
前身
節目
雲母
雪国
浅深
回章
海商
海相
事案
同紙
北地
両等
炭色
船側
対円
追物
後車
王事
会員
機電
切字
新都
時事
道線
同話
湖周
売行
天真
重荷
天心
点心
右前
地毛
自毛
速度
大実
水様
旗本
完飲
官印
官員
漢印
館印
光害
酒手
時角
洋上
自消
自照
自笑
回文
小梨
白目
大長
交感
向寒
好漢
黒目
黄葉
加重
新星
石面
雪害
各話
選良
車交
心根
正念
真意
女院
新意
新衣
深意
神位
神意
神衣
丁子
町次
町治
同会
首根
次時
父母
詩曲
旅先
形名
菜根
明徳
新内
末子
図利
右記
西部
有意
形色
小路
買付
野良
雨季
仕切
身元
魚人
日光
海先
山水
体表
社中
正語
笑語
深味
心下
心火
新貨
神歌
神火
臣下
連客
歌行
仕分
地帯
体鳴
大命
隊名
半印
助教
馬主
察官
白馬
無人
中人
文集
持主
農学
南口
同機
小休
東口
各区
小三
元夫
家別
地人
直入
頭目
夜気
野気
良材
雨期
死苦
足部
佐官
息気
次姉
地決
空巣
同寺
引当
反物
城内
古参
住区
目上
来春
指事
思路
死児
数千
鉄器
力量
階長
対面
本問
決勝
新体
竹取
無気
所業
塩水
女物
階調
日用
反英
冬物
雲間
先口
地子
寺使
次子
次指
横芽
男前
近時
茶話
半年
小頭
小刀
語注
商登
照灯
時下
地車
都民
後味
何課
夫君
陽光
木箱
船乗
所引
羊水
好走
香草
正倉
照相
章草
親指
行走
死目
後選
冬海
島回
付子
理観
多言
岩場
商取
直下
合方
行先
始末
小人
社主
横径
紙花
館長
近事
詩歌
知客
詩家
楽界
事理
時利
自利
自理
大部
取建
温湯
点目
空身
所要
草紙
新進
上天
府道
父道
心神
深身
真信
真神
神心
神身
臣心
城市
北線
記法
上反
身皮
洋紙
羊子
極点
平場
朝顔
流人
毛物
星群
同次
節間
上界
西陽
熱感
声歌
左目
所以
外線
里親
西南
天神
大箱
手元
神事
不省
心字
真事
真字
本立
和国
天明
番台
曲調
自案
楽家
上回
女中
植付
新道
火取
本事
町角
男親
行場
注連
首元
市花
真正
地松
中章
半姉
半死
反思
青帯
音数
庭内
半丁
半町
海牛
音列
生残
童詩
法度
電池
道着
冬場
見習
初耳
本覚
足首
大入
無手
対人
民地
草子
人出
海星
平米
黒帯
当量
古生
荷貨
里人
仕草
福助
手立
夏休
石屋
知合
不道
買入
後書
成工
正向
清光
生香
青黄
聞持
下屋
西高
花輪
本法
山羊
両馬
良馬
馬力
材面
取下
息子
緑帯
目元
山鳥
小花
前足
丸形
仕科
仕種
小物
玉虫
県産
周年
親側
風上
死票
曲数
極数
明知
芸子
乗合
軍機
院子
局中
全歯
全紙
全話
入社
横顔
島船
清和
官事
心学
波間
刷毛
火花
毎周
水虫
仲店
不調
家持
同銀
秋空
毛虫
島国
手口
表通
宿屋
戦事
赤丸
星印
局車
黒船
時化
家礼
仲良
城東
太上
川底
要点
旗下
親熊
古巣
光柱
光虫
好中
小町
取極
後注
細雪
塩屋
書生
取決
女心
市部
足軽
色里
発力
塩焼
箱物
酒場
焼色
山波
身欠
入子
買主
炭火
船旅
体付
切味
方印
法印
山側
乗物
緑物
草字
走時
送辞
横側
散薬
矢切
各類
竹刀
文台
引金
引鉄
太夫
点前
向側
内線
文中
夜店
正面
同部
大店
親心
川州
熊手
世帯
農相
外目
中前
平手
根曲
売人
見所
夜道
黒豆
試買
漁区
算式
指先
真上
業主
小鳥
虫歯
光色
夏場
山場
聞物
仕上
新字
切売
自他
人長
夕市
食中
地利
街角
毛皮
初湯
仕立
道会
赤白
赤花
門松
高角
取組
赤青
全生
出生
立会
立羽
飲物
足場
徒者
北海
親柱
歯形
丸味
見覚
野羊
雨林
後口
黄丸
細身
山会
見通
色味
火元
男手
鼻水
岩根
石根
上糸
科員
子息
全産
旅話
受身
売物
紙切
司調
司長
紙帳
仕丁
旅路
東軍
中指
羽音
引落
聞集
長母
泣言
火柱
雨音
糸速
天豆
空豆
何人
雨着
径庭
工区
聞手
行改
小魚
子守
下着
土筆
大目
口車
合音
氷柱
直衣
馬代
標柱
標注
氷中
表注
丸顔
書館
用池
要地
陽地
陽池
足湯
漁火
木守
差引
県西
板紙
詩学
水音
有光
院卒
物動
糸口
聞耳
切通
水管
兵法
前神
湯女
伝家
仕手
箱屋
星祭
管楽
遠目
鼻血
持味
歯車
真心
読物
産気
歯音
芽元
有金
女手
女湯
軽口
木耳
札付
家船
小鼻
箱入
花祭
元売
用度
雨雲
小者
坂道
歯学
出足
見晴
焼鳥
山女
元朝
子鳥
笑顔
男湯
指物
初音
味塩
面輪
利手
切目
早足
雨風
男神
沖合
形代
切地
小箱
先物
深酒
丸印
丸身
店先
皮底
口火
葉形
持前
陽線
雲行
毛色
小顔
子種
長旅
水指
焼石
家学
歌学
空箱
水物
屋根
赤毛
徒食
野山
歯止
鼻面
別使
赤玉
雨女
置石
金元
切身
正節
水差
付根
流者
根切
円顔
目頭
雪明
急足
市立
表耳
借手
新唱
新省
飛石
水街
親玉
寒気
聞書
口取
首輪
生首
波音
湯水
中庭
火付
持物
夕焼
岩魚
書立
木雨
塩気
前書
日差
母心
申出
火食
花水
葉音
変化
水菜
安売
赤土
色見
打手
円安
貝輪
利目
差物
空耳
乗場
見付
目薬
夕立
青鼻
後玉
思入
空売
酒倉
白波
速歩
流物
速足
古顔
打身
借物
切口
近場
手持
引受
真前
目先
目高
神鳥
軽石
切子
黒子
飛火
羽車
昔話
持高
持場
理法
青息
足指
兄神
大引
折合
書取
薬指
米印
昨夜
品数
底力
底物
外回
葉色
葉数
引付
物置
東屋
色合
馬乗
上皿
置物
北池
口笛
小丸
米所
申年
強味
強身
流矢
花入
晴間
麦飯
北半
星草
前玉
目差
丸目
目印
目鼻
湯気
飲水
受手
売主
貝柱
顔立
書付
小根
差油
寒空
手塩
手品
庭先
歯黒
花平
氷木
船底
間取
守神
耳鳴
家主
指輪
湯船
足固
足手
味所
色香
産声
置引
折紙
語物
勝組
食物
草色
国作
下働
水木
競市
立札
建屋
台屋
昼飯
付人
月読
手引
手船
名親
名札
庭木
根方
上口
登口
野道
羽板
葉先
葉竹
葉物
芽先
焼魚
家根
山薬
夕波
読手
文色
和物
秋味
秋晴
足引
足輪
徒名
姉羽
活花
糸目
岩角
岩木
受売
受皿
後指
梅見
売付
売手
負目
大皿
大塩
教草
面差
面持
女気
語口
語草
語手
徒組
門付
金切
借受
借衣
借主
利所
聞所
木組
切先
清目
切立
切札
草取
草分
首落
組子
毛足
心待
小皿
小波
細波
差歯
仕打
鹿皮
仕向
標縄
小火
角水
炭焼
底根
外足
反身
竹縄
立待
建家
建売
束子
力持
力業
月極
積荷
強火
手明
手打
手鏡
天糸
手玉
手球
手湯
照焼
照笑
門波
飛魚
鳥追
取口
取計
仲直
羽色
箱船
歯先
羽先
旗印
旗標
花群
引波
火種
冷麦
冷飯
平泳
筆先
船歌
船人
文板
曲玉
曲角
負戦
負軍
負組
町側
待雪
身空
見取
麦畑
徒口
徒話
物差
物指
矢面
矢印
矢来
雪童
湯飲
弓矢
弱火
弱味
弱身
合印
間着
合口
相口
合竹
合札
相物
相宿
青足
青馬
青海
青皮
青貝
青側
青首
青組
青毛
青魚
青差
青印
青竹
青菜
青土
青箱
青旗
青羽
青火
青札
青豆
青丸
青水
青緑
青麦
青芽
青物
青屋
青矢
赤糸
赤犬
赤魚
赤馬
赤帯
赤貝
赤紙
赤皮
赤組
赤車
赤米
赤鹿
赤印
赤標
赤月
赤梨
赤野
赤箱
赤鼻
赤火
赤札
赤豆
赤水
赤耳
赤虫
赤女
赤目
赤芽
県主
県守
秋上
秋歌
秋顔
秋草
秋口
秋寒
空皿
秋高
商内
商場
秋夏
秋物
木通
通草
上板
朝風
朝北
朝雲
朝酒
朝寒
浅皿
朝空
浅手
朝庭
朝昼
浅緑
朝湯
足板
足形
足側
足切
足組
足毛
悪様
足白
足高
足半
足冷
足太
足業
味女
東歌
東男
東女
東路
東道
校倉
遊部
頭周
頭虫
徒君
徒気
徒心
徒花
徒人
徒矢
当身
後入
後付
後祭
兄宮
姉神
油草
油薬
油気
油子
油差
油皿
油取
油菜
油火
油魚
油物
油屋
雨間
雨足
雨落
雨神
雨気
雨空
雨戸
雨夜
雨男
足結
歩板
改方
新身
新湯
有合
合帯
言種
言草
家犬
家形
家神
家着
家付
家飯
家元
家童
魚止
息声
生塩
戦神
戦世
生玉
池側
池庭
勇魚
石音
石数
石貝
石切
石組
石子
石衣
石皿
石梨
石豆
石宮
石持
石焼
石宿
石湯
石弓
板石
板頭
板組
板子
板皿
板戸
板場
板引
板間
板前
板屋
市正
市司
市日
市人
市祭
糸入
糸方
糸切
糸車
糸雨
糸底
糸束
糸玉
糸場
糸引
糸魚
犬顔
犬死
犬印
犬族
犬玉
犬友
犬走
犬笛
犬屋
命毛
命長
茨道
今方
妹山
井守
入海
入側
海参
入日
入身
入目
入歯
色遊
色石
色板
色糸
色男
色女
色数
色形
色気
色事
色止
色音
色話
色節
色町
色街
色水
色虫
色物
祝事
岩鏡
岩側
岩組
岩面
石笛
岩道
岩虫
岩室
初孫
植代
植手
植人
植女
魚心
魚付
魚直
魚荷
魚節
魚見
受木
受流
受箱
牛女
牛方
牛顔
牛熊
牛玉
牛屋
後側
後戸
後前
後矢
氏神
氏子
氏寺
氏上
氏社
歌入
歌切
歌口
歌心
歌関
歌主
歌女
歌読
内祝
打音
打交
内書
打刀
内神
打切
打衣
打消
内臣
打荷
打橋
内箱
打豆
内店
打目
打物
内湯
空木
海坂
海界
産神
産着
産衣
生毛
産毛
産土
産湯
馬市
馬追
馬長
典馬
馬方
馬貝
馬顔
馬形
馬側
味酒
馬指
馬印
馬標
馬験
石女
馬副
馬面
馬飛
午時
午年
馬柱
馬屋
海色
海暗
海組
海幸
産月
海鳴
海虫
梅味
梅色
梅塩
梅印
梅畑
末木
売家
売口
売声
売立
上帯
上風
上紙
上毛
上差
上土
上積
上荷
表荷
上火
上前
上町
上身
雲形
遠近
遠見
負方
追金
老先
老松
横道
横木
大赤
大足
大犬
大歌
大馬
大鏡
大顔
大管
大首
大鹿
大底
大玉
大角
大夏
大波
大縄
大鼻
大筆
大祝
大星
大水
大耳
大麦
大湯
岡多
岡持
陸湯
置形
沖側
沖雲
置台
置土
沖取
沖波
置花
置文
沖方
置屋
小車
男心
食国
落魚
落人
落口
夫方
弟風
弟神
弟宮
弟切
男岩
男歌
男帯
男方
男側
男車
男坂
男道
男飯
男持
音取
男波
帯板
帯祝
帯親
帯側
帯皮
帯金
帯紙
帯代
帯玉
帯戸
帯山
男節
主皿
重石
重立
面立
表歌
表方
表書
表着
表口
表店
表戸
表名
表庭
表町
表目
面長
重湯
親犬
親牛
親馬
親神
親木
親雲
親里
親鹿
親竹
親面
親寺
親鳥
親船
親本
折形
折声
折助
折戸
折箱
折山
女岩
女歌
女帯
女親
女顔
女側
女組
女車
女坂
女島
女文
女宮
女持
女童
買板
買初
買次
買回
貝焼
火雨
反角
顔形
顔側
顔毛
顔先
顔白
顔力
花芽
花街
鏡池
鏡板
鏡岩
鏡男
鏡作
鏡葉
鏡箱
書初
部曲
欠目
風足
風音
風折
風待
風祭
花車
花心
夏時
数取
数物
風草
風知
風玉
花草
形板
形無
刀屋
固筆
語部
徒頭
勝車
歩立
徒荷
勝星
勝味
勝身
勝虫
角石
門口
門火
門辺
角店
金貝
金頭
金気
鉄気
要石
金物
鉄焼
金輪
金売
金包
鹿深
神有
神池
紙糸
紙入
紙女
神側
神口
紙子
紙衣
紙差
紙皿
紙塩
紙束
紙玉
紙包
紙箱
紙橋
紙札
紙笛
神虫
紙屋
神業
通箱
空足
空池
空馬
空買
漢心
漢意
空積
空橋
空畑
空働
空船
借方
借着
借船
軽子
軽市
軽焼
軽業
川魚
川音
皮帯
川風
川側
皮側
皮衣
川竹
皮包
川止
川波
川柱
川開
川札
皮身
川道
川港
川虫
皮目
神立
神司
神主
外孫
側柱
黄赤
木板
生糸
木表
聞方
利酒
聞酒
木草
生酒
木皿
旗色
北角
北倉
北組
木連
木取
後朝
黄旗
木柱
生機
木鼻
黄花
生平
木札
木笛
生豆
客波
木弓
競買
清元
切石
切欠
切形
切紙
切金
切岸
切炭
切取
切戸
切羽
切畑
切花
切火
切水
切店
切麦
切長
極書
極付
極札
近火
玉手
玉章
玉石
草市
草入
草軽
草葉
草笛
草道
草矢
薬玉
薬売
薬箱
曲者
管側
下文
管玉
管柱
管耳
口合
口足
口入
口書
口金
口薬
口先
口下
口白
口広
口開
口太
口細
口前
口女
国表
国神
地社
国引
国祭
国持
首板
首側
首切
首先
首下
首引
首祭
首屋
首横
熊岩
熊男
熊祭
熊虫
苦味
組糸
組歌
組打
組頭
組木
組下
組付
組手
組外
組物
雲足
雲井
雲紙
雲路
雲取
雲鳥
倉入
庫入
倉底
倉荷
車牛
車男
車側
車戸
車引
車宿
黒赤
黒池
黒糸
黒犬
黒牛
黒歌
黒馬
黒女
黒皮
黒貝
黒熊
黒毛
黒鹿
黒玉
黒血
黒手
黒戸
黒生
黒苦
黒箱
黒服
黒札
黒麦
黒飯
黒物
黒焼
黒楽
群葉
毛先
消口
消炭
毛束
毛玉
毛球
毛長
毛流
毛引
毛群
月宮
元歌
小足
小息
神指
高手
小歌
小梅
高話
小男
小面
郡方
氷箱
氷旗
氷水
小女
小風
子方
小貝
子神
小衣
小君
小切
小首
子熊
心祝
心組
心付
小言
小札
子代
古寺
小柱
木末
小力
子夫
事書
言伝
言問
事始
小半
小庭
木間
子羊
小羊
小筆
古物
古兵
小前
子耳
小耳
小虫
小結
木群
米油
米場
米虫
米屋
子持
小焼
衣毛
強飯
強面
強紙
小童
強弓
幸先
細石
細毛
界路
酒塩
酒種
魚皿
魚箱
酒波
酒荷
酒旗
酒船
酒楽
酒室
月代
先糸
先買
先付
先箱
先太
先細
差金
酒組
酒好
指金
差紙
差首
差薬
差毛
差塩
差立
差前
差水
差湯
指分
里方
里川
里心
里田
里宮
里雪
里回
左馬
真水
寒夜
白湯
皿板
皿数
皿形
山気
山人
山草
残火
塩味
塩魚
塩売
仕置
塩地
塩鳥
塩花
塩引
塩船
塩豆
塩道
塩物
塩湯
死花
鹿頭
鹿形
鹿印
鹿虫
仕業
仕口
下味
下板
下糸
下帯
下木
下組
下積
下取
下歯
下羽
下葉
下左
下火
下引
下前
下右
下目
下読
品玉
科戸
死顔
死金
死神
死口
死首
死時
死節
死身
死水
東雲
島歌
島側
島酒
島宮
島守
島山
標野
標山
下仕
下湯
曲見
宿主
守宮
手札
手刀
松風
正目
照葉
初春
白糸
白魚
白子
白声
白太
白歯
白羽
調帯
調車
白焼
白事
白赤
白息
白犬
白帯
城方
城側
白熊
白組
白皿
白縄
白練
白箱
白初
白場
白花
白札
白松
白豆
代満
真草
深緑
弱音
水草
水柱
水底
水飯
水薬
末口
巣口
末黒
佐臣
助船
巣皿
巣箱
炭馬
角木
炭取
炭根
炭屋
州元
刷色
生魚
関板
関風
昔人
関取
関札
関守
関屋
関山
雪路
船軍
船倉
早出
副子
副祝
底方
底石
底板
底魚
底側
底土
底取
底荷
底光
底引
底豆
外表
衣通
外書
外庭
外法
外箱
外開
外町
外湯
園守
冬青
空合
空色
空組
空様
空音
空目
空笑
反橋
田主
平貝
田歌
田打
高草
高鳴
高歯
高持
田草
竹足
竹倉
竹塩
竹束
竹笛
竹光
竹群
竹屋
竹矢
田子
田事
田作
立合
立泳
立死
立業
立挙
立板
立神
立塩
建初
建付
立投
建主
立引
達引
立文
立物
立者
店借
店子
手末
谷足
谷行
谷梅
谷風
谷方
谷止
谷道
種油
種石
種板
種牛
種馬
種親
種川
種木
種火
種物
旅心
旅衣
旅物
球足
玉糸
球数
玉毛
玉菜
玉箱
民草
手向
田虫
短夜
出手
血合
近間
近矢
力足
力石
力水
血川
血刀
父熊
父鳥
父主
父宮
血祭
血豆
血道
血目
長歌
手水
町場
長夜
直心
身柱
束石
番木
月足
付馬
月梅
月男
月形
月草
月組
月毛
月酒
月白
月星
次日
付木
付城
付札
付目
仕人
土色
土雲
土車
土気
土取
土波
土練
土畑
土笛
土船
土物
包金
包紙
包文
続物
角貝
角書
角鹿
角笛
角目
角弓
積入
積木
積出
積付
積取
面当
面水
連足
手油
庭中
手植
手負
手落
手覚
手械
手木
手切
手管
手車
手心
手付
手長
手習
手縄
手羽
手箱
手旗
手花
手鼻
手人
手回
寺入
寺男
寺側
寺子
寺酒
手業
出女
出買
出里
出城
出州
出初
出玉
出機
出花
出鼻
出丸
出目
戸板
問丸
投矢
東面
遠浅
遠音
遠火
通庭
研屋
戸車
所書
心太
年女
年神
年玉
徳利
止刀
外薬
飛板
飛梅
飛倉
飛子
飛箱
富札
止金
共糸
共色
共帯
共紙
共木
友引
鳥足
鳥頭
取石
鳥打
鳥男
養鳥
鳥空
鳥皮
鳥貝
取木
鳥首
鳥毛
取皿
鳥塩
取初
取高
取次
鳥子
取札
鳥笛
鳥虫
鳥飯
取由
菜売
名折
中足
中池
中入
中売
仲売
中落
中男
中表
中折
中買
仲買
中着
中倉
中口
中黒
中差
仲仕
中手
中通
仲通
中君
仲働
中左
中右
仲合
長雨
長板
長着
長言
名頭
長月
長手
長縄
長話
長節
長路
長道
長虫
長湯
泣石
泣顔
泣面
鳴女
菜切
投首
投縄
投物
梨味
梨形
梨畑
刀豆
菜葉
夏市
夏糸
夏色
夏帯
夏風
夏川
夏着
夏雲
夏毛
夏氷
夏空
夏鳥
夏畑
夏花
夏羽
夏豆
夏物
夏山
何味
何色
何形
何口
何組
何子
何心
何橋
何町
何屋
何業
名主
菜花
生足
生板
生歌
生音
生皮
生貝
生木
生米
生節
生麦
波板
波風
波返
波雲
波路
波月
菜飯
弱竹
鳴物
縄帯
縄先
縄付
縄手
縄目
荷足
新室
荷馬
苦草
苦塩
苦竹
苦菜
苦虫
荷口
荷車
和毛
西入
西手
西東
日次
日計
荷積
荷止
荷縄
荷主
荷箱
荷札
荷船
庭池
庭石
庭植
庭梅
庭男
庭神
庭側
庭草
庭口
庭土
庭積
庭場
庭花
庭火
根明
根合
根石
根魚
根城
子年
根太
根竹
根深
根松
根雪
練糸
練色
練切
練土
練物
野雨
野池
野茨
野男
野風
野川
残香
野末
望人
野立
野点
野面
野花
野豆
飲口
飲助
野守
乗打
乗手
野分
羽風
葉風
羽交
歯切
羽口
箱馬
箱男
箱書
箱形
箱下
箱球
箱庭
箱宮
羽子
羽衣
羽指
橋板
橋形
橋立
橋祭
橋守
柱間
走井
羽白
葉末
機音
旗風
旗頭
畑木
旗雲
畑側
畑物
畑土
旗取
機所
機場
旗日
畑麦
旗持
機屋
初市
初午
初売
初風
初買
初顔
初声
初氷
初皿
初空
初旅
初荷
初花
初物
初雪
初笑
葉月
果口
花軍
花板
花市
花茨
花落
花折
花数
鼻風
鼻頭
鼻紙
鼻側
鼻木
鼻縄
花首
鼻薬
花組
鼻毛
花氷
花立
花球
花友
花時
花菜
鼻柱
花冷
花人
花札
鼻笛
花船
花豆
花丸
鼻持
鼻元
花物
花守
花宿
花湯
鼻横
母犬
母牛
母馬
母木
母熊
母者
母鳥
母虫
母物
葉箱
祝人
祝部
葉水
羽虫
葉虫
葉守
早馬
早玉
速玉
早縄
早場
早昼
早船
早道
早耳
早飯
早業
春着
春鳥
春方
春辺
春物
晴着
麦秋
場末
場庭
場札
日足
火足
火入
火色
氷魚
火打
日面
東入
東組
東空
引歌
引去
引戸
引時
引直
引縄
引札
引船
引目
引物
火切
日切
火先
氷雨
火皿
火玉
左頭
左角
左口
左縄
左鼻
左指
羊男
未草
羊草
羊雲
未申
未年
人熱
人音
人買
人声
人里
人伝
人波
人柱
人待
人群
人宿
人山
日長
火縄
日待
火祭
火虫
灯虫
日女
火矢
平打
平門
平草
平首
平組
平皿
平底
平玉
平付
平積
平取
平箱
平筆
平豆
平麦
平虫
平物
昼軍
昼帯
昼顔
昼側
昼酒
昼中
拾物
拾屋
広形
広口
広前
広山
笛竹
深皿
深手
深場
文車
節糸
節黒
節玉
札紙
札差
札止
筆石
筆数
筆立
筆箱
筆太
筆結
太糸
太筆
太物
船足
船戦
船板
船方
船形
船君
船子
船路
船印
船標
船玉
船着
船息
船荷
船連
船場
船祭
船虫
船持
船守
船屋
船宿
船改
文箱
文使
文荷
文札
冬糸
冬側
冬木
冬着
冬草
冬空
冬時
冬鳥
冬菜
冬日
冬道
冬山
古板
古糸
古歌
古女
古鉄
古様
古竹
古種
古血
古手
不男
不助
兵児
辺路
行器
星合
星形
星神
星組
星下
星取
星目
細糸
細面
細形
細口
細声
細縄
細根
細葉
細引
細道
熱味
時鳥
本歌
本船
前赤
前板
前帯
前側
前付
前手
前羽
前宮
間男
死返
真金
真北
間口
曲木
孫神
真竹
町着
街着
町口
街種
街場
街森
松皮
松炭
真土
松虫
祭笛
的球
目交
真西
間柱
真東
真昼
間日
間広
真緑
真南
豆板
豆皿
豆面
豆梨
豆畑
豆飯
守刀
守札
丸頭
丸石
丸打
丸帯
丸首
丸皿
丸底
丸竹
丸鼻
丸葉
丸筆
丸麦
丸物
客神
実梅
身重
右頭
右角
右顔
右首
右指
右横
短手
身印
水青
水足
水油
水糸
湖側
水鏡
水貝
水係
水切
水子
水氷
水心
水玉
水鼻
水次
水止
水根
水計
水引
水船
水屋
水雪
道板
道糸
路角
道角
道草
道辺
道火
道悪
王身
緑組
緑花
緑虫
緑湯
南入
南倉
南組
南様
南手
南丸
身毛
耳上
耳金
耳側
耳毛
耳底
耳菜
耳無
耳水
耳横
耳輪
見目
身持
宮方
都落
都草
都鳥
都節
都辺
宮所
宮柱
宮人
宮水
宮持
宮守
昔者
麦色
麦女
麦車
麦笛
麦湯
虫男
虫草
虫薬
虫気
虫声
虫友
虫札
虫笛
虫屋
虫湯
結目
徒足
徒飯
村男
村方
村側
群雲
村雨
村界
村里
連主
群竹
村高
村祭
目板
目色
目打
目方
目角
目顔
目黄
目利
目切
女木
芽木
目口
飯売
飯時
飯湯
女竹
目力
目土
女時
女波
目光
女節
目星
目細
女松
目耳
女山
目結
水取
申口
申子
申次
申文
持地
持手
持荷
持弓
元入
元受
元口
元黒
本黒
元高
元種
元玉
本鳥
元縄
元根
元箱
元湯
物売
物書
物頭
物種
物成
物原
森側
矢合
矢板
家数
矢数
矢風
矢形
焼金
焼塩
焼玉
焼場
焼畑
焼飯
焼物
矢車
焼野
焼山
矢声
安魚
安酒
休石
矢立
矢竹
矢種
矢玉
矢束
矢取
宿側
宿着
宿船
宿元
宿木
鳴家
矢場
矢羽
矢文
山足
山犬
病犬
山男
山数
山風
山方
山刀
山組
山子
山坂
山幸
山里
山土
山面
山豆
山守
山雪
山童
夜話
夕風
夕雲
夕空
夕月
夕時
夕花
夕晴
夕光
湯音
湯面
明衣
雪男
雪女
雪組
雪雲
雪気
雪消
雪坂
雪代
雪空
雪玉
雪鳥
雪晴
行平
雪平
雪間
雪見
雪水
雪持
雪輪
湯口
弓末
湯立
湯玉
湯次
弓場
湯場
湯波
湯葉
湯畑
湯花
指毛
指笛
湯札
弓数
弓頭
湯道
弓取
湯宿
夜軍
夜市
葉群
夜風
横合
横足
横石
横板
横糸
横置
横帯
横風
横組
横車
横様
横面
横手
横波
横根
横羽
横引
横笛
横飯
横物
横矢
世心
夜寒
夜旅
夜長
夜泣
夜鳴
世波
米坂
読切
読人
読札
夜宮
夜顔
夜側
夜昼
弱虫
公魚
分去
病葉
分里
曲物
業前
業物
輪積
輪縄
輪虫
笑草
童歌
童言
悪場
悪身
間事
後山
板下
口遊
国元
小昼
高波
田力
店者
都人
中子
西組
船門
間合
見受
身側
水先
後立
売高
空荷
管物
黒味
山国
品書
仕物
水魚
飛出
生血
野寺
母衣
孫子
待受
大女
熊皮
完村
白根
局口
戸前
東向
引分
雪菜
童部
赤葉
出湯
内高
漢学
雲助
好者
生活
名子
菜種
西市
引手
花鳥
死所
寺町
園生
水場
見開
馬陸
浴衣
輪箱
手事
中州
札山
見返
色子
内人
人屋
対側
発止
意気
勝戦
業者
細魚
成山
店数
羽太
見立
黒白
対岸
日取
曲家
打首
大市
果物
山神
根付
祝女
大音
刷物
大官
大寒
人差
輪金
活計
申立
元結
音屋
車台
大農
丸木
労相
深間
悪者
車前
品部
地面
西洋
目路
良品
家側
巣上
同本
間人
芽生
市女
太神
人死
有林
高菜
毛羽
年波
西風
法会
引出
馬道
草花
家路
受取
小米
細目
北関
民数
飯屋
仲馬
夜明
気量
見栄
塩海
大鳥
借上
共時
根原
仕入
指差
国数
田遊
受合
来手
読本
部内
真子
真横
板目
光日
白衣
都城
田植
中市
鳥屋
火屋
海里
川中
指手
取入
売女
馬身
火焼
官等
鉄船
山間
助言
定書
内板
物見
後身
清朝
見直
白笑
仕出
町議
切首
日子
大菜
点差
商学
真人
心底
下男
平城
組入
海山
美人
羊歯
深成
身世
川水
外海
受持
昼食
野老
年弱
川下
川前
島人
上市
小場
町歩
近目
物持
語意
持合
祭事
細事
道引
道行
代名
口側
辞代
南風
買上
白下
鳴戸
秒間
各部
置場
歌番
子鹿
動中
大神
国側
指地
死地
小夜
向付
岡目
天理
気表
固目
次席
早見
同体
終生
茶館
持金
古文
文月
頭打
同郡
同小
月中
公人
身上
人日
白州
童児
生老
終世
名付
入物
火水
当会
鼻輪
右折
高年
黒羽
秋声
終声
市鳥
米産
耳石
自席
美学
地代
県間
名水
仲子
初子
大飯
相身
鉄色
同大
目数
生起
中径
中路
客体
初登
待橋
赤巣
原音
神器
折返
身形
地対
見場
名家
勝間
全島
力紙
白夜
伝馬
紙代
始代
歯大
夜業
青身
建前
立前
工会
門家
早月
代物
出合
家長
黒酒
物入
月初
川方
客席
名分
上宿
遠矢
側目
方案
大羽
大葉
歌調
科長
全人
時中
氷室
光年
谷側
所内
年強
知辺
神学
生水
駅馬
待人
買取
治世
梨子
受入
金石
人中
林家
元首
出会
場台
無心
温度
鳴子
後足
出前
鼻先
平安
下水
曲球
古里
医食
科白
水飲
未分
引下
童形
日金
使司
詩思
出先
入方
元手
水鳥
手合
数等
功徳
横線
高位
老夫
上衣
心力
路側
真後
正本
自界
魚市
書出
外相
春期
波数
大夫
歩兵
夫側
村議
出歯
新地
地力
村社
同右
女官
全駅
事代
首打
客員
小木
力学
合体
結束
薬学
有高
男木
引上
下身
良家
後会
人力
形相
各行
調子
馬手
手方
隊長
外面
空言
進学
空事
静電
番所
内法
中空
母方
元金
関公
子馬
同地
夜半
院議
地味
伝手
用便
売店
名乗
夜祭
先願
大功
小馬
小見
神鳴
神代
入合
軍内
口切
下手
売出
青味
女主
女方
王者
側女
町見
校区
朝臣
色紙
上薬
刀自
大所
元芽
初冬
車止
行手
単音
鳴神
来週
日米
歌風
校長
国学
成行
右投
小牛
国書
同相
谷町
心持
楽隊
小使
量化
対中
山成
山鳴
鳴声
豆油
出水
海草
左官
土司
店売
東風
日朝
学力
光学
新球
王院
県中
買手
取付
家風
重唱
短期
人文
大念
前議
兵隊
大洋
星食
正食
生植
生色
礼文
形木
飯子
苦無
大字
町人
年初
店屋
生紙
高平
便器
真冬
業生
実物
丁未
行幸
文治
出船
法体
小雪
取手
旅客
後先
風下
和子
小道
近赤
薬事
人形
工商
黒書
同形
上根
外輪
交唱
功章
好商
好笑
後章
校章
行章
高商
体色
秋風
国柱
手書
門柱
名残
年会
秋野
科学
式神
年式
無期
口数
立役
選言
悪心
飲酒
画意
賀意
生計
洋式
無意
角形
直筆
野手
王子
子中
死場
省力
遠道
海神
内輪
黄色
丸柱
目見
章題
黄金
高飛
熱湯
客地
画地
競売
汽車
体感
時日
同法
読取
形気
宿駅
平目
女工
花活
火消
金目
花生
湯元
最北
小五
新宮
前頭
流通
犬神
天満
府立
真弓
時世
当夜
面体
水主
町役
場周
全社
川船
船主
買方
連子
国軍
左投
乗法
木器
追風
天部
要語
日数
朝焼
年産
平戸
教書
冬景
手練
府県
山寺
古着
家中
不女
法相
字高
時候
時好
自工
自校
自行
両岸
面目
横紙
読者
大路
水相
部活
朝夕
生有
不完
本文
鹿角
見物
深重
当日
功人
好人
工人
港人
黄人
広葉
直中
花園
金時
入部
産屋
心算
無感
言下
階子
太子
高機
打出
村役
野次
雪道
発機
黒米
色目
糸毛
中生
県市
花茶
年祭
局内
新木
田楽
内力
曲輪
黒色
下見
波頭
所員
大社
真名
王土
黄土
着順
後世
外出
使主
見切
工夫
小雨
学者
頭高
道標
右打
前広
生時
大貝
道議
期年
年男
赤口
直会
写真
大刀
本線
家来
要具
神楽
引取
新手
夏日
車屋
日休
動力
円相
大法
夫人
寒地
上歯
人目
大都
谷合
番手
下心
大雪
赤子
点火
好相
何年
明王
村路
人心
新卒
知行
町橋
区名
字面
夜着
山家
治安
年月
平屋
元軍
魚菜
単衣
初夏
東市
飛鳥
東方
空手
鳥類
人科
年央
草木
陸部
夏木
後文
生肉
魚商
出場
重手
行人
分位
歌合
知音
頭部
橋下
多角
上手
正方
小一
花木
大国
波打
日中
同委
弓形
公法
大空
音場
旅人
鼻声
未発
天花
品番
母屋
本手
親子
区議
対米
海松
水松
住手
折目
作法
鼻息
半円
各省
語形
自力
城西
同病
量感
力者
土器
町中
丁末
外組
会長
金持
左打
本節
雨水
所長
世界
唱歌
用品
海鳥
花野
北風
動機
羽山
本所
言葉
民会
人月
米朝
白酒
各音
白身
東沖
児者
目白
強力
秋月
西方
野路
区立
他夫
風花
荷重
合間
省内
科会
出店
変人
役所
県下
末期
大方
手本
顔色
他愛
副長
人馬
散楽
楽園
人国
開先
林内
好事
前輪
残日
童子
日産
前立
数百
初日
験者
中国
省令
遠路
高度
貨物
方向
黒雲
道外
円柱
働力
南東
山手
味気
花色
画風
選後
塩井
赤金
春風
美衣
村外
学科
国産
産子
左横
内側
北国
田家
声色
親近
天井
生日
真中
客人
酒屋
東駅
期中
園遊
正体
大工
人体
上側
合板
弓手
前方
去年
産物
金色
品等
行宮
文学
真魚
省都
最中
鹿子
心地
品別
米民
皿山
害者
語路
半期
単一
多聞
建場
当金
飲料
出血
兵六
心事
山畑
県連
小金
目線
初秋
人事
海辺
町内
鳥目
出物
朝間
美男
神酒
羽根
白雪
水車
戸部
大声
銀色
笑話
未成
山車
人足
文体
高札
下草
形見
全業
場数
女形
今年
大一
梅雨
最下
母本
体内
名案
寒風
右手
回外
原材
市大
水利
生児
海側
親父
間数
球部
高低
相生
間帯
県議
西行
横刀
住地
松明
谷底
日当
中古
倍速
飯事
茶道
筆頭
工場
大丸
園地
不平
何科
戸建
高音
海女
外国
声音
大戸
所用
農機
円心
景気
家内
形行
用達
夏秋
最安
山梨
中高
全市
台場
何箱
海雲
火口
年老
化物
川流
月日
問屋
生身
頭下
陽子
手入
差出
水分
晴明
借入
字形
代人
女友
生業
客数
急悪
間期
数十
徒然
羽目
治体
外見
牧場
黒石
後方
不動
青梅
学書
天草
文目
春夏
集名
図星
名前
語中
前面
東西
男気
深雪
切手
自社
人数
風車
石取
最前
持家
男組
住人
借家
数多
小屋
他人
着物
両国
緑色
南島
隊員
日夜
生物
何役
人台
区内
平家
勝目
毎週
場内
天下
月間
機長
室長
酒類
女学
多分
国原
浴場
大成
学部
大人
水母
下女
君達
館員
灯火
海月
左前
課長
医学
漁場
心意
本分
議場
両側
線量
地豆
夕飯
手紙
口中
号車
曲目
浴法
内外
下半
市売
側部
建物
親等
労使
科別
弟妹
海風
重苦
実作
酒代
村人
水面
鼻高
用水
父君
家集
大会
東海
市子
区民
太刀
葉山
物数
死様
曜日
部員
立場
左手
金地
土日
手間
相反
軽乗
上階
湖岸
手先
字名
門外
期別
局長
村長
月末
里子
学会
部長
用紙
本学
旅所
市区
用材
全都
線上
局数
上半
曲中
村内
機用
足先
県別
戦時
同組
薬店
次式
林地
半目
法院
理学
人王
語学
軍側
秋冬
次会
同業
陸海
表中
業界
用地
法案
用具
国人
新章
客用
中小
日祝
書面
場代
式場
都議
課員
大卒
小中
地内
作目
業法
数差
上右
多国
昼時
同学
水道
米大
員数
車道
院生
同字
語文
期末
園児
上左
上学
生年
語音
大外
室外
楽部
家本
町村
南中
塩浴
街中
各道
丸一
後目
衣食
表六
前駅
教徒
客屋
店側
音図
年百
下風
女役
発着
官学
港区
長短
茶畑
国中
国初
校生
海空
木気
転結
食住
自公
後人
都道
州立
産学
重味
人対