学校
時期
年度
文字
先生
方法
自身
国立
部分
海岸
中学
冬期
期間
人間
日曜
部屋
作業
都市
文化
前後
大学
行政
死後
議長
今後
後続
小学
時間
時代
利用
政府
地下
半生
試合
入院
動産
目的
貸借
毎月
流行
人員
長官
案内
国家
生産
区分
公園
大寺
意地
中年
独立
高級
安定
中心
頭金
年間
法人
入力
国別
年長
切断
議員
代議
地方
毎日
開発
暴風
上位
卒業
月曜
相手
右中
商品
現代
部隊
夜中
後半
所在
名山
酸化
高校
物語
先週
国際
祝祭
母音
音楽
時分
今月
反対
種類
書写
平等
近所
結局
計画
協議
公会
相対
前週
文章
旅行
等分
念仏
悪化
直後
種目
方式
父親
人類
長年
前年
病院
半分
代表
次元
終末
祖父
今週
音声
得手
多数
方面
結果
大体
先住
家屋
数字
管内
地区
毛止
大量
夕方
営業
昨年
発足
職種
最新
仕事
統治
県都
場所
前日
学園
自然
実際
現場
英語
同月
学年
職業
麦酒
空間
議定
自国
区間
上期
調製
東遊
住所
体協
発生
英文
地金
後日
使用
東洋
最初
採用
立方
後程
本年
評議
話者
左下
行方
午後
不快
新年
浴室
野球
無礼
明太
生命
白地
事業
木造
水産
大仏
部門
同県
本気
寄付
乗車
公用
正確
女子
城下
回転
上皮
仏教
生徒
司令
悪性
本来
分化
軍人
相殺
国防
半日
用語
道具
打者
食後
小生
図書
慣用
上流
大口
注文
分科
総合
共同
明朝
共通
比率
市場
午前
会社
街道
下車
外野
区別
算用
出入
労働
単語
報知
本部
西国
向上
文法
最高
増減
原則
留学
意味
型式
全部
長老
時季
製作
先取
食塩
活動
最近
深夜
委員
得意
来年
少女
通常
左中
男女
談判
左側
修業
現金
編入
母国
記者
現在
手首
反発
満足
土台
男性
半数
生前
勝利
形式
人生
集合
無念
先着
程度
隊道
成人
本当
好調
志向
台数
等価
機関
思考
試行
指向
解官
初頭
人口
試香
緑化
連合
永年
作戦
会堂
休館
政治
今夜
会見
前夜
人民
多面
勝負
評価
男子
次長
全線
米軍
品目
面子
温室
平和
外科
生死
同日
分別
役場
続発
行使
右側
正統
仕様
無理
機能
今朝
他動
通信
平年
元年
輸入
当初
古代
公式
今日
公明
今秋
今度
白黒
中宮
客車
連続
家族
教示
薬草
前線
科目
短編
転用
落着
兄弟
先日
機種
今回
着工
追放
世代
教室
勉強
再度
投手
都心
平日
出来
方形
音節
近年
少量
小便
会館
生理
中期
両県
先制
最終
幹線
中側
宿営
鼻音
変調
本人
最期
来月
健康
畑地
少数
各県
乗用
着火
過熱
追加
会議
世紀
同性
機具
道中
県政
今春
保安
材料
当時
実在
水曜
真底
運用
名所
金利
相場
類型
先月
車線
事実
図表
黒字
最低
親友
絶対
大差
表記
本日
職人
木綿
金曜
道祖
所有
大型
前月
今季
通例
学区
元気
火曜
直前
日常
未来
土曜
円形
行商
手数
作品
保温
小売
築後
通路
始終
前回
留置
術後
各語
地表
合戦
構築
中二
近日
大海
知覚
来夏
太古
木曜
現実
今夏
常考
大約
前期
鉄道
番地
南西
在学
食前
全員
遊園
未明
過多
未満
反面
先年
以上
連日
同夜
毎回
昨秋
昨冬
昨今
単身
内心
以来
計算
古来
早朝
以後
以前
今代
今冬
昨春
性来
生来
次月
先夜
追日
倍量
本月
毎秒
毎分
多少
中等
確率
席上
末日
声明
入口
無職
転変
以外
登坂
行動
反省
海外
燃料
公正
編集
手法
発表
帰館
区画
駅舎
大根
首都
局面
名目
直線
登場
分荷
道産
都会
中止
判決
法戦
大臣
初期
評定
海軍
年下
後年
他行
自営
休日
不良
希代
民間
卒中
後楽
状態
説明
入場
発電
病中
長男
安全
南北
国民
判例
常任
道路
条件
報効
放光
放校
酒気
集中
調教
年上
無音
期限
原動
発達
集会
都度
星状
林産
過去
加速
人材
上京
原産
食品
内部
姉妹
出馬
地上
市街
長女
共和
過古
具合
年金
間出
死者
中毒
自治
有界
駅員
感心
立法
毎朝
点検
静止
毎夜
挙句
今夕
下期
整枝
生指
静思
教授
学長
設計
買春
部会
助成
不定
大王
焼死
足下
音素
成敗
希望
役者
県内
教化
交配
興敗
主人
登用
天文
同時
学期
会同
国境
全米
治具
道県
分類
中央
赤字
園内
室内
自信
下宿
和文
別状
親方
落葉
夕食
複数
教員
本国
雨注
回数
空白
徒死
作用
楽観
学生
内戦
入会
起動
新曲
送信
青年
周辺
森林
相応
全面
士官
植民
大気
史料
周知
独学
未知
同町
月別
実力
鳥観
車中
軍用
関心
味方
母子
強化
生成
底止
都内
適当
定年
交用
航洋
徒歩
日別
倍増
成長
帰社
文言
帰路
年末
兵力
防止
整形
後頭
清算
精算
製産
部位
保護
対立
選手
複合
近着
両方
身代
予定
費用
暴死
余波
役員
達成
年内
朝市
集団
感動
労動
公有
飛行
同区
修理
発動
計上
試用
飼養
検分
正路
事故
登山
可寒
正午
新旧
面積
見分
登院
工業
自分
神仏
内生
中部
中立
弁別
再生
朝食
放出
事件
昼間
銀行
受給
曲線
次男
研究
初等
個体
社長
件数
交通
道内
人道
苦行
通達
社内
連中
開眼
組長
分布
明細
登記
転石
公開
性能
投寄
登基
種別
場面
風流
和音
位置
正答
後期
無声
客間
走行
頭身
内面
運営
型録
課税
強大
内科
給付
戦勢
戦声
下位
水辺
本性
走航
来日
苦使
実行
多発
貿易
礼状
外食
波形
対応
転化
個人
愛唱
愛賞
功労
野犬
海道
内定
標的
機構
参画
考究
行休
講究
注進
球団
高台
調整
受付
照明
新入
外大
草原
県際
各駅
示現
制作
検査
対象
故造
指令
焼造
美化
目下
時雨
競技
次第
形状
建都
空頭
公平
富人
父人
不変
位地
語内
失効
職場
放心
放神
出定
先程
仲人
講演
父方
転乗
正当
休止
口外
開通
思料
思量
上場
混合
兄妹
帰農
意見
初心
投資
試製
会場
開放
高価
編成
書店
対話
出品
正常
指定
会計
内陸
教育
居住
技術
形成
日程
成功
無事
県道
別院
完成
眼目
知名
上級
強情
実験
最後
父子
公演
古風
戦線
大同
下官
口演
好演
分野
本店
解散
今世
統一
駅伝
試刷
内容
試飲
市外
事情
判事
仕進
機会
器官
天元
興起
地形
登仕
分隊
実体
海兵
航行
各年
貸付
理解
加農
検算
験算
団体
長生
道州
反転
停年
活用
交流
等置
半転
兵士
価格
参集
数量
定義
参加
番組
総数
人物
発声
路線
対外
快適
加護
太平
南海
有望
物件
別表
成年
観戦
行列
馬鹿
用心
書物
自重
持重
色素
重任
保証
開店
自愛
数次
台風
同国
文節
手記
精明
低度
使令
営救
図解
赤外
無線
飼料
打線
来秋
気分
合格
見学
清記
道理
面皮
約束
間語
南山
開城
開場
帰府
制度
構成
社会
年数
厚司
厚子
招待
整理
空気
採集
待機
無法
開口
活気
仮定
接見
助役
休戦
前住
特進
分筆
古都
陸上
適用
決議
転科
何百
各国
下方
祝日
南方
協同
月額
行進
内服
感覚
軽水
所期
土産
木製
気味
散水
打点
確立
合計
教導
内省
回遊
散調
通気
安置
開戦
転回
何時
下品
交信
後進
高進
航進
協会
住戸
武家
文末
青眼
場合
登板
炭化
放置
大台
変態
理想
同船
秋桜
試写
母親
報道
戦力
温浴
休電
給電
再思
気風
受学
相待
養命
原作
節気
連戦
右上
木立
不満
校正
保佐
死語
事務
対置
保守
進歩
不服
商人
多岐
調法
時機
迷路
料金
唱和
気死
減産
非道
減酸
首相
信心
帰来
打数
確定
興行
助勢
信用
精確
制動
公子
極寒
習合
生動
焼売
頭数
焼成
選挙
全額
共有
出版
広遠
高遠
消火
相関
観客
休刊
的中
付会
上辺
同行
直接
電子
実質
化体
米側
通行
刷子
意義
細分
長命
分光
考察
真実
選炭
調査
同定
表現
祖布
答申
下等
協力
史学
試作
投身
東進
歩行
朝方
改元
開現
画一
感性
体験
物心
面責
次回
筆答
対戦
筆記
明方
点字
土地
過冷
再現
仕官
進入
着香
急増
消長
自記
非行
改選
会戦
金属
待合
急造
信任
過食
兄事
宿衛
実現
開業
王国
支給
着荷
着果
的当
電気
分節
利子
加熱
低調
再製
女神
他県
回議
開平
記録
生害
点灯
島民
同参
遊飛
令状
商量
判示
要心
再整
中略
点頭
南下
固辞
戦前
分設
固持
愛読
有平
以冷
飲茶
海象
苦力
弓歩
支票
再見
先山
上食
香功
白紙
太好
湯円
治冷
差官
茶母
茶語
主思
中張
店里
短工
対子
都卒
都率
通禁
同務
奈落
馬油
白薬
包子
肥肉
長服
海印
会飯
黄米
望祭
姉夫
弱半
礼武
老大
連玉
少半
適応
同苦
標定
標記
回線
国会
散布
重厚
合成
本体
飯店
仮植
高率
南無
確答
転記
運航
主唱
不足
加味
週間
首唱
連敗
起工
助平
加減
寄港
寄航
帰岡
帰港
帰耕
帰航
起耕
心配
規定
実家
切開
投入
末弟
会合
安心
音信
加工
復帰
低下
確信
告解
妹役
逆転
両市
再刊
要約
作歌
相続
投票
新作
連結
作家
進行
親切
平方
結合
所属
新築
売春
欠課
春先
大昔
本章
調達
構造
入城
入定
物質
編修
女王
客死
可口
制限
燃焼
問注
白菜
整型
投球
深考
深耕
進向
進航
進講
規制
修学
自判
手順
手当
風化
物流
会談
習学
新刊
助産
飛車
帰島
帰投
帰東
自衛
院内
帰商
矢先
折節
死別
矢庭
遊歩
動転
次期
配流
側面
石庭
生天
族生
続生
伝達
件制
白色
帰隊
共感
在任
選好
登極
建成
投書
投下
頭書
厚労
試乗
初代
経験
周回
大手
小額
大魚
給水
保全
選考
同省
放冷
修行
選鉱
養護
確聞
量産
楽団
発散
帰合
現地
実用
建造
不便
分枝
歴仕
議会
志望
手術
築城
同居
回答
和解
先行
入浴
命名
料理
乗船
車内
精強
同人
勇進
各局
青銅
決定
身内
開山
作文
重点
保香
考案
全国
対局
先報
送進
両手
挙手
減色
減食
組織
統計
後見
出山
人種
病死
各界
終演
不実
平均
業種
基幹
年表
府省
分散
解放
相当
大戦
他界
合点
季刊
季感
規管
世話
通報
同感
航空
失業
対治
本丸
情報
院長
演算
字体
増大
提起
表示
付置
布置
接待
組成
不評
手足
復号
戦後
間食
役人
限定
小説
本音
観察
賛同
両眼
死産
証明
増長
林業
参堂
明記
起兵
強行
生別
全県
東上
得点
破産
放言
共耕
景色
自転
対照
念持
無死
計都
大笑
平常
改修
角行
高談
急行
成業
正心
接続
明示
連発
応用
回帰
夏季
減益
変死
塩化
快気
仮設
電話
公表
作成
参上
出板
相談
進水
選別
他所
適中
周波
親祭
受理
同車
文書
参院
事犯
重心
別居
強制
再興
書道
年報
暴走
過当
出現
初版
治領
東下
等化
別送
開港
合算
再考
加里
再行
採鉱
主張
少額
有志
死戦
消費
養子
以内
減軽
工事
心会
本島
確保
家庭
正覚
関連
作曲
常飲
提示
天気
要記
観光
提議
編制
心中
制約
設定
通学
安打
移行
自書
不意
移建
減少
参観
参館
実検
実見
入山
上等
管理
金魚
成約
低率
分業
作動
発給
発見
必要
非礼
保定
連勝
安神
共起
採金
出産
製造
転職
礼賛
理会
感謝
午飯
所持
静観
何事
明日
引照
引証
運転
宮中
代用
保助
細精
南行
分解
意志
肥厚
意思
航海
転地
転置
発行
分断
道里
発音
領会
領解
研学
賞状
板書
起業
減税
指導
加勢
化成
火制
起因
進級
新造
回航
開校
開興
気化
経過
等級
付加
復員
服飲
夜間
和合
同期
導波
道破
連用
粉末
講解
正用
静養
禁止
参究
判別
飛動
薬湯
交会
水中
成形
勢力
戦勝
動員
居留
基因
地場
発覚
運行
気配
原因
後部
告白
取用
乗算
配水
服務
感受
帰院
協和
精読
比興
負荷
移送
会食
検眼
商売
実数
多用
治水
登営
輪講
愛用
会話
画定
試算
導水
転形
熱中
仏法
作製
付和
上船
任用
林道
詩作
自立
図式
成立
友達
同調
毎秋
出立
検証
代行
通交
通好
通航
同化
共立
主導
正月
上達
全開
同室
発話
放念
流用
新任
直面
直行
輪唱
競争
週末
出力
測定
代置
育成
快談
解団
交遊
親任
改行
出発
筆写
返上
管制
成型
栄達
完整
感精
起行
集散
制定
集約
授業
全快
風習
表明
布達
報告
開葉
訓練
欠食
建言
交代
識別
養成
開示
見性
散歩
始動
布教
付属
法王
改号
給食
挙上
月数
帰朝
上向
着地
開会
開講
寄声
寄生
帰省
規整
規正
賞用
省略
深厚
正言
転向
平気
解答
帰属
議決
混浴
最好
破損
結実
研修
減損
出火
出張
消化
対交
対向
対校
転校
非情
立案
回頭
県外
残業
登録
快投
対質
大別
注意
注記
通算
復旧
保衛
完投
完登
帰城
苦学
出演
受信
設立
登校
命令
教訓
検定
酸敗
支配
生下
兆候
読字
可楽
正規
注目
回復
出頭
住寺
通園
年少
列車
交差
資助
自知
美食
意識
印加
印可
引火
行持
参賀
耳語
転航
得道
導引
皮肉
変光
面会
両駅
鹿毛
自作
神宮
当選
白月
不明
遊息
回向
会読
回読
解読
記念
造園
風選
来基
演技
学習
検察
増台
大安
花見
標示
強調
減資
集計
前出
通用
年令
発売
売買
不幸
予約
利水
運動
活性
休心
休神
検挙
厚顔
再問
受験
想起
草食
総理
調香
長考
道楽
入寺
仏参
歩測
要言
流入
営建
急進
強記
高名
増額
代理
基本
休校
休耕
休航
休講
急航
具体
建築
質問
守護
送気
増加
治産
病気
復元
圧死
課金
苦戦
結集
取得
証印
準備
注加
発光
発車
反応
飛下
予知
感取
観取
在住
信受
親授
実習
損失
入金
発効
表出
保有
化石
観賞
求人
協賛
競走
終止
着用
定着
転作
同道
判定
悲観
変形
落下
帰順
種植
送検
調節
通商
通約
提出
休職
講評
試演
想見
総見
導入
入手
野宿
発向
毎年
印刷
液化
句作
欠損
減点
再築
司会
出資
先発
増税
調停
通過
統合
入荷
敗北
発明
服用
分界
平行
解決
決算
講習
参入
失礼
持続
整流
直結
転院
配分
判断
防水
野生
予想
応唱
協定
合同
指教
示教
写生
主客
取材
新設
接客
先勝
増産
団結
着目
直通
直観
変身
保育
流放
海食
解職
帰化
求職
減員
固定
神兵
受賞
増員
直航
発言
保持
要求
録音
億兆
億万
快復
帰加
清書
禁固
減量
耕営
講義
講和
講話
支出
失敗
集積
主働
主動
説得
前進
速報
多謝
直交
適合
特定
保管
流動
解体
感得
帰休
旧家
逆上
決心
決戦
建設
公選
採炭
参府
説教
速定
速決
直感
復興
予測
来所
愛好
安産
荷電
休会
経理
検出
考選
航戦
産出
借金
修習
拾集
出仕
臣属
親和
自首
実証
受業
受検
上司
製材
節約
選木
測地
続出
防衛
面接
暗記
起番
協調
合意
省察
商店
申告
自殺
自守
精察
早産
増進
造林
打破
中断
調和
直立
努力
病木
復原
布石
包囲
放鳥
連立
録画
悪用
改定
群集
下落
国内
告発
司配
照合
親告
自足
受講
成道
整合
戦死
先導
増刊
造形
代弁
定位
定住
低迷
投合
特化
土着
肥大
文選
変色
予報
領有
横領
解説
改造
仮授
加授
合宿
帰国
記述
形容
限局
考査
交戦
後置
混雑
作刀
算出
賛成
山積
算定
在庫
在留
失走
拾得
植林
上陸
製図
想定
増強
造成
調合
通院
通話
入所
筆受
表白
便乗
復活
分課
分家
別記
防戦
落成
練習
往返
黄変
開設
覚得
完勝
感賞
観照
完走
観望
学修
休業
競合
許可
局限
曲言
極言
曲折
軽減
結成
検札
耕運
司式
主演
招来
自演
辞職
自選
設備
増価
増発
談合
中絶
調印
提案
低減
特集
入居
配達
配布
判明
分配
面談
立証
類似
連破
移乗
移城
遠投
解明
可決
関説
帰天
帰店
休養
共栄
寄留
禁酒
係属
減給
現像
言明
護衛
産生
敗欠
習得
出世
出席
出費
出願
実測
辞任
常備
水泳
接種
先述
選述
選定
送付
足温
続行
単行
着手
直営
直属
通告
通知
低出
提唱
転貸
伝道
同情
入港
敗戦
配線
白熱
発注
発令
付着
返信
弁護
明言
養育
来場
連想
連帯
永住
演習
応対
横断
開園
開花
開席
改測
学問
合唱
救養
給養
近接
経由
決起
決別
交易
高温
後伝
語林
再演
算入
志願
試着
修得
手交
守備
消去
照査
商談
進空
持参
授賞
上演
上申
常置
乗馬
成仏
乗務
製塩
積分
節税
前述
速答
造型
属性
大挙
対決
対談
談話
着服
追求
提言
低唱
転落
伝送
伝導
伝来
得票
道取
独走
独断
入漁
入札
配当
配付
発想
発現
非議
筆算
比定
服事
複製
付言
付帯
変心
名状
命中
由来
要望
来島
落札
留年
輪作
連関
連係
圧勝
暗殺
安住
印象
引責
遠引
開演
改貨
開化
回折
改設
解隊
開隊
化合
加入
完結
完敗
外反
合作
合本
帰県
気絶
記入
起票
共演
鏡検
校合
協商
曲解
空輸
具現
計測
係留
欠席
結線
血戦
決着
欠場
決断
向首
口述
告示
告別
合囲
合流
再転
採点
再燃
作画
査察
査証
参朝
参列
雑談
残留
死去
止血
使送
試走
失格
謝罪
終結
集信
周遊
集録
出家
出動
消毒
賞味
書見
進軍
新市
新修
進転
自修
自習
実演
自負
受行
受精
受注
助長
助力
生育
生息
接近
節食
選任
絶望
率先
増悪
造進
断言
断食
着色
調波
停電
転医
転居
転戦
伝言
伝動
電導
登第
当直
投薬
徒過
徳化
入賞
入道
入門
念願
配信
配備
発送
発熱
半減
反復
反落
服役
復学
復職
復交
復航
付録
物色
分岐
文通
返金
返品
勉学
放送
報復
包容
防音
望見
防護
満開
遊説
勇断
予見
予断
落後
楽勝
立件
留意
留保
歴任
練修
連接
連動
愛育
愛飲
合着
愛護
愛重
悪投
圧殺
圧接
圧雪
圧送
圧着
圧服
圧入
暗合
案出
暗唱
暗示
安息
安着
暗転
案配
案分
安名
安養
移居
育休
移住
移設
移築
移着
移入
委任
移牧
移民
引決
印字
引接
引湯
飲福
因由
上木
運休
雲散
運算
雲集
運送
運筆
栄進
営巣
永続
栄転
泳動
永別
会得
遠泳
演出
演説
遠望
横行
往生
応接
応待
応談
横転
往復
往来
音写
音読
加圧
改悪
改易
快演
開学
開局
解禁
化育
回訓
改作
改札
開札
海産
改質
改新
改組
回達
開帳
開張
開田
解得
改任
解任
解氷
開票
開表
改名
開門
解約
開立
回礼
解列
科役
加温
家居
確言
確約
下行
仮借
過信
加上
火定
下達
活写
活着
活歩
加配
加筆
下問
完泳
感化
感荷
管貨
官給
感泣
官許
観血
感合
感作
間作
感通
感電
完読
観念
完売
完備
感服
完歩
間歩
官遊
外在
外切
外接
合州
願望
起案
帰一
帰営
帰英
帰去
起居
帰京
起義
帰結
帰参
帰山
起算
寄宿
寄進
寄住
帰住
帰日
帰入
帰任
起筆
帰服
帰福
帰仏
帰米
記名
起毛
求愛
救育
休演
給血
急減
救護
救出
救助
求積
急設
急送
給送
休息
給炭
急追
急転
給湯
急熱
救農
急発
給費
求評
給氷
急変
急報
究明
給油
急落
急冷
共愛
強圧
競泳
協演
競演
協応
協業
教護
共作
競作
教習
共唱
強打
強直
強熱
強弁
共鳴
協約
競落
教練
局在
曲説
曲筆
曲練
挙行
挙式
挙証
挙示
去勢
曲行
挙兵
挙用
許容
去来
起立
禁圧
禁絶
禁足
禁断
金打
均分
義絶
逆算
逆送
逆用
逆流
逆化
牛飲
行水
行道
空運
空想
空転
空発
空費
苦考
訓育
訓化
訓告
訓授
訓電
訓導
訓読
訓令
具申
具足
具備
具有
群泳
群居
群植
群発
群飛
群立
軽信
係船
経略
結球
欠失
血書
欠相
結着
欠配
血判
結氷
決意
決絶
結像
結団
結約
欠落
欠礼
検案
件引
検温
建郡
建国
検束
検波
建白
検品
検便
検量
下向
下校
下船
下天
解毒
解熱
下阪
減圧
減塩
限画
減殺
減車
現出
減水
現前
現送
減反
減配
減歩
元服
現有
公許
行軍
交雑
口授
公述
後述
講述
交接
講説
口達
講読
好発
公売
極似
固結
固守
固着
固保
混結
混血
混交
混作
混在
混焼
混植
混色
混食
混信
根治
混住
混戦
混線
根絶
混走
混態
混注
混入
混配
混迷
混用
建立
混和
号泣
合級
合議
強殺
合築
合有
号令
護送
護念
才覚
再挙
採決
採血
採取
細述
採石
再説
細説
妻帯
再伝
再読
再版
細別
採便
採油
再録
採録
再話
作字
作図
作説
作表
作病
作仏
注油
作興
殺出
刷新
殺減
察病
査読
査問
山居
散見
散花
散在
散財
散宿
賛助
算測
産炭
参着
散点
散発
賛美
在役
在園
在校
在国
在室
在宿
在職
在城
在席
在朝
在天
在府
雑居
雑交
雑食
残害
残置
飼育
使役
死守
止宿
失火
失禁
失血
失笑
失職
失心
失神
失速
失言
失念
失望
失明
失落
試読
指南
思念
思弁
支弁
支保
試問
舎営
借財
借問
借用
社告
写書
謝絶
写像
集荷
集貨
集客
集居
集金
集結
修交
修好
周航
集材
集取
終息
集束
修築
集注
集熱
集配
終売
集票
修復
修養
集列
修練
習練
取経
祝歌
祝賀
宿直
祝福
手写
首実
取水
出京
出句
出庫
出札
出社
出走
出炭
出府
出兵
出芽
出題
出土
出役
出遊
商議
消失
焼失
焼身
照準
焼損
笑談
商定
唱導
唱道
小破
照破
小別
初演
食害
食言
属望
植毛
属目
所望
所立
信愛
心願
進宮
進言
申述
信順
深達
申達
進達
身読
進発
信服
心服
臣服
自活
自害
自学
直書
直達
直答
辞去
直話
自決
自賛
示達
実査
実写
実働
実動
自得
自任
自白
自弁
自問
弱化
重刊
重合
重刷
重出
重版
重来
受音
受授
授受
授精
受像
述作
受電
受任
受配
受粉
受命
入来
準行
順向
順行
順守
順接
順適
準用
順礼
上告
常食
常住
上述
上接
常設
常直
上程
助演
助走
助命
水書
数引
図説
制圧
成育
精査
製出
整序
精通
製版
製氷
製表
整復
製粉
西望
精米
精油
製油
西来
整列
精練
積算
積習
責問
赤化
説経
接写
節酒
殺生
節水
節制
接雪
折損
接着
説破
折半
説服
説法
設営
切願
接岸
切言
節減
接合
説示
接受
説述
設題
節電
切望
節米
設問
節略
節録
選歌
選球
選曲
先議
先決
前定
選評
選文
絶家
絶賛
絶食
絶息
絶命
全休
前借
全敗
全有
相愛
送液
送客
送金
争議
想出
送出
送水
総説
送達
早着
走破
送波
送本
総和
送話
測算
速写
測図
速成
速断
速読
測量
祖述
速記
卒去
率服
卒園
卒起
卒読
率由
素読
増圧
造営
象眼
増給
増結
造血
造語
雑言
増刷
増車
造修
増植
造寺
増水
造巣
増速
増多
増反
増置
増築
造築
造鉄
造都
増投
増頭
増波
増配
増費
増便
増兵
増率
増量
続演
続戦
続報
続落
続刊
続航
大言
帯出
体得
大破
大敗
待望
多作
他出
多食
立食
達観
多読
単作
単伝
代位
代願
代参
代読
代筆
打算
打設
打電
談義
談議
断交
断行
断罪
断種
断首
談笑
断水
断切
断線
断絶
断続
断定
断念
断筆
置局
築成
築造
知得
着意
着衣
着岸
着眼
着信
着水
着生
着席
着雪
着船
着想
着帯
着隊
着電
着任
着筆
着味
着陸
茶事
着京
着金
茶変
注水
注入
注力
朝賀
張行
長欠
調質
調息
長息
調弁
調味
調練
貯金
直衛
直仕
直進
直上
直送
直読
直売
直流
貯水
直覚
直帰
貯留
追究
追給
追考
追試
追念
追録
通観
通関
通計
通作
通水
通底
通電
通読
通分
通弁
通有
低回
停会
停戦
停船
底通
低頭
停波
低落
停留
適飲
適食
転位
転移
転運
転学
点眼
転給
転極
転業
点在
転質
転写
転社
転借
転宿
点出
転出
転住
点定
転送
転属
転読
転入
転任
転売
電解
伝習
伝受
伝授
伝世
伝線
伝聞
投宿
投出
投石
統率
湯浴
東流
答礼
特出
特設
特選
特待
特注
得度
特配
特発
特売
特筆
特報
特約
特立
特記
特訓
徒費
同宿
導出
同席
同流
独演
毒害
毒殺
毒死
独修
独習
独唱
読唱
読図
独任
読破
独白
読話
読過
読解
独居
内応
内決
内検
内見
内借
内申
内示
内助
内切
内接
内属
内達
内談
内転
内聞
内命
内約
南進
南面
入集
入営
入園
入館
入京
入局
入庫
入校
入構
入行
入質
入室
入省
入植
入信
入説
入村
入隊
入団
入地
入着
入朝
入島
入湯
入堂
入番
入府
入北
入明
入林
任官
任限
任命
熱賛
熱愛
熱演
熱願
熱読
熱望
配管
配給
配合
配車
配乗
配石
敗走
配送
配属
配点
配転
配電
配本
配役
配列
破顔
白状
破折
波食
破水
破断
発刊
発根
発出
発色
発走
発付
発布
発案
発育
発黄
発芽
発議
発病
発来
破敗
破門
反逆
反言
半周
反則
犯則
判読
反命
反問
倍旧
売約
馬耕
馬食
飛去
飛散
費消
比色
飛雪
必修
必敗
必発
筆談
必読
筆問
筆録
肥満
氷解
氷結
票決
表決
評決
評唱
標別
氷冷
貧血
品評
病欠
秒殺
風食
風飛
風聞
付議
復円
復温
復業
服罪
複写
復唱
復生
復席
服属
復読
服毒
復配
復命
布告
不参
付設
布設
復刊
復古
付番
付保
不夜
粉食
部属
物故
分球
分合
分宿
分水
分村
分属
分電
分売
分立
分列
分路
平章
平身
平定
平分
変位
変移
変改
編曲
返血
変質
返照
編述
変節
変説
返送
変速
変造
変通
変転
返答
変敗
返付
返弁
返報
返本
変約
変容
返礼
米食
別家
別注
別言
弁解
弁明
放下
放去
報祭
放散
報謝
放水
放談
放電
放任
放熱
放馬
放牧
包有
放流
北面
北流
保形
保合
保続
発願
発念
保養
保留
本復
暴圧
防圧
暴飲
暴食
防石
暴発
防備
暴落
墓参
満水
味得
味読
脈動
夢想
明察
鳴謝
迷走
明断
明答
迷入
面授
面話
目算
目測
目礼
問罪
問責
夜営
野営
約言
薬殺
約定
約分
野合
由因
遊泳
遊興
遊行
遊牧
遊歴
輸液
輸血
輸送
輸注
用談
要談
要略
予覚
予言
予告
予察
予習
予熱
来院
来園
来演
来往
来会
来局
来校
来航
来住
来村
来談
来着
来任
来阪
来福
礼仏
来米
来報
来熊
来遊
落手
落城
落石
落雪
落選
落第
落鳥
落鉄
落馬
落筆
落命
落球
利確
力泳
力演
力説
力走
陸生
陸送
立説
立願
立言
利導
略言
略取
略述
略説
略筆
略記
略挙
流下
流産
流失
留心
流送
流注
流伝
留日
留任
流連
留連
領受
領属
領台
両断
量定
両倍
領略
輪転
輪読
林立
類焼
類比
流転
流布
冷飲
冷殺
例証
冷笑
令達
冷評
歴観
歴遊
列挙
列席
列品
列立
練行
連作
連写
連取
連乗
練成
連打
連判
老成
録取
和楽
和談
和読
暗算
移出
移配
引見
営造
回心
横着
改心
改進
開申
仮作
合評
区電
訓示
口受
採種
作案
在位
在荷
照応
省知
自適
人立
精白
折中
節限
全通
送受
直言
答弁
内分
入電
入養
発受
発問
復位
分取
分出
分有
北進
発起
本有
鳴動
目送
問答
遊観
遊日
油断
和協
和適
石室
運化
交合
再任
作詩
差配
自答
精選
想望
代決
停車
入線
配植
配食
弁知
輸出
予感
連記
移転
国定
正解
政転
正転
台積
代書
築設
入選
番外
布令
留出
回申
回内
下付
外注
口唱
護持
査定
在社
電送
度外
内通
入国
配色
判知
陸工
陸行
検地
察知
同乗
熱唱
再選
終決
代言
階上
検知
下乗
最大
首位
世態
節用
明転
来朝
出港
進動
当局
答電
飛来
具状
個別
内在
経費
告期
混同
参席
証言
上水
予期
地中
試験
選句
独航
便所
羽化
雨下
応札
改築
水死
精製
体現
転調
減失
集字
集治
招集
生得
見知
元加
固化
出航
受容
造反
追記
朝陽
各自
出校
出講
受用
想化
定植
流出
和歌
寄書
内向
横過
黄化
自走
外化
苦笑
殺人
内観
別売
飲食
広告
厚生
試技
倍加
不和
京進
協心
順化
送電
風発
参戦
周章
相伝
領置
角度
好転
束糸
定立
下命
工作
公告
何物
開所
力行
課程
急死
全治
加給
給紙
指名
持久
自給
生長
学内
帰船
造立
留守
焼殺
温良
指命
消殺
笑殺
整調
下城
公転
耕転
発信
開国
原木
照会
何者
例外
好適
横死
均等
再議
再発
世父
正負
西府
明神
整備
帯同
発進
前記
発会
設置
期待
食用
語用
混成
混生
混製
連行
改正
照見
造設
発意
逆言
深切
味解
計量
付合
深謝
増作
笑面
間際
調薬
分乗
分留
植皮
水夫
根元
過大
登行
同駅
放歌
放火
軍楽
回想
快走
新橋
独行
反航
板行
版行
来下
回送
改題
解題
製本
代作
冷静
早生
男児
内用
合法
地質
丁重
主理
末席
回付
旧型
出国
分県
有毒
水浴
短歌
方正
試打
新調
次代
北西
花期
学道
原語
例示
意解
国府
本表
老化
競馬
事例
本番
立身
出荷
発火
共食
公司
破約
来社
数額
法令
強要
桜月
支判
上乗
名作
改印
開院
自大
複雑
休学
公約
不精
精良
全勝
全焼
統制
改制
改製
現示
都県
物理
無用
急告
石高
出向
昭示
消散
賞賛
次官
送像
木化
陽性
各文
口答
実直
茶店
応答
接戦
本名
役目
共編
不正
変成
刊行
苦心
細工
新興
文語
両日
経始
交付
大軍
武者
夏期
極道
茶目
農家
無情
余分
改版
解版
教官
健勝
終漁
弱者
帯電
不興
富強
最悪
用法
寄食
同店
不在
仮現
記号
救治
給事
給仕
兵器
米中
公布
幸福
整地
静置
布地
子細
夜行
陽転
平板
歌人
所管
参議
知照
好評
再検
出金
完工
完航
感光
幸運
里山
神木
下学
告知
農水
光栄
公共
不能
歴史
山行
洋行
自由
用船
来観
使行
支行
死交
紙工
試航
冷寒
完治
参内
散大
精進
未定
大息
体制
太息
付記
応戦
円高
音質
効験
参照
母印
単調
採食
菜食
外戸
同然
立正
機動
水平
不潔
外遊
不順
応分
紀念
好運
低温
同府
番頭
仏的
側聞
馬車
便利
長大
富有
軽率
重度
注解
無力
均一
検鏡
験鏡
実態
電力
火急
精細
未練
有用
感応
極度
広博
固有
心苦
弱小
条例
冷水
変名
有益
回護
寒冷
健在
減速
極悪
進出
上府
絶険
横暴
強健
禁制
軽利
個有
弱少
清潔
多才
直角
不備
無能
有限
暗弱
移用
温厚
温順
温和
快活
快美
仮空
果決
機活
旧式
均質
軽少
軽便
潔白
険悪
険相
下直
高潔
高直
最軽
最弱
最美
小心
失当
質実
小食
少食
小弱
親愛
深遠
新式
新生
神速
自明
重悪
順良
情弱
清白
政経
清絶
正則
絶美
絶無
全一
息災
多音
多芸
多識
達筆
多病
多望
短小
大力
中速
低能
低平
適任
鉄火
伝法
等質
得用
徳用
同格
能弁
博学
博識
博大
非分
非力
貧小
貧弱
貧相
病弱
不易
不群
分外
文弱
分任
平明
変則
別様
豊満
暴悪
暴横
暴逆
無害
無学
無欠
無下
無芸
無根
無際
無徳
無毒
無筆
有角
有責
有節
有的
有能
老功
老実
和順
遠大
応化
希有
切要
短気
悲酸
明解
利発
水色
産後
低級
弱体
平易
後手
国外
日参
入用
因果
半成
平地
部局
山高
子音
西側
価額
観測
中三
無道
下線
関係
定常
西北
本式
要人
白化
登城
平復
勇気
意図
語末
大書
対数
平静
悪行
主管
漢字
定数
交際
組員
分地
分置
聞知
合性
下記
書状
海童
解同
開堂
開道
可住
北東
不覚
好配
高配
方角
移管
花器
風雲
検注
風味
晴和
安静
船員
引率
駅名
定置
質素
農業
減石
打開
帰着
米英
製紙
開板
火中
群生
航続
目前
公族
増益
火気
過期
仮想
北星
公示
幹事
加持
新人
整正
本数
体動
総額
都師
移調
高額
小型
自失
奈何
和英
係争
調進
防風
改良
馬上
回国
半焼
反証
無限
略解
果報
官治
感知
管知
関知
細評
近道
引用
好古
小豆
日焼
薬物
検死
店内
防守
紀元
用意
国税
表情
機序
動向
洋犬
同通
無知
何十
線引
整美
精美
送球
手配
読書
飲用
表側
年率
武道
温製
主計
軍事
大形
女児
破格
県立
書類
題額
追想
追走
部品
減算
長遠
貸記
仮入
切土
公安
宿次
書損
足算
早弁
引算
店番
油通
来崎
楽書
半月
増資
兵卒
余生
大損
休場
在官
植字
基底
小数
大小
利下
親分
加判
指図
差図
養生
起草
信知
文部
確証
増設
他言
口上
日時
防災
後場
湯治
包交
報行
方広
豊鉱
老人
列記
香水
真似
金門
加階
順位
流星
復調
印行
過程
無効
有声
頭側
下司
下種
試食
朝刊
医薬
塩分
候鳥
素材
高速
絶交
再変
合手
対手
開始
青春
防空
無口
現職
県側
字間
寺官
寺観
時感
耳管
自館
辞官
休部
多量
分流
夢死
無始
無子
無歯
故都
南国
両親
資生
楽屋
機器
主義
賞美
正士
代講
代香
長管
本物
加算
戦争
代謝
大地
日記
精神
橋台
経題
鏡台
下馬
逆向
戦隊
木工
手帳
勇健
再起
乗組
全体
配置
本神
同年
次女
自生
伝写
当用
国道
接地
徒長
決行
自制
移動
欠航
自省
自製
米兵
客室
女史
公言
文科
広言
高言
先手
国歌
考量
州都
商業
灯用
等容
海魚
歌話
立木
西下
精子
地法
漁村
正使
転生
楽天
世子
政史
政思
正思
精思
製糸
青史
青糸
国花
黒化
笑止
本土
気質
上官
参進
市内
合図
前場
玉子
絵本
建議
多感
広場
復習
旅館
化現
商工
効用
正対
定期
内食
類別
松竹
暗黒
北方
勇戦
夫妻
君子
正直
水食
日英
行灯
再会
付近
服薬
国王
花屋
旗手
軽快
半紙
武門
反古
雨後
税金
報身
見世
古意
故意
文明
北道
医事
医士
医治
意字
器種
寄主
期首
機首
記主
起手
起首
方今
身方
口語
起原
治定
早世
県名
放資
方士
法司
正史
計器
熱発
府内
新聞
計機
軽機
軽気
内気
言上
終業
多額
市井
式年
水準
各種
軍隊
転成
同件
同見
農大
量子
強気
工大
黒鉄
国保
何千
工合
断長
家事
情死
打合
改変
改編
絵画
基原
司法
入舎
弱気
気弱
半球
勝気
月歩
西紀
入車
顔黒
化境
気重
気管
気早
気任
中深
乗気
不慣
不様
無様
真逆
産業
焼香
少考
消光
立直
図示
社員
総体
総隊
草体
帯刀
空中
送配
算当
試金
分省
分章
文相
暴行
車両
外部
心身
新線
大界
中耕
始語
子午
詩語
識語
転身
別命
地元
転進
赤面
平治
交情
定考
鉱場
始業
大名
内包
税率
前接
黄緑
楽章
賞品
前半
他家
性別
町方
会期
解消
大日
流会
和平
参向
参校
陽気
心理
文武
多雨
任期
両分
快勝
雑記
取引
会商
小品
科技
共生
全英
方言
老年
家具
国教
検問
指示
舎利
木材
進化
次数
声道
品質
面相
広目
交子
光子
公使
厚志
好詩
後市
校史
考試
高士
高師
高思
広用
後葉
耕用
鉱用
自証
破口
港市
前代
極楽
勝計
小計
学卒
採長
左折
総力
神通
合一
造機
先方
進移
定時
音量
条約
年官
口約
支持
中隊
中身
率法
家書
歌書
課所
年刊
思案
火器
起用
見当
深化
地位
客土
神化
境内
週刊
治外
分限
子犬
告祭
周刊
州間
秋官
終刊
反目
酒店
待命
付表
老死
真夏
参考
清楽
米比
広量
同港
幹部
画格
画角
賀客
大陸
分周
時新
自心
勝手
助士
助師
女士
序詩
谷間
無化
小節
通帳
師事
団会
戦略
線路
天上
公館
公団
資格
不知
支店
学院
上空
適帰
米紙
曲名
気力
果断
最小
左刀
差等
個客
基金
死生
品物
台頭
相図
全集
回生
消灯
対当
屋上
格差
各紙
様式
現役
大義
無功
無向
無香
自動
全周
全州
全習
半間
衛生
屋内
学職
公刊
先見
清遊
美音
車庫
自死
課内
他方
動作
仏像
館内
気道
漢現
近似
内議
海水
仮説
本社
元日
木仏
好色
皮相
性格
区史
買物
親水
区市
同社
日額
法式
海戦
器具
雨師
形情
景情
来集
悪声
悪政
容積
居村
音感
病因
白昼
立地
練達
順天
軍資
差額
県境
時限
火山
刀利
同数
変字
寺院
表面
花粉
時計
見参
代入
理工
製鉄
都所
変事
編次
本元
油分
成犬
政見
生検
精検
混乗
中進
反張
追手
工面
時言
仕法
市報
死法
示方
詩法
予防
今生
他覚
開版
小序
中新
生後
日仏
同高
表具
教科
走査
主法
資料
字句
目標
遠海
小包
臣事
農産
葉書
興信
口頭
公立
親信
総持
油化
戦場
中性
反例
余所
中正
不合
海保
軍団
古像
船首
政都
正都
関税
空港
主戦
年礼
紙本
細書
公国
夜食
公害
転付
語原
先主
戦守
線種
船手
船種
地図
同好
英字
共用
商法
本心
対比
赤茶
局注
国交
旧州
旧習
球周
残高
始覚
死角
詩客
詩格
投足
同校
興会
漁船
最深
市制
道交
道場
老後
市学
志学
試楽
商状
同効
同工
同鉱
同香
導光
銅工
銅鉱
墓標
木像
外照
外省
原住
事大
対生
各地
保険
句切
家人
絶句
高三
水位
同意
歌集
河川
法定
足元
今号
根号
史外
校注
弱年
本類
衛星
句間
苦寒
試料
大万
町立
点状
転場
常連
北上
主君
志料
詩料
自覚
常費
右辺
園長
史話
指話
詩話
王手
火管
気持
鉱害
農楽
夏草
構外
港外
香害
用兵
海老
画像
全曲
大賞
校外
語感
人神
人臣
深信
深心
能楽
遠心
木食
採算
仲冬
柱頭
再信
司政
始生
市勢
示性
詩性
市政
資性
歌句
小父
全道
当主
体外
島主
頭首
記帳
区切
小像
正像
全身
後住
国名
水酸
問合
過差
組立
男声
軽量
分所
交利
公理
功利
興利
高利
打率
数式
半魚
不運
会費
光行
功候
向光
好光
工鉱
港口
考工
高工
黄口
児息
子共
大害
大街
当期
労組
市側
信者
本格
原型
工高
仕度
家政
仕合
正東
青灯
政投
中産
早口
仏経
辺境
上院
好機
年頭
語頭
電化
初世
初生
所生
書勢
長魚
不安
学識
業過
高官
快調
参会
散会
散開
景観
構想
総社
逆風
漢気
作付
産品
地米
電荷
母指
他区
文教
母氏
神技
国語
信義
心技
新義
深義
真義
神義
門構
公器
後円
後園
柱角
調音
工期
子葉
指要
紙葉
資養
左方
参仕
散仕
中文
功業
小国
来館
死因
光器
口器
口気
好期
好気
工機
広記
後旗
後記
校旗
校紀
校規
耕起
香気
開三
開散
公礼
好例
真理
短辺
医院
深海
相似
長者
当方
子院
指印
詩心
中散
昼三
初句
月刊
後夜
詩画
体半
代数
使信
使神
使臣
始新
市民
美女
気動
気導
書記
灯器
開館
回状
階乗
達人
名書
明所
好投
製薬
長所
同館
王室
学館
同市
名技
大物
木馬
食道
冬季
冬用
両足
当季
当帰
投機
分包
別人
序言
電車
東北
区旗
同上
板金
医員
府試
本省
容体
修正
東側
西岸
体部
当市
半島
米利
統主
内界
府民
野鳥
妹神
大事
相乗
左注
重文
人工
水練
約書
川面
有半
強談
差損
養父
長子
申入
借区
機内
多能
土中
在京
有識
白金
倉口
草高
走向
各表
氷上
以往
義和
無色
後送
航送
市章
紙商
詩章
対空
中台
母語
提打
英町
画面
向学
好学
講学
民主
英米
各数
語幹
書紀
中型
版数
文鳥
要所
歌曲
支社
信号
演示
本証
後者
大佐
明目
店頭
白人
見合
自体
地平
文調
文長
野菜
流光
義弟
何曜
分町
修造
実情
国司
勝馬
合羽
冷情
教委
主機
他面
光球
公休
公宮
公給
好球
後宮
高給
断止
北部
和風
素子
人手
立体
非時
飛耳
声名
代任
右玉
下町
声母
時文
次文
多動
主気
酒器
太山
雪山
黄老
他馬
公労
有様
大船
下属
松根
前戦
全船
有色
図上
青酸
火木
課目
根気
皮体
日和
無機
公定
参道
制令
政冷
正例
局所
性活
政活
転機
陸軍
例年
市松
水象
対顔
全戦
小形
出勢
出精
土木
英和
年限
変数
医者
官版
管板
時点
官船
官選
管船
白銀
声楽
梅毒
目付
英数
義兄
公空
高空
制酸
成算
無茶
安内
記事
語数
使者
周統
小体
小隊
正人
最集
再送
辞書
児童
牧草
両件
血液
後行
体面
毎語
鉱山
下底
河底
科程
経師
物体
円照
塩商
演唱
口分
西人
多幸
東境
同島
水神
静物
低資
右馬
楽器
白字
生母
精母
上方
国士
産別
地主
対査
天国
他校
多口
器物
角界
社線
車戦
都営
大豆
同祖
同素
野辺
英勇
星条
太陽
定番
熱投
所記
性情
性状
正条
清上
製縄
西上
追歩
品格
両氏
案定
最速
税別
中門
倍率
別館
要素
和人
仮面
動労
長居
夕日
返辞
心友
新友
真勇
真友
神遊
職任
清音
政情
年配
反米
分数
安国
立見
細則
主典
在外
墓地
青空
楽句
再編
字数
馬首
前額
燃調
遠景
王臣
禁教
交親
公信
功臣
向進
好親
工新
康心
後信
所規
暑気
自責
図中
年調
円型
歌唱
勝勢
商勢
商政
小成
招生
照星
省制
笑声
余資
絵馬
県文
過賞
喜字
帰寺
校書
競書
漁業
素性
本屋
客語
春雨
地標
受水
由花
身命
申命
神名
神命
小船
大器
大基
大旗
対気
待期
隊旗
隊規
水気
大黄
本家
公健
常火
情歌
情火
条下
率土
茶人
本質
領海
労力
歌語
過小
過少
英日
空車
豊作
健緑
才識
祭式
有塩
悪夢
証書
全日
長調
当町
東朝
等張
精路
不味
眼前
月面
集成
終着
上体
来店
強風
左辺
国楽
修成
修整
修省
単価
部数
河童
生損
損保
用字
現象
心仏
神物
対価
調色
外様
用事
音大
単科
炭価
刀身
洋字
易者
願力
給田
書士
再四
才子
祭司
動勢
動声
動静
同声
道政
銅青
洋名
用命
陽明
解発
子安
実音
大過
隊歌
電波
糸冬
急電
主都
酒徒
主基
星人
政道
正動
正堂
精動
精銅
製銅
要事
曲面
再三
直選
乗客
知業
小麦
前歯
色分
漢語
計図
人世
全軍
都開
制止
子象
主流
両軍
完新
寒心
常態
選出
各軍
月光
刷紙
常体
情態
料紙
天地
医科
空無
町家
丁種
米機
漁師
各戸
鉱業
左図
題字
地価
民官
体型
手続
間引
美写
前売
台辞
題辞
現行
字母
上意
定意
常委
情意
前成
武力
言動
台上
台状
大乗
生協
原道
現道
社名
実高
以下
医家
興業
移植
書家
位相
下流
効率
人財
地名
天門
物事
動物
円天
円転
逆様
大使
下令
家令
家例
群島
長刀
知価
物品
分子
有事
学規
起辞
鉱工
外側
知情
念経
起死
京滋
商家
暑夏
城代
破行
管区
経時
計時
金量
死貝
自県
両師
両紙
良史
良師
航業
人肉
政協
政教
海原
世教
清興
西教
大知
対地
体力
力戦
官製
図会
美味
楽長
挙止
地条
平民
名曲
大径
典型
農用
復金
遊水
横議
精農
品種
大計
対景
隊形
各式
女弟
大食
丁年
同点
着付
国史
神曲
役印
減額
自機
知性
名画
帰思
期始
起始
公算
終日
小話
生利
別条
果皮
年賀
悪文
階数
教院
興産
字記
次記
辞気
内政
学制
学政
楽声
水素
大河
名句
画本
所修
管長
女声
道統
銅灯
商用
先頭
多弁
店名
同心
名区
迷苦
海中
好酸
鉱産
香酸
差分
初信
所信
書信
東文
各店
魚貝
情勢
府外
兵長
書者
版画
感格
台肥
過労
群羊
軍容
小乗
省城
章条
証上
証状
代金
長期
文様
国土
残照
始発
結綿
打水
下番
教義
人選
政客
正格
清客
生客
大観
立話
近代
光月
祝着
報賞
放松
支局
所当
大群
法句
解者
知命
同山
版下
美酒
失行
形態
太極
体象
対唱
隊商
味見
快方
生気
清松
付票
小径
竹性
以東
王位
精機
知工
内声
英明
急戦
旧線
精気
氷炭
教典
国風
清規
自験
水戦
水線
性器
成規
政規
星旗
清気
西気
刀心
投信
等深
等親
等身
灯数
統数
予算
格率
完調
高声
厚情
高情
交声
向勢
好勢
好性
好晴
好生
後成
構制
鉱政
香成
字庫
責任
長持
悪貨
国見
史官
史観
師管
指間
枝幹
止観
歯寒
歯間
紙管
上編
地勢
婦長
悪果
公庫
上限
答文
本能
買増
地政
地精
今上
禁城
近情
近状
極上
最上
地生
同週
大隊
大通
総会
打球
東国
遠出
銀光
銀鉱
月表
固体
共働
比例
本機
古体
古態
故態
語言
車長
本堂
木生
木精
資産
照今
精肉
堂内
文内
足許
家出
死人
正肉
重量
内火
厚着
寄道
近辺
功験
産科
前兆
前祝
足止
居候
色刷
顔負
書置
門出
切死
切張
黒光
行楽
先送
下書
品切
心木
深入
巣引
素焼
晴眼
正眼
底入
立売
玉切
手刷
手招
中休
長鳴
投売
荷受
荷作
荷造
旗挙
鼻唱
鼻歌
歯元
船出
前受
前貸
孫引
耳打
眼配
目皿
焼入
焼打
焼付
湯通
寄植
各説
品定
商調
省長
東豊
内家
内貨
目配
実像
政機
開落
口調
台所
年商
父神
故人
新米
体量
大漁
大領
苦手
南館
古人
熱帯
塩土
地球
転期
本隊
両家
康楽
面識
急談
個室
神経
生研
両法
外台
居所
各液
詩人
精度
本書
友好
良方
暗夜
関数
学術
線形
重陽
長養
無季
無記
良心
青色
筆書
間借
成分
内製
年周
路面
番付
本局
球場
適季
国営
番人
悪臣
回船
事態
総領
町史
長史
長姉
長詩
道人
筆者
良法
快戦
海船
国富
実額
政令
炭素
年次
中景
家月
外来
仕送
仲兄
注型
投法
等方
兵村
立国
両相
両省
両賞
良相
社歌
当府
風度
本期
本記
衣類
解兵
漢風
市営
子宮
船中
中一
不念
文野
聞屋
紀行
高察
小量
小領
信実
判時
半字
犯時
本末
圧力
永業
係数
原文
神社
駅長
家格
荷客
過客
外商
終始
古事
各線
再試
念法
楽曲
旧制
天漢
寒流
幹流
古字
居士
故事
始球
糸球
西土
天官
大風
気候
死球
事体
全会
朝政
町制
町勢
町政
調性
鳥声
土建
人集
不輸
歌手
内数
紀聞
記文
細君
思春
自働
組積
道順
初動
青松
定度
返歌
周期
自隊
地体
時規
仏界
季候
崎港
帰校
旗公
気光
気功
気口
工程
首長
直談
時数
全仏
客気
復路
英才
各版
個利
茶色
海洋
風情
血色
高下
石器
実母
選力
真先
有故
赤気
減作
自助
石基
朝報
長目
本営
急性
在日
番士
法制
本紙
実科
仏師
修証
食料
所務
番号
夜船
両者
管末
土間
太師
天機
転帰
等速
頭足
墓表
下辺
句風
下根
初月
児女
次序
自序
石質
長方
可食
家職
果色
果食
観護
教養
死体
白飯
大兄
化生
町民
課題
画期
軍国
本態
石階
感情
共話
証本
早春
東都
東部
階級
白書
貨利
苦情
序刊
人前
長文
典事
天字
点耳
肥馬
門下
上屋
温中
音注
漢才
多客
口底
広庭
後庭
校定
校庭
航程
高弟
黄庭
府会
身体
助員
他犬
他見
多見
文句
送状
好感
死馬
治下
空家
各氏
原頭
現当
国改
国界
減等
司馬
新局
弟子
採精
採製
祭政
北都
朝一
右近
歌体
雑益
始祖
旧注
球虫
級中
最寒
祭官
細管
菜館
前件
中品
両湖
回天
海天
花道
木具
気象
基布
気府
黒地
進上
町法
悪口
下体
木芽
全率
覚支
同書
気体
検事
詩編
仲立
別当
検字
自乗
戦敗
対案
大作
管用
観葉
間葉
効果
親中
天変
文筆
法治
義長
常識
言語
方程
各曲
各極
逆手
仕末
春時
南洋
眼科
全件
長編
付章
夫唱
婦唱
富商
利養
理容
解元
開元
小指
増分
味感
未刊
居城
格子
初戦
全犬
同量
語録
護録
車体
門中
本四
様態
社頭
前世
島内
道化
機体
言質
行旅
今期
化工
学府
協働
経堂
鏡銅
原題
考古
秋水
道徳
不通
良風
河岸
下口
仮構
加功
可耕
河港
火光
火工
元代
産能
州県
集検
秋波
重臣
水電
精力
前部
相好
損益
相合
戸別
初犯
住心
重申
重身
人件
大教
特委
要件
光頭
広灯
講頭
天開
転会
電器
無地
金銅
市道
漢文
熱間
園路
季冬
起頭
作出
歯芽
説相
伝記
同所
内角
不協
道義
日精
日西
非労
英紙
加線
河船
農政
旗章
記章
帰阪
旧貨
求荷
求貨
球果
球花
原鉱
減光
言行
新参
風力
気品
結末
東南
身分
貨客
資本
製法
動点
界線
器体
基体
帰台
基物
級化
群間
軍官
軍管
徳政
洋貨
陽火
陽貨
養家
用件
連歌
回路
新注
身中
全馬
犯人
養犬
両液
家国
河谷
造言
大郡
反日
安歩
王朝
長波
変動
本墓
省部
親交
同州
半信
岩頭
考証
高唱
小店
声点
小典
小点
消点
焼点
章典
新口
新港
新講
新鉱
深交
深高
神効
神幸
神行
親好
身光
反清
反神
反臣
気性
総代
総題
族制
続成
当意
等位
頭位
頭囲
保査
本丁
改建
極東
経皮
軽費
細大
雑音
主位
主意
知才
目次
火灯
花頭
好個
体質
池中
例会
見仏
高熱
国父
産前
財産
小六
地災
湯池
本位
谷戸
領事
王代
王台
日間
神理
成魚
白丁
健政
犬声
県制
県勢
古京
古教
古経
古鏡
投地
水着
洋食
家統
両村
引首
栄花
後願
春秋
内証
内照
内相
陸橋
冷害
音調
食葉
食養
永世
永生
衛正
元型
向岸
高眼
実子
全土
皮状
布団
最寄
鹿場
接頭
景石
光線
接道
天灯
導液
満族
里程
講式
高識
地所
手近
点化
当所
頭初
官制
字例
次例
自冷
辞令
点数
肥養
文庫
旅費
元職
白日
法例
木香
利便
出欠
所司
通身
本件
画分
前文
兵機
紀路
黄地
京官
共管
興感
古町
酒造
次点
受苦
他者
中耳
台木
満員
器質
序曲
中体
柱帯
富財
負罪
基質
旧慣
旧観
旧館
級間
軍歌
前衛
夜光
両立
学食
山道
事典
講経
真青
大局
町会
表化
原価
減価
養老
売上
各町
原歌
元価
原課
現下
現価
高教
支谷
寺務
時務
用後
列島
軍法
身長
実線
常例
条令
太祖
太素
台本
伝力
流木
好打
罪悪
都下
男物
画用
選対
前列
低高
不二
不時
不治
布字
府事
法弟
国使
国師
国資
黒死
上番
城番
手前
本道
有機
功果
商利
小利
大数
隊数
着花
油入
色白
決河
布製
居間
星章
単性
短生
戦員
損害
大火
不信
活字
漁会
工率
子女
戦法
低額
真丸
新茶
船体
足弱
大味
客年
仮初
期定
規程
旧里
究理
口悪
黒山
毛深
先高
先安
新選
寺堂
示導
耳道
竹編
地相
節高
別格
横広
魚塩
水雲
赤地
岐路
黒板
産院
新船
同図
宮家
教材
商戦
短刀
追報
面的
余勢
緑道
画素
深浅
新約
事後
地点
年高
行事
幸水
小部
機位
鉱鉄
所帯
実状
薬局
元基
原器
原基
山馬
産馬
助字
助辞
序次
想像
対加
大役
調理
得心
銅製
有人
下意
下衣
歌意
結語
公案
作物
少弁
図版
走者
法典
原職
原色
言色
初文
生家
戦報
大商
年増
横眼
学用
少年
線型
未完
海線
火災
光火
公価
公課
功科
功過
好果
校歌
考課
香火
高歌
鉱水
所動
書堂
地動
日字
暴妻
意象
子育
山容
先体
船隊
道断
土用
南武
妻神
力士
織物
官民
準位
同章
同賞
銅賞
同断
本初
各島
各等
客冬
角灯
火熱
山養
上図
同生
有生
有精
遊星
快技
海技
開議
出典
性春
対化
病状
仏人
安手
和漢
仮死
同音
和館
下知
国歩
取義
手技
荷物
有性
行末
古典
丁数
仏軍
歩調
漢方
常水
親字
常勝
全隊
前隊
南画
間貸
愛車
同園
有期
指数
主点
親類
同曲
同極
銅極
米作
満月
気場
原形
不全
画人
次行
先験
標旗
氷期
衛気
帰村
工芸
枝折
所由
人気
清流
有気
遊機
分国
分部
衣服
期日
校名
財団
全力
低起
木刀
要員
旧町
月次
筆技
門部
医業
器内
隊務
東辺
堂外
法政
冷夏
学位
義勇
作中
例歌
意行
易行
風切
外車
径間
経管
後語
校語
構語
講談
周間
事前
正北
本作
勇士
以西
右表
総量
長兄
天候
道立
年番
有司
有歯
遊士
遊子
遊糸
遊資
医制
額面
北側
群体
主体
成果
素行
能事
農事
話好
風船
見積
洋画
林木
各点
学歴
限界
高検
中金
同表
堂標
女人
半休
半弓
阪九
民族
海河
近県
金研
限度
古語
字行
実例
長上
長城
同品
会報
眼下
好健
後件
考見
公武
工部
講武
水生
近見
社領
増上
天外
物産
歩道
本行
公道
上人
都合
不漁
布量
木質
印章
印証
外人
情感
世間
用言
求心
後下
産道
産銅
戦型
線径
連語
喜兵
教頭
雑器
悲境
飛香
新語
神語
身後
城関
城館
常関
条管
全長
築港
念頭
法原
法眼
民生
名物
欠測
講道
大八
重選
都計
講堂
地階
法言
無証
有職
黄銅
温水
口道
構堂
香道
高堂
際会
最多
前提
大議
対義
多重
炭水
文楽
兵員
勇臣
有神
神界
時差
定役
定約
総門
地界
中火
保健
欠格
好意
早発
相聞
農夫
南側
円石
遠赤
学商
局名
口談
地衣
農婦
飛語
辺地
様子
公意
口囲
好位
校医
高意
賞金
線香
走力
貸費
基調
厚意
構音
最少
正価
正業
西進
前作
中字
同院
青花
火線
完食
官職
寒色
寒食
感色
漁港
口音
地許
世家
井花
声価
正果
正課
正貨
生果
精果
青果
井神
成心
正神
清真
豊年
良性
果子
間色
楽員
原液
採証
最勝
前例
早期
不会
府報
民家
寄金
機力
汽力
賛歌
週額
先公
先幸
先考
戦功
先後
短大
役職
令下
会旗
会規
海基
開基
開気
信神
真身
水用
他害
中士
中支
通風
法務
路地
欠画
原子
公社
常緑
土手
平調
容器
梨園
林間
下接
加設
家説
歌節
木地
化土
初回
新採
神妻
神祭
住民
乗員
同率
友人
英軍
主能
心水
大老
農内
来期
館守
臣人
全例
堂舎
反語
学級
形体
仮病
主語
市利
順転
常在
祖母
多羽
月夜
人魚
白柱
本然
本念
屋台
今時
自院
丁銀
同者
道者
熱戦
氷面
油虫
果粉
魚類
節名
東岸
肉眼
防火
様器
用器
要機
養気
季調
旗長
信念
辞典
多回
章魚
台地
法名
洋兵
初歩
対辺
父王
暴君
営事
営自
永字
食器
心念
字典
治天
自店
情人
情熱
図面
単位
大福
半額
魚屋
食感
南朝
木標
空軍
軍談
親日
制勝
成章
政商
正賞
清勝
積極
日報
風格
有史
液状
間税
経木
高明
鉄則
天使
名実
夜色
要報
陽報
朝飯
英辞
血管
勝報
唱法
商報
正報
心海
新改
神階
申前
神前
新文
争力
各業
仮足
共産
原景
現形
小味
根機
村民
物価
音波
各社
救水
汽輪
西門
始線
支川
支線
死線
詩選
相国
分団
回報
快報
解法
開方
開法
寒暑
漢初
禁門
工科
再評
証告
必争
歩度
用方
医局
借地
商科
勝絶
商説
少雪
正説
消雪
章節
体技
遊民
利根
花容
花葉
荷葉
国光
在中
実地
全局
全極
前局
悲願
備女
無中
刀印
当院
東院
何分
発禁
感興
漢鏡
宮相
場員
前同
台紙
通所
天険
温感
音管
機械
金枝
金糸
主食
神戦
仏領
落陽
里数
和室
案件
温帯
基準
希土
強勢
強精
教生
近思
資望
実効
大士
大指
題詩
半漁
命日
夜鳥
主力
心線
石径
石経
赤経
雪景
待時
打席
朝礼
動容
衣体
衣帯
寒性
慣性
楽式
共利
教理
業態
軍師
勝兵
食肉
字書
次書
自所
対自
文鏡
安宿
塩性
下制
仮声
仮性
加成
河清
火勢
火成
花成
下表
遠方
妻君
散官
散寒
産官
中卒
調書
投打
度者
文名
来客
観性
高次
水質
祖師
素紙
体育
代地
登園
同刊
堂官
導管
道管
道観
銅管
内府
未見
名士
小母
実姉
両面
王立
士民
志民
素志
対極
体重
犯罪
不死
名詩
野牛
矢倉
要因
県東
合理
散定
産状
特性
表語
本業
本師
本志
外客
形勢
光明
通史
丁字
発作
本使
無常
経財
差入
左道
差動
茶頭
全席
大極
中情
柱上
柱状
分線
勇名
王府
王父
国体
国有
初志
初試
所志
所思
書史
書司
書志
心所
新序
神助
戦形
総進
独力
板画
富民
暴力
両刀
両年
和兵
形質
語群
電鉄
土柱
望湖
画数
角氷
下部
原人
初老
眼内
見法
秋園
神号
身業
洋書
京風
原点
実成
伝統
肉用
文型
無去
無戸
名辞
境位
強意
雑魚
新板
政語
西語
先祖
天池
南曲
保勝
保章
息物
外語
対日
茶室
銅山
焼印
青葉
式内
赤飯
戦記
国博
合金
在院
図記
病室
問題
遊記
英愛
管底
眼病
極所
健香
原理
雑志
主婦
水火
水花
物量
生花
国公
参法
算法
総研
同語
福音
文民
編数
辺数
別行
母数
緑茶
県央
祭場
細条
刀子
東司
動感
冷製
外局
技法
黒松
君主
国命
新来
神来
税制
地産
熱気
副因
仏体
門人
意向
標語
両群
下面
果面
険要
売率
仏具
完動
官道
官銅
幹道
間道
州際
成報
精包
港町
両会
両回
両界
両階
領界
形声
経世
紙上
史談
祖国
治頭
民営
夕辺
追分
河流
軍使
声容
政要
整容
正葉
正要
正陽
清容
精要
西用
高塩
表文
病原
風景
文芸
方略
囲口
衣香
花竹
言笑
減船
口内
口鼻
後備
高鼻
妻女
産休
小暑
前夫
町名
定員
店員
門葉
要布
基石
帰責
気積
新薬
上代
水制
水勢
水声
水成
水政
石油
朝会
王道
各節
経口
経路
失点
勝軍
評語
印刀
引頭
家業
航通
合糸
当区
投句
白米
反意
犯意
美術
予選
岩戸
招命
章名
入水
上客
常客
同夢
半波
本館
母性
木道
両郡
令政
令正
礼制
器械
酸素
小水
食材
前軍
分身
歩程
右下
名手
老中
各群
各郡
仮歯
観点
気海
径行
軽功
車名
守成
手中
上生
条章
全町
全鳥
前朝
田字
標準
法則
名酒
明主
解的
社命
週内
酒税
正学
同村
波長
真向
両字
両時
両次
旅程
意想
移相
海面
画業
好物
古刀
古湯
湖頭
状勢
中研
注配
天然
同物
道仏
文具
変状
辺上
返状
良時
寒苦
金星
苦楽
軍刀
現官
現観
他局
島都
東徒
内使
内資
南高
文面
余地
王家
黄熱
官寺
寒時
師団
出身
正法
先登
早老
太王
体熱
他発
放声
放精
法世
防液
洋館
洋服
話風
愛想
塩類
銀河
建像
石造
点景
悲喜
名局
和字
下放
加法
家法
季節
型体
型態
中流
要職
来季
光熱
情状
日章
名字
民有
回虫
機材
国務
州境
秋興
方術
空室
黒土
死重
史乗
支城
支場
枝上
枝条
歯状
矢状
糸状
詩情
主調
美果
鼻下
本命
夜灯
小葉
小用
山脈
財政
少用
少陽
照曜
生葉
総局
治山
手形
花火
分校
分行
文光
文工
聞香
両社
確説
可変
外円
軽科
軽荷
軽課
古画
古義
支所
示準
子弟
赤熱
無言
余算
漢法
外洋
金庫
状元
想海
走快
停学
物資
武徳
有罪
官舎
起句
金品
月氷
月評
身辺
女流
単品
電機
平話
有終
緑地
林松
会記
家計
基図
共育
最短
使人
次節
自筆
戦車
想観
相観
総管
総観
天才
風雪
量目
礼服
益鳥
外伝
季語
金鉄
士人
師弟
神米
地久
都連
肉体
日課
備考
別物
仮題
官報
気毒
客足
挙例
建法
使丁
姉弟
歯底
主眼
主用
首要
鉄分
都銀
破算
例解
育英
外灯
原土
殺気
終期
節日
前妻
単組
中肉
非鉄
仏前
本曲
要用
陽葉
立像
海波
下級
歌題
花台
過代
家電
支石
歯石
死積
矢石
秋季
水人
中世
不争
方便
眼付
薬科
海路
花辺
学業
経水
計数
参事
紙面
台帳
農園
博言
上着
園側
火手
火酒
貨主
教団
区道
原料
公営
個包
司教
秋期
秋気
集気
声読
正読
全頭
単子
単飼
短詩
短資
副務
議席
行状
原始
正文
丁名
朝名
朝命
鳥名
美校
病後
物界
仏子
仏歯
両車
林工
輪光
輪行
海容
開陽
生薬
軍持
月報
公序
支点
新書
実業
短調
中朝
通期
特製
内底
農村
府税
方位
愛国
基業
支度
親族
時空
全階
前快
全角
代本
低張
特使
徳性
内規
能率
連山
解急
寒殺
居常
許状
軍民
古印
高卒
水景
他科
内記
日清
半音
反感
遊人
火兵
学徒
休題
旧代
設想
対独
大発
徳歯
特志
特指
平開
本席
無比
命題
有音
円去
塩湖
遠古
間然
管路
球界
建学
建楽
言文
生保
送料
当番
仏門
本編
労金
液体
海佐
開差
階差
会頭
牛肉
空前
欠員
健章
社印
声量
相者
短笛
不適
理事
海光
海口
海港
機上
機情
際限
師道
支道
社隊
職工
神像
住持
上式
常式
成文
代打
朝変
長辺
同類
年中
標高
部材
下顔
火眼
花顔
過眼
外観
義妹
出漁
生殺
側管
体高
茶帯
当面
木母
林野
会友
海友
旧態
広義
口熱
好熱
合資
司祭
地合
耳具
他用
灯台
当人
頭板
任天
変体
本意
無二
公流
後流
国益
重体
政局
中罪
付図
無耳
容色
両店
歴代
英詩
英資
開教
各所
京包
経法
月給
原初
大光
対光
茶会
中動
中堂
編隊
用間
居飛
衣料
院外
経年
山菜
順番
順法
上用
戦士
多価
多花
昼夜
長広
通年
波状
判任
半人
保道
法堂
北洋
立教
両用
桜香
王化
家兄
花径
画質
魚粉
軍都
郡都
結界
住商
重商
重賞
選管
定価
東総
東走
東送
博物
美品
不予
夜具
冷眼
愛社
栄養
原案
素人
親書
常道
線文
中日
能力
皮下
不弁
保線
余録
両人
行在
温風
各停
丸薬
後任
功名
詩才
修道
新陽
親用
節刀
伝説
道民
富家
富化
府下
両道
遠人
王女
格調
活力
寒中
管中
後輪
再校
採光
残数
時速
水頭
大故
大公
大便
中形
同課
父祖
無塩
基数
強勇
教友
苦節
災害
司書
下道
集水
集落
出色
全文
単刀
比重
非番
変差
母線
軍報
史体
支帯
支隊
枝隊
詩体
失地
所作
成案
生安
先天
雑作
反当
短頭
半面
富実
平素
山型
友愛
観法
現界
祭文
時節
住職
順序
船頭
中位
農試
氷原
評言
防暑
和服
師家
詩序
雑兵
他体
他隊
熱量
飛天
弁当
薬味
印池
歌業
課業
可採
果菜
歌才
行司
個性
国旗
式典
市電
新形
真景
上表
図形
正準
全店
他利
地居
無名
無料
和語
和食
有無
県作
原曲
光来
後来
古点
語義
作意
車上
終局
食管
食間
信組
似像
単元
適地
土性
土製
肉声
方天
理知
音形
興味
空母
在来
死期
詩書
市上
神祖
自主
場外
大度
茶番
同温
牧師
両線
右岸
芸香
運鉱
雲高
応変
海底
火薬
外電
個店
謝礼
週別
主役
上功
上厚
情交
茶器
中気
張数
天光
天工
当代
東地
導円
銅塩
農薬
星空
本号
満期
有料
楽生
両町
演義
音名
挙国
原資
在団
紙数
始点
神類
世用
多義
他店
当科
東夏
灯下
登花
答歌
豆果
頭花
刀商
当省
投象
東声
特産
動因
同引
導因
道員
銅印
必用
不労
不老
物性
本科
名門
過失
元祖
気色
記実
急調
級長
強弱
橋柱
橋頭
元始
原糸
原紙
原詩
心像
新像
新増
真像
次戦
全灯
側近
損得
断熱
電灯
等辺
部則
兵舎
本朝
名機
陽画
両世
両制
両性
両生
令制
雨氷
解合
開合
楽歴
期数
機数
記数
口輪
径路
光輪
主隊
書名
字義
上行
石像
長形
長径
長計
鳥径
天象
天賞
名声
両局
緑政
列強
急信
旧信
旧神
旧臣
球心
橋東
鏡頭
宮司
原発
候人
行路
主談
出院
初名
前庭
灯標
内皮
南天
日豊
明文
雨量
快刀
快答
海東
開湯
開頭
外角
期成
機声
気勢
記性
共学
決号
県歌
県花
月経
原本
高圧
市兵
信書
重力
素案
多住
台形
中級
典法
天報
徒労
父兄
本校
良港
礼金
話題
印花
英気
加水
河水
客先
魚口
軍属
血幹
芸人
構文
国画
始原
史書
字種
実兄
水力
総記
年号
比考
比高
肥効
本港
本講
用布
理由
路上
悪習
育児
外交
極限
血税
芸術
光体
後隊
黄帯
今次
酸性
士談
少水
寺領
船内
本幹
薬食
勇歩
音間
火金
各面
官主
管主
管守
館主
館種
学究
楽弓
顔面
行内
国庫
細流
残月
酒後
主席
植生
織機
性質
船室
通産
天界
店外
天子
島岸
当願
等差
熱線
農地
評者
望火
毎度
和製
愛情
医方
外気
外材
古道
氏名
食味
食気
全回
単意
短衣
代八
重用
朝令
天師
天志
天資
転子
板額
風角
風光
風物
富鉱
不作
父名
部類
分園
冷感
冷間
委曲
生立
強酸
血路
建制
月例
社外
借知
初形
初経
書型
神話
直率
助手
水土
精留
西流
側室
炭山
茶代
天領
同元
同導
道童
熱血
白指
白詩
表相
文件
文検
文研
発心
無上
感度
規準
技能
残酒
車外
主色
酒色
酒食
主述
初球
初級
真物
実益
前菜
全年
速力
通書
月見
定食
同質
肉親
農協
波勢
部外
保息
歩速
満園
理数
流央
両三
和洋
衛研
各人
各様
価標
学外
基板
芸大
現物
受神
戦術
線虫
属司
族子
伝刀
伝灯
伝票
日照
美徳
複眼
仏果
物貨
仏家
名器
毛人
油井
各性
確正
気流
技官
軍医
原典
語気
作者
作分
散兵
子孫
初速
親属
前席
全野
草案
増差
雑上
丁香
調光
長講
通志
天体
電極
投炭
毒力
入声
発船
版材
悲歌
比価
飛花
病人
文脈
力作
化研
科研
家祖
館舎
学芸
強起
共犯
行頭
郡村
軽質
血統
現点
語格
細部
散村
種子
勝因
小引
省員
所労
正横
単二
知事
中夏
仲夏
柱下
刀法
同種
半弟
表題
肥料
副次
文戦
民法
無形
名基
明器
明期
名城
利差
和名
移風
栄光
感想
外護
逆数
血島
黒体
菜園
作風
識内
守勢
主夫
首府
神国
新版
新令
新例
臣礼
実船
順風
西辺
絶体
総統
造塩
態位
台日
中判
農場
破局
白梅
皮質
病質
不等
満願
余命
両案
外曲
学費
急用
金葉
義方
家領
才女
差益
雑句
失歩
深所
清初
神書
自説
重態
準急
赤軍
積書
接点
船外
税政
前者
草頭
送湯
側頭
多極
短長
特典
女護
風調
風鳥
福相
複相
別業
本官
本管
本妻
老眼
悪人
海綿
各書
間接
外板
器機
究極
公金
示強
詩境
詩興
首領
商船
真空
持節
持説
自設
水文
多種
直球
停飲
庭院
低木
天印
度数
熱波
年功
年始
野梅
必勝
評文
美形
不急
物損
末年
陸自
陸路
利点
愛児
雨雪
酒精
文身
運命
英検
営養
円通
快速
界面
解綿
家財
家用
科落
寒天
観天
起点
旧交
旧功
旧口
旧好
旧港
旧行
旧高
血気
光周
高秋
公物
鉱物
使節
主星
主柱
酒中
重代
正門
他極
低速
底面
定例
鉄板
内地
日独
破調
墓制
母星
母体
民事
民青
名産
有理
遊里
理念
和親
円価
円貨
感量
眼光
願書
気節
規則
客電
公益
公伝
交友
校友
牛王
牛黄
詩集
社団
終点
職歴
新中
実包
上品
水深
他車
短所
適法
天災
天年
東宮
内円
倍音
美点
防犯
名阪
陽復
領土
利率
労災
関節
外形
街灯
街頭
規格
器材
器財
基材
強度
業務
原義
後衛
光質
公室
後室
鉱質
高質
後列
強取
在世
財成
死物
周産
小皮
新札
信徒
持病
図型
正円
成書
正書
青書
雪面
税関
前言
大弓
張力
庭園
天際
点菜
電流
同案
農都
副流
兵役
法科
法術
本役
本薬
満点
利他
意中
遠因
演歌
各州
火力
外登
街東
学祭
元利
基語
汽船
局地
今古
近古
血圧
高所
黒円
国対
昨夏
市会
支会
死界
市費
首席
新植
神判
実形
実景
整経
星景
正形
生経
西経
清適
船社
船車
続編
大行
低音
日乗
日加
日貨
皮管
氷河
表頭
風説
文士
望台
満面
民話
無休
野外
薬価
落語
両院
円周
塩素
各代
家伝
火田
火電
観者
外務
外容
外用
外葉
学行
機転
公助
公女
好女
工女
高女
航路
業報
産児
賛辞
雑種
司塩
質感
終身
心室
身質
真筆
新兵
親兵
実技
常務
正経
星像
対流
中天
天職
当社
農道
配字
白球
発航
白光
病証
病象
文業
本領
暴投
面前
役名
両名
冷所
連休
連投
医大
運河
音圧
音速
界際
開採
階際
関白
慣例
学都
楽都
機番
救解
極右
金帰
訓点
郡民
血流
県城
公議
工技
交線
公船
好戦
工船
光路
公路
後路
古式
古書
語順
週市
主菜
招客
正客
証左
志力
死力
資力
新春
神族
事主
地種
自種
政保
石炭
先客
前角
孫女
大意
対位
大祭
単線
台型
中医
鉄人
同級
農高
農民
反音
半官
反間
不徳
物化
分会
文会
文界
平面
包衣
法医
法意
豊衣
法衣
北路
無間
無実
目録
洋才
洋菜
葉菜
養分
来世
両所
両書
料所
良書
領所
両像
悪徳
育種
加害
官費
外感
外管
眼形
球体
近浅
金線
月球
公海
講会
口話
黒液
最強
残差
失語
子夜
宿舎
主祭
酒菜
市有
師友
試遊
詩友
小果
小過
松果
松火
松花
消夏
証果
証歌
賞歌
商館
織工
神軍
実印
自発
耳鼻
弱強
術語
述語
常人
水門
世局
正極
制札
全心
体温
多雪
多年
直径
通念
点線
伝心
特急
同前
同名
半径
判子
必見
備品
美文
風人
母機
母船
有税
略図
両天
両点
両様
労苦
和金
員外
英陽
親元
快食
改植
荷室
寒水
画室
元正
岩松
願生
球歴
教採
教相
去留
決会
結解
血海
欠点
県長
下戸
現員
元初
原書
後内
祭典
山妻
酸菜
宿命
手動
勝敗
笑売
消防
初入
心受
神授
身受
実勢
成覚
上質
城都
常同
情動
戦間
先規
戦旗
戦期
戦気
船旗
先史
先師
戦史
全戸
村政
造花
台車
大弁
団地
池水
中佐
電設
波上
板面
版面
表皮
法要
母川
無風
門弟
余罪
流水
流線
両極
良導
良道
領導
運勢
応急
課外
可給
火休
火球
過給
加役
加薬
可約
課役
完徳
気球
急所
旧職
協立
義母
魚巣
景品
経歴
結石
芸者
原画
交番
湖面
最外
雑草
史伝
師伝
秋天
終電
酒道
首導
省線
初給
書人
所定
新顔
新色
神職
神色
進路
自業
次週
実績
自費
辞表
重職
人品
水和
正立
選点
全天
全点
前転
送風
祖先
打感
調定
直耕
天王
定休
適時
転末
田園
当店
日連
皮板
標題
文才
平葉
別戸
味覚
無断
無量
名品
明部
野性
友国
余談
両朝
輪身
例祭
冷菜
老女
労連
愛死
足底
暗中
育生
色別
英京
衛教
遠洋
往路
屋外
音型
会席
階前
会務
各編
火室
家父
関防
画布
帰命
境土
教本
喜楽
金銀
群書
形像
芸能
元曲
原局
工具
公差
財布
市設
師説
詩節
思想
仕服
周極
終曲
終極
州別
祝辞
主石
酒席
酒石
主薬
主領
証人
商標
正風
新特
神徳
自船
重油
城外
上葉
水温
図録
制式
整式
西式
整数
静中
成丁
政低
正定
西低
切点
全容
争鳴
早明
測程
速結
雑歌
達用
多点
短言
単耳
題目
代役
茶気
帳台
町代
定式
適所
頭角
特長
半夏
番兵
比類
婦徳
仏頭
兵家
兵火
兵科
平価
兵車
兵馬
変格
変額
別器
別定
報国
方国
豊国
本課
満室
満天
名馬
木炭
門脈
力点
両船
類内
連体
相給
悪態
羽毛
運輸
円板
回次
快事
海事
海自
解字
外規
害用
学街
気転
究局
旧主
弓道
局部
近因
金印
金員
禁水
義血
技研
結節
検修
現本
光圧
口福
今作
才能
産室
参政
山勢
産制
産政
産油
雑品
残余
資金
歯式
周囲
終駅
州道
集童
主枝
手指
主題
商略
職能
初見
所領
真皮
心労
心話
新話
自画
上記
自来
示量
自領
辞林
水緑
図体
性差
成績
前職
前編
総務
祖庭
村落
属国
単色
中相
中総
直近
定形
電線
当職
童顔
童女
農法
必然
悲母
不義
富友
物類
武備
分院
文責
名医
命世
明政
門歯
役得
遊出
養女
余聞
利得
両校
両港
両行
良工
良友
礼節
和声
話声
安位
暗意
暗夫
塩基
円頭
遠東
大堂
階下
海気
会則
角材
仮根
家臣
官設
観想
観相
漢土
関門
学際
画板
眼底
岩綿
気格
基点
金字
義務
牛皮
漁民
句調
軽度
検校
建材
元物
原物
工運
興雲
航運
行雲
香雲
交謝
公舎
校舎
講社
黄道
黄白
光復
康福
校服
黄門
混堂
金堂
最良
雑感
雑観
残材
支村
司敗
社説
酒量
商号
少佐
証査
織成
職制
食性
初交
初校
初航
新役
神役
次号
示談
情実
静脈
時流
人脈
清栄
政災
政祭
正妻
星宿
石材
先妻
戦災
浅才
線質
船質
戦犯
絶遠
前任
総業
側音
測温
足力
体積
多妻
断果
断火
断章
男色
茶台
中皮
中葉
特許
同族
度表
白血
非天
評判
美色
風向
風神
風林
風輪
復顔
福利
文園
部族
保身
北曲
未然
民航
毛質
目代
野岩
夜景
野心
油性
輸精
予後
落差
落花
立春
礼法
老兵
話頭
和様
運気
快足
花材
貨財
神札
寒松
寒証
観象
官話
漢和
外地
楽習
元本
器才
機才
旧曲
極北
挙人
健兵
行金
好守
光電
香典
校内
好文
興文
行文
高文
国技
谷頭
告文
古銅
故銅
根幹
合科
業火
才媛
採塩
最遠
殺虫
罪名
雑貨
死活
集英
修形
修景
秋景
周天
周転
宿所
主犯
賞歴
織豊
食法
所説
真札
新着
次作
受話
順正
準星
準正
事由
自遊
上知
城池
情知
水族
数理
精英
世変
政変
正編
声門
積雪
節点
線外
選外
全形
全景
前景
全室
想夫
総武
総部
争利
足刀
素質
村営
造貨
続投
体格
他種
多毛
単板
短波
題名
断頭
中社
定温
適温
適量
電信
電動
読点
特例
年歯
堂主
毒素
土石
念糸
配船
馬群
筆紙
必笑
標識
氷点
貧土
美景
病態
風営
風来
不休
服地
富農
粉子
部首
分脈
保水
本祭
民報
民放
無型
無罪
名犬
明条
明報
役料
遊女
遊動
要義
様相
羊毛
予行
余光
余効
余香
余勇
立命
略史
略伝
略歴
良案
老顔
老親
和犬
和式
愛校
悪意
悪事
暗雲
暗室
暗条
囲中
委中
駅家
雲水
液果
絵様
演員
園主
遠祖
快挙
解像
開明
各週
火石
花石
過石
過積
夏緑
管領
官令
外型
外径
外景
害務
学才
学災
楽才
学説
岩高
眼高
顔料
希人
旗人
機速
気息
気速
旧人
旧知
極大
金板
義軍
議事
逆真
逆接
空調
苦言
軍配
軽車
経脈
検液
県益
見解
原級
現給
言議
効益
工役
広益
工種
公所
向暑
好所
好書
講書
公田
公電
後発
公務
国費
国母
根底
号数
合弁
昨季
財務
残額
残効
残飯
歯周
修身
修短
宿題
祝典
主港
手工
主任
小差
少差
正真
職責
所見
神験
進見
親筆
新報
実修
実費
実義
実務
自伝
授産
受章
水圧
正塩
星学
制服
接眼
戦績
船積
浅発
前医
前院
早報
早法
相法
総包
走法
測深
足心
雑布
単形
短形
短径
単体
代休
打製
地銀
中団
沖天
長毛
直管
直間
低塩
定演
定則
定息
定足
定速
適意
天馬
電圧
電位
電工
電神
春宮
等号
投写
当話
答話
特色
特等
同王
同下
同科
導火
道果
道歌
銅価
銅貨
動画
銅球
同罪
毒物
内耳
内情
日給
任地
熱信
年輪
能動
博引
半角
半農
馬防
番犬
非業
筆力
飛程
表意
標灯
氷島
標本
美白
病期
病巣
病変
風雨
風紀
風水
風速
風評
複葉
粉炭
分生
文勢
変型
本題
本望
暴漢
防寒
暴状
末位
末路
民自
無給
木管
役格
薬名
楽果
落果
料飲
両得
両度
冷気
例言
例題
老公
老妻
老前
路外
和牛
愛妻
愛鳥
青石
暗証
暗部
以心
以深
医心
印税
印伝
有情
雨天
運材
運上
営農
営利
遠眼
遠足
園庭
円筆
円明
園名
王宮
公事
改過
海貨
海角
開角
解結
快作
海図
海雪
海造
海帯
開物
各級
格言
各辺
確変
確例
官業
寒行
観経
官修
慣習
学情
器形
帰経
球技
球根
宮主
旧守
球種
給主
旧道
求道
球道
弓馬
急流
給料
教研
教程
経本
極地
金行
金鉱
技建
業績
魚倉
魚相
空席
苦境
具材
軍書
経度
軽品
計理
競輪
欠神
決選
結点
犬種
県設
健筆
現協
言説
現品
験力
校具
香具
公主
好手
工手
校種
耕種
行酒
講主
香主
公設
工務
校門
高門
後略
国設
小才
湖底
古面
合道
護国
埼京
祭天
採灯
菜刀
菜湯
菜豆
才量
菜料
作願
左岸
作庭
殺意
散田
罪種
財別
雑犬
雑想
雑念
死有
死差
示差
試査
資材
死相
示相
試草
詩想
詩草
社業
写声
車声
社保
終夕
集電
修徳
終板
週番
秋冷
主教
主材
主罪
取財
首罪
首題
出数
省案
商才
省際
章票
証票
賞票
書庫
初任
初令
所令
神格
新軍
清軍
親軍
新秋
新集
深秋
神州
新領
神領
次位
自衣
辞意
直伝
寺号
時習
実正
実積
実員
時評
次表
耳標
自評
事変
時報
弱点
重圧
受照
授章
準縄
定規
上室
条文
序部
序列
地輪
水兵
成員
西英
井数
正数
声績
積水
接境
接得
雪像
雪冷
世路
戦国
選書
税理
絶線
前古
全相
全総
全草
前走
全品
全編
前葉
素因
草書
総勢
測位
速達
側方
速球
測光
素服
村勢
増深
象神
対角
体菜
太細
他年
多念
炭酸
題材
代車
打力
長句
長打
直情
通貨
通天
低位
定説
低利
底流
適材
天金
天授
転線
天面
典例
典礼
電球
電光
当確
等角
統覚
投雪
等族
東天
特修
特級
動眼
同女
同列
毒薬
土足
内宮
内積
肉天
入管
入試
任務
熱弁
年利
能品
敗者
博品
判型
版形
半兄
反動
飛頭
品位
病理
副業
副使
復氏
複糸
副食
復食
服色
福神
複面
不織
不食
父職
不測
物議
返額
変災
変様
弁理
法文
法門
包葉
保字
貿管
防虫
暴動
母校
墓主
母種
末筆
満車
未格
未聞
民工
明意
名勝
名松
明証
文証
文底
夜来
油圧
有官
有感
有休
遊休
有形
有礼
洋弓
用所
葉序
葉中
要録
余財
予兆
来書
陸地
利息
良識
両兵
緑豆
林相
連対
連隊
老健
老臣
愛苦
愛語
愛路
青波
上馬
悪衣
悪演
悪字
悪評
圧制
圧成
圧政
海人
天社
有体
暗化
案下
行火
暗期
暗号
暗点
安導
委細
石工
石文
医書
移書
医術
入相
移流
院体
右羽
羽状
海馬
梅園
温気
雲気
雲級
雲上
衛士
営団
栄典
営理
営林
駅商
役務
画師
絵師
絵図
園芸
演芸
園丁
往航
王公
黄光
王制
王政
黄精
横隊
黄体
王墓
王母
応量
王領
大酒
悪寒
音義
温健
温菜
海禁
開建
改刷
階序
回祖
開祖
海氷
海表
海防
会名
階名
海流
科挙
角技
各財
各室
角質
各法
確報
格例
風気
家信
歌神
河神
火神
火進
花信
花神
下情
家常
家門
花文
花門
官位
幹囲
寒雨
官営
官益
官園
管下
観花
感官
間欠
管見
官財
管材
管財
間質
間断
官田
感念
寒木
官名
官命
漢名
外周
害鳥
街路
画会
画界
楽節
学友
画工
画号
画材
画題
願意
岩石
眼毒
岩版
眼福
機外
器楽
気位
旗国
帰根
機根
気根
季秋
起重
機術
汽笛
基肥
旗門
気門
客演
規約
宮禁
給金
弓技
泣血
級数
急務
救命
旧名
求名
旧友
旧遊
球友
級友
休漁
旧領
共営
共益
共修
共習
共勝
共住
協住
教祖
教組
教則
鏡像
共電
強電
橋南
教父
教法
橋名
去夏
居家
挙家
曲節
曲池
去声
去世
挙世
曲型
去冬
挙動
挙要
金価
金科
金花
金貨
近景
金工
均合
均差
近在
金主
金種
近信
近心
近臣
近親
近習
金脈
禁物
禁輸
金力
金緑
義祭
義心
義臣
義倉
議題
義婦
義父
逆心
逆臣
逆進
逆説
逆境
求肥
漁協
魚群
技量
銀漢
空石
空走
句境
句型
苦計
区隊
句題
君公
群心
群臣
軍神
軍備
景教
軽協
経義
軽合
形勝
形象
景勝
経線
軽卒
京兆
計帳
経鼻
経別
競望
軽油
軽労
毛衣
化身
血清
欠位
結縄
血族
検印
県会
見識
険所
健体
検体
県隊
検役
芸当
芸統
芸風
芸名
外題
月休
下熱
下牧
減格
減災
現想
原像
減増
原炭
減炭
原電
原麦
元標
原票
言表
原品
原名
興雨
香雨
公挙
功罪
構材
功績
後席
講席
鉱石
黄石
広節
後接
後節
考説
高節
高説
交直
功能
効能
興農
高能
公墓
航母
好味
香味
校務
港務
航務
鉱務
故宮
故旧
黒印
告辞
国事
国字
黒雪
黒表
古現
古言
戸長
故友
根因
根管
根菜
混流
合界
合皮
護岸
極意
再往
再応
西京
才徳
採得
最特
再犯
最判
西肥
最民
災民
細民
最落
左往
作期
昨期
左証
殺界
殺未
賛意
産金
酸欠
算数
酸鼻
酸量
財界
材質
罪質
材種
材色
材積
罪責
在阪
在命
材木
雑科
雑件
雑技
雑務
雑話
残光
残鉱
残暑
残任
残年
史眼
詩眼
識見
色材
識字
史実
子実
失計
失対
失体
失態
失投
失意
室温
質義
質議
室名
死本
写角
社格
車格
社旗
謝金
借名
社号
社章
写場
借景
社伝
謝肉
社用
車列
社労
州花
週休
週給
集禁
集魚
秋耕
集光
周速
修文
秋分
修友
秋夕
秋容
秋陽
集要
終連
酒興
宿意
祝意
祝勝
宿政
修験
守戸
取集
主事
主治
主辞
修持
種字
出自
主島
主版
手板
酒飯
首標
主病
春寒
春節
春雪
小案
小医
小委
省益
小角
正角
正気
省議
証義
少室
小臣
小身
少心
少進
焼心
小組
消息
正脈
商務
証文
小勇
所演
食農
職務
所証
書証
書票
書評
書風
白頭
白首
新円
真円
心黄
新王
進角
信言
心原
新現
神言
真言
参宿
新受
神人
新台
神典
真福
信望
深望
新味
真味
進未
直臣
持経
自共
自強
自食
辞色
耳順
次図
実境
実者
実車
実相
実速
実徳
実害
寺伝
次編
字法
寺法
辞法
自暴
弱冷
弱起
重罪
重星
重電
重土
重役
受液
受益
受光
授術
受令
受礼
順快
準高
順光
準則
情義
上計
場景
情形
情景
状景
成身
上日
成実
上分
上聞
上歩
常歩
城門
縄文
常理
情理
条理
条里
時様
次葉
滋養
自用
持留
自流
自留
神足
水宮
水球
水災
水冷
頭寒
星位
正位
青衣
成因
正員
正院
生因
星雨
晴雨
精液
制球
晴球
正球
精好
正号
静者
晴日
星図
精図
声息
製炭
正着
生着
性比
政費
性病
正副
清福
精粉
成兵
正兵
精兵
西兵
青米
世務
性夢
成務
政務
星列
責罪
石標
赤貧
石風
責務
世辞
世相
切歯
節士
説唱
雪松
設色
雪食
雪眼
接辞
節度
設例
説例
戦役
戦果
戦火
船価
選果
選科
先書
線図
先入
先任
先非
戦費
選民
先務
戦務
戦無
線名
船名
戦友
戦利
先例
船令
戦歴
税務
絶景
絶品
絶待
全号
前号
前室
全色
前食
前司
前時
前示
前略
全量
早材
総菜
草種
早秋
総集
想提
相動
相同
草堂
送入
総白
巣板
総兵
側囲
足囲
束生
素食
測器
測気
側行
測候
速効
素養
祖来
村会
造悪
増感
造管
増勢
増生
造精
増備
増福
象兵
造兵
属島
体圧
体液
対格
大罪
大守
太主
太守
大典
大任
大輪
隊列
他室
他州
多心
多神
単幹
単管
単館
炭管
短観
単眼
単願
単球
単級
短弓
短急
短見
単光
炭鉱
単三
単産
単親
短信
単相
単発
大材
打高
打順
断想
断点
断編
置官
築法
地丁
地底
池底
知能
虫具
仲弟
中飛
調号
朝三
朝参
帳票
直資
直長
通音
通言
通谷
通説
低王
弟王
停刊
定言
低酸
定借
低接
定線
定船
提題
定評
定理
笛音
適状
鉄橋
鉄鏡
天辺
鉄条
鉄労
典医
天意
天衣
転衣
天板
天人
天孫
天望
電算
電照
電文
電報
答案
冬営
当国
等色
当節
投低
東低
東庭
当土
東土
等比
頭皮
当薬
頭薬
東輸
灯油
当来
当落
特技
得失
特質
得示
得船
得選
徳相
特大
特電
得法
徳礼
利心
特価
特科
特貨
徳器
特機
特区
特効
同角
銅角
童画
同属
銅版
銅板
動脈
同友
土管
土禁
毒草
独想
毒談
土語
内空
内事
内城
内状
内争
内題
内務
南門
肉幹
肉牛
日王
入光
入航
入市
入職
入店
入刀
入梅
任意
人相
熱意
燃費
能幹
能管
農耕
配所
敗勢
敗着
敗東
博情
白灯
破談
発災
発破
発語
波動
波導
反共
半言
半側
半足
半速
反足
半麦
坂路
買鉱
売防
博徒
麦角
板根
番茶
悲運
非運
飛雲
悲泣
飛球
非才
比照
必殺
必着
非文
悲鳴
非命
非役
氷衣
表見
表在
標式
表式
平声
標章
表章
表証
表象
標点
評点
票田
評伝
氷板
悲話
貧究
貧苦
品行
貧鉱
貧児
貧者
貧富
美飯
病衣
病苦
病根
病識
病相
病体
病名
病歴
便船
風圧
風災
風信
風防
不活
負義
複業
副章
副賞
複勝
複信
副性
副成
副生
服制
複線
複利
不言
富国
付節
付説
付則
不着
不燃
不敗
仏手
武術
武総
物証
物象
豊楽
分期
分機
分弁
平温
平音
平準
兵争
兵丁
返球
変相
変報
変法
辺要
便意
弁義
弁務
法官
豊庫
法号
方図
包接
法造
放題
法談
包虫
豊肥
法服
放楽
法楽
法量
豊漁
方路
保修
保肥
歩容
歩様
本毛
望遠
暴害
防具
暴政
暴追
防波
望洋
母公
母港
墓名
母名
末章
松科
満会
満漢
満身
満席
満線
満船
満配
未進
未必
名記
民業
民行
民苦
民芸
民宿
民設
民用
民録
無財
夢相
無想
無相
無敗
無配
務本
無品
名運
命運
名園
名演
明験
名言
命言
迷言
迷信
名走
命法
鳴放
名木
命友
迷友
面色
毛細
毛湯
木台
聞思
門神
夜雨
薬液
薬害
薬材
益体
薬理
約量
薬料
薬量
野望
有印
有因
遊印
有価
遊客
有給
勇義
遊技
有言
友情
有病
油田
用害
要害
葉酸
曜変
用木
葉面
養毛
予研
余国
余情
予特
余得
余徳
来状
落橋
利害
理外
陸運
利足
立県
流体
流量
良運
両河
両山
領主
両州
両職
両色
両属
量程
緑灯
旅上
旅情
旅団
輪走
類義
類字
類例
流罪
冷温
冷照
冷雪
歴世
歴青
列和
連銀
連枝
連節
連名
労宮
労研
老犬
老研
労工
老残
老心
老身
労農
老農
老馬
労兵
老令
路温
路程
和訓
和才
和刀
和南
和法
話法
愛悪
愛家
愛眼
愛機
愛技
愛欠
愛酒
愛書
愛心
愛神
愛臣
愛息
愛刀
愛徳
愛念
愛別
愛民
愛友
青雲
赤衣
赤手
赤点
赤眼
秋雲
秋雨
下語
悪因
悪運
悪液
悪王
悪害
悪逆
悪月
悪言
悪業
悪妻
悪才
悪子
悪所
悪書
悪食
悪神
悪水
悪雪
悪税
悪相
悪男
悪血
悪虫
悪鳥
悪童
悪道
悪念
悪筆
悪病
悪夫
悪婦
悪風
悪変
悪報
悪法
悪面
悪役
悪友
悪例
上底
圧覚
圧気
悪器
圧空
悪計
悪見
悪国
悪根
圧点
圧条
圧電
編目
年魚
安管
安協
暗行
暗空
暗君
暗血
安康
暗光
暗香
安居
暗語
暗主
案書
暗色
暗線
暗帯
案頭
塩梅
塩配
安分
案文
安民
安立
暗流
暗緑
移易
以遠
位格
軍船
育草
育徳
育毛
育友
育林
活魚
意業
移祭
石仏
医女
位数
医説
以浅
市屋
糸竹
犬面
意念
易燃
医博
意馬
意表
以北
意望
今昔
色身
祝酒
院印
引経
印形
因行
院宮
院家
院号
印材
因習
印書
印信
院主
引水
因数
因説
院線
印相
引転
印堂
引導
印肉
印判
因明
印綿
印面
音物
印文
院門
引力
引例
雨害
雨月
牛車
右室
右社
有心
雨声
有象
羽族
内孫
有徳
雨読
右府
羽粉
梅林
右葉
右列
雲雨
運開
雲海
雲客
雲角
雲関
雲外
雲月
雲合
雲際
雲山
運指
雲手
温州
運数
運炭
雲底
運刀
雲入
雲表
運歩
雲文
雲遊
雲量
雲林
運令
永安
英印
栄運
営外
英学
永言
英式
営舎
泳者
英主
営所
衛所
英商
栄職
英清
永日
営設
英船
営倉
営草
永代
英断
営中
英中
営庭
英土
営内
英風
衛風
栄福
泳法
英法
英民
営門
英略
営漁
英領
営力
泳力
液圧
液温
益気
液球
役牛
駅号
駅子
液質
駅手
液色
駅数
易世
液性
駅制
益税
液素
液相
易断
易治
駅丁
駅頭
液肥
役夫
駅夫
液分
液便
駅弁
役民
液面
液薬
益友
液量
液冷
駅路
会行
会苦
会下
会元
絵賛
絵像
絵伝
遠位
円外
塩害
円覚
円球
遠居
円鏡
演曲
円教
塩業
園区
円月
円口
園耕
塩鉱
遠交
遠航
遠行
塩酸
円材
園試
園舎
演色
園頭
園数
塩税
円村
演台
演題
円読
演能
円皮
塩皮
演武
園服
円弁
演変
円木
円本
演目
円文
園門
遠来
遠略
円輪
園林
園例
演練
老木
追肥
横圧
桜雲
応益
黄顔
王業
黄玉
王銀
王軍
黄血
黄犬
応験
往古
王号
往信
王親
往日
王城
応身
王水
黄水
王孫
王族
王治
王庭
王弟
往年
黄梅
桜品
王仏
応報
王法
王民
王命
桜友
王有
横流
王林
王令
横列
黄連
大帯
大束
大業
屋舎
屋側
屋階
良人
音価
音階
温覚
音学
温顔
音曲
音句
音訓
音群
温血
温故
音効
音工
音高
遠国
温習
音字
温石
温点
音転
女男
温熱
音板
音便
音脈
遠流
温冷
改案
会意
開囲
階位
海駅
海王
快音
開音
海客
海区
械具
開式
会心
海深
海進
開心
改税
回族
快打
貝玉
改土
開度
改番
界標
回武
快便
快弁
開弁
回米
快味
海民
海門
解役
海陸
家運
河運
火雲
顔容
加音
夏音
下界
過挙
可逆
各案
格外
角岩
各橋
格技
各号
各色
角食
角術
各則
各村
覚他
格通
角通
各馬
角皮
各筆
角筆
格物
客兵
覚夢
各役
標札
水手
家作
歌作
風波
下式
家借
火術
花序
仮数
価数
歌数
課数
飛白
過達
語種
活句
活殺
活水
活版
活画
活眼
活人
活神
活仏
活弁
活量
活歴
果徳
科特
可読
門前
果肉
花肉
金肥
歌文
家母
歌友
下略
科料
過料
過量
皮切
寒雲
観桜
幹音
感温
感音
漢音
寒極
漢玉
官軍
漢軍
管群
漢検
寒月
観月
官庫
官戸
完実
官女
感状
管状
寒村
漢族
寒竹
漢竹
寒熱
感熱
寒梅
観梅
間氷
寒貧
官服
官兵
漢兵
観兵
官辺
完母
漢墓
完満
官務
漢薬
官有
漢来
官立
寒林
害悪
外圧
外囲
外衣
害意
外運
外役
外液
外王
外画
外境
外銀
外区
街区
外言
外合
外信
外心
外臣
害心
外城
外水
外積
街村
外族
外帯
街談
外底
外典
外転
害毒
外熱
外発
外皮
外物
外貿
外米
街民
外油
外力
外緑
画院
芽球
画境
画技
額絵
楽音
楽学
学義
学参
学室
楽所
楽神
学事
額字
学石
学績
学祖
楽想
学則
学治
学知
学店
楽典
学統
学頭
学徳
学半
学風
学仏
学務
楽旅
学連
画景
画才
画賛
賀春
画商
画色
画術
画帳
画調
額角
学活
楽興
学兄
合切
合財
合筆
月像
月令
画筆
賀表
画名
画友
眼圧
岩塩
眼界
眼角
岩画
願学
願業
願行
眼識
岩質
岩種
願主
眼精
岩相
顔相
岩体
眼帯
眼中
願人
岩粉
顔法
元品
岩脈
願文
岩流
喜雨
気液
気学
旗軍
気血
喜芸
期月
希酸
起式
帰宿
季春
帰心
帰神
機心
喜受
期税
木竹
気団
紀談
基通
気笛
基発
基部
気脈
木理
喜鳴
基名
帰名
気鳴
器面
基面
客位
客使
客乗
客注
客分
客遊
客来
客貨
弓圧
求安
急雨
宮衛
給液
休園
旧円
救応
旧音
球音
旧記
給気
救急
旧教
休銀
急言
給原
救災
旧妻
旧札
久三
急坂
旧識
宮室
球質
休出
球春
弓術
宮女
旧巣
球速
旧村
旧族
旧地
求知
級地
給地
給知
休店
宮都
旧図
旧都
急登
旧冬
旧任
旧年
給配
旧版
休筆
救貧
旧品
急病
急便
旧物
旧聞
弓兵
急歩
宮保
旧法
旧本
救母
給米
救民
宮務
球面
給物
宮門
旧門
休薬
旧約
旧来
旧例
旧路
旧話
挙一
教案
強運
教王
経王
強音
京学
教学
教行
競業
教区
教具
鏡群
教外
京職
教式
教主
共助
協助
教場
教条
橋上
興情
教説
共戦
共線
教線
競速
共属
強族
教体
京中
強毒
京内
教内
強馬
強皮
強兵
協弁
競歩
橋北
教母
教木
交名
教務
鏡面
教門
経文
共役
局課
局外
曲学
局側
極期
曲技
曲芸
局後
極左
極差
局紙
曲師
曲種
曲集
極小
極少
曲事
曲順
曲水
局相
曲想
極相
極則
極体
曲直
極年
曲馬
局番
極板
局票
局方
局務
極夜
極洋
曲率
極量
曲例
曲礼
曲路
挙軍
去月
居室
去秋
去春
居席
許多
曲管
極官
極光
極功
極高
居動
挙父
機略
均圧
近位
近医
金位
金衣
禁衛
金液
禁園
金円
金塩
近海
近刊
金管
近眼
近居
金牛
近業
禁軍
金軍
金毛
金欠
金言
金粉
近国
近作
禁札
金札
禁書
禁食
金神
禁色
金相
禁則
近村
今体
近体
公達
金談
禁中
禁鳥
禁庭
均田
金団
金土
金得
均熱
金判
金馬
金梅
金波
経行
金布
近聞
金分
金文
金風
近歩
金満
均輸
近来
禁旅
近流
禁令
金冷
議運
技科
義眼
義挙
技協
義鏡
義金
義訓
義解
技芸
議言
技工
義手
義女
義戦
義足
義徒
義兵
技本
義民
逆悪
逆足
逆位
逆運
逆軍
逆語
逆産
逆修
逆字
逆順
逆性
逆成
逆走
逆調
逆徒
逆徳
逆入
逆比
逆筆
逆法
逆理
牛化
牛角
牛群
牛形
牛耕
牛後
牛舎
牛種
牛耳
牛刀
牛馬
牛歩
行学
行願
行解
行香
業際
行信
行実
行住
行数
業通
業転
行伝
行服
行仏
業余
業容
行力
行礼
業歴
魚眼
玉案
玉衣
玉音
玉花
玉眼
玉顔
玉山
玉室
玉車
玉条
玉成
玉清
玉製
玉体
玉代
玉池
玉笛
玉頭
玉堂
玉歩
玉門
玉葉
玉類
漁具
魚形
魚種
漁色
魚食
魚信
魚数
漁政
魚族
魚体
魚鳥
玉器
魚田
漁灯
魚道
魚毒
魚肉
魚板
魚皮
魚肥
魚病
漁夫
漁父
魚服
漁法
魚味
魚文
魚油
漁連
漁労
銀位
銀印
銀塩
銀価
銀貨
銀器
銀鏡
銀経
銀札
銀山
銀糸
銀主
銀賞
銀地
銀子
銀製
銀線
銀台
銀笛
銀頭
銀白
銀歯
銀馬
銀板
銀筆
銀皮
銀票
銀粉
銀緑
銀輪
空圧
空位
空海
空格
空技
空行
空谷
空後
空佐
空際
空山
空士
空性
空相
空心
空自
空城
空説
空燃
空文
空包
空望
空名
空理
空陸
空力
空林
空輪
空冷
空老
区営
苦役
久遠
苦果
区会
句会
苦海
区活
口決
区検
口業
草屋
句集
苦受
苦参
句数
薬代
区税
句中
区点
句点
口伝
口説
苦肉
国造
苦熱
句法
公方
句末
公役
功力
句歴
黒油
黒衣
黒炭
黒鳥
黒星
君学
君国
君臣
君親
訓辞
君政
訓政
君側
訓注
君長
君徳
君王
君父
君民
訓民
君命
訓話
具案
共業
具格
具眼
具象
救生
具注
求得
求法
軍営
郡衛
軍役
軍王
郡王
軍界
郡会
軍学
群議
軍議
群玉
軍区
郡区
郡家
群軽
軍犬
軍戸
群行
軍功
軍港
軍行
群才
群参
軍産
軍財
群山
軍種
郡守
群数
軍争
軍卒
群像
郡代
郡地
郡治
群中
軍中
郡中
群長
軍長
郡長
軍転
群童
郡道
群読
軍馬
郡評
軍費
軍票
軍夫
軍服
軍防
軍務
軍命
郡名
軍門
群落
郡立
軍略
軍旅
郡領
軍令
軍歴
軍列
軍路
群鹿
景雲
軽音
軽挙
形局
経空
経血
経書
形神
軽税
軽打
軽重
景徳
京奈
経熱
軽風
景物
軽兵
計面
経友
計略
化外
加行
化主
化城
結願
化鳥
血球
結句
結社
血相
結体
結隊
血中
決特
欠品
血風
血粉
欠本
血雨
血河
欠月
欠減
結言
欠字
血毒
欠番
欠便
欠文
血便
血脈
決明
血友
血余
欠略
結連
化仏
毛見
外連
検圧
建軍
検血
検者
検車
犬舎
健食
検食
建水
間水
県税
健側
検則
検測
験測
県卒
見台
検断
検田
検電
験電
犬肉
険坂
犬馬
検梅
県評
犬皮
県費
建墓
県木
健末
見脈
検務
県務
検面
見面
県有
検流
見料
建礼
県令
険路
芸界
芸格
芸祭
芸態
芸談
芸道
芸備
芸脈
芸林
芸歴
外京
逆旅
夏行
外宮
下郡
下血
解夏
下国
下足
月界
月産
月謝
月商
月色
月食
月神
月夕
月央
月火
月金
月差
月図
月台
月内
月名
月明
月来
月利
月率
月林
月輪
外道
下人
解表
下薬
解由
原意
言意
原塩
現王
言外
限外
原岩
原魚
現業
現銀
原句
言句
原件
限月
現今
眼根
元号
現車
言者
現身
減弱
現修
現受
言述
験術
原水
原図
原石
言責
元素
原体
原隊
現着
原注
原虫
験得
験徳
原肉
減肉
現任
原版
原板
原表
減便
原皮
原肥
減肥
現夫
元兵
現兵
原末
原味
現務
原綿
原毛
原薬
減薬
減容
現用
言路
元老
原話
小家
口愛
好悪
公王
好局
香魚
好銀
校訓
高家
向春
口実
向日
好日
公準
工順
後生
公孫
公単
光毒
鉱毒
黄肉
公病
幸便
後便
公辺
口辺
好変
好編
後編
後辺
向米
口弁
広本
校本
鉱脈
後面
鉱油
広録
古駅
古音
湖海
戸外
古曲
湖魚
国安
黒暗
国意
国記
国号
黒質
国章
告身
国図
国祖
国損
国朝
国鳥
国電
国都
黒肉
国年
黒変
国弁
国法
黒曜
国利
国老
古訓
個計
古形
固型
固形
湖月
故国
古札
故殺
固山
故山
古社
古酒
戸主
故主
個食
古色
故実
古昔
古説
湖川
古相
古茶
古注
国幹
国漢
国管
黒球
国均
国禁
国金
国訓
個的
古年
故買
古筆
個票
個表
個品
個物
古仏
湖辺
古方
古法
独楽
古名
古流
古例
根圧
混一
混泳
根音
混芽
今局
混見
混酸
混種
根出
混牧
混米
根毛
根量
今例
合営
号外
号給
業苦
合谷
合散
合字
合説
号笛
合転
業念
業風
合名
合薬
極印
極月
極暑
極製
極説
極低
極白
極貧
極老
語根
後号
語業
牛主
午食
語序
牛頭
語素
語族
語長
業識
後仏
語脈
護民
語問
語類
語例
言中
近門
差圧
最愛
再圧
細案
祭衣
西院
才英
再役
才学
西客
祭具
採型
細径
最決
才芸
最左
才差
細作
採材
細材
妻室
才質
祭室
祭主
祭酒
菜頭
才術
才人
祭神
採水
再設
細節
細太
才知
細動
採肉
細馬
採貝
才筆
細筆
最貧
祭服
才物
才弁
細末
最明
採薬
才略
最略
祭礼
左羽
差音
酒家
早切
作印
作因
作音
作手
作種
作食
作事
作条
作設
昨対
作題
作調
昨朝
作土
作人
作能
昨非
作変
作毛
作問
作料
作例
作礼
作話
酒質
左近
茶梅
左室
左社
差数
左直
刷版
殺法
刷数
察番
殺母
左飛
左表
左府
佐命
左右
作略
差略
茶礼
産育
山雨
山雲
散塩
産機
散居
産銀
参軍
山群
産軍
山月
山茶
山色
酸食
算術
散所
産所
山体
散茶
産直
産鉄
酸毒
産肉
産熱
産年
賛念
散文
賛文
散木
山民
山流
参礼
罪案
財運
在貨
材価
罪過
財貨
財規
在級
罪行
在空
在家
罪業
在支
在生
罪証
財神
罪状
罪数
在村
在台
在隊
財投
在特
財特
在判
在番
在比
財副
在仏
在満
在民
財物
在野
財有
財用
財利
財力
雑曲
雑広
雑考
雑識
雑集
雑書
雑職
雑節
雑則
雑地
雑豆
雑費
雑筆
雑評
雑粉
雑報
雑本
雑業
雑軍
雑芸
雑事
雑字
雑税
雑損
雑題
雑入
雑文
雑味
雑民
雑録
残液
残花
残寒
残基
残機
残気
残京
残金
残欠
残菜
残殺
残紙
残心
残生
残席
残雪
残像
残地
残柱
残土
残熱
残氷
残品
残部
残物
残便
残兵
残編
残務
残夢
残夜
残油
残率
残量
指圧
詩意
市易
指帰
色衣
色界
色覚
色感
式楽
色境
色光
色差
色食
色神
式事
式次
式辞
式日
色弱
式順
色相
色帯
識達
式台
色代
式中
色的
職田
色度
色道
式能
識能
色票
式服
式部
式文
式法
色法
色名
色面
式目
式量
色料
識量
司空
司郡
市郡
指月
歯根
糸根
師号
支合
師主
詩酒
詩術
市水
止水
市税
士卒
質業
質地
質物
試茶
司直
失活
失政
失着
失注
失調
失費
室員
失事
室数
質点
失徳
質分
失保
失名
失約
室礼
失立
失路
指頭
枝頭
死毒
死肉
指板
指版
歯板
死番
史筆
始筆
紙筆
試筆
死病
市府
師父
士風
詩風
指北
子母
師母
支脈
歯脈
死脈
市門
死門
社運
社屋
借音
借銀
借書
借字
借貸
借庭
借馬
借料
社訓
写景
舎兄
車限
社参
社史
社司
車室
写植
社食
写実
車重
社数
写図
社祖
社倉
社則
舎則
車速
写得
社日
社人
車馬
車番
社費
舎費
写票
社標
車夫
社風
社福
車兵
写法
社報
写本
謝物
写野
写友
社友
社有
車力
車輪
試薬
手圧
主因
手印
集王
集音
州外
習気
拾玉
州軍
州郡
集群
集解
祝言
集古
集財
終車
周術
修女
周上
週数
州税
集村
周代
集題
修竹
周長
周定
終発
終筆
集品
周備
州法
週報
州牧
終牧
州民
秋夜
終夜
終油
秋林
守衛
主音
主家
酒化
酒害
種額
守旧
首級
主局
宿悪
宿院
宿雨
宿運
宿王
宿外
宿学
宿願
宿業
宿罪
宿神
宿世
宿村
祝電
宿徳
宿道
宿内
宿年
祝文
宿便
宿母
宿望
宿民
宿曜
宿料
宿老
手具
主群
手芸
守国
主根
手根
種根
主査
主室
主神
守心
酒心
酒神
主日
種数
酒数
主節
種属
種族
主知
酒池
出格
祝喜
宿根
出舎
出車
出巣
出息
出音
出銀
出母
出門
出用
手低
酒毒
種内
酒肉
種皮
主筆
手筆
主品
酒品
修福
首服
主部
首部
主文
守文
主兵
守兵
手兵
主編
主弁
酒保
酒母
主木
主脈
主馬
種綿
主夜
酒友
守礼
酒連
首連
手録
春温
春化
春歌
春画
春景
春月
春光
春耕
春色
春情
春昼
春天
春分
春望
春本
春遊
春陽
春話
勝運
商運
招運
消音
勝共
小工
章句
照空
焼結
勝解
笑芸
招月
生国
商材
招春
小職
少実
松実
精舎
正税
勝他
勝着
小弟
少弟
章程
小伝
招電
商道
小堂
証道
商農
小農
消波
省筆
招福
正物
小変
小編
省別
焼木
章末
小満
招民
章目
勝楽
商陸
勝率
商流
小流
正流
少類
生類
証類
商連
書屋
書格
書画
所外
書外
書学
所願
書技
職安
職位
食医
食育
食栄
職訓
職群
食原
植採
食積
植食
織女
食人
食神
職組
植相
食草
食台
食治
職長
食鳥
食通
織徳
食毒
職発
織布
植福
食服
職名
職由
植列
職労
所求
所化
所解
書芸
初現
所言
初語
書語
初号
初刷
書札
所産
初職
所税
初祖
食貨
職階
食客
職級
初伝
初電
所伝
書伝
初度
初読
暑熱
初発
書板
初筆
書筆
書美
初便
所部
初編
書目
初夜
所役
初留
書流
書林
初列
白雲
白玉
白面
調役
白眼
史略
支流
枝流
史林
士林
士列
歯列
白油
白皮
白炭
白点
深愛
真愛
信印
心因
新院
真印
真因
進運
新駅
神易
深温
心眼
新客
神牛
親魚
新銀
神君
心血
心月
新月
心識
神式
身識
心術
真数
新税
新則
新読
真読
親独
身肉
信女
身熱
新馬
深発
親仏
深部
新風
真風
清兵
親米
神別
申弁
親北
清末
申脈
新民
臣民
親明
心無
神馬
心目
進物
神問
神文
神門
親油
信力
深流
神鹿
寺運
時運
次駅
自益
地黄
時王
直電
寺額
食香
直参
直説
直孫
直弟
直門
次客
時局
自局
直領
字訓
自軍
寺家
耳根
自今
自根
次妻
時人
自損
時短
地玉
字中
寺中
次注
自注
実機
実教
実根
実参
実職
実説
実損
実竹
実悪
実意
実有
実学
実語
実事
実字
実辞
実打
実大
実伝
実年
実念
実売
実備
実部
実妹
実名
実綿
実量
実歴
実録
実話
自独
自読
地熱
時風
事物
持仏
自脈
持明
耳目
地物
次問
自門
弱酸
弱勢
弱声
弱卒
弱毒
弱肉
弱風
弱兵
弱形
弱行
弱国
持薬
受圧
受育
住院
拾因
住屋
住家
重科
重解
住管
重感
重金
重軽
住血
重言
重根
重質
重種
重水
重積
重責
住設
重税
重調
住都
重農
重判
重犯
重病
重弁
重列
受感
受器
受寄
授記
受職
授時
入内
術計
術数
術側
述体
術中
述定
術衣
述格
術学
術眼
術芸
術式
術部
述部
術野
受田
受働
受動
受肉
受熱
授粉
受法
入木
順境
順逆
準州
順孫
順達
準夜
順流
順列
順路
情愛
常圧
常有
上音
常温
情願
城居
常訓
乗具
上宮
上古
定業
上首
城主
上声
常職
常色
上星
上製
情性
常続
城地
上長
情調
上通
城南
常念
情念
常敗
上白
上兵
城兵
城北
上米
定命
常命
常民
上命
城名
条名
条目
常楽
乗率
上略
上列
情話
女花
序歌
女給
女訓
女軍
助業
助祭
助材
女色
序数
序節
序説
女孫
助炭
女短
女徳
助燃
女筆
女婦
女服
序文
女兵
序編
序品
時余
自余
自落
事略
事歴
次列
人海
人牛
人血
人言
人才
人災
人士
人車
人証
神水
人祖
人天
人頭
人徳
人肥
神便
人本
人毛
人流
水運
水液
水界
水協
水曲
水金
水牛
水銀
水軍
水研
出挙
水字
水術
水石
水速
水治
水天
水都
水徳
水特
水団
水毒
水波
水馬
水飛
水筆
水明
水楽
水陸
水輪
数検
数行
数唱
数町
数独
数表
数目
数略
数列
末葉
初願
数息
炭質
図案
図学
図根
図象
図色
図像
図帳
図典
頭熱
頭燃
頭風
図名
正圧
星雲
西学
静学
成均
正逆
成牛
青玉
正銀
制空
正訓
青訓
清月
生谷
青黒
精根
星主
清酒
青秋
静修
世出
正出
政術
成女
精女
青女
正切
正接
精説
西説
世祖
成祖
正続
政談
星団
清談
清茶
製茶
正丁
正伝
清熱
青白
整版
正犯
西半
精麦
製麦
正番
製番
星表
精評
青氷
青票
精勉
勢望
声望
性味
政民
性毛
井目
星夜
静夜
政略
西旅
成林
星林
青林
積悪
石印
積羽
席運
積雲
赤雲
石英
石化
赤海
席画
石画
赤球
赤県
潟湖
赤黄
積差
席主
赤心
席次
昔時
席順
石人
石製
積送
席題
石地
石竹
石中
石柱
積徳
積土
昔年
積年
石馬
席番
石板
石版
石筆
責付
石兵
赤変
赤方
席末
石門
世鏡
赤緑
石林
石列
積和
世故
世才
世事
世上
世情
世数
世説
節会
石火
雪花
節季
石球
赤血
赤黒
節車
切所
節所
接神
接心
節足
雪中
雪柱
節調
雪白
節筆
雪氷
雪風
説解
節球
節義
雪原
設工
接語
雪後
雪上
雪庭
雪皮
設標
説文
雪夜
節要
節理
雪里
雪量
世道
世評
世福
選悪
戦意
船位
船医
戦雲
船運
先王
先回
浅海
先覚
線画
先学
浅学
船額
船級
戦局
選局
戦技
先君
戦訓
先軍
先号
浅春
先節
船団
先徳
船特
先度
戦備
先便
戦評
先負
選仏
線分
先夫
先婦
先富
船夫
先兵
船保
線毛
戦野
先約
選薬
戦理
線輪
戦列
船列
税印
税外
税経
税則
税表
税目
絶海
絶境
絶作
絶勝
絶唱
絶世
絶島
絶東
絶版
絶筆
絶技
絶後
全圧
全円
全音
全顔
前岸
前眼
全球
全級
前急
全協
全銀
前訓
全血
全山
全書
全食
全条
前条
全数
全図
前図
全損
全中
前注
全伝
全判
全波
全評
全備
前便
前非
前表
全府
前仏
全兵
全民
前名
全問
前問
前門
前約
前歴
前連
前路
全労
草愛
総員
総院
総演
相悪
総画
草画
早強
草魚
相銀
走句
総軍
総結
走順
総序
相則
総則
倉卒
草炭
送炭
相鉄
相人
想念
早年
相念
送念
送筆
総表
総評
相分
草本
送油
争友
総有
巣落
相輪
草林
相和
素音
祖業
側圧
側衛
側芽
足芽
速算
側手
束修
速修
測色
足食
息女
側条
測水
側対
束帯
側注
側道
息男
足熱
側板
側筆
速筆
測標
側布
側副
側辺
足歩
側薬
足浴
速率
足労
祖訓
祖型
祖現
素元
素原
祖語
素女
祖孫
測角
側根
足根
卒死
卒隊
卒意
率意
卒検
卒研
卒準
卒制
卒前
卒単
素点
祖伝
祖徳
祖堂
衣物
祖法
祖本
素問
祖油
村医
損額
損気
損出
損所
孫色
村寺
村数
村税
村堂
村童
村道
村費
村法
村名
損物
村有
村立
損料
増温
造化
造岩
造顔
雑行
増区
造句
雑訓
雑具
増血
増石
造山
雑色
象舎
雑舎
象耳
造字
造次
増巣
造像
増体
増炭
像柱
像点
増灯
象頭
雑毒
像内
雑人
増熱
増破
造波
増白
増倍
象皮
造本
造墓
像法
像面
造陸
雑令
増力
属員
属間
属州
属城
属人
属数
属地
族長
続任
続命
属名
族名
族葉
属領
続録
続開
属格
属官
多圧
大運
対英
対間
大願
帯下
対月
体言
対合
対告
体術
帯水
大全
太多
対他
太達
対南
台農
大白
太白
大備
対備
隊服
対仏
対物
大望
対満
対明
体毛
帯文
大勇
大令
大礼
大練
大録
多型
多給
他群
他軍
他形
他計
多形
多景
竹馬
竹炭
多血
多語
他作
他殺
多産
多酸
他財
多罪
多財
他山
多色
他日
多情
他船
多線
多選
多側
他族
立毛
多調
達見
達識
達意
達眼
達文
達弁
炭団
多肉
多売
多肥
他筆
他品
他風
他物
他辺
多辺
多歩
他本
他力
他流
足玉
多連
単営
単横
短角
単協
単極
単義
単月
炭庫
短才
単材
炭材
単式
単車
炭車
単勝
短章
単字
短日
炭住
単数
短息
短足
単属
炭柱
短柱
炭田
単肥
単票
短評
単複
炭粉
反別
単弁
短兵
単包
単味
炭脈
短命
単面
単毛
短毛
単葉
単利
単立
単量
炭量
単列
単路
題意
台板
代印
台印
大印
大院
大雲
代演
大円
大遠
代価
台下
大果
大覚
題画
大逆
大検
題言
題号
台皿
大織
題述
大序
代走
大伝
大徳
大毒
提女
大熱
代配
大悲
代品
代返
大北
代脈
打通
打低
打法
打面
断案
断雲
断易
男王
断橋
断金
団交
男工
断酒
団信
男身
男孫
断像
団茶
断毒
団内
談理
地圧
知育
地運
地役
地温
地協
竹園
竹幹
竹材
竹枝
竹紙
築庭
竹頭
竹皮
竹筆
竹木
竹門
竹葉
知解
地財
治罪
知財
治者
知者
置酒
地集
知州
治所
知術
地積
治績
置設
地税
知足
竹管
竹根
地鉄
知徳
知日
地判
地番
治病
地府
知府
地文
知分
地変
知米
知弁
地保
地歩
池北
地母
池面
地目
茶園
茶金
着圧
着外
着差
着車
着数
着底
着点
着肉
着発
着氷
茶家
茶芸
茶書
茶商
茶席
茶説
茶通
茶庭
茶法
茶味
茶名
茶量
茶類
中圧
中印
中有
中英
中衛
中温
注音
中外
虫害
中観
中業
中銀
仲語
柱式
中質
中種
中秋
仲秋
仲春
中書
中水
柱石
沖積
中線
虫損
中農
中波
中府
中仏
中編
仲父
中北
注本
中墓
中馬
柱面
中薬
注薬
中量
柱列
中老
知勇
知友
調圧
長衣
鳥雲
町営
長円
調活
帳外
町外
鳥害
長久
長弓
長近
長君
長元
朝護
長祭
長日
町税
調速
長足
長柱
帳面
長頭
丁銅
朝堂
町堂
町道
丁半
町費
長風
朝米
町木
朝務
町務
朝夜
朝野
町有
調略
町連
直圧
直員
直往
直音
直産
直証
直示
直受
直授
直生
直積
直税
直投
直登
直働
直配
直評
直方
直毛
直用
直利
直列
直路
貯食
貯精
貯貸
貯炭
直解
直協
直根
貯湯
貯備
貯木
貯油
治要
治略
知略
地類
地歴
地連
追感
対句
追行
追号
追白
追福
通意
通運
通役
通液
通解
通級
通議
通経
通研
通日
通数
通線
通船
通則
通直
通道
通板
通票
通便
土神
低圧
定圧
低確
定格
底角
底岩
庭訓
低空
定係
弟兄
定見
低語
定差
定在
低山
低質
底質
丁者
定積
丁税
庭前
提定
停動
底版
低部
底部
定分
定文
底辺
提法
定本
底本
適塩
適業
適言
適語
適才
適作
適式
適者
適職
適実
適電
適年
適評
適木
適役
適薬
適利
適例
鉄価
鉄管
鉄球
鉄血
鉄札
鉄手
鉄相
鉄証
鉄心
鉄石
鉄損
鉄地
鉄柱
鉄刀
鉄筆
鉄粉
鉄絵
鉄塩
鉄丸
鉄魚
鉄材
鉄山
鉄質
鉄水
鉄製
鉄属
鉄底
鉄部
鉄北
鉄木
鉄門
鉄量
鉄輪
鉄類
鉄路
転圧
天運
天円
転園
転遠
転音
天格
店格
点画
典楽
天楽
天眼
天顔
天宮
天球
天極
転義
転句
天空
天軍
典故
天庫
転語
転合
天産
典式
天質
典書
天助
天水
点水
転図
転折
天祖
転想
転相
天測
天造
転造
点茶
天中
天柱
点注
転注
天徳
天耳
天女
点鼻
天物
店別
天味
天目
典薬
点薬
天来
点立
天輪
点列
天路
天鹿
伝衣
伝音
電界
電関
電画
伝共
伝教
電業
電空
伝建
伝研
電験
伝国
田根
伝産
電産
電材
電修
伝書
電植
電食
電弱
田数
伝声
電制
田積
電束
電測
伝単
電着
電停
電点
田土
伝熱
電熱
田皮
田夫
田面
電略
伝領
田令
電量
伝令
電令
等圧
当駅
等温
頭音
当館
東観
冬芽
東学
等覚
頭額
東去
灯具
当家
当犬
登研
当月
当色
等式
当宿
冬春
灯心
当住
刀術
当席
等積
答責
頭像
当団
冬虫
頭中
頭注
登堂
頭肉
登熱
東博
等倍
刀筆
灯明
頭毛
湯問
答問
当流
投力
刀礼
東連
答練
当路
登路
都管
都外
徳育
特飲
特運
特演
特管
特学
徳経
徳義
得牛
得業
徳才
特所
特招
特賞
特上
徳神
得数
特石
特則
特損
特地
特任
特番
特病
特風
得分
徳分
特保
徳望
特暴
特務
特命
徳目
特用
特養
特浴
特利
特労
特老
土軍
都護
徒手
都税
特会
特快
徳行
特交
特講
特高
徒弟
都電
徒博
都費
都門
土圧
動愛
同愛
同圧
道営
堂屋
同金
同玉
同君
同訓
道君
同宮
同根
同号
堂号
同言
同式
導術
道術
同節
同側
同卒
銅像
銅造
同着
動電
導電
動熱
同博
同比
同飛
同筆
道服
銅粉
動弁
同母
動毛
同門
同役
同薬
童遊
道友
道用
道力
導流
動輪
同令
土運
土音
土休
独案
独泳
独英
毒液
独往
毒化
独眼
独機
毒魚
独軍
独資
読史
読師
毒手
毒酒
独相
独女
独参
独対
毒茶
独日
毒念
毒筆
毒婦
独文
独米
独法
読余
独領
独和
独話
土功
土工
土耕
土質
土祝
度生
土人
土倉
土対
土長
読会
独覚
独禁
独標
土馬
土法
土民
土量
度量
土類
内意
内因
内院
内運
内温
内経
内局
内区
内君
内径
内言
内湖
内合
内妻
内室
内周
内水
内台
内帯
内鉄
内典
内伝
内燃
内発
内反
内弁
内貿
内薬
内話
流質
名代
奈女
南院
南園
南学
南岸
男官
南境
南限
南湖
南三
南人
男人
南庭
南辺
南流
苦茶
肉愛
肉界
肉芽
肉球
肉交
肉根
肉情
肉代
肉池
肉柱
肉筆
肉粉
肉林
肉類
日軍
日限
日語
日支
日食
日人
日満
日量
日輪
日録
日件
日歯
日周
日神
日直
日配
日布
入気
入客
入級
入境
入玉
入祭
入神
入息
入費
入夫
女液
女根
女肉
女犯
任運
任国
任所
任他
任脈
任料
熱化
熱火
熱球
熱型
熱殺
熱暑
熱水
熱素
熱地
熱低
熱鉄
熱風
熱圧
熱塩
熱月
熱情
熱電
熱度
熱動
熱板
熱面
熱流
熱力
燃圧
年運
念覚
年額
年休
年級
年給
年欠
燃材
念写
念親
念者
年税
念夢
燃油
念力
農育
能会
能開
農会
能格
能書
農牛
農具
能研
農研
能芸
農芸
能言
農戸
農功
能作
能才
農舎
農書
農住
農神
能相
農電
能毒
農馬
能筆
能文
農兵
農本
農牧
野馬
能米
農料
野草
波圧
配位
配意
敗因
配員
敗運
配球
敗局
敗軍
敗血
配光
配向
敗残
敗色
敗西
配席
敗兵
敗報
敗率
破屋
破鏡
博愛
白雨
白桜
白顔
白軍
白質
白線
白象
白道
白銅
白肉
白麦
白板
白票
白兵
白明
博約
白羊
白鹿
白話
破軍
波束
博古
発赤
発程
発引
発駅
発頭
発地
発燃
発馬
発毛
母型
破風
破仏
破防
波面
破面
破落
波力
半解
半開
反回
半金
半玉
半句
反軍
半芸
半国
半作
反三
版式
判者
飯頭
犯情
犯状
半切
反切
反税
半損
版築
反独
阪奈
半肉
半白
判評
半武
半風
半平
半歩
反報
飯米
反満
判民
半民
判物
半文
半夜
半役
半遊
半里
反立
半両
半量
飯量
半輪
犯歴
半労
阪和
倍圧
売位
倍角
売官
買官
倍額
貝器
買魚
売血
梅月
売国
売茶
買参
売山
貝子
貝種
買首
売笑
売色
倍数
売船
売炭
倍大
売電
買電
売得
梅肉
売品
売文
買弁
倍満
売名
貝母
売薬
買油
貝葉
馬格
馬牛
麦雨
麦価
麦芽
麦器
博才
博労
馬借
馬耳
馬術
馬政
馬正
馬前
馬足
馬速
馬体
馬着
末家
末学
馬丁
馬頭
馬肉
馬皮
馬夫
馬布
馬名
馬率
馬料
番菜
番線
番卒
番太
番役
肥育
悲引
飛駅
費額
非学
非挙
悲曲
非極
飛空
飛札
非在
非修
悲秋
悲色
非職
非心
飛信
比準
肥人
非勢
皮節
飛節
筆下
筆管
筆耕
筆才
必食
筆勢
筆生
必戦
筆戦
筆線
筆体
必達
必中
筆調
筆法
筆圧
筆意
羊肉
筆順
必定
必伝
筆道
必備
筆木
筆脈
必務
筆名
筆路
悲田
飛電
皮内
比熱
非売
非買
肥筆
悲風
皮粉
非仏
非米
皮弁
非弁
悲報
非法
飛報
非望
皮毛
飛毛
費目
冷酒
氷圧
氷温
表音
氷海
表外
氷球
兵具
標号
表号
表札
表材
氷山
評書
氷食
表色
氷心
氷人
標石
氷雪
評説
氷像
標治
表徳
氷土
表土
表内
氷風
標木
表末
標目
氷野
表流
非理
品温
貧家
貧国
貧女
貧人
貧村
貧打
貧道
貧農
貧病
貧福
貧民
貧毛
貧楽
品流
美育
美顔
備急
備給
美挙
美境
備金
美技
美犬
美言
鼻根
美質
美神
美身
鼻心
美事
美辞
美城
美水
美石
美績
鼻祖
美想
美大
備置
美田
美童
鼻道
美肉
美風
美服
美物
美名
白散
白法
白緑
病家
病義
病牛
病魚
病型
病妻
病災
秒札
病者
病舎
病身
秒時
病勢
病性
病前
病素
病側
秒速
病像
病鳥
病毒
病熱
病馬
病夫
病婦
病父
病母
病例
便数
便追
備長
便名
負圧
不育
不一
府印
父音
負因
風位
風解
風害
風眼
風教
風橋
風月
夫子
風色
風勢
風声
風前
風体
風態
風笛
風導
風熱
風刀
風量
風話
不学
府学
不挙
不許
付曲
負極
不空
福運
複塩
副王
複音
福家
副階
複管
副鏡
副菜
複式
副室
福者
副守
副手
副書
復初
復所
復水
複素
複属
副体
複体
副談
福茶
復田
復電
副都
復都
複都
福徳
副番
副文
復文
福分
複文
複弁
福報
複方
福北
副木
府郡
府庫
不語
不識
富者
不出
夫食
不受
不住
負数
副官
復曲
仏京
不対
仏英
仏語
仏産
仏紙
仏字
仏製
仏版
仏兵
仏和
不伝
不入
不売
不買
布武
阜部
不文
不犯
負名
不問
不立
富力
分給
粉鉱
粉青
分速
粉体
分銅
分秒
粉本
部案
武運
部益
武音
武官
武学
武挙
武訓
武具
武芸
武功
部室
武断
仏器
仏光
仏工
物交
仏式
仏者
仏舎
仏所
仏書
仏説
仏祖
仏足
仏典
仏天
仏徒
仏都
仏徳
仏飯
仏意
仏音
仏画
仏学
仏眼
物財
仏真
仏事
仏寺
物税
仏伝
仏土
仏日
仏名
仏馬
仏面
仏母
仏用
仏力
物力
武府
部兵
武辺
部別
武弁
部末
武名
部面
武勇
武遊
武略
部練
分圧
文案
文運
分営
分液
分画
文外
分局
分極
文金
分木
分区
文群
分根
分際
分室
分社
文種
文人
分税
分相
文草
分損
分店
分点
文典
分島
分灯
文頭
分度
文物
分服
分福
文福
文報
分米
聞略
分力
文例
文礼
文話
兵運
兵営
平角
兵学
兵額
平元
平曲
平作
兵種
兵書
兵食
平信
平進
兵術
平水
兵数
兵戦
兵船
平頭
兵内
平熱
兵農
平波
平版
兵備
兵変
平脈
兵務
兵略
変愛
変圧
変温
変音
変局
変曲
辺区
辺郡
返札
辺材
辺際
編者
変種
編首
返書
編章
編組
編中
編注
変電
返電
辺土
変年
編年
反鼻
変物
変分
変量
米案
米塩
米語
米材
米式
米商
米製
米西
米道
米独
米日
米飯
米版
米仏
米名
弁財
別解
別境
別国
別室
別種
別章
別心
別製
別体
別置
別丁
別帳
別調
別品
別報
別愛
別案
別義
別後
別語
別号
別線
別大
別伝
別電
別便
別路
便衣
便益
弁開
弁官
弁公
弁口
弁才
弁士
弁色
弁証
弁説
便中
便柱
便通
勉得
弁道
弁備
弁部
便服
弁法
便法
便量
米銀
保因
法益
方音
法音
方解
法海
方格
豊角
報禁
方金
法義
豊魚
法空
法具
放血
法主
豊水
放線
法線
法孫
法灯
法統
報徳
法内
包皮
方筆
報仏
放物
方木
包米
方民
法力
法輪
放列
保運
北院
北音
北画
北岸
北限
北七
北守
北雪
北走
北足
北低
北庭
北天
北転
北馬
北府
北辺
歩軍
歩車
保税
歩卒
北寄
北帰
北境
法橋
北家
北湖
北行
歩武
保冷
本案
本円
本願
本給
本紀
本起
本宮
本罪
本種
本職
本地
本図
本則
本草
本属
本治
本犯
本病
本品
本仏
本府
本務
本面
本様
本令
本例
本話
暴雨
防雨
暴王
望海
望気
防球
暴挙
防共
暴殺
防材
望春
防食
暴人
防勢
防声
防雪
暴対
防毒
防熱
暴評
暴富
暴兵
暴民
防油
暴勇
暴利
暴流
防鹿
母液
墓園
母貝
母岩
木牛
牧牛
牧者
牧舎
木主
牧神
牧人
木石
牧笛
牧童
牧農
牧馬
牧夫
牧父
牧民
牧羊
墓群
母原
母妻
母材
墓室
母神
墓上
墓前
墓相
母巣
歩荷
牧歌
木強
母店
母徳
母堂
母父
母法
墓列
毎期
毎戸
毎号
毎食
毎時
毎次
毎代
妹弟
毎筆
毎葉
末客
末社
末世
末節
末孫
末法
末音
末技
末残
末寺
末女
末代
末部
末文
末流
馬店
馬歩
満液
満仮
満額
満業
満限
満作
満山
満城
満場
満人
満台
満地
満堂
満備
満票
満目
満門
味液
未決
未耕
未産
味識
未戦
未着
未読
緑葉
未燃
未配
未病
脈圧
脈候
脈波
脈理
脈流
脈管
明経
明行
明後
名号
明春
命終
明星
明清
明頭
明年
命婦
明法
名聞
明門
明夜
名利
民屋
民画
明楽
民居
民具
明軍
民戸
民際
明史
民資
明式
民商
民心
民情
民選
明笛
民鉄
民都
民度
民反
民費
明服
民福
民兵
民保
民暴
民望
民本
明末
民利
民立
民力
無圧
夢応
無王
夢覚
無格
無額
無業
無血
無月
夢告
無告
無妻
無才
無三
無産
無雑
無室
無終
無宿
無住
無水
無足
無象
無代
無題
無貯
無底
無天
無電
無熱
無標
無氷
無病
無辺
無勉
無弁
無墓
無味
無明
無毛
無問
無文
無門
夢遊
無余
無類
名印
鳴管
明眼
迷宮
明許
明鏡
名玉
明玉
名君
明君
明決
名月
名語
名材
名識
命式
名車
名宿
明色
名神
名臣
名数
命数
名節
明線
名族
明帯
明達
名鳥
迷鳥
鳴鳥
名笛
名刀
名湯
名答
名筆
名評
名編
名望
命脈
迷夢
名薬
明要
名流
名老
面圧
綿花
面感
面外
綿球
綿業
面向
綿混
綿材
面材
面心
綿実
面像
面朝
面部
綿布
綿羊
面容
毛管
毛芽
毛根
毛状
毛帯
毛筆
毛包
毛母
毛様
毛量
木階
木金
木魚
木業
木玉
木人
目節
木船
木中
木鉄
目読
木日
木版
木皮
木粉
木部
目名
木毛
木門
木活
木球
木橋
目今
物相
門院
門衛
門客
聞経
聞解
門限
門札
門主
門数
門地
門灯
門頭
門道
問話
門内
門番
門標
聞法
門末
問名
問目
門流
聞老
夜会
野客
夜学
夜曲
薬医
薬園
薬王
約音
薬群
薬札
薬識
薬室
薬種
薬酒
薬商
約条
薬水
約数
薬性
役席
薬石
薬祖
薬大
薬茶
薬中
薬帳
薬毒
薬能
役分
役変
約保
薬包
薬方
役満
薬務
薬用
薬力
薬礼
薬歴
野群
野乗
野人
夜前
夜想
夜走
谷地
夜直
薬経
役金
薬効
夜天
野店
野白
野夫
夜分
勇往
有額
有眼
遊金
遊君
遊具
友軍
右軍
遊軍
遊芸
有産
勇者
有取
有実
有相
遊走
勇卒
遊直
遊底
勇徳
有熱
遊農
有配
右筆
有標
有夫
有婦
勇武
右文
有報
遊夢
有毛
勇略
夕練
油管
雪虫
輸銀
遊山
油種
油状
油水
油送
輸卒
油単
油灯
油土
油母
油脈
油面
油浴
油料
油量
油冷
陽圧
陽運
葉温
用械
容顔
洋客
容共
養牛
養魚
洋銀
羊群
要決
陽月
陽根
洋算
洋室
洋種
洋酒
陽守
要集
陽春
葉身
養親
容受
葉重
要術
陽数
要図
要説
養竹
洋刀
洋灯
羊頭
陽徳
洋銅
陽動
葉肉
洋白
洋版
羊皮
用筆
葉部
陽物
洋本
養母
葉脈
洋務
用務
要務
要目
葉油
葉理
要理
葉緑
要路
陽和
余栄
余角
余興
余行
浴後
浴女
浴湯
浴比
浴仏
浴用
余種
予章
余色
余事
余日
余水
予責
余席
余接
余説
予対
浴客
余毒
余熱
予燃
余念
余白
予表
余病
余風
余民
余類
来意
来街
来京
来県
来現
来光
来行
来札
礼紙
来室
来省
来信
来示
来席
来船
来電
礼堂
来復
来服
来由
来歴
落英
落書
落月
落枝
楽酒
落首
楽食
落日
楽受
落重
落水
落想
落速
落体
落丁
楽土
落梅
楽貧
落木
落綿
楽友
楽遊
落輪
落去
利眼
力役
力感
力気
力積
力投
力能
力編
陸羽
陸王
陸化
陸風
陸側
陸岸
陸境
陸空
陸佐
陸産
陸士
陸式
陸相
陸水
陸戦
陸鳥
陸田
陸土
陸標
陸兵
陸防
陸面
里家
里合
利生
梨状
利雪
里選
利達
立秋
立成
立冬
立刀
立位
立牛
立面
立礼
里道
理非
利米
略案
略意
略画
略号
略式
略写
略章
略字
略体
略読
略売
略評
略服
略名
略要
両個
留飲
流雲
留液
流音
流感
流管
留去
流血
流言
留職
流心
流身
流説
流祖
流速
留鳥
留点
流読
流馬
流氷
流風
立米
留別
流民
流理
流率
流路
良医
両王
両音
領外
量額
良弓
両義
両牛
両区
両句
領空
両君
両宮
令外
両語
両妻
良妻
両種
漁種
良種
領首
両宿
両重
両女
両城
両条
両水
量水
両図
良席
良績
両説
両税
良税
両全
両祖
両損
両隊
良田
良図
良能
良非
量比
両夫
両府
両部
令法
両便
良母
良木
良民
領民
良夜
領野
両役
良薬
両流
両輪
旅銀
緑衣
緑営
緑黄
緑眼
緑玉
緑黒
緑酒
緑書
緑心
緑住
緑水
緑石
力争
緑草
緑竹
緑柱
緑土
緑肥
緑布
緑風
緑便
緑門
緑野
緑遊
緑林
旅社
旅舎
旅宿
旅次
旅中
緑旗
旅遊
利楽
理力
理路
輪王
林外
林学
輪形
林研
林下
輪採
林材
林試
林住
輪住
輪状
輪数
輪生
輪台
林中
林長
輪灯
輪番
林分
林務
輪面
林力
類音
類歌
類火
類曲
類句
類書
類人
類数
類題
類地
類典
類同
類品
類本
類目
類話
流記
冷暗
礼意
冷雨
冷覚
礼楽
礼教
令兄
冷結
冷血
冷研
例月
令姉
例式
礼式
礼者
令色
冷食
例日
令息
令孫
冷帯
冷態
冷池
冷茶
令弟
令典
冷点
礼典
礼電
冷肉
冷熱
冷風
令妹
令名
礼物
例話
歴検
歴研
歴女
歴戦
歴朝
歴程
歴道
歴年
歴博
歴民
歴練
列火
列国
列世
列星
列石
列祖
列柱
列福
列王
列外
列機
列語
列女
列状
列数
列線
列代
列長
列伝
列番
列弁
列名
連印
連運
連音
練気
連京
連曲
連区
連句
連言
連声
連成
連星
連生
練炭
練鉄
連売
連番
練武
練兵
練綿
連夜
連理
労委
老医
労運
労役
老桜
老王
労改
老害
老学
労基
労協
老境
労銀
労経
老兄
老計
労作
老手
老酒
老弱
労政
老生
労戦
老太
老体
老台
老弟
老男
労判
老梅
老板
老病
労福
老福
老物
老母
老友
路銀
緑青
録事
鹿鳴
録話
路車
路次
路政
路村
路頭
路辺
路用
和学
和額
和鏡
和議
和軍
話芸
和言
和光
和産
和算
話材
和種
和習
和書
話順
和炭
和鉄
和独
和仏
和方
和本
話末
和約
和薬
話例
秋色
位田
囲田
入船
英兵
衛兵
応手
音標
回流
民部
各位
各委
客衣
角上
角状
花月
活路
外教
外字
外耳
旧作
局印
議連
景表
化地
現古
減数
限数
公取
国選
国領
古老
算国
市銀
謝意
主参
主税
小円
小知
生知
消流
実記
児頭
上作
政戦
正戦
晴天
大略
他眼
中音
追送
天南
当村
当体
土道
入川
敗死
番長
府営
府議
分館
文官
文間
弁事
便池
本知
明堂
屋戸
要道
利運
流雪
両辺
列士
連年
老頭
路標
益重
会者
官金
賀正
楽府
元三
汽水
局報
金的
金湯
区章
黒緑
経伝
見地
香合
工品
古楽
故老
護教
語調
山参
散人
在都
職事
示度
周初
修旅
初学
心音
新発
自労
人界
席代
接中
大流
地気
東関
同文
内官
内関
日出
熱的
敗荷
博聞
白文
備要
布衣
兵衣
別法
本義
民意
明界
薬研
要部
余寒
理大
理分
緑光
林政
列氏
以南
印本
雨温
花林
花梨
客側
旧徳
給特
好望
工貿
古伝
小電
質量
生者
住工
重光
授法
性典
星天
正典
戦用
側転
則天
直輸
定比
内景
判検
版代
飯台
備林
不例
府令
負例
武技
物上
部名
別火
別課
別席
末書
無体
木幹
用人
理財
労務
家訓
間八
外事
画道
建置
県治
間知
国典
黒点
語字
書作
新館
新図
神徒
神都
神童
臣道
実調
実長
弱電
成虫
精虫
正道
断機
長流
通政
人夫
半知
犯地
美容
用作
往査
王佐
音表
各日
家君
銀波
句友
県魚
護身
主務
勝地
正中
税分
他世
多声
地本
地労
人別
標線
風冷
本代
洋楽
輪部
和戦
和船
開目
客月
画図
局員
禁区
禁句
句読
句頭
現数
原病
古墓
合子
食指
心法
申報
真法
神法
水月
声風
政風
整風
清風
定体
提台
当年
日来
入出
熱証
貧士
不利
満語
力動
両編
練功
漢人
印画
雲中
各条
仮山
観心
完人
季夏
岐下
帰家
起貨
計表
質料
司牧
州内
消極
職司
食思
心材
深在
女体
庭球
停点
徒読
日運
筆画
票差
府連
別字
別耳
別辞
北朝
保父
無動
類語
益金
覚者
下布
可付
火夫
外勢
外性
街西
客舎
語勢
財形
写経
正作
地頭
走馬
損金
大決
同城
堂上
銅条
報労
明点
野音
令書
意力
営作
外生
義人
黒線
郡部
原母
再戦
士道
社協
人治
多生
単打
通人
電発
等活
東伝
年別
府務
法花
法性
理国
略本
苦界
後夫
頭光
図様
制法
積数
世人
内洋
法話
外因
外院
気水
工兵
黒旗
出行
図画
村史
定型
当山
南家
農工
婦選
布線
物情
方外
本市
夜戦
矢線
野戦
楽理
国力
修辞
商事
新説
新雪
真説
臣節
人外
図工
前科
大禁
体大
中力
都区
同歩
日内
北子
北師
油類
用金
会内
学人
楽人
局勢
高二
習字
週次
唱門
小問
松門
照門
相門
神観
常法
池心
治心
知心
知新
兵式
別集
豊家
本流
海損
開村
学報
均平
苦土
県地
小局
小曲
省局
象限
神品
静大
税調
長物
戸政
都制
都政
童心
配下
本工
例規
礼器
英貨
英図
行管
行観
車高
等黄
冬上
当条
登上
頭状
分都
平残
空地
安山
院本
器差
機差
強国
起連
個電
資財
卒後
停職
天朝
天長
東望
同勢
内圧
日台
別科
満都
希書
帰所
期初
県農
公民
高民
黒縄
庫平
試案
人確
出師
水師
水試
声句
成句
清苦
側枝
測点
灯列
同信
道心
判下
平生
陽声
陽生
原質
光束
光速
校則
港則
航測
高足
国基
細雨
信管
心間
深管
神感
身幹
人知
地学
地検
風通
分領
編名
流経
話速
会日
漢代
管台
管頭
間投
関頭
希求
強心
研北
主船
守戦
春婦
治部
術前
線区
治国
道都
美林
別件
略語
悪戦
火車
貨車
画中
共進
競進
古学
少府
省府
新故
新香
倉庫
増版
体構
単年
通性
庭上
文事
文辞
科類
橋両
戸口
試練
水流
土科
遊楽
連産
官界
官階
完形
管形
管径
画集
芸文
酒名
神変
星室
正室
静室
青天
他省
内功
内航
品性
医務
外売
小字
光風
向風
校風
高風
宿志
声字
小辞
賞辞
新案
新営
真営
親英
親衛
深度
事相
自相
知歯
内行
肉質
波戸
波止
犯行
算木
女医
話録
死罪
暑中
自家
上気
日工
日港
病害
毛布
学兵
古希
古期
古記
国守
国手
国酒
真作
人面
全家
前課
造仏
大進
態様
他章
多勝
多照
多笑
同色
倍化
貝貨
本院
話線
学農
区有
県営
初中
初年
重連
長古
日刊
府市
法事
面内
駅館
大元
強民
効力
心土
身土
進度
報時
料地
良知
領治
領知
外界
再帰
才器
才気
祭器
残査
師君
士族
支族
枝族
氏族
使命
心経
心行
上部
全校
調本
天命
法時
円居
団居
民活
良地
空都
歯面
術科
総長
肉感
無節
愛犬
言分
下名
家名
果名
科名
花名
花明
課名
図絵
点者
頭内
同左
導通
因子
栄位
海上
各月
機業
国状
謝状
読後
日観
門徒
因美
外史
外市
外紙
街市
支柱
死中
詩注
乗機
条規
日行
波布
余気
悪路
小二
覚書
外貨
行歩
光力
公力
史局
真相
席料
関料
節末
都立
民集
印紙
加点
県版
声中
対語
積立
不整
名庭
明定
強食
香菜
山相
心想
新相
神想
神草
進相
声部
全知
別事
歩数
無位
無医
洋学
院司
院試
各期
覚起
高調
室料
食事
前談
前置
団子
知人
当千
同職
同隊
内楽
文思
文詩
義旗
義気
公知
耕地
後妻
招金
正金
新法
節内
全功
前功
代務
定点
動径
同径
方円
横指
王師
黄紙
会告
各団
基線
帰線
機先
県南
健民
公地
向地
工地
校地
航地
高評
司命
師命
死命
示命
紙名
生金
地給
自救
人地
戦機
前向
単文
茶紙
気温
左支
算命
酸名
主業
職分
定者
接置
大理
予備
林区
期央
色調
小名
唱名
反徒
版図
梅花
本郡
外政
空戦
年差
本場
名香
命講
明光
毛司
語性
相加
走化
走過
提立
刀山
当船
灯船
年画
名店
圧感
悪漢
円成
外資
交点
光点
好天
後転
高点
語法
社共
習作
通夜
混声
全高
相等
変性
外聞
金法
軽国
県土
国共
小児
当事
当寺
美婦
負号
里正
青草
係官
寒波
西線
商会
政争
生草
精巣
西走
短打
中度
非戦
兵制
兵勢
本金
古城
故城
湖上
商界
小解
照海
南都
上目
作務
区外
化導
化道
初会
心体
心態
神体
人身
水路
定給
等電
予価
予科
余花
黄衣
勢声
政制
正西
製成
青成
静清
複本
付注
海生
頭字
湖水
細故
修士
席数
等時
答辞
酸類
修史
州師
秋思
持平
石刀
赤灯
動学
門生
円上
港内
湖心
下側
性分
初地
書字
成語
武人
両島
両統
両頭
風池
本真
綿糸
絵布
衛府
花芸
寒害
管外
関外
館外
庫司
原流
正米
実理
制義
声義
生技
丁目
本員
領分
旧居
修選
集線
性技
政調
鉄工
両文
位記
画報
後出
語基
鳥人
売価
準線
選者
全季
前季
前旗
前紀
青地
演者
快晴
海成
開成
個月
外航
学理
外記
左記
上頭
城頭
調器
長気
道家
不戦
民団
野選
都長
画線
外光
外向
外構
外港
画科
古時
茶飯
他領
毒性
人法
害虫
限内
商時
田都
遊漁
夏下
花下
過化
居中
向性
志室
竹工
築工
要冷
連火
温色
温食
半身
印中
員中
開府
各市
寒帯
講者
定日
農務
各館
画間
極性
軍部
左院
声聞
世知
他大
東名
民政
曲間
検番
古馬
人格
大機
有時
成等
非知
不登
本鏡
開都
他感
多管
知見
南船
日外
破線
変勢
変声
編製
位階
医界
学法
古米
使側
習武
戦区
地建
治験
置県
本経
見本
果園
月前
親王
成木
熱病
悪徒
光祖
不発
洋医
海村
海台
開大
開題
気運
基音
商相
小照
小象
少小
銅線
南路
文理
法家
法貨
新品
中数
領地
和術
紙張
行間
正見
証験
学童
両京
欠指
欠歯
決死
台子
未設
居人
勝局
全団
鉄構
鉄鉱
中次
仲次
分体
放生
法城
法条
液柱
益虫
工法
酸度
焼土
照度
生卒
内国
下列
支部
実定
実弟
説話
全能
着駅
反旗
駅中
円満
車館
現状
神算
清話
店長
同税
同和
友交
友効
有功
有向
質商
次条
自縄
半季
半旗
米人
洋語
根皮
新車
側線
報土
方土
豊度
駅前
各家
提要
博文
無精
夢精
会古
国情
声区
積寒
雪寒
船数
動線
同線
導線
音程
帰庫
境物
原油
政管
星間
精管
先知
戦地
選地
長音
低水
刀工
当校
投光
投高
東幸
東校
東航
東行
灯光
登高
豆富
明度
線内
島列
全機
逆側
原法
減法
等高
表紙
米果
米貨
外報
原付
買気
外包
軽種
建機
現額
少子
日文
海国
学同
学堂
毛糸
家司
最右
社地
商管
小官
小寒
消間
商都
走路
伝路
電路
分量
要式
余技
王統
黄灯
相通
大勝
取消
同橋
銅鏡
品類
暴徒
各港
京地
住基
全学
大病
統語
同都
敗南
馬飲
余話
両地
両目
松幹
実戦
数的
童話
父型
屋体
京師
兄姉
経史
当行
破船
湯守
立市
立志
医原
月柱
構内
社前
夕照
石勝
積小
船客
不得
受領
水行
水光
水工
水耕
道話
馬子
理科
合力
採草
茶葉
鳥舎
副題
保母
悪世
天主
天守
天種
美観
高一
個数
治人
電柱
都察
兵談
洋風
応能
事上
地神
平性
物音
会院
海員
紀伝
起電
新古
東日
油紙
紙型
区政
古制
固成
湖西
姉兄
死計
詩型
詩形
使徒
史都
司徒
市都
死都
相府
信行
測度
知母
美感
無価
急使
救歯
旧史
旧師
旧詩
球史
給糸
行気
小史
小子
小紙
小詩
少師
少死
正師
省市
証紙
新貝
前照
前生
前章
大犯
遊採
漁家
求食
低次
同教
英名
検数
山号
散香
当世
地鳥
先出
適格
民国
財経
種名
自前
刀勢
頭声
統名
内港
漁人
像主
造酒
茶箱
女経
復国
救国
健身
検身
見神
古今
紙器
島名
加年
可燃
過年
小文
罪苦
大身
原調
減張
現兆
小球
小給
賞球
賞給
書体
人性
体心
武科
部課
本生
本城
本状
上役
夏雨
花雨
各句
京図
勝算
小散
少産
東高
肉食
農林
札所
兵服
平服
両材
愛他
医道
香風
湖口
主城
主情
守城
心王
神王
神能
西空
右目
州府
手上
年季
部落
永栄
公徳
厚徳
工特
広徳
高徳
国大
出所
選集
代案
円堂
間者
初行
天分
天聞
夏用
付点
円管
時相
真際
往昔
折線
新主
新酒
身首
進取
切線
接線
雪線
体形
他社
地消
令室
原地
地商
地象
文数
方里
法理
未生
中管
面状
雨花
群小
口部
声質
反義
小門
常典
別学
持分
人望
政軍
西軍
外戦
外船
成法
野史
野師
楽事
軍紀
体様
赤児
英王
相土
本児
本字
本寺
和差
紙製
造物
非人
本時
内庭
喜色
祭日
全省
導体
本報
過日
所報
書法
新型
悪作
官能
帰都
現年
国主
身根
中全
武器
別働
感能
観能
張本
法面
軍規
市議
清代
定府
声調
成鳥
正調
発条
葉芽
果実
師部
関所
知力
医用
委陽
軍器
軍旗
新本
前話
馬具
有楽
季報
書中
費差
局舎
多元
体長
法身
同中
毒虫
駅間
教民
金口
差別
茶利
包丁
小事
職印
人語
神今
各字
各寺
各次
植物
人後
右左
日月
陽極
地付
入学
終章
満量
商特
小徳
招徳
証得
食虫
人部
全科
悪天
薬屋
西遊
重位
重囲
米価
洋間
加増
草地
軍記
在沖
材中
史記
士気
志気
始期
大明
未達
予土
格好
花路
機法
漁唱
初刊
所関
暑寒
身外
法規
公判
号音
業病
中分
所感
先達
初位
素意
鼻差
円建
子枝
社交
所法
数学
他市
他氏
他紙
多士
多子
多指
多死
別本
梨花
学名
旧事
旧時
旧辞
給飼
教職
市長
車行
定職
用土
航船
体容
態容
大区
法器
強者
作句
全消
体用
別紙
迷文
商高
分波
放課
悪手
焼肉
要領
画上
空路
芸学
小犬
下役
体側
隊則
冬夜
肉量
無益
国文
再入
成美
老少
悪気
黄線
器量
他生
包帯
買得
火土
火度
社務
有輪
打聞
動態
軍手
才色
思文
支分
死文
詩文
全入
同対
童体
愛馬
行年
組曲
厚年
静音
花畑
雨衣
位官
医官
各車
高判
早天
鉄線
郡市
小都
朝議
調義
名文
目安
回春
健児
故地
故知
言辞
食時
独身
神子
往紀
応機
王旗
黒門
健法
原字
原示
現字
限時
心境
戦中
慣行
部下
法師
表地
原告
浅香
石積
貸金
護法
相使
相思
走資
武事
夜桜
現国
漁歌
魚価
積量
情婦
態度
質屋
市中
回教
解語
上布
城府
情夫
月番
本葉
官行
寒候
幹校
管口
小勢
清快
庫内
戸内
参学
同軍
半顔
半眼
利金
男役
官公
汽圧
気前
京間
真打
肉屋
法界
北界
県官
頭取
見番
黒人
数別
前王
礼部
気音
小石
山林
仏民
丸対
板上
香車
動燃
道念
根部
青字
後連
全地
体調
内調
球形
迷児
右院
面上
頭分
害草
古紙
作型
神鏡
進境
分間
表門
信教
前人
日進
貝毒
各機
春季
職親
全種
役馬
期先
商港
小功
小康
少校
相公
青光
内金
原種
原酒
集義
同川
冬服
音頭
故紙
最古
戦則
船速
気先
市県
神橋
長身
不可
無税
例句
岡阜
広布
鉱夫
古詩
下句
主観
新編
登遊
無主
会所
健保
養料
組合
今式
進程
新緑
時給
実館
馬連
本伝
県民
身力
不具
歩合
分注
院中
漢詩
官司
重音
上世
反実
短文
文題
赤線
悪女
銅色
読経
念書
花博
便性
有線
返事
真画
必置
人質
輪花
右往
食分
秒数
不帰
不記
雨具
大判
大版
大番
主館
句例
下生
種間
早死
両耳
青単
上席
花束
勝点
逆光
大暑
太初
本軍
業体
神出
神孫
制電
氷質
分治
分知
駅売
光参
県北
西電
全箱
神風
寄帰
旗機
汽機
記紀
気心
口才
高才
黄菜
人家
丁場
半時
小判
常期
全車
前車
同階
話型
宿場
寺主
早計
草型
媛語
郡内
建営
造船
同報
皮製
気合
新教
同作
日番
赤味
京花
共火
教課
正字
他意
円状
近世
小旗
勝機
商機
商規
小器
正機
笑気
代引
不才
婦妻
夕刊
絵筆
河面
鉱長
香調
黄鳥
作間
新芽
手代
荷台
引数
不楽
不落
変顔
名工
目玉
有位
係員
火点
客引
口絵
芸事
頭形
短音
天引
東経
風合
原速
章立
丸太
有業
真形
直火
底地
帳場
出番
出率
共地
半可
半果
反歌
犯科
太字
町弁
両鼻
馬単
駅近
絵心
金具
寒根
急場
口画
消印
常談
前引
建具
福耳
毎冬
街金
豆本
麦作
夕礼
利回
合気
相客
相席
間宿
合判
相板
相版
相判
間判
合服
間服
相役
青金
青線
青税
青点
青東
青服
青本
赤牛
赤絵
赤短
赤肉
赤服
赤本
赤門
赤楽
秋号
秋作
秋服
悪形
悪玉
朝活
浅地
朝茶
朝弁
朝練
足芸
足耕
足順
足代
足台
足長
頭差
厚地
厚様
厚葉
後金
後月
後作
後産
後役
兄王
兄者
兄分
兄役
油画
油絵
油質
油船
油代
編地
改帳
改役
新仏
新物
暗箱
居玉
勇音
石絵
居職
板絵
板材
板長
糸遊
犬科
犬語
命料
今様
妹分
色悪
色絵
色校
色地
色字
色版
色番
祝金
岩地
印箱
印米
初産
受台
牛科
右図
歌芸
歌本
内税
打歩
写絵
馬番
馬複
海千
梅角
梅酒
梅茶
梅文
売玉
上絵
上物
運草
絵合
絵入
絵型
液受
駅側
駅広
絵皿
枝管
枝肉
枝番
枝量
絵茶
絵付
絵面
絵解
絵所
絵具
絵札
円買
追証
大宿
置字
置地
沖特
沖漁
落研
落度
夫役
弟分
弟役
男運
男客
帯地
帯鉄
覚帳
面具
表芸
親機
親局
親業
親車
親番
折句
織地
折本
温玉
女運
女絵
女楽
女客
女度
女面
女力
音引
貝肉
開畑
開箱
返点
顔学
顔芸
顔役
係長
係名
書判
書役
角落
角帯
角皿
格下
角柱
格付
角成
角道
角物
囲米
貸席
貸地
貸本
頭役
型材
型番
固文
勝数
川童
角番
金仏
金語
金高
金茶
神席
神女
空茶
仮駅
借記
軽点
皮具
川漁
官側
寒肥
寒桜
関木
外数
外場
額板
額皿
側章
黄電
聞茶
北駅
北館
北門
黄茶
期近
黄服
木目
客方
客種
客宿
急火
旧顔
香落
京菜
経箱
経仏
京道
京屋
京焼
京童
切絵
切能
切米
着類
金紙
金側
金熊
金黒
均整
金建
金妻
金歯
禁野
技手
逆型
逆玉
逆止
牛細
牛塩
牛飯
銀側
銀熊
銀皿
銀高
銀玉
銀成
銀飯
銀寄
草王
草黄
口永
口米
国役
首肉
熊舎
熊肉
組重
組中
組数
組版
組夫
組名
車代
黒鉱
黒竹
黒茶
黒番
黒本
黒方
軍物
景事
血肉
検見
間縄
芸細
芸森
下魚
夏書
下作
下物
現先
現高
元版
香色
香花
香包
香物
香箱
工費
香札
講元
小駅
戸境
粉質
粉茶
小兵
小票
子福
細字
米代
小目
衣液
衣土
混練
強塩
格間
極太
極細
極安
最内
才取
魚通
逆八
酒米
酒役
作男
作神
昨夕
桜会
桜材
桜図
桜草
桜茶
桜肉
提重
差料
差玉
札入
札束
里地
申楽
産箱
産元
在方
雑口
散切
塩茶
鹿肉
下案
下職
質受
質種
質草
質店
質取
質札
歯肉
島式
島台
島役
借間
赤熊
社守
週足
主面
主持
主型
宿囲
宿方
宿高
手浴
性合
省油
正札
正味
小四
初表
職方
初口
初切
所場
白台
白茶
調室
調所
白電
白番
白服
白本
新糸
真書
心食
新畑
新葉
心柱
真柱
新前
新豆
新麦
地字
地雨
地板
地糸
地色
地歌
地馬
地織
地借
地貝
地顔
地紙
直宮
直物
地際
地口
地黒
自黒
地声
地粉
地魚
地酒
実親
実方
地機
地引
字引
時服
自服
地虫
地山
重箱
順手
情合
常打
状差
上玉
常畑
状箱
定店
常店
直真
巣内
炭製
巣門
刷本
頭赤
頭重
図引
成貝
製箱
席入
席書
席貸
席札
関名
節木
責苦
船具
船便
税高
税引
前金
全目
総頭
総身
総高
総花
総湯
候礼
候文
副状
続飯
底意
外税
外番
側役
空弁
損切
象足
像側
増口
雑菜
増羽
象虫
対屋
高八
高役
竹製
救米
立席
立庭
立番
立型
建玉
種代
種地
種茶
種本
束感
玉算
玉茶
玉目
試役
田役
単目
台石
談林
竹粉
竹玉
竹輪
地先
茶入
着歌
着声
茶組
茶子
茶心
茶所
茶湯
茶柱
茶花
茶船
茶町
茶豆
中皿
中食
中地
中点
注湯
中太
中細
中悪
丁合
帳合
丁石
帳入
町組
帳付
丁付
丁持
帳元
貯玉
通切
使番
月運
月役
付句
土部
土焼
妻面
妻役
積地
面一
積読
手金
手製
手勢
手番
鉄箱
手能
寺名
天火
天日
出職
出面
電場
伝助
当限
通町
科人
研師
特種
特太
年順
年役
栃面
飛級
飛台
飛地
取説
取的
鳥天
取止
同馬
同係
堂神
同埼
堂寺
同間
堂守
同夕
毒男
独男
毒口
毒血
毒歯
毒花
毒味
毒見
毒麦
毒矢
土留
土場
中番
中面
長帳
梨地
名題
夏作
夏材
夏服
夏分
何駅
何型
何区
何犬
何県
何湖
何語
何罪
何市
何順
何線
何族
何店
何病
何部
何用
何流
生貯
生録
成香
成銀
縄術
南軍
肉入
肉色
肉月
肉付
肉物
西面
荷印
似絵
日印
荷役
庭師
庭番
布名
布面
練香
練天
年市
農男
野天
箱絵
箱車
箱数
箱席
橋番
柱材
葉茶
初席
初丁
初帳
初役
花会
花金
花後
花代
花男
母役
羽布
早版
早番
早便
張番
春号
春作
春材
晴食
半赤
半板
判形
判取
半道
半泣
飯場
半広
半丸
板元
版元
場席
場節
茨線
番屋
冷性
火王
光堂
東館
東宿
東門
比側
引具
低台
氷頭
飛成
日歩
平台
平天
平刀
平番
平文
昼番
昼練
美黒
病間
福引
福豆
複目
老役
仏側
筆具
筆字
太径
太材
太線
不仲
船楽
船代
不成
船用
冬作
古堂
部立
仏性
仏間
歩積
歩留
夫丸
部民
米麦
米松
別口
別皿
別刷
別立
別間
別村
弁箱
方限
方立
細線
本刷
本箱
本畑
本身
本水
毎夏
毎春
毎夕
前句
前芸
馬草
町医
待画
松材
松辺
豆科
豆球
豆銀
豆単
豆炭
丸管
丸害
丸公
丸査
丸材
丸小
丸心
丸字
丸損
丸適
丸天
丸刀
丸八
丸弁
丸本
幹周
右案
右面
右様
身性
身状
水絵
水芸
水仕
水代
水帳
水部
道師
緑絵
緑線
港別
脈所
宮号
麦茶
無印
無反
無高
無仏
村下
迷玉
目木
飯会
目性
目分
目量
面板
綿作
面取
面箱
申状
申分
持点
持番
元絵
元径
本肥
元弁
森番
焼絵
役付
役物
焼経
家号
屋号
休所
宿帳
宿六
山永
山番
山様
夕景
夕場
夕間
湯温
湯感
雪質
油商
湯茶
弓隊
夢記
湯量
弓勢
洋皿
用次
洋梨
用場
洋物
横画
横額
横材
横地
横丁
横町
横肉
横本
寄算
夜番
夜練
楽市
落顔
楽日
楽焼
力場
陸貝
利札
両打
両切
両組
両口
領境
両平
両箱
両前
両指
礼肥
連木
和顔
和事
技数
技名
和皿
輪中
和妻
階高
歌境
歌経
歌興
格上
京女
京方
金晴
金精
金青
銀紙
国女
組士
子局
小作
下絵
所行
総出
測線
速戦
手性
手相
都側
面形
守役
護役
約手
角地
管足
京人
黒先
産高
下社
定石
板木
間夫
役高
連辞
悪感
地境
手証
博打
本通
公費
神薬
花事
軍兵
建中
港長
小景
章京
象形
序章
根許
行側
初手
赤色
求車
軽四
低地
的屋
広報
実感
滋味
山千
解文
提灯
点取
実生
岩絵
音長
社家
情味
総連
票数
案外
公比
校費
人参
目地
遊船
図化
理性
後天
女高
毒身
読心
老父
和紙
商社
手取
道台
外分
省文
歌絵
歌声
車種
績率
冷戦
死出
市名
神具
定額
人命
草根
本戦
用弁
原生
所出
時価
性相
府主
官紀
官記
寒季
寄着
書院
上使
上士
上師
上死
情史
情思
大男
耳下
自歌
自火
正義
出作
同包
導報
夏祭
漁期
群星
軍制
軍政
郡制
郡政
新粉
整音
正音
同家
両岐
両機
両気
量器
後代
構台
小手
勝者
都統
唱題
商大
招提
昭代
照代
章台
玉固
分習
旗魚
単記
追唱
本実
水際
無作
夕陽
市庭
常習
無調
帰巣
気相
朝見
品名
洋薬
教士
風土
間代
子機
自室
破竹
紀年
光画
町地
国郡
手食
動体
飛角
名石
小舎
小社
転部
下注
歌中
花柱
花虫
新店
医長
同血
秋実
秋日
週日
次室
田地
逆行
暴言
下死
家士
歌詩
科試
女身
気付
区部
争点
口番
半商
反照
不感
副本
付利
無官
無観
車検
松会
山線
河馬
子分
同義
動議
家老
湯飯
健士
健歯
検使
犬士
犬歯
県史
航法
他国
他書
逆効
末姉
代官
産消
図法
他事
多事
令聞
木型
政所
各個
通時
県人
常時
太保
隊法
通辞
官地
社研
造作
通事
野見
海運
公報
功法
在所
少時
単回
同走
相方
町長
志野
手伝
光感
分母
未動
語句
白布
節婦
大要
取出
年期
態勢
付立
主屋
母家
常菜
調度
接台
天道
天動
転動
転導
当地
花店
貝製
型名
性事
政事
清耳
島部
内実
貝漁
士業
紙業
詩業
詩行
次弟
赤道
前節
防効
色葉
正受
証例
実利
度合
内方
両形
良型
良計
城中
角力
通力
移付
家芸
交波
光波
開運
旧情
終戦
人荷
日付
回運
改運
夏巣
家相
重工
出禁
徒行
都校
都講
衣文
中味
字図
客船
子牛
花形
上下
服屋
足音
球状
群来
区長
昔日
心思
新詩
神使
臣子
親試
進士
進止
全区
天成
丸暴
要法
聞役
苦鳴
光度
公度
広土
耕土
後光
金製
小春
定法
島外
教令
生食
記音
雑仕
歯数
羽数
大金
各校
散票
正時
快漢
海関
開管
海内
工数
証取
白死
前行
造紙
利器
銅人
引合
無役
弓状
旧城
苦労
総司
波高
句意
石頭
観物
官物
句義
文意
学群
帰無
口角
当今
常語
浅在
線材
船材
半天
名歌
絵羽
原罪
対答
反歩
徒事
都司
板本
見聞
右耳
体勢
写字
社寺
謝辞
体化
太清
対世
対成
帯青
本因
無責
各章
各証
各賞
確勝
交角
光覚
好角
広角
後角
行客
業力
美演
画家
全期
等量
頭領
年時
葉状
要城
後図
港都
平語
遊魚
力車
側石
他業
寺社
成金
左上
上家
兵部
夜空
鳥肉
洋品
受口
右方
字音
中和
念想
名下
名花
命課
山町
外辺
先番
町石
長石
土公
未開
用例
良悪
印手
習風
心機
寺舎
自車
相位
総意
官家
持出
形作
議案
点的
社歴
手話
心気
新期
真気
神機
神気
神起
新社
総計
町屋
書箱
中店
横目
黄害
態芸
耳元
工学
低声
園中
各体
各隊
覚体
弱志
悲調
常夜
道学
老職
歌会
易学
下階
課会
社級
送別
大舎
大車
隊舎
東半
眼鏡
清貧
多島
薬品
下限
健弱
身心
西日
減勢
現制
現勢
現生
言声
散米
石道
多灯
多頭
下元
仮言
貸出
上中
条虫
静注
長鼻
例数
引航
機知
金平
魚場
温情
他聞
複調
金運
上面
口耳
好字
好時
工字
後事
古集
政友
定省
底生
代船
台船
参宮
山宮
昨日
国色
通語
版木
要港
局間
国勢
動地
同治
試植
詩職
単機
熱性
本選
各管
議院
新京
元帳
貝類
心得
門戸
行程
農作
武神
武臣
法語
国制
黒青
指標
新知
神地
神知
神治
左足
標数
本教
輪差
学課
願経
弓部
動気
同気
銅器
本会
生面
製綿
青面
級別
居館
経国
像容
大雨
生地
国地
土階
後学
声帯
分場
用量
河道
年代
容子
悪名
全羽
名人
屋形
畑作
別動
道先
両間
両館
家産
食費
書式
番方
売子
例文
生材
家地
可算
考現
興言
後根
和上
水量
政界
定宿
常宿
高地
適性
法学
音像
字画
時勢
立夏
新種
他門
足取
年紀
生態
地公
治効
日明
正油
左耳
冷光
音色
神明
利益
後家
生体
湖産
度支
用役
要役
養液
覚賀
次兄
輪歌
話術
当屋
頭屋
子指
大集
畑道
人名
時政
辞世
美声
安物
薬戸
仮字
高祖
実父
定率
飲屋
未習
大富
仏身
物神
北軍
各員
球児
公領
制海
精解
立入
各院
構図
信金
体節
大節
同額
馬歯
整体
飯借
両教
下集
河図
公図
光量
好漁
鉱量
香料
主格
白星
術師
情事
不確
開市
旗柱
機中
気柱
先代
前業
理化
器台
基台
季題
日東
明暗
往者
王舎
月水
酒客
紙形
採果
採火
祭火
新紙
夕顔
殺父
次章
対内
隊内
目覚
流灯
留東
火事
高大
白味
空電
水理
集住
人造
南寺
米加
練度
角化
動意
同位
道衣
家道
液中
可動
歌道
火道
山島
山灯
山頭
真顔
国望
内所
船台
選題
低所
馬士
応力
外公
橋街
接話
他院
多飲
会式
機運
新日
見出
無生
定席
大君
海景
会子
会試
改氏
改詩
京外
毎家
未修
空屋
省人
太常
化学
白旗
新産
成体
静態
戦競
波線
有証
教会
字径
自形
血行
目鏡
車間
政体
西海
茶屋
新玉
手下
目近
全幹
全館
前官
鹿児
頭上
定量
園池
仕方
府兵
老婦
公職
能記
比礼
英知
借出
境地
公家
角型
眼色
再来
定容
心頭
省要
多夫
農期
夜目
力線
有部
岩屋
高根
差止
熱時
平時
借屋
国運
画法
散光
産交
平西
下院
下図
歩法
群青
先進
不断
古句
線数
来車
心電
親電
非想
愛着
方眼
横書
欠口
欠講
小菜
多婦
行書
神父
美談
線心
選進
船上
頭外
耕作
浅木
浅黄
角回
場中
早成
草勢
草生
走性
港街
混元
神灯
京福
帳下
朝家
町花
長夏
阪高
景福
州兵
像高
増光
増高
造構
学界
白毛
人税
岩山
守則
円内
少林
多福
内職
無灯
無答
月花
上書
正教
独語
婦女
各回
現法
小輪
笑林
常葉
小声
人代
天声
天青
本門
月下
取立
青虫
口元
歯科
仕組
仏国
岸辺
行者
公印
好音
工員
行員
講員
鉱員
旧悪
市価
兵事
立金
教部
初葉
体上
等外
風見
完本
官本
特写
特車
泣声
不同
大志
大死
大史
太史
対支
隊士
大姉
主上
次手
本青
海士
里長
悪日
黄身
余力
外方
切下
紙魚
衣魚
経回
無神
売場
主水
温容
温陽
音容
覚官
金商
金性
金消
金章
金証
両花
両課
良化
良貨
新出
節分
農外
黄味
初夢
新刀
真刀
神統
神道
親統
人定
各階
中興
昼光
昼行
注口
取調
鉄面
軽食
天父
各科
各課
顔付
原由
年子
立心
州名
秋明
主命
夏冬
広間
材幹
心内
台輪
井水
制水
整水
製水
静水
行規
産地
中間
道教
白丸
乗数
条数
地理
光景
山海
楽堂
常数
子役
白物
花実
湯屋
王都
重機
治理
大兵
海市
黒五
山径
算経
小板
船長
耕牧
香木
新婦
老師
口型
口径
好形
好景
後景
黄経
公自
頭語
親許
赤光
上戸
反戦
大半
赤身
少雨
別名
新付
新府
清愛
町間
調使
手役
夢界
無界
最長
別産
右足
戸数
新東
新夫
水害
知県
前説
対印
副代
全速
赤実
重修
長秋
仕付
先人
店主
初出
全輪
表作
宿代
客観
持運
表高
章中
神官
人感
体性
兵団
人君
前身
内則
節目
雲母
旧政
雪国
浅深
回章
快笑
海商
海相
事案
手職
同紙
北地
両等
炭色
船側
義舎
対円
追物
後車
往事
往時
王事
会員
機電
切字
新都
時事
血性
道線
同話
湖周
同志
判所
上眼
本賞
売行
天真
重荷
区制
天心
点心
右前
給額
地毛
自毛
速度
防長
赤銅
大実
水様
旗本
完飲
官印
官員
漢印
館印
光害
酒手
地格
寺格
時角
事象
洋上
自性
自消
自照
自笑
回文
小梨
白目
大長
交感
向寒
好漢
興漢
黒目
紙版
黄葉
加重
新星
石面
雪害
各話
選良
車交
中程
居木
心根
正念
真意
女院
新意
新衣
深意
神位
神意
神衣
丁子
町次
町治
同会
首根
次時
父母
詩曲
旅先
豆製
易損
形名
菜根
明徳
新内
政官
手提
右眼
末子
図利
右記
西部
有意
形色
経食
小路
買付
野良
雨季
仕切
造主
身元
魚人
日光
海先
山水
体表
枝葉
旧国
社中
正語
笑語
深味
心下
心火
新貨
神歌
神火
臣下
連客
歌行
仕分
地帯
体鳴
大命
隊名
労資
半印
助教
人規
馬主
察官
白馬
無人
中人
文集
持主
農学
南口
昨報
詩句
同機
技士
小休
東口
各区
小三
元夫
家別
術者
地人
直入
頭目
夜気
野気
良材
雨期
型絵
支区
死苦
足部
謝酒
佐官
息気
次姉
地決
空巣
水性
同寺
引当
反物
城内
古参
住区
適期
目上
来春
指事
思路
死児
数千
鉄器
眼玉
羽織
力量
階長
対面
本問
決勝
新体
竹取
無気
所業
職別
塩水
女物
階調
友粉
日用
反英
冬物
雲間
先口
地子
寺使
次子
次指
横芽
男前
近時
茶話
半年
技師
小頭
小刀
語注
商登
照灯
時下
地車
都民
後味
教師
小桜
何課
夫君
陽光
木箱
線条
船乗
所引
羊水
好走
香草
正倉
照相
章草
親指
公総
航走
行走
死目
素顔
後選
冬海
島回
付子
理観
備付
多言
築地
反故
婦人
岩場
商取
直下
合方
行先
始末
義士
義姉
義子
義歯
小人
社主
横径
花型
和布
紙花
館長
近事
詩歌
知客
糸価
紙価
詩家
楽界
事理
時利
自利
自理
総省
軍勢
大部
取建
温湯
点目
空身
所要
草紙
新進
上天
婦道
府道
父道
心神
深身
真信
真神
神心
神身
臣心
城市
天性
北線
記法
上反
身皮
容止
洋紙
羊子
葉枝
極点
平場
耳許
朝顔
団円
墓場
流人
毛物
星群
同次
個眼
節間
上界
条解
西陽
熱感
紀要
詩史
声歌
常会
左目
所以
仮象
花精
外線
里親
西南
手型
天神
能化
大箱
手元
神事
不省
布政
父性
心字
真事
真字
神示
独言
本立
和国
天明
番台
曲調
自案
楽家
上回
積率
原状
現成
女中
数寄
重複
府政
植付
大眼
新道
火取
本事
町角
男親
行場
注連
首元
市花
真正
地松
中章
判士
半士
半姉
半死
反思
青帯
音数
庭内
導師
半丁
半町
海牛
音列
生残
同師
導子
童詩
道士
散史
賛詩
法度
境目
電池
道着
冬場
見習
義理
魚舎
初耳
本覚
足首
大入
無手
対人
民地
草子
人出
海星
平米
口許
黒帯
当量
眼近
古生
荷貨
飼付
里人
仕草
中綿
福助
手立
夏休
石屋
知合
不道
買入
後書
旧社
性効
成工
晴耕
正向
清光
生香
精工
精講
精鉱
製鉱
西航
青黄
聞持
下屋
西高
花輪
本法
板張
古格
山羊
両馬
良馬
馬力
材面
水防
取下
息子
常事
緑帯
目元
山鳥
小花
前足
丸形
仕科
仕種
小物
玉虫
県産
周年
親側
風上
師表
死票
曲数
極数
日増
明知
芸子
乗合
軍機
院子
局中
全史
全支
全歯
全紙
前史
全話
入社
横顔
島船
清和
用益
官事
心学
波間
刷毛
火花
毎周
子桜
水虫
精鉄
仲店
不調
家持
同銀
秋空
毛虫
島国
手口
表通
能面
宿屋
戦事
素生
赤丸
星印
局車
黒船
時化
家礼
仲良
部費
賀状
城東
太上
川底
要点
旗下
黒眼
親熊
古巣
光柱
光虫
好中
鉱柱
小町
取極
後注
細雪
塩屋
書生
取決
女心
市部
放飼
足軽
色里
発力
金眼
塩焼
箱物
酒場
資質
焼色
山波
旧字
身欠
入子
買主
型紙
職員
炭火
船旅
体付
学士
切味
方印
法印
山側
領国
乗物
緑物
草字
走時
送辞
横側
散薬
矢切
各類
竹刀
文台
飼主
引金
引鉄
禁漁
太夫
点前
向側
内線
文中
夜店
寄子
正面
同部
大店
親心
川州
熊手
世帯
農相
外目
中前
平手
根曲
売人
見所
夜道
黒豆
試買
漁区
算式
指先
歯型
真上
業主
小鳥
左眼
虫歯
光色
夏場
身許
山場
聞物
仕上
新字
山桜
基地
切売
自他
手許
人長
夕市
食中
地利
街角
際物
毛皮
初湯
仕立
道会
赤白
赤花
門松
高角
取組
赤青
山河
白張
全生
黒布
出生
立会
立羽
飲物
目許
足場
徒者
同型
北海
眼元
眼許
親柱
減率
歯形
丸味
見覚
野羊
雨林
総点
後口
黄丸
桜祭
細身
見張
山会
見通
色味
師子
船眼
火元
男手
学資
鼻水
元妻
岩根
石根
上糸
科員
過員
過飲
高性
言技
子息
全産
旅話
丸型
糸桜
受身
売物
紙切
司調
司長
士長
師長
紙帳
仕丁
旅路
東軍
中指
羽音
引落
聞集
長母
泣言
火柱
雨音
糸速
天豆
空豆
何人
雨着
径庭
工区
演物
聞手
行改
小魚
子守
下着
土筆
大目
貸間
口車
合音
税額
氷柱
直衣
馬代
標柱
標注
氷中
表注
評注
丸顔
書館
採物
分支
用池
要地
陽地
陽池
足湯
漁火
木守
差引
県西
板紙
詩学
水音
有光
院卒
修法
仏道
物動
糸口
聞耳
切通
水管
兵法
前神
湯女
色情
伝家
仕手
信士
箱屋
星祭
管楽
観額
遠目
鼻血
持味
歯車
真心
読物
産気
歯音
芽元
有金
女手
女湯
軽口
木耳
札付
夢路
家船
小鼻
箱入
花祭
元売
用度
雨雲
小者
坂道
歯学
出足
火粉
見晴
焼鳥
山女
浅型
元朝
子鳥
笑顔
男湯
指物
初音
味塩
面輪
利手
切目
早足
雨風
男神
沖合
形代
切地
小箱
先物
深酒
丸印
丸身
店先
皮底
口火
葉形
持前
陽線
木寄
雲行
毛色
小顔
子種
心証
長旅
縄張
水指
焼石
家学
歌学
空箱
水物
屋根
赤毛
徒食
野山
歯止
鼻面
別使
赤玉
雨女
置石
金元
切身
正節
水差
付根
流者
根切
円顔
目頭
雪明
朝型
急足
市立
表耳
借手
口留
信証
信賞
心象
新唱
新省
真象
飛石
仲居
水街
親玉
寒気
聞書
口取
首輪
素手
生首
波音
湯水
中庭
墓境
火付
持物
夕焼
岩魚
書立
再構
木雨
塩気
前書
日差
母心
申出
火食
花水
小技
常夏
葉音
変化
水菜
安売
赤土
色見
打手
円安
貝輪
利目
効目
差物
空耳
乗場
細布
見付
目薬
夕立
青鼻
後玉
思入
空売
酒倉
白波
速歩
流物
速足
人混
古顔
厚紙
編物
打身
借物
切口
近場
手持
引受
真前
目先
目高
飼犬
神鳥
軽石
切子
切粉
黒子
立居
飛火
羽車
昔話
眼頭
持高
持場
理法
青息
足指
厚口
兄神
得体
大引
折合
書取
薬指
米印
昨夜
品数
底力
底物
外回
葉色
葉数
引付
物置
東屋
色合
馬乗
上皿
置物
北池
口笛
小丸
米所
申年
性向
接木
強味
強身
取粉
流矢
花入
晴間
麦飯
北半
星草
前玉
目差
丸目
目印
目鼻
湯気
編戸
飲水
受手
売主
領元
貝柱
顔立
書付
花弁
小根
差油
寒空
素破
手塩
手品
似顔
庭先
歯黒
花平
氷木
船底
間取
守神
耳鳴
眼先
家主
指輪
湯船
足固
足手
味所
厚手
色香
産声
置引
折紙
語物
勝組
食物
草色
国作
下働
水木
競市
立札
建屋
球際
台屋
力技
昼飯
付人
月読
手引
手船
名親
名札
庭木
根方
上口
登口
野道
羽板
葉先
葉竹
葉物
芽先
眼鼻
焼魚
家根
山薬
夕波
雪解
読手
業師
文色
和物
秋味
秋晴
足引
足輪
徒名
厚味
姉羽
活花
糸目
岩角
岩木
受売
受皿
後指
梅見
売付
売手
似非
枝豆
負目
大皿
大塩
教草
面差
表編
面持
女気
飼葉
貸主
固技
語口
語草
語手
徒組
門付
金切
幹竹
仮受
借受
借衣
借主
利所
聞所
木組
切先
清目
切立
切札
草取
草分
首落
組子
毛足
心待
小皿
小波
細波
差歯
仕打
鹿皮
仕向
標縄
小火
師走
角水
炭焼
底根
外足
反身
竹縄
立待
建家
建売
束子
力持
力業
月極
積荷
強火
手明
手打
手鏡
天糸
手玉
手球
手湯
照焼
照笑
門波
飛魚
鳥追
取口
取計
仲直
羽色
生際
箱船
歯先
羽先
機織
旗印
旗標
花群
引波
火種
冷麦
冷飯
平泳
筆先
船歌
船人
文板
曲玉
曲角
負戦
負軍
負組
町側
待雪
身空
見取
麦畑
徒口
徒話
物差
物指
矢面
矢印
矢来
雪童
湯飲
弓矢
弱火
弱味
弱身
綿毛
合印
間着
合口
相口
合竹
合札
相物
相宿
青足
青馬
青海
青皮
青貝
青側
青首
青組
青毛
青粉
青魚
青差
青印
青竹
青菜
青土
青布
青箱
青旗
青羽
青火
青札
青豆
青丸
青水
青緑
青麦
青芽
青物
青屋
青矢
赤糸
赤犬
赤魚
赤馬
赤帯
赤貝
赤紙
赤皮
赤組
赤車
赤粉
赤米
赤鹿
赤印
赤標
赤備
赤月
赤梨
赤布
赤野
赤箱
赤鼻
赤火
赤額
赤札
赤豆
赤水
赤耳
赤虫
赤女
赤目
赤芽
県主
県守
秋上
秋歌
秋顔
秋草
秋口
秋寒
空皿
秋高
商内
商場
秋夏
秋物
木通
通草
上板
上領
総角
朝風
朝北
朝雲
朝桜
朝酒
朝寒
浅皿
朝空
浅手
朝庭
朝昼
浅緑
朝湯
字限
足板
足型
足形
足側
足切
足組
足毛
悪様
足白
足高
足半
足冷
足太
足技
足業
味女
東歌
東男
東女
東路
東道
校倉
遊部
頭周
頭虫
徒君
徒気
徒心
徒桜
徒情
徒花
徒人
徒矢
徒夢
厚板
厚氷
厚底
厚布
厚物
当身
後入
後付
後祭
兄宮
姉神
油布
油草
油薬
油気
油子
油差
油皿
油取
油菜
油火
油魚
油物
油屋
雨間
雨足
雨落
雨神
雨気
雨空
雨戸
雨夜
編糸
雨男
足結
歩板
改方
現人
新身
新湯
有合
合帯
編布
居合
言種
言草
家犬
家形
家神
家着
家付
家飯
家元
家童
魚止
息声
生塩
生仏
戦神
戦世
生玉
池側
池庭
居心
勇魚
石音
石数
石貝
石切
石組
石子
石粉
石衣
石皿
石梨
石豆
石宮
石持
石焼
石宿
石湯
石弓
板厚
板圧
板石
板囲
板頭
板組
板子
板皿
板戸
板場
板引
板間
板前
板屋
市正
市司
市日
市人
市祭
糸入
糸織
糸方
糸切
糸車
糸雨
糸底
糸束
糸玉
糸場
糸引
糸魚
犬顔
犬型
犬桜
犬死
犬印
犬族
犬玉
犬友
犬走
犬防
犬笛
犬屋
命毛
命長
茨道
今方
今際
妹山
井守
入海
入側
海参
入日
入身
入目
入歯
色遊
色石
色板
色糸
色男
色女
色数
色形
色気
色事
色止
色音
色話
色節
色町
色街
色水
色虫
色物
祝事
岩鏡
岩河
岩側
岩組
岩面
石笛
岩道
岩虫
岩室
初孫
植代
植手
植人
植女
魚心
魚付
魚直
魚荷
魚節
魚見
受木
受流
受箱
牛女
牛飼
牛方
牛顔
牛熊
牛玉
牛屋
後側
後戸
後前
後矢
氏神
氏子
氏寺
氏上
氏社
歌入
歌切
歌口
歌心
歌関
歌主
歌女
歌読
内祝
打音
打交
打飼
内書
打刀
内神
打切
打衣
打消
打粉
内臣
打荷
打橋
内箱
内張
打豆
内店
打目
打物
内湯
空木
海坂
海境
海界
産神
産着
産衣
生毛
産毛
産土
産湯
馬市
馬追
馬長
典馬
馬飼
馬方
馬貝
馬顔
馬形
馬側
味酒
馬指
馬印
馬標
馬験
石女
馬副
馬面
馬飛
午時
午年
馬柱
馬屋
海色
海際
海暗
海組
海幸
産月
海鳴
海虫
梅味
梅色
梅塩
梅印
梅畑
末木
売家
売口
売声
売立
上帯
上風
上紙
上毛
上差
上土
上積
上荷
表荷
上火
上前
上町
上身
雲形
枝打
枝梅
枝数
枝川
枝木
枝毛
枝先
枝角
枝縄
枝根
枝船
枝道
枝村
枝物
遠近
遠見
負方
追河
追金
老先
老松
横道
横木
大赤
大足
大犬
大歌
大馬
大枝
大鏡
大顔
大管
大首
大鹿
大底
大玉
大角
大夏
大波
大縄
大墓
大鼻
大筆
大総
大祝
大星
大水
大耳
大麦
大湯
大技
岡多
岡持
陸湯
置形
沖側
沖雲
興玉
置台
置土
沖取
沖波
置花
置文
沖方
置屋
小車
男心
食国
落魚
落人
落口
夫方
弟風
弟神
弟宮
弟切
男岩
男歌
男帯
男方
男側
男車
男坂
男道
男飯
男持
音取
男波
帯板
帯祝
帯親
帯側
帯皮
帯金
帯紙
帯代
帯玉
帯戸
帯留
帯山
男節
主皿
重石
重立
面立
表歌
表方
表書
表構
表着
表口
表店
表戸
表名
表庭
表布
表町
表目
面長
重湯
親犬
親牛
親馬
親神
親木
親雲
親里
親鹿
親竹
親面
親寺
親鳥
親船
親本
織糸
折枝
折形
折声
折助
織初
折戸
折箱
織元
織屋
折山
女岩
女歌
女帯
女親
女顔
女側
女組
女車
女坂
女島
女文
女宮
女持
女童
買板
買初
買次
飼鳥
買回
貝焼
火雨
反角
顔形
顔型
顔側
顔毛
顔先
顔白
顔力
花芽
花街
鏡池
鏡板
鏡岩
鏡男
鏡作
鏡葉
鏡箱
書初
書留
部曲
欠目
囲者
風足
風音
風折
風待
風祭
貸上
貸売
貸方
貸切
貸口
貸玉
貸店
貸元
花車
花心
夏時
数取
数物
風草
風知
風玉
花草
型板
形板
形無
刀屋
固筆
語部
徒頭
勝車
歩立
徒荷
勝星
勝味
勝身
勝虫
角石
門口
門火
門辺
角店
才故
金貝
金頭
金気
鉄気
要石
金物
鉄焼
金輪
桜皮
金売
金貸
金包
鹿深
神在
神有
神池
紙糸
紙入
神移
紙女
神側
神口
紙子
紙衣
紙差
紙皿
紙師
紙塩
紙束
紙玉
紙包
紙箱
紙橋
紙札
紙笛
神虫
紙屋
神業
通箱
空足
空池
空馬
空買
漢心
漢意
空積
空橋
空畑
空働
空船
仮糸
仮歌
仮親
借方
借着
仮橋
借船
仮道
仮屋
仮焼
軽子
軽市
軽焼
軽業
川魚
川音
河音
皮帯
川風
河風
川側
皮側
皮衣
川境
川竹
河竹
皮包
川止
川留
川波
川柱
川開
川札
皮身
川道
川港
川虫
皮目
神立
神司
神主
外孫
学舎
側柱
黄赤
木板
生糸
木枝
木表
聞方
利酒
聞酒
木草
黄桜
生酒
木皿
旗色
北角
北倉
北組
木連
木取
黄粉
後朝
生布
黄旗
木柱
生機
木鼻
黄花
生平
木札
木笛
生豆
客波
救主
木弓
競買
清元
切石
切欠
切形
切紙
切金
切岸
切炭
切妻
切取
切戸
切羽
切畑
切花
切火
切水
切店
切麦
切長
極書
極付
極札
近火
玉手
玉章
玉石
草市
草入
草軽
草肥
草葉
草笛
草道
草矢
薬玉
薬売
薬箱
曲者
管側
下文
管玉
管柱
管耳
口合
口足
口入
口書
口金
口薬
口先
口下
口白
口布
口広
口開
口太
口細
口前
口女
口寄
国表
国構
国神
地社
国引
国祭
国持
国許
首板
首側
首切
首先
首下
首引
首祭
首屋
首横
熊岩
熊男
熊祭
熊虫
苦味
組糸
組歌
組打
組頭
組木
組下
組付
組手
組外
組物
組技
雲足
雲井
雲居
雲紙
雲路
雲取
雲鳥
倉入
庫入
倉底
倉荷
車牛
車男
車側
車戸
車引
車宿
車寄
黒赤
黒池
黒糸
黒犬
黒牛
黒歌
黒馬
黒女
黒皮
黒貝
黒熊
黒毛
黒鹿
黒玉
黒血
黒手
黒戸
黒留
黒生
黒苦
黒箱
黒服
黒札
黒保
黒麦
黒飯
黒物
黒焼
黒楽
群葉
毛先
消口
消炭
毛束
毛玉
毛球
毛長
毛流
毛引
毛群
毛綿
月宮
元歌
小足
小息
神指
高手
交織
小歌
小梅
高話
肥草
肥船
肥松
小男
小面
郡方
評造
郡造
氷箱
氷旗
氷水
小女
小風
子方
子飼
小貝
子神
小衣
小君
小切
小布
小首
子熊
心祝
心組
心付
小言
小札
子代
古寺
小柱
木末
小力
子夫
事書
言伝
言問
事始
小半
粉薬
粉気
粉物
小庭
木間
粉引
子羊
小羊
小筆
古物
古兵
小仏
小前
子耳
小耳
小虫
小結
木群
米油
米場
米虫
米屋
子持
小焼
衣毛
強飯
強面
強紙
小童
強弓
幸先
細石
細毛
界路
逆毛
逆児
逆子
酒塩
酒種
魚皿
魚箱
逆波
酒波
酒荷
酒旗
酒船
酒楽
酒室
逆目
月代
逆夢
先糸
先買
先限
先付
先箱
先太
先細
防人
差金
桜色
桜貝
桜紙
桜人
桜星
桜道
桜飯
桜守
桜湯
酒組
酒好
提物
差枝
指金
差紙
差首
差薬
差毛
差塩
差立
差前
差水
差湯
指分
里方
里川
里心
里桜
里田
里宮
里雪
里回
左馬
真水
素水
寒夜
白湯
皿板
皿数
皿形
山気
山人
山草
罪科
雑物
残火
志前
塩味
塩魚
塩売
仕置
塩地
塩鳥
塩花
塩引
塩船
塩豆
塩道
塩物
塩湯
死花
鹿頭
鹿形
鹿印
鹿虫
子規
仕業
仕口
下味
下板
下糸
下枝
下帯
下木
下組
下積
下取
下歯
下羽
下葉
下左
下火
下引
下前
下右
下目
下読
品貸
品玉
科戸
科布
級布
死顔
死金
死神
死際
死口
死首
死時
死節
死身
死水
東雲
島歌
島側
島酒
島宮
島守
島山
標野
標山
下肥
下仕
下湯
曲見
宿主
守宮
手札
手刀
松風
正目
照葉
初春
仕寄
白糸
白魚
白子
白声
素声
白太
白歯
白羽
調帯
調車
白焼
白事
白赤
白息
白犬
素魚
白帯
城方
城側
白熊
白組
白皿
白縄
白練
白箱
白初
白場
白花
白札
白松
白豆
代満
真草
深緑
弱音
水河
水草
水柱
水底
水飯
酸葉
水肥
水薬
末口
巣口
末黒
佐臣
少領
助船
巣皿
条黒
巣箱
素話
素引
炭馬
角木
炭取
炭根
炭屋
素飯
州元
刷色
生魚
関板
関風
昔人
関取
関札
関守
関屋
関山
勢子
雪路
責馬
船軍
船型
船倉
総毛
早出
副子
副祝
素首
底方
底石
底板
底魚
底側
底土
底取
底荷
底光
底引
底豆
外表
衣通
外書
外庭
外法
外箱
外開
外町
外湯
備場
園守
冬青
空合
空色
空組
空様
空似
空音
空目
空夢
空笑
反橋
田主
平貝
田歌
田打
高枝
高草
高鳴
高歯
高張
高持
田草
竹足
竹倉
竹桜
竹塩
竹束
竹似
竹笛
竹光
竹群
竹屋
竹矢
田子
田事
田作
立合
立泳
立死
立技
立業
立挙
経編
立板
経糸
立神
立塩
建初
建付
立投
建主
立引
達引
立文
立物
立者
店借
店子
手末
谷足
谷行
谷梅
谷風
谷方
谷止
谷道
種油
種石
種板
種牛
種馬
種親
種貸
種川
種木
種火
種物
旅心
旅衣
旅物
球足
玉糸
球数
玉毛
玉解
玉菜
玉箱
玉総
民草
手向
田虫
短夜
出手
血合
近間
近矢
力足
力石
力布
力水
血川
血刀
父熊
父鳥
父主
父宮
血祭
血眼
血豆
血道
血目
中限
長歌
手水
町場
長夜
直心
身柱
束石
番木
月足
築石
付馬
月梅
月男
月形
月草
月組
月毛
月酒
月白
月星
築山
接手
造庭
次日
付木
付城
付札
付目
仕人
土色
土雲
土車
土気
土粉
土取
土波
土練
土畑
土笛
土船
土物
包金
包構
包紙
包文
続物
角貝
角書
角鹿
角笛
角目
角弓
豆比
妻板
妻入
妻方
妻側
妻戸
妻問
積入
積木
積出
積付
積取
面当
面水
連足
手油
庭中
手植
手負
手落
手覚
手織
手械
手飼
手木
手切
手際
手管
手車
手心
手粉
手付
手妻
手永
手長
手習
手縄
手羽
手箱
手旗
手花
手鼻
手人
才技
手回
寺入
寺男
寺側
寺子
寺酒
手業
出女
出買
出際
出里
出城
出州
出初
出玉
出機
出花
出鼻
出丸
出目
出眼
戸板
問丸
投矢
東面
遠浅
遠音
遠火
通庭
解縄
研屋
戸車
常春
常節
常世
所書
心太
年女
年神
年玉
徳利
止刀
外薬
飛板
飛梅
飛倉
飛子
飛箱
富札
留石
留男
止金
留金
留木
留接
留山
留湯
共糸
共色
共帯
共紙
共木
共布
友引
鳥足
鳥頭
取石
鳥打
鳥男
養鳥
鳥空
鳥皮
鳥貝
鳥型
取木
鳥首
鳥毛
取皿
鳥塩
取初
取高
取次
鳥子
取札
鳥笛
鳥虫
鳥飯
取由
菜売
名折
中足
中池
中入
中売
仲売
中落
中男
中表
中折
中買
仲買
中着
中倉
中口
中黒
中差
仲仕
中備
中手
中通
仲通
中君
仲働
中左
中右
中許
仲合
長雨
長板
長着
長言
名頭
長月
長手
長縄
長話
長節
長路
長道
長虫
長湯
流造
泣石
泣顔
泣面
鳴女
菜切
投首
投縄
投物
梨味
梨形
梨畑
刀豆
菜葉
夏市
夏糸
夏色
夏帯
夏風
夏川
夏河
夏型
夏着
夏雲
夏毛
夏氷
夏空
夏鳥
夏畑
夏花
夏羽
夏豆
夏物
夏山
何味
何色
何形
何口
何組
何子
何心
何橋
何程
何町
何屋
何態
何業
名主
菜花
生足
生板
生歌
生音
生皮
生貝
生木
生米
生節
生麦
波板
波風
波返
波雲
波路
波月
菜飯
弱竹
鳴物
縄帯
縄先
縄付
縄手
縄目
荷足
新室
荷馬
苦草
苦塩
苦竹
苦菜
苦虫
荷口
荷車
和毛
西入
西境
西手
西東
日次
日計
荷積
荷止
荷縄
荷主
荷箱
荷札
荷船
荷解
庭池
庭石
庭植
庭梅
庭男
庭神
庭側
庭草
庭口
庭桜
庭土
庭積
庭場
庭花
庭火
布味
布板
布糸
布子
布球
布橋
布箱
布張
布引
布目
布屋
布山
根明
根合
根石
根魚
根肥
根城
子年
根太
根竹
根深
根松
根雪
練糸
練色
練切
練粉
練土
練物
野雨
野池
野茨
野男
野風
野川
残香
野末
望人
野立
野点
野面
野花
野豆
飲口
飲助
野守
乗打
乗手
告門
祝告
野分
墓側
墓下
羽風
葉風
墓土
墓花
墓道
墓守
墓原
羽交
羽易
接目
歯切
羽口
箱馬
箱男
箱書
箱型
箱形
箱師
箱下
箱球
箱庭
箱宮
羽子
羽衣
葉桜
羽指
橋板
橋形
橋立
橋祭
橋守
柱間
走井
土師
羽白
葉末
勢車
機音
旗風
旗頭
畑木
旗雲
畑耕
畑側
畑物
畑土
旗取
機所
機場
旗日
畑麦
旗持
機屋
初市
初午
初売
初風
初買
初顔
初声
初氷
初桜
初皿
初空
初旅
初荷
初花
初物
初雪
初笑
葉月
果口
花軍
花板
花市
花茨
花落
花折
花数
鼻風
鼻頭
鼻紙
鼻側
鼻木
鼻縄
花首
鼻薬
花組
鼻毛
花氷
花桜
花立
花球
花妻
花友
花時
花留
花菜
鼻柱
花冷
花人
花札
鼻笛
花船
花豆
花丸
鼻持
鼻元
花物
花守
花宿
花湯
花夢
鼻横
母犬
母牛
母馬
母木
母熊
母者
母鳥
母虫
母物
葉箱
祝人
祝部
葉水
羽虫
葉虫
葉守
早馬
早玉
速玉
早縄
早場
早昼
早船
早道
早耳
早飯
早技
早業
張板
張型
張形
張出
張手
張交
張店
張物
春着
春告
春鳥
春方
春辺
春物
晴着
麦秋
場末
場庭
場札
日足
火足
火入
火色
氷魚
火打
日面
東入
東組
東空
引歌
引去
引戸
引時
引直
引縄
引札
引船
引目
引物
火切
引綿
日切
久方
火先
氷雨
火皿
額際
額口
火玉
左頭
左角
左型
左口
左縄
左鼻
左指
羊男
羊飼
未草
羊草
羊雲
未申
未年
人熱
人音
人買
人声
人里
人伝
人波
人似
人柱
人待
人群
人宿
人山
独神
日永
日長
火縄
火河
日待
火祭
火虫
灯虫
日女
火矢
平編
平打
平織
平門
平型
平草
平首
平組
平士
平皿
平底
平玉
平付
平積
平取
平箱
平張
平筆
平政
平豆
平麦
平虫
平物
昼軍
昼帯
昼顔
昼型
昼側
昼酒
昼中
拾物
拾屋
広形
広口
広前
広山
編木
笛竹
深皿
深手
深場
文車
節糸
節織
節黒
節玉
札紙
札差
札止
筆石
筆数
筆立
筆箱
筆太
筆結
太糸
太枝
太織
太型
太筆
太物
船足
船戦
船板
船方
船形
船君
船子
船路
船印
船標
船玉
船着
船息
船荷
船連
船場
船祭
船虫
船持
船守
船屋
船宿
船改
文箱
史部
文使
文荷
文札
冬糸
冬型
冬側
冬木
冬着
冬草
冬空
冬時
冬鳥
冬菜
冬日
冬道
冬山
古板
古糸
古歌
古女
古鉄
古布
古様
古竹
古種
古血
古手
古綿
不男
不助
仏花
仏心
兵児
辺路
減口
別布
外居
行器
星合
星型
星形
星神
星組
星下
星取
星目
星眼
細糸
細枝
細面
細型
細形
細口
細声
細縄
細根
細葉
細引
細道
熱味
仏顔
時鳥
程合
本歌
本船
前赤
前板
前帯
前側
前付
前手
前羽
前宮
間男
死返
真金
真北
間口
曲木
孫神
正夢
混飯
真竹
町着
街着
町口
待肥
町境
街種
街場
街森
松皮
松炭
真土
松虫
祭笛
的球
目交
眼交
眼間
眼居
眼皮
真西
間柱
真東
真昼
間日
間広
真緑
真南
豆板
豆幹
豆皿
豆面
豆梨
豆畑
豆飯
守刀
守札
丸頭
丸編
丸石
丸打
円領
丸帯
丸首
丸皿
丸底
丸竹
丸鼻
丸葉
丸筆
丸麦
丸物
客神
真綿
実梅
身重
幹糸
幹縄
右頭
右枝
右角
右顔
右型
右首
右指
右横
見境
実桜
短手
身印
水青
水足
水油
水糸
湖側
水飼
水鏡
水貝
水係
水切
水子
水氷
水心
水玉
水鼻
水次
水止
水根
水計
水引
水船
水屋
水雪
水綿
店構
道板
道糸
路角
道角
道草
道辺
道火
道悪
王身
緑組
緑花
緑虫
緑湯
南入
南倉
南組
南様
南妻
南手
南丸
身毛
耳上
耳金
耳側
耳際
耳毛
耳底
耳菜
耳無
耳水
耳横
耳輪
見目
身持
宮居
宮型
宮方
都落
都草
都鳥
都節
都辺
宮所
宮柱
宮人
宮水
宮持
宮守
昔型
昔者
麦色
麦女
麦車
麦笛
麦湯
夢現
虫男
虫型
虫草
虫薬
虫気
虫声
虫酸
虫友
虫札
虫笛
虫眼
虫屋
虫湯
結目
徒足
徒飯
村男
村方
村側
群雲
村雨
村境
村界
村里
連主
群竹
村高
村祭
眼明
目板
目色
目打
目方
目角
目顔
眼顔
目黄
目利
目切
女木
芽木
目口
飯売
飯時
飯湯
女竹
目力
目土
女時
女波
目張
目光
女節
目星
目細
女松
目耳
女山
目結
綿畑
水取
申口
申子
申次
申文
持地
持手
持荷
持弓
元入
元受
元枝
元口
元黒
本黒
元肥
元高
元種
元玉
本鳥
元縄
元根
元箱
基柱
元湯
物売
物書
物頭
物種
物成
物原
森側
矢合
矢板
家数
矢数
矢風
矢型
矢形
焼型
焼金
焼塩
焼玉
焼場
焼畑
焼飯
焼物
益母
矢車
焼野
焼山
矢声
安魚
安酒
休石
矢立
矢竹
矢種
矢玉
矢束
矢取
宿側
宿着
宿船
宿元
宿許
宿木
鳴家
矢場
矢羽
矢文
山足
山犬
病犬
山男
山数
山風
山方
山刀
山組
山子
山坂
山幸
山境
山里
山師
山土
山面
山留
山豆
山守
山雪
山童
夜話
夕風
夕雲
夕桜
夕空
夕月
夕時
夕花
夕晴
夕光
湯音
湯面
明衣
雪男
雪女
雪組
雪雲
雪気
雪消
雪坂
雪代
雪空
雪玉
雪鳥
雪晴
行平
雪平
雪間
雪見
雪水
雪持
雪輪
湯口
弓末
湯立
湯玉
湯次
弓場
湯場
湯波
湯葉
湯畑
湯花
指毛
指笛
指技
湯札
弓数
弓頭
湯道
弓取
弓張
夢色
夢歌
夢先
夢解
夢鳥
湯宿
夜軍
夜市
葉群
夜風
横合
横足
横編
横石
横板
横糸
横枝
横置
横帯
横風
横型
横組
横車
横様
横面
横手
横波
横根
横羽
横引
横笛
横飯
横物
横矢
世心
夜寒
寄木
寄手
寄場
寄文
夜旅
夜長
夜泣
夜鳴
世波
米坂
読切
読人
読札
夜宮
寄合
寄魚
寄親
寄身
寄物
寄人
夜顔
夜型
夜側
夜昼
寄辺
弱虫
公魚
分去
病葉
分里
曲物
業前
業物
綿油
綿入
綿雲
綿虫
綿雪
輪積
輪留
輪縄
輪虫
笑草
童歌
童言
破子
悪場
悪身
間事
後山
板下
口遊
国元
小昼
逆木
高波
田力
質悪
店者
手編
都人
中子
荷粉
西組
人態
船門
間合
見受
身側
水先
後立
売高
空荷
管物
黒味
山国
品書
仕物
水魚
飛出
生血
野寺
葉肥
母衣
孫子
待受
大女
熊皮
完村
白根
局口
戸前
生型
東向
引分
雪菜
童部
赤葉
出湯
内高
漢学
雲助
興国
好者
生活
名子
菜種
西市
引手
花鳥
死所
寺町
張合
独木
園生
水場
見開
馬陸
浴衣
輪箱
手事
中州
札山
見返
色子
内人
人屋
対側
発止
意気
板型
勝戦
業者
細魚
成山
店数
内報
羽太
見立
黒白
対岸
日取
曲家
打首
大市
果物
山神
根付
祝女
張子
大音
刷物
大官
大寒
低価
人差
型屋
眼差
輪金
活計
申立
元結
音屋
車台
大農
丸木
労相
深間
見得
悪者
独活
車前
品部
道程
地面
西洋
目路
眼路
良品
家側
巣上
総状
同本
間人
芽生
市女
太神
人死
有林
再調
高菜
似合
毛羽
産貿
年波
古枝
西風
法会
引出
馬道
草花
家路
受取
小米
粉米
細目
北関
河下
民数
飯屋
居待
仲馬
夜明
士分
気量
見栄
塩海
大鳥
借上
共時
根原
仕入
天堂
指差
国数
差支
田遊
受合
来手
読本
部内
真子
真横
板目
楽士
光日
白衣
都城
田植
中市
個条
鳥屋
火屋
海里
川中
指手
取入
売女
色粉
眼線
馬身
火焼
旧日
版本
官等
鉄船
過重
山間
助言
定書
内板
物見
後身
術士
清朝
見直
白笑
粉屋
仕出
町議
切首
日子
大菜
点差
商学
真人
経学
心底
下男
平城
博士
組入
海山
美人
羊歯
心性
深成
真性
神政
神精
親政
身世
素気
河鹿
川水
外海
受持
昼食
野老
年弱
川下
川前
島人
上市
小場
町歩
提子
神性
近目
旧市
物持
根性
語意
持合
再治
祭事
細事
道引
道行
容量
代名
口側
辞代
南風
月余
買上
白下
鳴戸
秒間
各部
金賞
素足
置場
水脈
印制
院政
歌番
子鹿
動中
大神
国側
指地
死地
小夜
非有
向付
岡目
天理
快楽
気表
徒士
固目
次席
早見
同体
終生
余人
茶館
持金
古文
文月
頭打
同郡
同小
月中
絶間
公人
身上
人日
白州
童児
生老
戸迷
気圧
終世
名付
入物
火水
習性
当会
鼻輪
右折
高年
黒羽
秋声
終声
仏文
市鳥
米産
事績
耳石
自席
美学
地代
県間
名水
仲子
初子
修生
大飯
相身
薬師
鉄色
同大
目数
生起
中径
中路
客体
初登
待橋
赤巣
原音
神器
折返
身形
身態
地対
見場
無政
名家
勝間
全島
力紙
白夜
伝馬
紙代
始代
支台
歯大
舎弟
夜業
青身
殺害
建前
雑学
立前
発句
工会
門家
経典
舎人
早月
代物
出合
家長
黒酒
物入
白粉
月初
川方
客席
名分
上宿
遠矢
側目
方案
大羽
大葉
歌調
科長
全人
時中
氷室
光年
再建
志士
谷側
所内
年強
知辺
神学
生水
駅馬
性根
近衛
待人
買取
治世
梨子
停止
受入
救世
金石
人中
林家
衛門
時制
元首
出会
場台
無心
温度
鳴子
後足
出前
順応
鼻先
平安
下水
無性
曲球
故里
古里
医食
科白
水飲
未分
達示
引下
童形
居前
枝指
日金
頭布
使司
史詩
士師
市史
師資
支子
死士
示指
詩思
出先
入方
元手
水鳥
手合
数等
功徳
横線
高位
老夫
上衣
心力
路側
真後
正本
字解
自界
自解
魚市
書出
外相
春期
波数
大夫
夢見
歩兵
夫側
村議
出歯
眼覚
新地
地力
村社
識者
同右
女官
全駅
事代
首打
客員
小木
義者
力学
合体
結束
薬学
有高
男木
無勢
引上
下身
良家
後会
再開
雑役
主幹
人力
形相
各行
調子
才幹
人型
講時
馬手
手方
隊長
外面
空言
進学
空事
静電
番所
内法
中空
母方
元金
心情
新制
関公
子馬
同地
夜半
院議
地味
伝手
用便
売店
名乗
夜祭
先願
大功
小馬
小見
神鳴
神代
入合
軍内
口切
下手
売出
青味
女主
女方
王者
側女
側妻
耕区
鉱区
町見
校区
身際
波型
朝臣
色紙
上薬
刀自
大所
元芽
境界
初冬
車止
行手
単音
鳴神
来週
日米
歌風
校長
国学
成行
在明
右投
小牛
国書
同相
件名
在英
谷町
講師
心持
楽隊
小使
量化
対中
山成
山鳴
鳴声
信条
真情
眼力
豆油
出水
在米
得物
海草
左官
体幹
土司
店売
東風
日朝
楽師
学力
光学
新球
王院
県中
古河
買手
製織
取付
家風
重唱
短期
年余
人文
大念
永久
前議
兵隊
大洋
世職
星食
正食
生植
生色
礼文
形木
飯子
苦無
大字
属音
町人
年初
店屋
生紙
高平
便器
真冬
業生
実物
丁未
行幸
文治
出船
法体
小雪
取手
旅客
後先
風下
和子
永遠
小道
近赤
薬事
公証
人形
工商
貸手
黒書
同形
上根
外輪
厚相
確度
交唱
光象
功章
功賞
口証
好商
好笑
好証
後章
校章
興商
行章
行賞
高商
性悪
体色
秋風
国柱
手書
門柱
名残
年会
秋野
科学
式神
年式
無期
口数
立役
大師
選言
悪心
飲酒
織目
画意
賀意
生計
洋式
無意
角形
直筆
野手
同条
王子
子中
死場
省力
遠道
海神
講中
積肥
寄席
内輪
黄色
新政
丸柱
目見
章題
黄金
高確
高飛
熱湯
客地
画地
競売
汽車
体感
時日
同法
素見
読取
容気
形気
宿駅
平目
女工
花活
火消
金目
花生
湯元
最北
小五
新宮
前頭
流通
素木
犬神
天満
府立
統領
真弓
時世
節句
当夜
副編
面体
水主
仮宮
金額
町役
場周
同士
桜花
全社
川船
船主
買方
連子
国軍
相識
左投
乗法
木器
追風
多勢
古史
天部
要語
墓所
人眼
日数
朝焼
引張
年産
平戸
教書
領内
職住
冬景
手練
府県
山寺
時効
古着
家中
不女
法相
字高
時候
時好
自工
自校
自航
自行
両岸
面目
横紙
読者
大路
水相
部活
朝夕
生有
不完
本文
鹿角
見物
深重
当日
構法
功人
好人
工人
港人
黄人
広葉
直中
花園
金時
入部
産屋
心算
無感
言下
判官
階子
太子
高機
打出
村役
海布
野次
雪道
比売
発機
経営
黒米
色目
糸毛
中生
県市
花茶
現世
年祭
局内
新木
田楽
内力
経産
曲輪
黒色
下見
波頭
所員
大社
真名
王土
黄土
立寄
着順
後世
毒気
外出
使主
見切
工夫
小雨
学者
査衣
頭高
道標
右打
前広
生時
大貝
道議
期年
年男
貸屋
赤口
直会
墓石
写真
大刀
本線
容態
家来
独仏
象文
過言
要具
雑用
神楽
引取
新手
夏日
車屋
日休
動力
円相
大法
夫人
寒地
上歯
語史
在高
雑木
人目
大都
快感
格式
白河
谷合
番手
下心
大雪
赤子
点火
好相
名義
何年
明王
村路
人心
主個
新卒
知行
町橋
学史
区名
素面
字面
夜着
山家
治安
年月
平屋
元軍
魚菜
単衣
初夏
東市
飛鳥
東方
空手
鳥類
人科
年央
草木
陸部
夏木
後文
生肉
魚商
出場
重手
行人
太政
分位
歌合
知音
現住
頭部
橋下
多角
上手
正方
小一
花木
大国
波打
日中
同委
弓形
公法
過半
大空
音場
旅人
素地
鼻声
未発
天花
品番
母屋
本手
親子
金政
区議
対米
海松
水松
住手
折目
作法
鼻息
半円
各省
語形
自力
城西
同病
量感
力者
土器
町中
丁末
外組
会長
金持
左打
本節
雨水
所長
世界
唱歌
常用
用品
海鳥
紙質
花野
下士
外編
北風
現時
動機
羽山
本所
夫婦
言葉
民会
人月
米朝
白酒
各音
白身
東沖
児者
目白
米粉
強力
秋月
西方
野路
区立
他夫
風花
荷重
合間
省内
科会
出店
変人
製品
役所
県下
末期
大方
手本
顔色
他愛
副長
人馬
散楽
楽園
人国
開先
林内
好事
前輪
残日
童子
日産
時程
前立
数百
定性
初日
験者
中国
省令
遠路
高度
絶好
罪人
貨物
方向
黒雲
道外
円柱
働力
南東
山手
味気
花色
画風
選後
塩井
粉雪
赤金
春風
美衣
村外
学科
国産
産子
左横
内側
北国
田家
声色
親近
天井
生日
真中
客人
酒屋
東駅
期中
園遊
正体
大工
人体
上側
合板
弓手
前方
去年
産物
同編
金色
品等
面構
所職
行宮
文学
祖神
国政
真魚
過酸
省都
最中
鹿子
心地
型付
算額
品別
破目
米民
皿山
害者
語路
半期
単一
多聞
建場
当金
飲料
礼講
出血
年比
兵六
心事
山畑
県連
食堂
大政
小金
小枝
目線
初秋
人事
海辺
町内
鳥目
出物
酸味
朝間
美男
神酒
羽根
白雪
務所
水車
戸部
大声
銀色
笑話
未成
武士
山車
人足
文体
麦粉
相性
高札
下草
形見
全業
張紙
場数
女形
今年
大一
眼球
梅雨
最下
母本
体内
名案
寒風
右手
回外
原材
市大
水利
生児
経常
帯状
海側
親父
人像
間数
球部
高低
相生
性行
間帯
医師
県議
迷子
西行
横刀
住地
貸家
不採
松明
谷底
日当
石綿
中古
倍速
飯事
茶道
筆頭
工場
大丸
園地
線状
不平
何科
戸建
毛織
高音
営地
海女
外国
声音
大戸
所用
農機
金型
円心
景気
家内
形行
用達
夏秋
最安
山梨
中高
全市
台場
何箱
中務
海雲
大勢
火口
年老
化物
織部
川流
月日
問屋
生身
頭下
陽子
手入
差出
水分
晴明
借入
字形
代人
女友
生業
客数
急悪
間期
刊本
数十
徒然
羽目
治体
外見
牧場
黒石
後方
不動
政会
青梅
団長
学書
天草
文目
春夏
集名
図星
名前
年寄
語中
前面
東西
男気
深雪
切手
自社
個年
人数
風車
独歩
力率
在地
石取
妻子
最前
持家
男組
住人
借家
数多
小屋
築年
他人
着物
両国
性愛
緑色
真個
南島
真価
史上
隊員
日夜
生物
団員
何役
人台
区内
平家
勝目
毎週
場内
天下
月間
機長
田舎
室長
酒類
女学
多分
国原
浴場
個所
大成
学部
大人
水母
下女
君達
断面
館員
灯火
海月
結構
左前
課長
医学
漁場
仮名
心意
本分
議場
知識
両側
線量
地豆
夕飯
手紙
女性
居多
口中
号車
曲目
浴法
内外
英仏
産額
下半
市売
側部
建物
親等
労使
科別
弟妹
海風
所得
重苦
実作
酒代
村人
産婦
水面
鼻高
用水
住居
父君
家集
大会
東海
市子
区民
太刀
葉山
物数
死様
曜日
部員
立場
左手
金地
土日
手間
相反
軽乗
人妻
上階
湖岸
習慣
手先
字名
門外
期別
局長
村長
月末
里子
学会
史家
部長
用紙
本学
旅所
市区
用材
全都
局留
線上
局数
上半
曲中
村内
機用
足先
団隊
県別
戦時
同組
薬店
次式
林地
半目
法院
理学
人王
語学
軍側
秋冬
人情
旧軍
次会
同業
陸海
英独
表中
業界
用地
法案
仏堂
用具
国人
巣状
板状
新章
客用
中小
日祝
書面
場代
仏独
式場
都議
課員
大卒
小中
地内
州政
作目
粉状
業法
数差
上右
多国
昼時
同学
水道
米大
員数
税法
車道
院生
同字
大職
語文
期末
政労
園児
上左
上学
生年
語音
大外
室外
楽部
家本
町村
南中
塩浴
街中
各道
丸一
後目
衣食
新製
表六
各型
前駅
教徒
客屋
店側
素数
正職
音図
年百
下風
女役
発着
官学
港区
長短
茶畑
国中
国初
校生
海空
料率
木気
転結
食住
自公
後人
都道
橋際
州立
産学
重味
公保
人対